16:04:58 | INFO     | training.trainer | Device selected: MPS (Apple Silicon GPU — 32 GB unified memory)
16:04:58 | INFO     | __main__ | 
16:04:58 | INFO     | __main__ | ============================================================
16:04:58 | INFO     | __main__ |   OCT Gatekeeper — Level 1 Training
16:04:58 | INFO     | __main__ |   Config     : config/hierarchy.yaml
16:04:58 | INFO     | __main__ |   Device     : mps
16:04:58 | INFO     | __main__ |   Folds      : 5
16:04:58 | INFO     | __main__ |   Batch size : 48
16:04:58 | INFO     | __main__ |   Epochs     : 5 warmup + 50 finetune (patience=10)
16:04:58 | INFO     | __main__ |   Seed       : 42
16:04:58 | INFO     | __main__ | ============================================================
16:04:58 | INFO     | __main__ | 
Building stratified 5-fold DataLoaders...
16:04:59 | INFO     | data.dataset | Manifest built: 86120 images | 12 fine classes
16:04:59 | INFO     | data.dataset | [level1] 86120 samples | 2 classes | label_col=l1_idx
16:04:59 | INFO     | data.dataset | Fold 1/5 — train: 68896 | val: 17224
16:05:00 | INFO     | data.dataset | Manifest built: 86120 images | 12 fine classes
16:05:00 | INFO     | data.dataset | [level1] 68896 samples | 2 classes | label_col=l1_idx
16:05:16 | INFO     | training.trainer | Device selected: MPS (Apple Silicon GPU — 32 GB unified memory)
16:05:16 | INFO     | __main__ | 
16:05:16 | INFO     | __main__ | ============================================================
16:05:16 | INFO     | __main__ |   OCT Gatekeeper — Level 1 Training
16:05:16 | INFO     | __main__ |   Config     : config/hierarchy.yaml
16:05:16 | INFO     | __main__ |   Device     : mps
16:05:16 | INFO     | __main__ |   Folds      : 5
16:05:16 | INFO     | __main__ |   Batch size : 48
16:05:16 | INFO     | __main__ |   Epochs     : 5 warmup + 50 finetune (patience=10)
16:05:16 | INFO     | __main__ |   Seed       : 42
16:05:16 | INFO     | __main__ | ============================================================
16:05:16 | INFO     | __main__ | 
Building stratified 5-fold DataLoaders...
16:05:17 | INFO     | data.dataset | Manifest built: 86120 images | 12 fine classes
16:05:17 | INFO     | data.dataset | [level1] 86120 samples | 2 classes | label_col=l1_idx
16:05:17 | INFO     | data.dataset | Fold 1/5 — train: 68896 | val: 17224
16:05:18 | INFO     | data.dataset | Manifest built: 86120 images | 12 fine classes
16:05:18 | INFO     | data.dataset | [level1] 68896 samples | 2 classes | label_col=l1_idx
16:09:38 | INFO     | training.trainer | Device selected: MPS (Apple Silicon GPU — 32 GB unified memory)
16:09:38 | INFO     | __main__ | 
16:09:38 | INFO     | __main__ | ============================================================
16:09:38 | INFO     | __main__ |   OCT Gatekeeper — Level 1 Training
16:09:38 | INFO     | __main__ |   Config     : config/hierarchy.yaml
16:09:38 | INFO     | __main__ |   Device     : mps
16:09:38 | INFO     | __main__ |   Folds      : 5
16:09:38 | INFO     | __main__ |   Batch size : 48
16:09:38 | INFO     | __main__ |   Epochs     : 5 warmup + 50 finetune (patience=10)
16:09:38 | INFO     | __main__ |   Seed       : 42
16:09:38 | INFO     | __main__ | ============================================================
16:09:38 | INFO     | __main__ | 
Building stratified 5-fold DataLoaders...
16:09:39 | INFO     | data.dataset | Manifest built: 86120 images | 12 fine classes
16:09:39 | INFO     | data.dataset | [level1] 86120 samples | 2 classes | label_col=l1_idx
16:09:39 | INFO     | data.dataset | Fold 1/5 — train: 68896 | val: 17224
16:09:41 | INFO     | data.dataset | Manifest built: 86120 images | 12 fine classes
16:09:41 | INFO     | data.dataset | [level1] 68896 samples | 2 classes | label_col=l1_idx
16:09:42 | INFO     | data.dataset | Manifest built: 86120 images | 12 fine classes
16:09:42 | INFO     | data.dataset | [level1] 17224 samples | 2 classes | label_col=l1_idx
16:09:42 | INFO     | data.dataset | Fold 2/5 — train: 68896 | val: 17224
16:09:43 | INFO     | data.dataset | Manifest built: 86120 images | 12 fine classes
16:09:43 | INFO     | data.dataset | [level1] 68896 samples | 2 classes | label_col=l1_idx
16:09:44 | INFO     | data.dataset | Manifest built: 86120 images | 12 fine classes
16:09:44 | INFO     | data.dataset | [level1] 17224 samples | 2 classes | label_col=l1_idx
16:09:44 | INFO     | data.dataset | Fold 3/5 — train: 68896 | val: 17224
16:09:45 | INFO     | data.dataset | Manifest built: 86120 images | 12 fine classes
16:09:45 | INFO     | data.dataset | [level1] 68896 samples | 2 classes | label_col=l1_idx
16:09:47 | INFO     | data.dataset | Manifest built: 86120 images | 12 fine classes
16:09:47 | INFO     | data.dataset | [level1] 17224 samples | 2 classes | label_col=l1_idx
16:09:47 | INFO     | data.dataset | Fold 4/5 — train: 68896 | val: 17224
16:09:48 | INFO     | data.dataset | Manifest built: 86120 images | 12 fine classes
16:09:48 | INFO     | data.dataset | [level1] 68896 samples | 2 classes | label_col=l1_idx
16:09:49 | INFO     | data.dataset | Manifest built: 86120 images | 12 fine classes
16:09:49 | INFO     | data.dataset | [level1] 17224 samples | 2 classes | label_col=l1_idx
16:09:49 | INFO     | data.dataset | Fold 5/5 — train: 68896 | val: 17224
16:09:51 | INFO     | data.dataset | Manifest built: 86120 images | 12 fine classes
16:09:51 | INFO     | data.dataset | [level1] 68896 samples | 2 classes | label_col=l1_idx
16:09:52 | INFO     | data.dataset | Manifest built: 86120 images | 12 fine classes
16:09:52 | INFO     | data.dataset | [level1] 17224 samples | 2 classes | label_col=l1_idx
16:09:52 | INFO     | __main__ | Class names   : ['NORMAL', 'ABNORMAL']
16:09:52 | INFO     | __main__ | Class weights : ['1.6036', '0.7265']  (used as FocalLoss alpha)
16:09:52 | INFO     | __main__ | 
16:09:52 | INFO     | __main__ | ###  FOLD 1 / 5  ###
16:09:52 | INFO     | __main__ |      train batches: 1435 | val batches: 180
16:09:52 | INFO     | models.level1_gatekeeper | Backbone FROZEN — training classifier head only.
16:09:52 | INFO     | models.level1_gatekeeper | GatekeeperModel ready | backbone=ResNet-50 | in_features=2048 | num_classes=2 | frozen=True
16:09:52 | INFO     | training.losses | Criterion: FocalLoss | mode=level1 | gamma=2.0 | smoothing=0.00 | class_weights=[1.6035751104354858, 0.7265364527702332]
16:09:53 | INFO     | training.trainer | AMP enabled — forward pass dtype=torch.float16 | gradients=float32 | device=mps
16:09:53 | INFO     | training.trainer | HierarchyTrainer ready | mode=level1 | device=mps | amp=True | checkpoints=checkpoints/level1
16:09:53 | INFO     | training.trainer | 
============================================================
  PHASE 1 — Warm-up | 5 epochs | backbone FROZEN
============================================================
16:18:12 | INFO     | training.trainer | Ep   0 [warmup|fold0] loss 0.0954/0.0653 | acc 0.8730 | macro_f1 0.8640 | auroc 0.9751 | lr 1.00e-03 | 499.4s
16:26:14 | INFO     | training.trainer | Ep   1 [warmup|fold0] loss 0.0871/0.0574 | acc 0.8897 | macro_f1 0.8807 | auroc 0.9782 | lr 1.00e-03 | 481.4s
16:33:47 | INFO     | training.trainer | Ep   2 [warmup|fold0] loss 0.0845/0.0670 | acc 0.8484 | macro_f1 0.8401 | auroc 0.9797 | lr 1.00e-03 | 452.9s
16:41:09 | INFO     | training.trainer | Ep   3 [warmup|fold0] loss 0.0824/0.0633 | acc 0.8708 | macro_f1 0.8621 | auroc 0.9804 | lr 1.00e-03 | 441.8s
16:48:29 | INFO     | training.trainer | Ep   4 [warmup|fold0] loss 0.0818/0.0506 | acc 0.9040 | macro_f1 0.8954 | auroc 0.9816 | lr 1.00e-03 | 440.1s
16:48:29 | INFO     | training.trainer | 
============================================================
  PHASE 2 — Fine-tuning | max 50 epochs | backbone UNFROZEN | patience=10
============================================================
16:48:29 | INFO     | models.level1_gatekeeper | Backbone UNFROZEN — full network fine-tuning active.
17:06:38 | INFO     | training.trainer | Ep   5 [finetune|fold0] loss 0.0365/0.0182 | acc 0.9721 | macro_f1 0.9682 | auroc 0.9969 | lr 9.94e-05 | 1088.5s
17:06:38 | INFO     | training.trainer |   ✓ New best — val_loss=0.0182 | macro_f1=0.9682 | auroc=0.9969
17:24:43 | INFO     | training.trainer | Ep   6 [finetune|fold0] loss 0.0265/0.0180 | acc 0.9744 | macro_f1 0.9707 | auroc 0.9975 | lr 9.76e-05 | 1085.2s
17:24:43 | INFO     | training.trainer |   ✓ New best — val_loss=0.0180 | macro_f1=0.9707 | auroc=0.9975
17:42:49 | INFO     | training.trainer | Ep   7 [finetune|fold0] loss 0.0252/0.0138 | acc 0.9832 | macro_f1 0.9806 | auroc 0.9972 | lr 9.46e-05 | 1085.6s
17:42:49 | INFO     | training.trainer |   ✓ New best — val_loss=0.0138 | macro_f1=0.9806 | auroc=0.9972
18:00:54 | INFO     | training.trainer | Ep   8 [finetune|fold0] loss 0.0248/0.0148 | acc 0.9783 | macro_f1 0.9751 | auroc 0.9973 | lr 9.05e-05 | 1084.8s
18:18:59 | INFO     | training.trainer | Ep   9 [finetune|fold0] loss 0.0246/0.0170 | acc 0.9768 | macro_f1 0.9735 | auroc 0.9972 | lr 8.55e-05 | 1084.8s
18:37:05 | INFO     | training.trainer | Ep  10 [finetune|fold0] loss 0.0361/0.0185 | acc 0.9774 | macro_f1 0.9741 | auroc 0.9971 | lr 7.96e-05 | 1084.8s
18:55:10 | INFO     | training.trainer | Ep  11 [finetune|fold0] loss 0.0250/0.0162 | acc 0.9758 | macro_f1 0.9723 | auroc 0.9972 | lr 7.30e-05 | 1084.9s
19:13:15 | INFO     | training.trainer | Ep  12 [finetune|fold0] loss 0.0235/0.0227 | acc 0.9692 | macro_f1 0.9650 | auroc 0.9971 | lr 6.58e-05 | 1084.8s
19:31:20 | INFO     | training.trainer | Ep  13 [finetune|fold0] loss 0.0230/0.0187 | acc 0.9725 | macro_f1 0.9687 | auroc 0.9975 | lr 5.82e-05 | 1084.9s
19:49:26 | INFO     | training.trainer | Ep  14 [finetune|fold0] loss 0.0220/0.0182 | acc 0.9770 | macro_f1 0.9737 | auroc 0.9971 | lr 5.05e-05 | 1086.1s
20:07:31 | INFO     | training.trainer | Ep  15 [finetune|fold0] loss 0.0216/0.0189 | acc 0.9743 | macro_f1 0.9707 | auroc 0.9973 | lr 4.28e-05 | 1084.4s
20:25:36 | INFO     | training.trainer | Ep  16 [finetune|fold0] loss 0.0213/0.0166 | acc 0.9762 | macro_f1 0.9727 | auroc 0.9973 | lr 3.52e-05 | 1084.8s
20:43:39 | INFO     | training.trainer | Ep  17 [finetune|fold0] loss 0.0208/0.0204 | acc 0.9722 | macro_f1 0.9684 | auroc 0.9973 | lr 2.80e-05 | 1082.4s
20:43:39 | INFO     | training.trainer | Early stopping at epoch 17 | best_val_loss=0.0138 | no improvement for 10 epochs.
20:43:39 | INFO     | training.trainer | 
Fold 0 — Best Classification Report:
              precision    recall  f1-score   support

      NORMAL       0.96      0.99      0.97      5371
    ABNORMAL       1.00      0.98      0.99     11853

    accuracy                           0.98     17224
   macro avg       0.98      0.99      0.98     17224
weighted avg       0.98      0.98      0.98     17224

20:43:39 | INFO     | __main__ | Fold 1 complete — best epoch=7, phase=finetune
20:43:39 | INFO     | __main__ | 
20:43:39 | INFO     | __main__ | ###  FOLD 2 / 5  ###
20:43:39 | INFO     | __main__ |      train batches: 1435 | val batches: 180
20:43:39 | INFO     | models.level1_gatekeeper | Backbone FROZEN — training classifier head only.
20:43:39 | INFO     | models.level1_gatekeeper | GatekeeperModel ready | backbone=ResNet-50 | in_features=2048 | num_classes=2 | frozen=True
20:43:39 | INFO     | training.losses | Criterion: FocalLoss | mode=level1 | gamma=2.0 | smoothing=0.00 | class_weights=[1.6035751104354858, 0.7265364527702332]
20:43:39 | INFO     | training.trainer | AMP enabled — forward pass dtype=torch.float16 | gradients=float32 | device=mps
20:43:39 | INFO     | training.trainer | HierarchyTrainer ready | mode=level1 | device=mps | amp=True | checkpoints=checkpoints/level1
20:43:39 | INFO     | training.trainer | 
============================================================
  PHASE 1 — Warm-up | 5 epochs | backbone FROZEN
============================================================
20:51:05 | INFO     | training.trainer | Ep   0 [warmup|fold1] loss 0.0949/0.0630 | acc 0.8746 | macro_f1 0.8656 | auroc 0.9757 | lr 1.00e-03 | 446.0s
20:58:12 | INFO     | training.trainer | Ep   1 [warmup|fold1] loss 0.0871/0.0615 | acc 0.8711 | macro_f1 0.8623 | auroc 0.9785 | lr 1.00e-03 | 426.6s
21:05:19 | INFO     | training.trainer | Ep   2 [warmup|fold1] loss 0.0858/0.0532 | acc 0.8960 | macro_f1 0.8871 | auroc 0.9805 | lr 1.00e-03 | 426.7s
21:12:26 | INFO     | training.trainer | Ep   3 [warmup|fold1] loss 0.0822/0.0528 | acc 0.8959 | macro_f1 0.8869 | auroc 0.9805 | lr 1.00e-03 | 426.9s
21:19:40 | INFO     | training.trainer | Ep   4 [warmup|fold1] loss 0.0806/0.0574 | acc 0.8838 | macro_f1 0.8749 | auroc 0.9817 | lr 1.00e-03 | 433.3s
21:19:40 | INFO     | training.trainer | 
============================================================
  PHASE 2 — Fine-tuning | max 50 epochs | backbone UNFROZEN | patience=10
============================================================
21:19:40 | INFO     | models.level1_gatekeeper | Backbone UNFROZEN — full network fine-tuning active.
21:37:48 | INFO     | training.trainer | Ep   5 [finetune|fold1] loss 0.0344/0.0194 | acc 0.9749 | macro_f1 0.9713 | auroc 0.9965 | lr 9.94e-05 | 1087.6s
21:37:48 | INFO     | training.trainer |   ✓ New best — val_loss=0.0194 | macro_f1=0.9713 | auroc=0.9965
21:55:55 | INFO     | training.trainer | Ep   6 [finetune|fold1] loss 0.0255/0.0181 | acc 0.9726 | macro_f1 0.9688 | auroc 0.9964 | lr 9.76e-05 | 1087.3s
21:55:56 | INFO     | training.trainer |   ✓ New best — val_loss=0.0181 | macro_f1=0.9688 | auroc=0.9964
22:13:55 | INFO     | training.trainer | Ep   7 [finetune|fold1] loss 0.0264/0.0181 | acc 0.9776 | macro_f1 0.9743 | auroc 0.9971 | lr 9.46e-05 | 1078.9s
22:13:55 | INFO     | training.trainer |   ✓ New best — val_loss=0.0181 | macro_f1=0.9743 | auroc=0.9971
22:31:59 | INFO     | training.trainer | Ep   8 [finetune|fold1] loss 0.0256/0.0208 | acc 0.9738 | macro_f1 0.9700 | auroc 0.9972 | lr 9.05e-05 | 1083.6s
22:50:00 | INFO     | training.trainer | Ep   9 [finetune|fold1] loss 0.0243/0.0167 | acc 0.9734 | macro_f1 0.9695 | auroc 0.9972 | lr 8.55e-05 | 1081.4s
22:50:01 | INFO     | training.trainer |   ✓ New best — val_loss=0.0167 | macro_f1=0.9695 | auroc=0.9972
23:08:11 | INFO     | training.trainer | Ep  10 [finetune|fold1] loss 0.0321/0.0160 | acc 0.9763 | macro_f1 0.9728 | auroc 0.9975 | lr 7.96e-05 | 1090.5s
23:08:12 | INFO     | training.trainer |   ✓ New best — val_loss=0.0160 | macro_f1=0.9728 | auroc=0.9975
23:26:42 | INFO     | training.trainer | Ep  11 [finetune|fold1] loss 0.0244/0.0201 | acc 0.9766 | macro_f1 0.9732 | auroc 0.9973 | lr 7.30e-05 | 1110.2s
23:45:10 | INFO     | training.trainer | Ep  12 [finetune|fold1] loss 0.0241/0.0191 | acc 0.9772 | macro_f1 0.9738 | auroc 0.9971 | lr 6.58e-05 | 1108.0s
00:03:17 | INFO     | training.trainer | Ep  13 [finetune|fold1] loss 0.0384/0.0273 | acc 0.9614 | macro_f1 0.9564 | auroc 0.9964 | lr 5.82e-05 | 1086.2s
00:22:43 | INFO     | training.trainer | Ep  14 [finetune|fold1] loss 0.0215/0.0182 | acc 0.9714 | macro_f1 0.9674 | auroc 0.9972 | lr 5.05e-05 | 1165.8s
00:41:47 | INFO     | training.trainer | Ep  15 [finetune|fold1] loss 0.0221/0.0243 | acc 0.9734 | macro_f1 0.9696 | auroc 0.9968 | lr 4.28e-05 | 1143.6s
01:00:18 | INFO     | training.trainer | Ep  16 [finetune|fold1] loss 0.0217/0.0236 | acc 0.9747 | macro_f1 0.9711 | auroc 0.9969 | lr 3.52e-05 | 1110.8s
01:18:27 | INFO     | training.trainer | Ep  17 [finetune|fold1] loss 0.0215/0.0160 | acc 0.9770 | macro_f1 0.9736 | auroc 0.9975 | lr 2.80e-05 | 1089.1s
01:36:32 | INFO     | training.trainer | Ep  18 [finetune|fold1] loss 0.0215/0.0171 | acc 0.9756 | macro_f1 0.9721 | auroc 0.9978 | lr 2.14e-05 | 1084.4s
01:54:36 | INFO     | training.trainer | Ep  19 [finetune|fold1] loss 0.0503/0.0168 | acc 0.9760 | macro_f1 0.9725 | auroc 0.9976 | lr 1.55e-05 | 1084.4s
02:12:41 | INFO     | training.trainer | Ep  20 [finetune|fold1] loss 0.0199/0.0143 | acc 0.9800 | macro_f1 0.9771 | auroc 0.9979 | lr 1.05e-05 | 1084.7s
02:12:41 | INFO     | training.trainer |   ✓ New best — val_loss=0.0143 | macro_f1=0.9771 | auroc=0.9979
02:30:46 | INFO     | training.trainer | Ep  21 [finetune|fold1] loss 0.0218/0.0152 | acc 0.9796 | macro_f1 0.9765 | auroc 0.9979 | lr 6.40e-06 | 1084.9s
02:48:51 | INFO     | training.trainer | Ep  22 [finetune|fold1] loss 0.0197/0.0142 | acc 0.9804 | macro_f1 0.9774 | auroc 0.9978 | lr 3.42e-06 | 1084.5s
02:48:51 | INFO     | training.trainer |   ✓ New best — val_loss=0.0142 | macro_f1=0.9774 | auroc=0.9978
03:06:56 | INFO     | training.trainer | Ep  23 [finetune|fold1] loss 0.0484/0.0143 | acc 0.9797 | macro_f1 0.9767 | auroc 0.9980 | lr 1.61e-06 | 1084.9s
03:25:02 | INFO     | training.trainer | Ep  24 [finetune|fold1] loss 0.0203/0.0144 | acc 0.9799 | macro_f1 0.9769 | auroc 0.9980 | lr 1.00e-04 | 1085.1s
03:43:07 | INFO     | training.trainer | Ep  25 [finetune|fold1] loss 0.0299/0.0173 | acc 0.9713 | macro_f1 0.9672 | auroc 0.9970 | lr 9.98e-05 | 1084.8s
04:01:12 | INFO     | training.trainer | Ep  26 [finetune|fold1] loss 0.0296/0.0204 | acc 0.9709 | macro_f1 0.9668 | auroc 0.9970 | lr 9.94e-05 | 1084.6s
04:19:17 | INFO     | training.trainer | Ep  27 [finetune|fold1] loss 0.0297/0.0173 | acc 0.9717 | macro_f1 0.9677 | auroc 0.9975 | lr 9.86e-05 | 1085.3s
04:37:22 | INFO     | training.trainer | Ep  28 [finetune|fold1] loss 0.0285/0.0324 | acc 0.9813 | macro_f1 0.9784 | auroc 0.9971 | lr 9.76e-05 | 1084.8s
04:55:26 | INFO     | training.trainer | Ep  29 [finetune|fold1] loss 0.0292/0.0256 | acc 0.9688 | macro_f1 0.9645 | auroc 0.9965 | lr 9.62e-05 | 1083.7s
05:13:30 | INFO     | training.trainer | Ep  30 [finetune|fold1] loss 0.0291/0.0208 | acc 0.9697 | macro_f1 0.9655 | auroc 0.9966 | lr 9.46e-05 | 1083.8s
05:31:36 | INFO     | training.trainer | Ep  31 [finetune|fold1] loss 0.0283/0.0269 | acc 0.9630 | macro_f1 0.9582 | auroc 0.9960 | lr 9.27e-05 | 1085.0s
05:49:39 | INFO     | training.trainer | Ep  32 [finetune|fold1] loss 0.0342/0.0226 | acc 0.9696 | macro_f1 0.9654 | auroc 0.9968 | lr 9.05e-05 | 1083.3s
05:49:39 | INFO     | training.trainer | Early stopping at epoch 32 | best_val_loss=0.0142 | no improvement for 10 epochs.
05:49:39 | INFO     | training.trainer | 
Fold 1 — Best Classification Report:
              precision    recall  f1-score   support

      NORMAL       0.95      0.99      0.97      5371
    ABNORMAL       1.00      0.97      0.99     11853

    accuracy                           0.98     17224
   macro avg       0.97      0.98      0.98     17224
weighted avg       0.98      0.98      0.98     17224

05:49:39 | INFO     | __main__ | Fold 2 complete — best epoch=22, phase=finetune
05:49:39 | INFO     | __main__ | 
05:49:39 | INFO     | __main__ | ###  FOLD 3 / 5  ###
05:49:39 | INFO     | __main__ |      train batches: 1435 | val batches: 180
05:49:40 | INFO     | models.level1_gatekeeper | Backbone FROZEN — training classifier head only.
05:49:40 | INFO     | models.level1_gatekeeper | GatekeeperModel ready | backbone=ResNet-50 | in_features=2048 | num_classes=2 | frozen=True
05:49:40 | INFO     | training.losses | Criterion: FocalLoss | mode=level1 | gamma=2.0 | smoothing=0.00 | class_weights=[1.6035751104354858, 0.7265364527702332]
05:49:40 | INFO     | training.trainer | AMP enabled — forward pass dtype=torch.float16 | gradients=float32 | device=mps
05:49:40 | INFO     | training.trainer | HierarchyTrainer ready | mode=level1 | device=mps | amp=True | checkpoints=checkpoints/level1
05:49:40 | INFO     | training.trainer | 
============================================================
  PHASE 1 — Warm-up | 5 epochs | backbone FROZEN
============================================================
05:57:07 | INFO     | training.trainer | Ep   0 [warmup|fold2] loss 0.0952/0.0590 | acc 0.8856 | macro_f1 0.8763 | auroc 0.9750 | lr 1.00e-03 | 447.4s
06:04:14 | INFO     | training.trainer | Ep   1 [warmup|fold2] loss 0.0862/0.0581 | acc 0.8827 | macro_f1 0.8736 | auroc 0.9778 | lr 1.00e-03 | 426.5s
06:11:21 | INFO     | training.trainer | Ep   2 [warmup|fold2] loss 0.0848/0.0612 | acc 0.8754 | macro_f1 0.8666 | auroc 0.9790 | lr 1.00e-03 | 426.3s
06:18:27 | INFO     | training.trainer | Ep   3 [warmup|fold2] loss 0.0830/0.0597 | acc 0.8752 | macro_f1 0.8664 | auroc 0.9803 | lr 1.00e-03 | 426.7s
06:25:35 | INFO     | training.trainer | Ep   4 [warmup|fold2] loss 0.0812/0.0631 | acc 0.8776 | macro_f1 0.8688 | auroc 0.9803 | lr 1.00e-03 | 428.0s
06:25:36 | INFO     | training.trainer | 
============================================================
  PHASE 2 — Fine-tuning | max 50 epochs | backbone UNFROZEN | patience=10
============================================================
06:25:36 | INFO     | models.level1_gatekeeper | Backbone UNFROZEN — full network fine-tuning active.
06:43:41 | INFO     | training.trainer | Ep   5 [finetune|fold2] loss 0.0353/0.0190 | acc 0.9775 | macro_f1 0.9742 | auroc 0.9971 | lr 9.94e-05 | 1085.3s
06:43:41 | INFO     | training.trainer |   ✓ New best — val_loss=0.0190 | macro_f1=0.9742 | auroc=0.9971
07:01:47 | INFO     | training.trainer | Ep   6 [finetune|fold2] loss 0.0266/0.0188 | acc 0.9812 | macro_f1 0.9784 | auroc 0.9973 | lr 9.76e-05 | 1085.4s
07:01:47 | INFO     | training.trainer |   ✓ New best — val_loss=0.0188 | macro_f1=0.9784 | auroc=0.9973
07:19:53 | INFO     | training.trainer | Ep   7 [finetune|fold2] loss 0.0258/0.0193 | acc 0.9751 | macro_f1 0.9715 | auroc 0.9971 | lr 9.46e-05 | 1085.5s
07:37:59 | INFO     | training.trainer | Ep   8 [finetune|fold2] loss 0.0241/0.0219 | acc 0.9745 | macro_f1 0.9709 | auroc 0.9973 | lr 9.05e-05 | 1086.0s
07:56:05 | INFO     | training.trainer | Ep   9 [finetune|fold2] loss 0.0260/0.0187 | acc 0.9724 | macro_f1 0.9685 | auroc 0.9966 | lr 8.55e-05 | 1086.0s
07:56:05 | INFO     | training.trainer |   ✓ New best — val_loss=0.0187 | macro_f1=0.9685 | auroc=0.9966
08:14:12 | INFO     | training.trainer | Ep  10 [finetune|fold2] loss 0.0246/0.0218 | acc 0.9642 | macro_f1 0.9595 | auroc 0.9974 | lr 7.96e-05 | 1086.4s
08:32:19 | INFO     | training.trainer | Ep  11 [finetune|fold2] loss 0.0291/0.0222 | acc 0.9639 | macro_f1 0.9592 | auroc 0.9972 | lr 7.30e-05 | 1086.8s
08:50:25 | INFO     | training.trainer | Ep  12 [finetune|fold2] loss 0.0235/0.0154 | acc 0.9814 | macro_f1 0.9785 | auroc 0.9975 | lr 6.58e-05 | 1086.0s
08:50:25 | INFO     | training.trainer |   ✓ New best — val_loss=0.0154 | macro_f1=0.9785 | auroc=0.9975
09:08:32 | INFO     | training.trainer | Ep  13 [finetune|fold2] loss 0.0243/0.0166 | acc 0.9807 | macro_f1 0.9778 | auroc 0.9972 | lr 5.82e-05 | 1086.2s
09:26:39 | INFO     | training.trainer | Ep  14 [finetune|fold2] loss 0.0265/0.0192 | acc 0.9754 | macro_f1 0.9719 | auroc 0.9974 | lr 5.05e-05 | 1087.0s
09:45:02 | INFO     | training.trainer | Ep  15 [finetune|fold2] loss 0.0221/0.0166 | acc 0.9775 | macro_f1 0.9743 | auroc 0.9975 | lr 4.28e-05 | 1102.5s
10:03:07 | INFO     | training.trainer | Ep  16 [finetune|fold2] loss 0.0235/0.0196 | acc 0.9740 | macro_f1 0.9703 | auroc 0.9974 | lr 3.52e-05 | 1085.3s
10:21:55 | INFO     | training.trainer | Ep  17 [finetune|fold2] loss 0.0212/0.0173 | acc 0.9840 | macro_f1 0.9815 | auroc 0.9979 | lr 2.80e-05 | 1127.4s
10:40:45 | INFO     | training.trainer | Ep  18 [finetune|fold2] loss 0.0210/0.0165 | acc 0.9777 | macro_f1 0.9745 | auroc 0.9982 | lr 2.14e-05 | 1129.3s
10:59:40 | INFO     | training.trainer | Ep  19 [finetune|fold2] loss 0.0562/0.0161 | acc 0.9805 | macro_f1 0.9776 | auroc 0.9978 | lr 1.55e-05 | 1135.2s
11:18:36 | INFO     | training.trainer | Ep  20 [finetune|fold2] loss 0.0210/0.0162 | acc 0.9805 | macro_f1 0.9776 | auroc 0.9980 | lr 1.05e-05 | 1135.4s
11:37:39 | INFO     | training.trainer | Ep  21 [finetune|fold2] loss 0.0194/0.0153 | acc 0.9796 | macro_f1 0.9766 | auroc 0.9982 | lr 6.40e-06 | 1143.0s
11:37:39 | INFO     | training.trainer |   ✓ New best — val_loss=0.0153 | macro_f1=0.9766 | auroc=0.9982
11:56:42 | INFO     | training.trainer | Ep  22 [finetune|fold2] loss 0.0196/0.0163 | acc 0.9800 | macro_f1 0.9770 | auroc 0.9981 | lr 3.42e-06 | 1143.0s
11:56:43 | INFO     | training.trainer | Early stopping at epoch 22 | best_val_loss=0.0153 | no improvement for 10 epochs.
11:56:43 | INFO     | training.trainer | 
Fold 2 — Best Classification Report:
              precision    recall  f1-score   support

      NORMAL       0.94      1.00      0.97      5371
    ABNORMAL       1.00      0.97      0.98     11853

    accuracy                           0.98     17224
   macro avg       0.97      0.98      0.98     17224
weighted avg       0.98      0.98      0.98     17224

11:56:43 | INFO     | __main__ | Fold 3 complete — best epoch=21, phase=finetune
11:56:43 | INFO     | __main__ | 
11:56:43 | INFO     | __main__ | ###  FOLD 4 / 5  ###
11:56:43 | INFO     | __main__ |      train batches: 1435 | val batches: 180
11:56:43 | INFO     | models.level1_gatekeeper | Backbone FROZEN — training classifier head only.
11:56:43 | INFO     | models.level1_gatekeeper | GatekeeperModel ready | backbone=ResNet-50 | in_features=2048 | num_classes=2 | frozen=True
11:56:43 | INFO     | training.losses | Criterion: FocalLoss | mode=level1 | gamma=2.0 | smoothing=0.00 | class_weights=[1.6035751104354858, 0.7265364527702332]
11:56:43 | INFO     | training.trainer | AMP enabled — forward pass dtype=torch.float16 | gradients=float32 | device=mps
11:56:43 | INFO     | training.trainer | HierarchyTrainer ready | mode=level1 | device=mps | amp=True | checkpoints=checkpoints/level1
11:56:43 | INFO     | training.trainer | 
============================================================
  PHASE 1 — Warm-up | 5 epochs | backbone FROZEN
============================================================
12:05:04 | INFO     | training.trainer | Ep   0 [warmup|fold3] loss 0.0964/0.0663 | acc 0.8719 | macro_f1 0.8629 | auroc 0.9733 | lr 1.00e-03 | 500.8s
12:13:13 | INFO     | training.trainer | Ep   1 [warmup|fold3] loss 0.0875/0.0620 | acc 0.8784 | macro_f1 0.8695 | auroc 0.9772 | lr 1.00e-03 | 488.5s
12:21:23 | INFO     | training.trainer | Ep   2 [warmup|fold3] loss 0.0841/0.0592 | acc 0.8863 | macro_f1 0.8774 | auroc 0.9782 | lr 1.00e-03 | 489.6s
12:29:39 | INFO     | training.trainer | Ep   3 [warmup|fold3] loss 0.0832/0.0545 | acc 0.8985 | macro_f1 0.8896 | auroc 0.9787 | lr 1.00e-03 | 496.2s
12:37:53 | INFO     | training.trainer | Ep   4 [warmup|fold3] loss 0.0813/0.0714 | acc 0.8729 | macro_f1 0.8642 | auroc 0.9792 | lr 1.00e-03 | 494.1s
12:37:54 | INFO     | training.trainer | 
============================================================
  PHASE 2 — Fine-tuning | max 50 epochs | backbone UNFROZEN | patience=10
============================================================
12:37:54 | INFO     | models.level1_gatekeeper | Backbone UNFROZEN — full network fine-tuning active.
12:57:32 | INFO     | training.trainer | Ep   5 [finetune|fold3] loss 0.0351/0.0223 | acc 0.9703 | macro_f1 0.9662 | auroc 0.9962 | lr 9.94e-05 | 1177.9s
12:57:32 | INFO     | training.trainer |   ✓ New best — val_loss=0.0223 | macro_f1=0.9662 | auroc=0.9962
13:17:07 | INFO     | training.trainer | Ep   6 [finetune|fold3] loss 0.0268/0.0287 | acc 0.9716 | macro_f1 0.9676 | auroc 0.9968 | lr 9.76e-05 | 1175.0s
13:37:14 | INFO     | training.trainer | Ep   7 [finetune|fold3] loss 0.0252/0.0249 | acc 0.9801 | macro_f1 0.9771 | auroc 0.9970 | lr 9.46e-05 | 1206.4s
13:57:38 | INFO     | training.trainer | Ep   8 [finetune|fold3] loss 0.0237/0.0187 | acc 0.9745 | macro_f1 0.9708 | auroc 0.9972 | lr 9.05e-05 | 1223.7s
13:57:38 | INFO     | training.trainer |   ✓ New best — val_loss=0.0187 | macro_f1=0.9708 | auroc=0.9972
14:17:56 | INFO     | training.trainer | Ep   9 [finetune|fold3] loss 0.0237/0.0243 | acc 0.9714 | macro_f1 0.9674 | auroc 0.9969 | lr 8.55e-05 | 1217.8s
14:37:58 | INFO     | training.trainer | Ep  10 [finetune|fold3] loss 0.0226/0.0672 | acc 0.9685 | macro_f1 0.9642 | auroc 0.9958 | lr 7.96e-05 | 1201.8s
14:57:49 | INFO     | training.trainer | Ep  11 [finetune|fold3] loss 0.0227/nan | acc 0.9754 | macro_f1 0.9718 | auroc nan | lr 7.30e-05 | 1190.0s
15:17:38 | INFO     | training.trainer | Ep  12 [finetune|fold3] loss 0.0397/3.2019 | acc 0.9765 | macro_f1 0.9731 | auroc 0.9962 | lr 6.58e-05 | 1189.5s
15:37:30 | INFO     | training.trainer | Ep  13 [finetune|fold3] loss 0.0219/0.0368 | acc 0.9693 | macro_f1 0.9651 | auroc 0.9968 | lr 5.82e-05 | 1192.0s
15:57:22 | INFO     | training.trainer | Ep  14 [finetune|fold3] loss 0.0552/0.0351 | acc 0.9726 | macro_f1 0.9687 | auroc 0.9972 | lr 5.05e-05 | 1191.2s
16:17:51 | INFO     | training.trainer | Ep  15 [finetune|fold3] loss 0.0213/0.0288 | acc 0.9747 | macro_f1 0.9711 | auroc 0.9973 | lr 4.28e-05 | 1228.3s
16:38:15 | INFO     | training.trainer | Ep  16 [finetune|fold3] loss 0.0559/0.0246 | acc 0.9724 | macro_f1 0.9685 | auroc 0.9970 | lr 3.52e-05 | 1224.3s
16:58:34 | INFO     | training.trainer | Ep  17 [finetune|fold3] loss 0.0247/0.0279 | acc 0.9746 | macro_f1 0.9710 | auroc 0.9975 | lr 2.80e-05 | 1219.1s
17:19:09 | INFO     | training.trainer | Ep  18 [finetune|fold3] loss 0.0216/0.0232 | acc 0.9775 | macro_f1 0.9742 | auroc 0.9972 | lr 2.14e-05 | 1233.8s
17:19:09 | INFO     | training.trainer | Early stopping at epoch 18 | best_val_loss=0.0187 | no improvement for 10 epochs.
17:19:09 | INFO     | training.trainer | 
Fold 3 — Best Classification Report:
              precision    recall  f1-score   support

      NORMAL       0.93      0.99      0.96      5370
    ABNORMAL       1.00      0.97      0.98     11854

    accuracy                           0.97     17224
   macro avg       0.96      0.98      0.97     17224
weighted avg       0.98      0.97      0.97     17224

17:19:09 | INFO     | __main__ | Fold 4 complete — best epoch=8, phase=finetune
17:19:09 | INFO     | __main__ | 
17:19:09 | INFO     | __main__ | ###  FOLD 5 / 5  ###
17:19:09 | INFO     | __main__ |      train batches: 1435 | val batches: 180
17:19:09 | INFO     | models.level1_gatekeeper | Backbone FROZEN — training classifier head only.
17:19:09 | INFO     | models.level1_gatekeeper | GatekeeperModel ready | backbone=ResNet-50 | in_features=2048 | num_classes=2 | frozen=True
17:19:09 | INFO     | training.losses | Criterion: FocalLoss | mode=level1 | gamma=2.0 | smoothing=0.00 | class_weights=[1.6035751104354858, 0.7265364527702332]
17:19:09 | INFO     | training.trainer | AMP enabled — forward pass dtype=torch.float16 | gradients=float32 | device=mps
17:19:09 | INFO     | training.trainer | HierarchyTrainer ready | mode=level1 | device=mps | amp=True | checkpoints=checkpoints/level1
17:19:09 | INFO     | training.trainer | 
============================================================
  PHASE 1 — Warm-up | 5 epochs | backbone FROZEN
============================================================
17:28:08 | INFO     | training.trainer | Ep   0 [warmup|fold4] loss 0.0960/0.0646 | acc 0.8692 | macro_f1 0.8603 | auroc 0.9747 | lr 1.00e-03 | 539.0s
17:36:52 | INFO     | training.trainer | Ep   1 [warmup|fold4] loss 0.0864/0.0641 | acc 0.8765 | macro_f1 0.8675 | auroc 0.9765 | lr 1.00e-03 | 523.0s
17:45:35 | INFO     | training.trainer | Ep   2 [warmup|fold4] loss 0.0842/0.0654 | acc 0.8670 | macro_f1 0.8582 | auroc 0.9774 | lr 1.00e-03 | 522.8s
17:54:16 | INFO     | training.trainer | Ep   3 [warmup|fold4] loss 0.0823/0.0676 | acc 0.8559 | macro_f1 0.8474 | auroc 0.9783 | lr 1.00e-03 | 521.3s
18:03:00 | INFO     | training.trainer | Ep   4 [warmup|fold4] loss 0.0821/0.0649 | acc 0.8673 | macro_f1 0.8587 | auroc 0.9789 | lr 1.00e-03 | 524.2s
18:03:01 | INFO     | training.trainer | 
============================================================
  PHASE 2 — Fine-tuning | max 50 epochs | backbone UNFROZEN | patience=10
============================================================
18:03:01 | INFO     | models.level1_gatekeeper | Backbone UNFROZEN — full network fine-tuning active.
18:23:25 | INFO     | training.trainer | Ep   5 [finetune|fold4] loss 0.0343/0.0203 | acc 0.9772 | macro_f1 0.9738 | auroc 0.9970 | lr 9.94e-05 | 1224.7s
18:23:25 | INFO     | training.trainer |   ✓ New best — val_loss=0.0203 | macro_f1=0.9738 | auroc=0.9970
18:43:38 | INFO     | training.trainer | Ep   6 [finetune|fold4] loss 0.0270/0.0248 | acc 0.9717 | macro_f1 0.9678 | auroc 0.9973 | lr 9.76e-05 | 1212.1s
19:03:03 | INFO     | training.trainer | Ep   7 [finetune|fold4] loss 0.0236/0.0189 | acc 0.9728 | macro_f1 0.9690 | auroc 0.9973 | lr 9.46e-05 | 1164.3s
19:03:03 | INFO     | training.trainer |   ✓ New best — val_loss=0.0189 | macro_f1=0.9690 | auroc=0.9973
19:21:09 | INFO     | training.trainer | Ep   8 [finetune|fold4] loss 0.0243/0.0229 | acc 0.9750 | macro_f1 0.9714 | auroc 0.9976 | lr 9.05e-05 | 1086.2s
19:39:15 | INFO     | training.trainer | Ep   9 [finetune|fold4] loss 0.0278/0.0180 | acc 0.9757 | macro_f1 0.9722 | auroc 0.9978 | lr 8.55e-05 | 1085.4s
19:39:15 | INFO     | training.trainer |   ✓ New best — val_loss=0.0180 | macro_f1=0.9722 | auroc=0.9978
19:57:20 | INFO     | training.trainer | Ep  10 [finetune|fold4] loss 0.0276/0.0198 | acc 0.9757 | macro_f1 0.9722 | auroc 0.9976 | lr 7.96e-05 | 1085.3s
20:15:26 | INFO     | training.trainer | Ep  11 [finetune|fold4] loss 0.0497/0.0146 | acc 0.9805 | macro_f1 0.9776 | auroc 0.9974 | lr 7.30e-05 | 1085.4s
20:15:26 | INFO     | training.trainer |   ✓ New best — val_loss=0.0146 | macro_f1=0.9776 | auroc=0.9974
20:33:32 | INFO     | training.trainer | Ep  12 [finetune|fold4] loss 0.0263/0.0166 | acc 0.9739 | macro_f1 0.9702 | auroc 0.9975 | lr 6.58e-05 | 1085.3s
20:51:37 | INFO     | training.trainer | Ep  13 [finetune|fold4] loss 0.0245/0.0140 | acc 0.9800 | macro_f1 0.9771 | auroc 0.9980 | lr 5.82e-05 | 1085.0s
20:51:37 | INFO     | training.trainer |   ✓ New best — val_loss=0.0140 | macro_f1=0.9771 | auroc=0.9980
21:09:43 | INFO     | training.trainer | Ep  14 [finetune|fold4] loss 0.0223/0.0219 | acc 0.9663 | macro_f1 0.9618 | auroc 0.9974 | lr 5.05e-05 | 1085.4s
21:27:48 | INFO     | training.trainer | Ep  15 [finetune|fold4] loss 0.0231/0.0156 | acc 0.9797 | macro_f1 0.9767 | auroc 0.9978 | lr 4.28e-05 | 1085.2s
21:45:53 | INFO     | training.trainer | Ep  16 [finetune|fold4] loss 0.0225/0.0162 | acc 0.9743 | macro_f1 0.9707 | auroc 0.9976 | lr 3.52e-05 | 1084.9s
22:03:59 | INFO     | training.trainer | Ep  17 [finetune|fold4] loss 0.0238/0.0136 | acc 0.9814 | macro_f1 0.9786 | auroc 0.9981 | lr 2.80e-05 | 1085.8s
22:04:00 | INFO     | training.trainer |   ✓ New best — val_loss=0.0136 | macro_f1=0.9786 | auroc=0.9981
22:22:07 | INFO     | training.trainer | Ep  18 [finetune|fold4] loss 0.0204/0.0157 | acc 0.9761 | macro_f1 0.9727 | auroc 0.9979 | lr 2.14e-05 | 1086.9s
22:40:13 | INFO     | training.trainer | Ep  19 [finetune|fold4] loss 0.0200/0.0172 | acc 0.9770 | macro_f1 0.9737 | auroc 0.9981 | lr 1.55e-05 | 1086.1s
22:58:18 | INFO     | training.trainer | Ep  20 [finetune|fold4] loss 0.0207/0.0149 | acc 0.9775 | macro_f1 0.9742 | auroc 0.9980 | lr 1.05e-05 | 1084.3s
23:16:23 | INFO     | training.trainer | Ep  21 [finetune|fold4] loss 0.0194/0.0146 | acc 0.9789 | macro_f1 0.9758 | auroc 0.9981 | lr 6.40e-06 | 1084.7s
23:34:34 | INFO     | training.trainer | Ep  22 [finetune|fold4] loss 0.0192/0.0132 | acc 0.9819 | macro_f1 0.9792 | auroc 0.9982 | lr 3.42e-06 | 1091.1s
23:34:34 | INFO     | training.trainer |   ✓ New best — val_loss=0.0132 | macro_f1=0.9792 | auroc=0.9982
23:52:41 | INFO     | training.trainer | Ep  23 [finetune|fold4] loss 0.0184/0.0150 | acc 0.9785 | macro_f1 0.9753 | auroc 0.9982 | lr 1.61e-06 | 1086.1s
00:10:47 | INFO     | training.trainer | Ep  24 [finetune|fold4] loss 0.0191/0.0132 | acc 0.9801 | macro_f1 0.9772 | auroc 0.9982 | lr 1.00e-04 | 1086.1s
00:28:54 | INFO     | training.trainer | Ep  25 [finetune|fold4] loss 0.0303/0.0216 | acc 0.9810 | macro_f1 0.9780 | auroc 0.9973 | lr 9.98e-05 | 1086.3s
00:47:00 | INFO     | training.trainer | Ep  26 [finetune|fold4] loss 0.0321/0.1935 | acc 0.9744 | macro_f1 0.9706 | auroc 0.9938 | lr 9.94e-05 | 1086.3s
01:05:07 | INFO     | training.trainer | Ep  27 [finetune|fold4] loss 0.0309/0.0180 | acc 0.9717 | macro_f1 0.9677 | auroc 0.9973 | lr 9.86e-05 | 1086.2s
01:23:14 | INFO     | training.trainer | Ep  28 [finetune|fold4] loss 0.0293/0.0257 | acc 0.9770 | macro_f1 0.9731 | auroc 0.9959 | lr 9.76e-05 | 1086.7s
01:41:20 | INFO     | training.trainer | Ep  29 [finetune|fold4] loss 0.0283/0.0205 | acc 0.9711 | macro_f1 0.9670 | auroc 0.9962 | lr 9.62e-05 | 1086.1s
01:59:26 | INFO     | training.trainer | Ep  30 [finetune|fold4] loss 0.0295/0.0166 | acc 0.9787 | macro_f1 0.9755 | auroc 0.9973 | lr 9.46e-05 | 1086.4s
02:17:33 | INFO     | training.trainer | Ep  31 [finetune|fold4] loss 0.0270/0.0189 | acc 0.9735 | macro_f1 0.9696 | auroc 0.9956 | lr 9.27e-05 | 1086.1s
02:35:39 | INFO     | training.trainer | Ep  32 [finetune|fold4] loss 0.0304/0.0237 | acc 0.9721 | macro_f1 0.9676 | auroc 0.9950 | lr 9.05e-05 | 1086.4s
02:35:40 | INFO     | training.trainer | Early stopping at epoch 32 | best_val_loss=0.0132 | no improvement for 10 epochs.
02:35:40 | INFO     | training.trainer | 
Fold 4 — Best Classification Report:
              precision    recall  f1-score   support

      NORMAL       0.95      1.00      0.97      5370
    ABNORMAL       1.00      0.98      0.99     11854

    accuracy                           0.98     17224
   macro avg       0.97      0.99      0.98     17224
weighted avg       0.98      0.98      0.98     17224

02:35:40 | INFO     | __main__ | Fold 5 complete — best epoch=22, phase=finetune
02:35:40 | INFO     | __main__ | 
02:35:40 | INFO     | __main__ | ============================================================
02:35:40 | INFO     | __main__ |   CROSS-FOLD SUMMARY  (Level 1 — NORMAL vs ABNORMAL)
02:35:40 | INFO     | __main__ | ============================================================
02:35:40 | INFO     | __main__ |   val_accuracy          0.9799 ± 0.0030
02:35:40 | INFO     | __main__ |   val_auroc             0.9977 ± 0.0004
02:35:40 | INFO     | __main__ |   val_macro_f1          0.9769 ± 0.0034
02:35:40 | INFO     | __main__ |   val_weighted_f1       0.9800 ± 0.0029
02:35:40 | INFO     | __main__ | 
02:35:40 | INFO     | __main__ | ─── Target Verification ───
02:35:40 | INFO     | __main__ |   val_accuracy          0.9799  (target ≥ 0.92)  ✅ PASS
02:35:40 | INFO     | __main__ |   val_auroc             0.9977  (target ≥ 0.96)  ✅ PASS
02:35:40 | INFO     | __main__ |   val_macro_f1          0.9769  (target ≥ 0.90)  ✅ PASS
02:35:40 | INFO     | __main__ | 
02:35:40 | INFO     | __main__ |   🎉  All targets met — Level 1 Gatekeeper ready for deployment.
