INFO: Using device cuda
INFO: DataParallel(
  (module): IPN_V2(
    (input3d): InConv3d(
      (in_conv): Sequential(
        (0): Conv3d(2, 64, kernel_size=(3, 3, 3), stride=(1, 1, 1), padding=(1, 1, 1))
        (1): ReLU(inplace=True)
      )
    )
    (PLM1): PLM(
      (plm): Sequential(
        (0): MaxPool3d(kernel_size=[8, 1, 1], stride=[8, 1, 1], padding=0, dilation=1, ceil_mode=False)
        (1): Conv3d(64, 64, kernel_size=(3, 3, 3), stride=(1, 1, 1), padding=(1, 1, 1))
        (2): ReLU(inplace=True)
        (3): Conv3d(64, 64, kernel_size=(3, 3, 3), stride=(1, 1, 1), padding=(1, 1, 1))
        (4): ReLU(inplace=True)
      )
    )
    (PLM2): PLM(
      (plm): Sequential(
        (0): MaxPool3d(kernel_size=[5, 1, 1], stride=[5, 1, 1], padding=0, dilation=1, ceil_mode=False)
        (1): Conv3d(64, 64, kernel_size=(3, 3, 3), stride=(1, 1, 1), padding=(1, 1, 1))
        (2): ReLU(inplace=True)
        (3): Conv3d(64, 64, kernel_size=(3, 3, 3), stride=(1, 1, 1), padding=(1, 1, 1))
        (4): ReLU(inplace=True)
      )
    )
    (PLM3): PLM(
      (plm): Sequential(
        (0): MaxPool3d(kernel_size=[4, 1, 1], stride=[4, 1, 1], padding=0, dilation=1, ceil_mode=False)
        (1): Conv3d(64, 64, kernel_size=(3, 3, 3), stride=(1, 1, 1), padding=(1, 1, 1))
        (2): ReLU(inplace=True)
        (3): Conv3d(64, 64, kernel_size=(3, 3, 3), stride=(1, 1, 1), padding=(1, 1, 1))
        (4): ReLU(inplace=True)
      )
    )
    (input2d): skip(
      (double2dconv): DoubleConv(
        (double_conv): Sequential(
          (0): Conv2d(128, 64, kernel_size=(3, 3), stride=(1, 1), padding=(1, 1))
          (1): ReLU(inplace=True)
          (2): Conv2d(64, 64, kernel_size=(3, 3), stride=(1, 1), padding=(1, 1))
          (3): ReLU(inplace=True)
        )
      )
      (skip_conv): Conv3d(64, 64, kernel_size=(160, 1, 1), stride=(160, 1, 1))
    )
    (pp): UNet_3Plus(
      (conv1): DoubleConv(
        (double_conv): Sequential(
          (0): Conv2d(64, 64, kernel_size=(3, 3), stride=(1, 1), padding=(1, 1))
          (1): ReLU(inplace=True)
          (2): Conv2d(64, 64, kernel_size=(3, 3), stride=(1, 1), padding=(1, 1))
          (3): ReLU(inplace=True)
        )
      )
      (maxpool1): MaxPool2d(kernel_size=2, stride=2, padding=0, dilation=1, ceil_mode=False)
      (conv2): DoubleConv(
        (double_conv): Sequential(
          (0): Conv2d(64, 64, kernel_size=(3, 3), stride=(1, 1), padding=(1, 1))
          (1): ReLU(inplace=True)
          (2): Conv2d(64, 64, kernel_size=(3, 3), stride=(1, 1), padding=(1, 1))
          (3): ReLU(inplace=True)
        )
      )
      (maxpool2): MaxPool2d(kernel_size=2, stride=2, padding=0, dilation=1, ceil_mode=False)
      (conv3): DoubleConv(
        (double_conv): Sequential(
          (0): Conv2d(64, 64, kernel_size=(3, 3), stride=(1, 1), padding=(1, 1))
          (1): ReLU(inplace=True)
          (2): Conv2d(64, 64, kernel_size=(3, 3), stride=(1, 1), padding=(1, 1))
          (3): ReLU(inplace=True)
        )
      )
      (h1_PT_hd3): MaxPool2d(kernel_size=4, stride=4, padding=0, dilation=1, ceil_mode=True)
      (h1_PT_hd3_conv): Conv2d(64, 64, kernel_size=(3, 3), stride=(1, 1), padding=(1, 1))
      (h1_PT_hd3_relu): ReLU(inplace=True)
      (h2_PT_hd3): MaxPool2d(kernel_size=2, stride=2, padding=0, dilation=1, ceil_mode=True)
      (h2_PT_hd3_conv): Conv2d(64, 64, kernel_size=(3, 3), stride=(1, 1), padding=(1, 1))
      (h2_PT_hd3_relu): ReLU(inplace=True)
      (h3_Cat_hd3_conv): Conv2d(64, 64, kernel_size=(3, 3), stride=(1, 1), padding=(1, 1))
      (h3_Cat_hd3_relu): ReLU(inplace=True)
      (conv3d_1): Conv2d(192, 192, kernel_size=(3, 3), stride=(1, 1), padding=(1, 1))
      (relu3d_1): ReLU(inplace=True)
      (h1_PT_hd2): MaxPool2d(kernel_size=2, stride=2, padding=0, dilation=1, ceil_mode=True)
      (h1_PT_hd2_conv): Conv2d(64, 64, kernel_size=(3, 3), stride=(1, 1), padding=(1, 1))
      (h1_PT_hd2_relu): ReLU(inplace=True)
      (h2_Cat_hd2_conv): Conv2d(64, 64, kernel_size=(3, 3), stride=(1, 1), padding=(1, 1))
      (h2_Cat_hd2_relu): ReLU(inplace=True)
      (hd3_UT_hd2): Upsample(scale_factor=2.0, mode=bilinear)
      (hd3_UT_hd2_conv): Conv2d(192, 64, kernel_size=(3, 3), stride=(1, 1), padding=(1, 1))
      (hd3_UT_hd2_relu): ReLU(inplace=True)
      (conv2d_1): Conv2d(192, 192, kernel_size=(3, 3), stride=(1, 1), padding=(1, 1))
      (relu2d_1): ReLU(inplace=True)
      (h1_Cat_hd1_conv): Conv2d(64, 64, kernel_size=(3, 3), stride=(1, 1), padding=(1, 1))
      (h1_Cat_hd1_relu): ReLU(inplace=True)
      (hd2_UT_hd1): Upsample(scale_factor=2.0, mode=bilinear)
      (hd2_UT_hd1_conv): Conv2d(192, 64, kernel_size=(3, 3), stride=(1, 1), padding=(1, 1))
      (hd2_UT_hd1_relu): ReLU(inplace=True)
      (hd3_UT_hd1): Upsample(scale_factor=4.0, mode=bilinear)
      (hd3_UT_hd1_conv): Conv2d(192, 64, kernel_size=(3, 3), stride=(1, 1), padding=(1, 1))
      (hd3_UT_hd1_relu): ReLU(inplace=True)
      (conv1d_1): Conv2d(192, 64, kernel_size=(3, 3), stride=(1, 1), padding=(1, 1))
      (relu1d_1): ReLU(inplace=True)
      (outconv1): Conv2d(64, 2, kernel_size=(3, 3), stride=(1, 1), padding=(1, 1))
    )
  )
)
/home/yh3529/.conda/envs/torch-1.11/lib/python3.9/site-packages/torch/nn/functional.py:780: UserWarning: Note that order of the arguments: ceil_mode and return_indices will changeto match the args list in nn.MaxPool2d in a future release.
  warnings.warn("Note that order of the arguments: ceil_mode and return_indices will change"
INFO: 0 0.681216299533844
INFO: Checkpoint 0 saved !
INFO: Step:0, Valid_Dice:0.0
INFO: 10 0.6183764338493347
INFO: 20 0.4488494098186493
INFO: 30 0.3235320746898651
INFO: 40 0.41412803530693054
INFO: 50 0.36780837178230286
INFO: 60 0.3168284296989441
INFO: 70 0.35894903540611267
INFO: 80 0.314415842294693
INFO: 90 0.377998411655426
INFO: 100 0.2830219864845276
INFO: 110 0.3392864167690277
INFO: 120 0.24999579787254333
INFO: 130 0.18944600224494934
INFO: 140 0.3371947109699249
INFO: 150 0.28444862365722656
INFO: 160 0.29481419920921326
INFO: 170 0.2370212823152542
INFO: 180 0.4028061330318451
INFO: 190 0.2591792345046997
INFO: 200 0.27432748675346375
INFO: 210 0.26853886246681213
INFO: 220 0.29646170139312744
INFO: 230 0.21752454340457916
INFO: 240 0.3356369733810425
INFO: 250 0.26311004161834717
INFO: 260 0.3323311507701874
INFO: 270 0.22545282542705536
INFO: 280 0.2471267133951187
INFO: 290 0.2754478454589844
INFO: 300 0.4034455120563507
INFO: 310 0.32627344131469727
INFO: 320 0.2551364600658417
INFO: 330 0.27487507462501526
INFO: 340 0.3220236897468567
INFO: 350 0.2340593934059143
INFO: 360 0.3081783354282379
INFO: 370 0.3446141183376312
INFO: 380 0.4224517047405243
INFO: 390 0.26979121565818787
INFO: 400 0.24404491484165192
INFO: 410 0.29692554473876953
INFO: 420 0.21355263888835907
INFO: 430 0.3747548460960388
INFO: 440 0.3810046315193176
INFO: 450 0.3239861726760864
INFO: 460 0.32012757658958435
INFO: 470 0.3248295783996582
INFO: 480 0.31065234541893005
INFO: 490 0.3566020131111145
INFO: 500 0.347184419631958
INFO: Checkpoint 500 saved !
INFO: Step:500, Valid_Dice:0.0
INFO: 510 0.3323783576488495
INFO: 520 0.2953236699104309
INFO: 530 0.24272499978542328
INFO: 540 0.1925123929977417
INFO: 550 0.35001686215400696
INFO: 560 0.29917582869529724
INFO: 570 0.2948550879955292
INFO: 580 0.1657930612564087
INFO: 590 0.24656328558921814
INFO: 600 0.2533529996871948
INFO: 610 0.21134911477565765
INFO: 620 0.14197181165218353
INFO: 630 0.17306886613368988
INFO: 640 0.24768510460853577
INFO: 650 0.1891355663537979
INFO: 660 0.22550712525844574
INFO: 670 0.1685619354248047
INFO: 680 0.18342167139053345
INFO: 690 0.15390092134475708
INFO: 700 0.16887621581554413
INFO: 710 0.1473320573568344
INFO: 720 0.14450806379318237
INFO: 730 0.3393668532371521
INFO: 740 0.2549969255924225
INFO: 750 0.2300543487071991
INFO: 760 0.1522868424654007
INFO: 770 0.1982090175151825
INFO: 780 0.2248636782169342
INFO: 790 0.2500205934047699
INFO: 800 0.18763378262519836
INFO: 810 0.19767220318317413
INFO: 820 0.1724454015493393
INFO: 830 0.17326492071151733
INFO: 840 0.14171722531318665
INFO: 850 0.18070827424526215
INFO: 860 0.12044882774353027
INFO: 870 0.35101839900016785
INFO: 880 0.1969423145055771
INFO: 890 0.13166989386081696
INFO: 900 0.14951585233211517
INFO: 910 0.1266280561685562
INFO: 920 0.11168483644723892
INFO: 930 0.1676517277956009
INFO: 940 0.1604992300271988
INFO: 950 0.16217441856861115
INFO: 960 0.1430567502975464
INFO: 970 0.1369931846857071
INFO: 980 0.1694086492061615
INFO: 990 0.174616277217865
INFO: 1000 0.18257352709770203
INFO: Checkpoint 1000 saved !
INFO: Step:1000, Valid_Dice:0.0628872251796754
INFO: 1010 0.1200271025300026
INFO: 1020 0.13887245953083038
INFO: 1030 0.15900392830371857
INFO: 1040 0.11410737037658691
INFO: 1050 0.14455896615982056
INFO: 1060 0.11130932718515396
INFO: 1070 0.100957952439785
INFO: 1080 0.13620363175868988
INFO: 1090 0.1254177689552307
INFO: 1100 0.09840661287307739
INFO: 1110 0.09974375367164612
INFO: 1120 0.09509559720754623
INFO: 1130 0.14213484525680542
INFO: 1140 0.11862673610448837
INFO: 1150 0.07352156937122345
INFO: 1160 0.14729514718055725
INFO: 1170 0.1485285609960556
INFO: 1180 0.12856264412403107
INFO: 1190 0.08759693056344986
INFO: 1200 0.10270155221223831
INFO: 1210 0.16993580758571625
INFO: 1220 0.1722201108932495
INFO: 1230 0.13759879767894745
INFO: 1240 0.16199840605258942
INFO: 1250 0.11555067449808121
INFO: 1260 0.11909905821084976
INFO: 1270 0.12587594985961914
INFO: 1280 0.1352984458208084
INFO: 1290 0.12124448269605637
INFO: 1300 0.12667417526245117
INFO: 1310 0.10697055608034134
INFO: 1320 0.09894859790802002
INFO: 1330 0.12887848913669586
INFO: 1340 0.10128684341907501
INFO: 1350 0.0752200186252594
INFO: 1360 0.1143852174282074
INFO: 1370 0.10171464830636978
INFO: 1380 0.1094956025481224
INFO: 1390 0.15818674862384796
INFO: 1400 0.09180939942598343
INFO: 1410 0.1210646852850914
INFO: 1420 0.07217255979776382
INFO: 1430 0.09155818819999695
INFO: 1440 0.09149429947137833
INFO: 1450 0.09031078964471817
INFO: 1460 0.10406538099050522
INFO: 1470 0.1132395789027214
INFO: 1480 0.1121051236987114
INFO: 1490 0.12929180264472961
INFO: 1500 0.12969951331615448
INFO: Checkpoint 1500 saved !
INFO: Step:1500, Valid_Dice:0.0
INFO: 1510 0.0972757562994957
INFO: 1520 0.0786147192120552
INFO: 1530 0.12496399879455566
INFO: 1540 0.13457809388637543
INFO: 1550 0.10848075896501541
INFO: 1560 0.09773563593626022
INFO: 1570 0.07141347974538803
INFO: 1580 0.09123731404542923
INFO: 1590 0.08964922279119492
INFO: 1600 0.14073805510997772
INFO: 1610 0.09025058895349503
INFO: 1620 0.08525750786066055
INFO: 1630 0.11059946566820145
INFO: 1640 0.05984032154083252
INFO: 1650 0.14320455491542816
INFO: 1660 0.12867756187915802
INFO: 1670 0.1284458041191101
INFO: 1680 0.09661957621574402
INFO: 1690 0.11054620146751404
INFO: 1700 0.0998278334736824
INFO: 1710 0.09689458459615707
INFO: 1720 0.08972301334142685
INFO: 1730 0.10178784281015396
INFO: 1740 0.058579038828611374
INFO: 1750 0.14843067526817322
INFO: 1760 0.07471059262752533
INFO: 1770 0.09502319246530533
INFO: 1780 0.14385895431041718
INFO: 1790 0.10084995627403259
INFO: 1800 0.08137626945972443
INFO: 1810 0.15703551471233368
INFO: 1820 0.09947468340396881
INFO: 1830 0.07553380727767944
INFO: 1840 0.12603133916854858
INFO: 1850 0.09203454852104187
INFO: 1860 0.13106036186218262
INFO: 1870 0.19526030123233795
INFO: 1880 0.06989230215549469
INFO: 1890 0.10397806763648987
INFO: 1900 0.07067565619945526
INFO: 1910 0.07099666446447372
INFO: 1920 0.07813532650470734
INFO: 1930 0.12355246394872665
INFO: 1940 0.09181378781795502
INFO: 1950 0.07936233282089233
INFO: 1960 0.11495880037546158
INFO: 1970 0.12761957943439484
INFO: 1980 0.15070196986198425
INFO: 1990 0.12640130519866943
INFO: 2000 0.13010801374912262
INFO: Checkpoint 2000 saved !
slurmstepd: error: *** JOB 6209518 ON cn003 CANCELLED AT 2024-03-28T00:36:51 ***
