----------------- Options ---------------
               batch_size: 2                             
               block_size: [160, 100, 100]               
                 channels: 64                            
                data_size: [640, 400, 400]               
                 dataroot: /scratch/yh3529/IPN_OCTA_Segmentation/Data/IEEE_IPN
              feature_dir: ./logs/Features_V2            
                  gpu_ids: 0,1                           
              in_channels: 1                             
                     load: False                         
                       lr: 0.0001                        
            max_iteration: 25001                         
       max_iteration_post: 201                           
                   method: IPN_V2                        
        modality_filename: ['image1', 'label']           
                     mode: train                         
                n_classes: 2                             
                optimizer: Adam                          
         plane_perceptron: UNet_3Plus                    
plane_perceptron_channels: 64                            
            save_interval: 500                           
       save_interval_post: 50                            
                 saveroot: /scratch/yh3529/IPN_OCTA_Segmentation/IPNV2_pytorch/logs
                 test_ids: [200, 300]                    
                train_ids: [0, 180]                      
                  val_ids: [180, 200]                    
----------------- End -------------------

Start Setup dataset reader
Setting up dataset reader
found pickle !!!
0 0.7105123996734619
len of cubelist:  20
Step:0, Valid_Dice:0.1642911267958028
10 0.6712273359298706
20 0.4264984726905823
30 0.35084259510040283
40 0.3622375428676605
50 0.29276713728904724
60 0.35717201232910156
70 0.32618409395217896
80 0.33009517192840576
90 0.3459712862968445
100 0.320270836353302
110 0.3726227283477783
120 0.2757381796836853
130 0.23022881150245667
140 0.2748853862285614
150 0.3117665946483612
160 0.3380092978477478
170 0.28481292724609375
180 0.4094051122665405
190 0.3109370470046997
200 0.3266255259513855
210 0.20481525361537933
220 0.3400498628616333
230 0.3166608214378357
240 0.38438844680786133
250 0.22346627712249756
260 0.30700209736824036
270 0.36077073216438293
280 0.38682645559310913
290 0.23624438047409058
300 0.39846792817115784
310 0.3795228600502014
320 0.3352579176425934
330 0.3295907974243164
340 0.39045682549476624
350 0.3966437876224518
360 0.31923922896385193
370 0.2080400437116623
380 0.2690998911857605
390 0.38899141550064087
400 0.34968721866607666
410 0.29943618178367615
420 0.27752766013145447
430 0.3178669810295105
440 0.3482183516025543
450 0.3444940745830536
460 0.2896523177623749
470 0.2711460590362549
480 0.2301941215991974
490 0.3421575725078583
500 0.3459908366203308
len of cubelist:  20
Step:500, Valid_Dice:0.0
510 0.25995689630508423
520 0.3008018136024475
530 0.30679383873939514
540 0.2159508764743805
550 0.33827444911003113
560 0.34779638051986694
570 0.3164149522781372
580 0.2784867286682129
590 0.3172081410884857
600 0.2900545001029968
610 0.28925958275794983
620 0.14186795055866241
630 0.33799657225608826
640 0.20837436616420746
650 0.34933027625083923
660 0.26335474848747253
670 0.3053484261035919
680 0.21101853251457214
690 0.28572648763656616
700 0.2161489725112915
710 0.19704386591911316
720 0.3159022927284241
730 0.2327028065919876
740 0.2856082618236542
750 0.22460944950580597
760 0.2063376009464264
770 0.1916412115097046
780 0.16130302846431732
790 0.20124712586402893
800 0.2537915110588074
810 0.13192306458950043
820 0.19108577072620392
830 0.20322144031524658
840 0.2009815126657486
850 0.2069299817085266
860 0.16845057904720306
870 0.3350038528442383
880 0.1730867177248001
890 0.186327263712883
900 0.23433026671409607
910 0.1642947942018509
920 0.20033523440361023
930 0.17038162052631378
940 0.16155210137367249
950 0.1258663535118103
960 0.14198805391788483
970 0.1726442277431488
980 0.11212194710969925
990 0.14242126047611237
1000 0.14712263643741608
len of cubelist:  20
Step:1000, Valid_Dice:0.6321794271500786
1010 0.1688019335269928
1020 0.23492568731307983
1030 0.19436641037464142
1040 0.11087900400161743
1050 0.22470678389072418
1060 0.15217815339565277
1070 0.1566639244556427
1080 0.11617384105920792
1090 0.15148474276065826
1100 0.15238623321056366
1110 0.1812995821237564
1120 0.3597215712070465
1130 0.12667372822761536
1140 0.20676684379577637
1150 0.07059082388877869
1160 0.12350236624479294
1170 0.15374994277954102
1180 0.17713111639022827
1190 0.12010180950164795
1200 0.15801244974136353
1210 0.14682547748088837
1220 0.1695163995027542
1230 0.1760517954826355
1240 0.1076897457242012
1250 0.1458292007446289
1260 0.14648517966270447
1270 0.18819312751293182
1280 0.15872451663017273
1290 0.12516051530838013
1300 0.1411026418209076
1310 0.13186369836330414
1320 0.1323907971382141
1330 0.10424462705850601
1340 0.1037767305970192
1350 0.17819048464298248
1360 0.12860669195652008
1370 0.15671494603157043
1380 0.09371145069599152
1390 0.09401343017816544
1400 0.11725352704524994
1410 0.083411805331707
1420 0.11005166918039322
1430 0.20051679015159607
1440 0.15915007889270782
1450 0.11243642866611481
1460 0.11041198670864105
1470 0.20372208952903748
1480 0.12661682069301605
1490 0.0996401235461235
1500 0.09759072214365005
len of cubelist:  20
Step:1500, Valid_Dice:0.7302979759373801
1510 0.08923079818487167
1520 0.1098007932305336
1530 0.09306025505065918
1540 0.12548913061618805
1550 0.12914445996284485
1560 0.07234892249107361
1570 0.11121056973934174
1580 0.16610705852508545
1590 0.18084904551506042
1600 0.09754348546266556
1610 0.1295788288116455
1620 0.12432973831892014
1630 0.08740293234586716
1640 0.10391891747713089
1650 0.06665759533643723
1660 0.08796113729476929
1670 0.0983777865767479
1680 0.08009956032037735
1690 0.1286081224679947
1700 0.09779985249042511
1710 0.1003815084695816
1720 0.12963071465492249
1730 0.10192584246397018
1740 0.10495971888303757
1750 0.09799564629793167
1760 0.07473213970661163
1770 0.14788642525672913
1780 0.10889622569084167
1790 0.10014040023088455
1800 0.15447212755680084
1810 0.13020123541355133
1820 0.10148612409830093
1830 0.1403762251138687
1840 0.14324484765529633
1850 0.13624072074890137
1860 0.10646189004182816
1870 0.10709461569786072
1880 0.12384560704231262
1890 0.07563569396734238
1900 0.07340556383132935
1910 0.08453627675771713
1920 0.09777560830116272
1930 0.09849432110786438
1940 0.1217307597398758
1950 0.11437927186489105
1960 0.07844194024801254
1970 0.11955498903989792
1980 0.07370384782552719
1990 0.05656024068593979
2000 0.08557641506195068
len of cubelist:  20
Step:2000, Valid_Dice:0.7732560476834557
2010 0.10156018286943436
2020 0.1234355941414833
2030 0.09797947108745575
2040 0.10736390203237534
2050 0.09989780187606812
2060 0.12837180495262146
2070 0.08397410064935684
2080 0.11089294403791428
2090 0.06529227644205093
2100 0.12208285927772522
2110 0.06622037291526794
2120 0.08340467512607574
2130 0.07738702744245529
2140 0.07998393476009369
2150 0.09813380986452103
2160 0.08725355565547943
2170 0.10332607477903366
2180 0.06918523460626602
2190 0.08430877327919006
2200 0.12263527512550354
2210 0.10819735378026962
2220 0.11966929584741592
2230 0.06130349263548851
2240 0.07284422963857651
2250 0.0741984024643898
2260 0.10542094707489014
2270 0.103782519698143
2280 0.08308354765176773
2290 0.08528099209070206
2300 0.16340647637844086
2310 0.07101274281740189
2320 0.09376712143421173
2330 0.12001997232437134
2340 0.07493226230144501
2350 0.1462813913822174
2360 0.08448833972215652
2370 0.09064087271690369
2380 0.06342443823814392
2390 0.08630659431219101
2400 0.08415254950523376
2410 0.08789036422967911
2420 0.12666141986846924
2430 0.05936992168426514
2440 0.08563095331192017
2450 0.09877680987119675
2460 0.0759006068110466
2470 0.08426080644130707
2480 0.0687066987156868
2490 0.07526560127735138
2500 0.1590074896812439
len of cubelist:  20
Step:2500, Valid_Dice:0.7886946137257869
2510 0.04475881904363632
2520 0.1075877919793129
2530 0.0688478872179985
2540 0.09679998457431793
2550 0.08086176216602325
2560 0.1232176125049591
2570 0.06330174952745438
2580 0.09169545769691467
2590 0.08160499483346939
2600 0.08108140528202057
2610 0.0858844518661499
2620 0.08111491799354553
2630 0.12002729624509811
2640 0.10691014677286148
2650 0.0720755010843277
2660 0.06288851797580719
2670 0.22612948715686798
2680 0.13513308763504028
2690 0.07278227806091309
2700 0.08104051649570465
2710 0.1021868959069252
2720 0.07319887727499008
2730 0.09998802840709686
2740 0.08872859925031662
2750 0.11062338948249817
2760 0.0855507105588913
2770 0.06548705697059631
2780 0.11829531192779541
2790 0.05624449625611305
2800 0.08652693778276443
2810 0.12197160720825195
2820 0.08871760964393616
2830 0.09062080085277557
2840 0.09391698986291885
2850 0.07472053170204163
2860 0.10108407586812973
2870 0.0935724750161171
2880 0.08964806795120239
2890 0.06327267736196518
2900 0.04620786011219025
2910 0.07045929878950119
2920 0.08508305996656418
2930 0.0754840299487114
2940 0.08669372648000717
2950 0.0716293677687645
2960 0.10710442066192627
2970 0.06743474304676056
2980 0.0801866352558136
2990 0.06140637770295143
3000 0.09685663878917694
len of cubelist:  20
Step:3000, Valid_Dice:0.8025487069071046
3010 0.10328155755996704
3020 0.05850205570459366
3030 0.0898587703704834
3040 0.08922767639160156
3050 0.08377838879823685
3060 0.06827619671821594
3070 0.07586021721363068
3080 0.096592016518116
3090 0.06788310408592224
3100 0.08464626222848892
3110 0.07963913679122925
3120 0.05033313110470772
3130 0.0872647613286972
3140 0.09419462084770203
3150 0.06329122185707092
3160 0.07561284303665161
3170 0.1170116439461708
3180 0.12735386192798615
3190 0.07260053604841232
3200 0.06777752190828323
3210 0.10575281828641891
3220 0.08705683797597885
3230 0.09383003413677216
3240 0.17517970502376556
3250 0.07326721400022507
3260 0.09762416779994965
3270 0.07071562856435776
3280 0.09453482925891876
3290 0.07972942292690277
3300 0.06991690397262573
3310 0.0641757994890213
3320 0.12663914263248444
3330 0.07699921727180481
3340 0.07852905243635178
3350 0.09108404815196991
3360 0.09841383248567581
3370 0.053929395973682404
3380 0.09341374784708023
3390 0.0601254403591156
3400 0.08872941881418228
3410 0.12276921421289444
3420 0.09119069576263428
3430 0.07356024533510208
3440 0.06280678510665894
3450 0.08762484043836594
3460 0.11127900332212448
3470 0.1034090593457222
3480 0.09039861708879471
3490 0.1008945032954216
3500 0.05676678940653801
len of cubelist:  20
Step:3500, Valid_Dice:0.762795964951239
3510 0.11706259846687317
3520 0.1038060188293457
3530 0.11941654980182648
3540 0.07936748117208481
3550 0.07204616069793701
3560 0.1043754369020462
3570 0.09663660824298859
3580 0.09891176968812943
3590 0.0966007336974144
3600 0.09100933372974396
3610 0.08579963445663452
3620 0.09774016588926315
3630 0.10398673266172409
3640 0.07069393247365952
3650 0.06484174728393555
3660 0.11386911571025848
3670 0.06608451902866364
3680 0.06939229369163513
3690 0.08246608823537827
3700 0.10481170564889908
3710 0.08828527480363846
3720 0.09231793135404587
3730 0.12576447427272797
3740 0.10979432612657547
3750 0.0634976252913475
3760 0.08137504011392593
3770 0.07616334408521652
3780 0.07571996748447418
3790 0.05436663329601288
3800 0.08188482373952866
3810 0.06015169620513916
3820 0.08011213690042496
3830 0.06470794975757599
3840 0.06091560050845146
3850 0.06664738804101944
3860 0.08577362447977066
3870 0.08926044404506683
3880 0.11041068285703659
3890 0.07771419733762741
3900 0.08174970746040344
3910 0.13540655374526978
3920 0.08668792992830276
3930 0.04490029439330101
3940 0.06670861691236496
3950 0.1053357645869255
3960 0.11029863357543945
3970 0.08390171825885773
3980 0.10349953919649124
3990 0.05503134801983833
4000 0.07439763844013214
len of cubelist:  20
Step:4000, Valid_Dice:0.8077918445762201
4010 0.07864992320537567
4020 0.07508046180009842
4030 0.07267378270626068
4040 0.08969540894031525
4050 0.08483625203371048
4060 0.07780597358942032
4070 0.05968743935227394
4080 0.10105109959840775
4090 0.07781065255403519
4100 0.07731404155492783
4110 0.08460400253534317
4120 0.08526360988616943
4130 0.06329165399074554
4140 0.05594706907868385
4150 0.05596267804503441
4160 0.08024927973747253
4170 0.06648709625005722
4180 0.06470481306314468
4190 0.20170705020427704
4200 0.06861015409231186
4210 0.1637452095746994
4220 0.08037436008453369
4230 0.08678097277879715
4240 0.14174288511276245
4250 0.09442023932933807
4260 0.07409240305423737
4270 0.11021379381418228
4280 0.07713288813829422
4290 0.08492279052734375
4300 0.07292470335960388
4310 0.09456288814544678
4320 0.0661594569683075
4330 0.08234428614377975
4340 0.07820207625627518
4350 0.07255586236715317
4360 0.09856489300727844
4370 0.0742201879620552
4380 0.07669077068567276
4390 0.09491422027349472
4400 0.08670202642679214
4410 0.09537526965141296
4420 0.08647724986076355
4430 0.051117151975631714
4440 0.07727854698896408
4450 0.08927213400602341
4460 0.07337343692779541
4470 0.07509183138608932
4480 0.07847283780574799
4490 0.11782363057136536
4500 0.07807798683643341
len of cubelist:  20
Step:4500, Valid_Dice:0.8182506327268877
4510 0.0969354584813118
4520 0.061500102281570435
4530 0.06488015502691269
4540 0.07640793174505234
4550 0.06572575867176056
4560 0.06494364142417908
4570 0.08191490918397903
4580 0.06533143669366837
4590 0.08453714847564697
4600 0.06650808453559875
4610 0.08367124199867249
4620 0.07725738734006882
4630 0.06328311562538147
4640 0.06404393166303635
4650 0.08580221235752106
4660 0.0749022513628006
4670 0.11560148745775223
4680 0.09478893131017685
4690 0.0826432928442955
4700 0.11858558654785156
4710 0.10357438772916794
4720 0.07883795350790024
4730 0.07540176808834076
4740 0.0795045867562294
4750 0.0603213794529438
4760 0.08719177544116974
4770 0.09452001005411148
4780 0.10180314630270004
4790 0.08585864305496216
4800 0.08071555197238922
4810 0.08363412320613861
4820 0.08598288893699646
4830 0.0677054226398468
4840 0.054341528564691544
4850 0.09525097906589508
4860 0.08143150061368942
4870 0.08192868530750275
4880 0.08470755815505981
4890 0.04781484231352806
4900 0.07962284982204437
4910 0.0871407613158226
4920 0.061324670910835266
4930 0.06216619163751602
4940 0.07412850111722946
4950 0.047567885369062424
4960 0.1481097787618637
4970 0.05171656608581543
4980 0.07057260721921921
4990 0.06401127576828003
5000 0.07208188623189926
len of cubelist:  20
Step:5000, Valid_Dice:0.8145677269466386
5010 0.07627107203006744
5020 0.0822368711233139
5030 0.07960198074579239
5040 0.06456034630537033
5050 0.04931119456887245
5060 0.09013424068689346
5070 0.08051224052906036
5080 0.0668221041560173
5090 0.10422392934560776
5100 0.07271701097488403
5110 0.0820830911397934
5120 0.07222200930118561
5130 0.11179950088262558
5140 0.06390296667814255
5150 0.05113992840051651
5160 0.08527132123708725
5170 0.08984862267971039
5180 0.06997142732143402
5190 0.11180317401885986
5200 0.06456261873245239
5210 0.101484015583992
5220 0.11175447702407837
5230 0.06431979686021805
5240 0.06282167881727219
5250 0.07227656245231628
5260 0.06354387104511261
5270 0.07546325773000717
5280 0.144606351852417
5290 0.08147741109132767
5300 0.10019592195749283
5310 0.07739006727933884
5320 0.08155722171068192
5330 0.05406986549496651
5340 0.056027159094810486
5350 0.061916325241327286
5360 0.14223407208919525
5370 0.0646655410528183
5380 0.07260843366384506
5390 0.07210565358400345
5400 0.07678768038749695
5410 0.08728747069835663
5420 0.0688222199678421
5430 0.06467873603105545
5440 0.04678359255194664
5450 0.06476493924856186
5460 0.06396053731441498
5470 0.08679773658514023
5480 0.06169779598712921
5490 0.08631090819835663
5500 0.06087762489914894
len of cubelist:  20
Step:5500, Valid_Dice:0.8246967489440381
5510 0.056429069489240646
5520 0.05217819660902023
5530 0.0986371785402298
5540 0.08354566246271133
5550 0.08692450076341629
5560 0.08418483287096024
5570 0.1081777811050415
5580 0.07415878772735596
5590 0.05651521682739258
5600 0.09760414063930511
5610 0.05613725632429123
5620 0.06952909380197525
5630 0.09810177981853485
5640 0.10928212851285934
5650 0.09947479516267776
5660 0.05213312804698944
5670 0.04131472855806351
5680 0.09110765904188156
5690 0.047168828547000885
5700 0.10337785631418228
5710 0.07352212816476822
5720 0.07697686553001404
5730 0.08467582613229752
5740 0.11106838285923004
5750 0.08181538432836533
5760 0.07165594398975372
5770 0.07213479280471802
5780 0.05455096438527107
5790 0.05374747887253761
5800 0.07477975636720657
5810 0.08624539524316788
5820 0.05296970158815384
5830 0.06433191895484924
5840 0.08954574912786484
5850 0.08766435831785202
5860 0.07455655187368393
5870 0.07428385317325592
5880 0.08387145400047302
5890 0.04316893592476845
5900 0.07346446812152863
5910 0.08808904141187668
5920 0.07814547419548035
5930 0.07120181620121002
5940 0.21045427024364471
5950 0.17051208019256592
5960 0.08497115224599838
5970 0.07798122614622116
5980 0.06803031265735626
5990 0.06381326913833618
6000 0.09459745138883591
len of cubelist:  20
Step:6000, Valid_Dice:0.8205120279749668
6010 0.06686242669820786
6020 0.10476154834032059
6030 0.05608600005507469
6040 0.07762458920478821
6050 0.07168779522180557
6060 0.08223660290241241
6070 0.0825982317328453
6080 0.0731457844376564
6090 0.0789036750793457
6100 0.08826641738414764
6110 0.06992998719215393
6120 0.07217194139957428
6130 0.12519574165344238
6140 0.06744106113910675
6150 0.07576724886894226
6160 0.06243601068854332
6170 0.08454340696334839
6180 0.06251004338264465
6190 0.06250518560409546
6200 0.08131496608257294
6210 0.09470521658658981
6220 0.0651918575167656
6230 0.09629503637552261
6240 0.07933996617794037
6250 0.07274089008569717
6260 0.11001969873905182
6270 0.09888529032468796
6280 0.06427131593227386
6290 0.0716119334101677
6300 0.0737014189362526
6310 0.04824726656079292
6320 0.07235873490571976
6330 0.08789637684822083
6340 0.05881524831056595
6350 0.06501953303813934
6360 0.07183989137411118
6370 0.05695030465722084
6380 0.06920608878135681
6390 0.07831166684627533
6400 0.09322890639305115
6410 0.08033563196659088
6420 0.07537388056516647
6430 0.07732520997524261
6440 0.0729065090417862
6450 0.09448686242103577
6460 0.10220763087272644
6470 0.07053482532501221
6480 0.060759950429201126
6490 0.07463760673999786
6500 0.05873049795627594
len of cubelist:  20
Step:6500, Valid_Dice:0.8284999815325316
6510 0.12542062997817993
6520 0.0678209438920021
6530 0.06420242786407471
6540 0.0714862272143364
6550 0.06312526762485504
6560 0.07204156368970871
6570 0.08920420706272125
6580 0.057041626423597336
6590 0.062496986240148544
6600 0.06504220515489578
6610 0.06462948769330978
6620 0.0610421746969223
6630 0.09555397927761078
6640 0.056289222091436386
6650 0.08895156532526016
6660 0.054094694554805756
6670 0.05774727836251259
6680 0.04909764230251312
6690 0.07185551524162292
6700 0.09520618617534637
6710 0.08176300674676895
6720 0.05642685666680336
6730 0.06492723524570465
6740 0.09648102521896362
6750 0.05778568610548973
6760 0.08950445801019669
6770 0.067230723798275
6780 0.08829615265130997
6790 0.184930682182312
6800 0.11534367501735687
6810 0.06691581010818481
6820 0.059982359409332275
6830 0.06570924073457718
6840 0.06286599487066269
6850 0.058700475841760635
6860 0.0738895982503891
6870 0.059660814702510834
6880 0.07648462802171707
6890 0.0921226441860199
6900 0.11037661135196686
6910 0.07069261372089386
6920 0.07353751361370087
6930 0.05973596125841141
6940 0.09431826323270798
6950 0.06002926081418991
6960 0.047208476811647415
6970 0.08585214614868164
6980 0.07015126198530197
6990 0.04939361661672592
7000 0.0886470302939415
len of cubelist:  20
Step:7000, Valid_Dice:0.8268363897538025
7010 0.07259489595890045
7020 0.08686546981334686
7030 0.07374189794063568
7040 0.07492459565401077
7050 0.12944135069847107
7060 0.09381327778100967
7070 0.07752179354429245
7080 0.09164312481880188
7090 0.05709147825837135
7100 0.0720268189907074
7110 0.07437223941087723
7120 0.06421393156051636
7130 0.05909866839647293
7140 0.11785317212343216
7150 0.06643891334533691
7160 0.07430379837751389
7170 0.06825657188892365
7180 0.05896660313010216
7190 0.08236750215291977
7200 0.09065765142440796
7210 0.09486038237810135
7220 0.04022134840488434
7230 0.05270883068442345
7240 0.07353106886148453
7250 0.0752696692943573
7260 0.07791061699390411
7270 0.08707838505506516
7280 0.05598634481430054
7290 0.09361132234334946
7300 0.0730571523308754
7310 0.07060299068689346
7320 0.09394299238920212
7330 0.06651822477579117
7340 0.05493154376745224
7350 0.051476191729307175
7360 0.09777723252773285
7370 0.07873780280351639
7380 0.0806267112493515
7390 0.09642884880304337
7400 0.06297580897808075
7410 0.05840013921260834
7420 0.05504700168967247
7430 0.06913519650697708
7440 0.06606345623731613
7450 0.11651330441236496
7460 0.09427693486213684
7470 0.0817081555724144
7480 0.06991653144359589
7490 0.07438327372074127
7500 0.0865430012345314
len of cubelist:  20
Step:7500, Valid_Dice:0.826756643099779
7510 0.0835118517279625
7520 0.09996212273836136
7530 0.06338710337877274
7540 0.06823371350765228
7550 0.07442452758550644
7560 0.12952114641666412
7570 0.07872149348258972
7580 0.05924041196703911
7590 0.06447815150022507
7600 0.0793326124548912
7610 0.06880274415016174
7620 0.07924262434244156
7630 0.09031203389167786
7640 0.07455253601074219
7650 0.0836600735783577
7660 0.0759449228644371
7670 0.07747139036655426
7680 0.05788392201066017
7690 0.11386015266180038
7700 0.06311046332120895
7710 0.07174382358789444
7720 0.08961315453052521
7730 0.041475266218185425
7740 0.04889698326587677
7750 0.10301794111728668
7760 0.07116367667913437
7770 0.05301569774746895
7780 0.0590333417057991
7790 0.0699564665555954
7800 0.12717896699905396
7810 0.0591081902384758
7820 0.09452906250953674
7830 0.07851951569318771
7840 0.10106255859136581
7850 0.04064213111996651
7860 0.11876630783081055
7870 0.08276817947626114
7880 0.06794402003288269
7890 0.044475357979536057
7900 0.08758372813463211
7910 0.06348763406276703
7920 0.08735337853431702
7930 0.0647917166352272
7940 0.07467737793922424
7950 0.06052548810839653
7960 0.08825098723173141
7970 0.08153612911701202
7980 0.04648981988430023
7990 0.06412975490093231
8000 0.10592077672481537
len of cubelist:  20
Step:8000, Valid_Dice:0.8241231856296085
8010 0.0734880268573761
8020 0.0791655033826828
8030 0.0601164810359478
8040 0.07217475771903992
8050 0.10550177097320557
8060 0.07295303046703339
8070 0.056790485978126526
8080 0.055661316961050034
8090 0.06374514847993851
8100 0.06259941309690475
8110 0.06654807925224304
8120 0.07216804474592209
8130 0.09033484011888504
8140 0.07967709004878998
8150 0.07390374690294266
8160 0.19720213115215302
8170 0.05708438903093338
8180 0.0842682346701622
8190 0.06640249490737915
8200 0.05593062564730644
8210 0.1057753637433052
8220 0.06392562389373779
8230 0.06369265168905258
8240 0.06821334362030029
8250 0.055953748524188995
8260 0.08123070746660233
8270 0.0717909038066864
8280 0.06334751844406128
8290 0.057937804609537125
8300 0.08776552975177765
8310 0.057923365384340286
8320 0.04744580388069153
8330 0.06101663038134575
8340 0.07305551320314407
8350 0.10918166488409042
8360 0.04816906899213791
8370 0.06155084818601608
8380 0.05375099927186966
8390 0.08106368780136108
8400 0.0596492663025856
8410 0.08493299782276154
8420 0.07424163818359375
8430 0.04904218018054962
8440 0.13943800330162048
8450 0.0507679246366024
8460 0.059074774384498596
8470 0.06405948847532272
8480 0.13968820869922638
8490 0.07266120612621307
8500 0.083248570561409
len of cubelist:  20
Step:8500, Valid_Dice:0.8308554949459049
8510 0.06678862869739532
8520 0.08859383314847946
8530 0.07864226400852203
8540 0.07582700252532959
8550 0.0644044429063797
8560 0.08948664367198944
8570 0.06646020710468292
8580 0.07679328322410583
8590 0.05208158120512962
8600 0.05482547730207443
8610 0.05402443930506706
8620 0.06151724234223366
8630 0.14801569283008575
8640 0.07232005894184113
8650 0.06552672386169434
8660 0.10410284250974655
8670 0.0652734711766243
8680 0.07515063136816025
8690 0.09000954777002335
8700 0.09594802558422089
8710 0.08096529543399811
8720 0.07744458317756653
8730 0.050666388124227524
8740 0.04735177382826805
8750 0.07538943737745285
8760 0.04920913651585579
8770 0.06303320825099945
8780 0.14677491784095764
8790 0.05274053290486336
8800 0.05999130755662918
8810 0.05660634860396385
8820 0.08664492517709732
8830 0.0787225216627121
8840 0.09678065776824951
8850 0.07694291323423386
8860 0.07175707072019577
8870 0.049609966576099396
8880 0.08774303644895554
8890 0.08259790390729904
8900 0.06044989079236984
8910 0.05835651978850365
8920 0.08304424583911896
8930 0.06639090925455093
8940 0.052070360630750656
8950 0.08042651414871216
8960 0.09374522417783737
8970 0.05849062651395798
8980 0.0680101215839386
8990 0.07384776324033737
9000 0.14488981664180756
len of cubelist:  20
Step:9000, Valid_Dice:0.8128595344791071
9010 0.10057491064071655
9020 0.06325123459100723
9030 0.0590486079454422
9040 0.0717063695192337
9050 0.20147426426410675
9060 0.0725715234875679
9070 0.0692642331123352
9080 0.07948480546474457
9090 0.055933281779289246
9100 0.054268162697553635
9110 0.06248630955815315
9120 0.06680207699537277
9130 0.07133569568395615
9140 0.04527297243475914
9150 0.05403335392475128
9160 0.08252067863941193
9170 0.14949077367782593
9180 0.09566391259431839
9190 0.08080814778804779
9200 0.0627874881029129
9210 0.07488451153039932
9220 0.05070856213569641
9230 0.0760762169957161
9240 0.052390605211257935
9250 0.08314792811870575
9260 0.07357273995876312
9270 0.06642314791679382
9280 0.04883449524641037
9290 0.06845129281282425
9300 0.09868059307336807
9310 0.057433802634477615
9320 0.06519604474306107
9330 0.08207099884748459
9340 0.06143830716609955
9350 0.06148698553442955
9360 0.09638350456953049
9370 0.066681869328022
9380 0.05538216605782509
9390 0.09335193037986755
9400 0.05064375698566437
9410 0.061209581792354584
9420 0.05893513187766075
9430 0.10128568857908249
9440 0.05681886151432991
9450 0.07278013974428177
9460 0.04790782555937767
9470 0.11065041273832321
9480 0.07542553544044495
9490 0.07498680055141449
9500 0.07291413098573685
len of cubelist:  20
Step:9500, Valid_Dice:0.8214668940621177
9510 0.08341220766305923
9520 0.05955648794770241
9530 0.08835256844758987
9540 0.07384045422077179
9550 0.06442093849182129
9560 0.08668901771306992
9570 0.10168769955635071
9580 0.07720272243022919
9590 0.065446637570858
9600 0.08700762689113617
9610 0.07758218795061111
9620 0.07583187520503998
9630 0.0653194710612297
9640 0.07644311338663101
9650 0.09361448884010315
9660 0.06074162572622299
9670 0.06272724270820618
9680 0.08974338322877884
9690 0.08870773017406464
9700 0.06522733718156815
9710 0.06988630443811417
9720 0.05478469282388687
9730 0.07043866068124771
9740 0.09239522367715836
9750 0.0646185576915741
9760 0.07051185518503189
9770 0.10251092165708542
9780 0.06441265344619751
9790 0.057391125708818436
9800 0.07468757033348083
9810 0.052693113684654236
9820 0.07098612189292908
9830 0.06221993267536163
9840 0.07047002017498016
9850 0.06329081952571869
9860 0.10586211085319519
9870 0.07685615867376328
9880 0.07044791430234909
9890 0.05704985931515694
9900 0.05159008875489235
9910 0.06536310166120529
9920 0.07337778806686401
9930 0.05805446207523346
9940 0.11158903688192368
9950 0.16237641870975494
9960 0.0818503126502037
9970 0.1877208799123764
9980 0.08212180435657501
9990 0.052311010658741
10000 0.10557391494512558
len of cubelist:  20
Step:10000, Valid_Dice:0.8289749828758854
10010 0.071660116314888
10020 0.06645705550909042
10030 0.07423028349876404
10040 0.16886059939861298
10050 0.047344159334897995
10060 0.06917878985404968
10070 0.079860158264637
10080 0.061309441924095154
10090 0.04789154231548309
10100 0.07959013432264328
10110 0.07880593836307526
10120 0.09603896737098694
10130 0.06812519580125809
10140 0.06732479482889175
10150 0.06743809580802917
10160 0.06380003690719604
10170 0.12798847258090973
10180 0.06393172591924667
10190 0.08177322894334793
10200 0.0401235893368721
10210 0.09816253185272217
10220 0.0539633184671402
10230 0.07660221308469772
10240 0.08616994321346283
10250 0.07977870106697083
10260 0.05603040009737015
10270 0.08479052782058716
10280 0.07411547005176544
10290 0.0639384388923645
10300 0.04855534806847572
10310 0.09839285165071487
10320 0.06118157505989075
10330 0.060957275331020355
10340 0.04790462553501129
10350 0.04395148530602455
10360 0.0645122230052948
10370 0.17172034084796906
10380 0.059640735387802124
10390 0.10845834761857986
10400 0.07649093866348267
10410 0.17849503457546234
10420 0.07738877832889557
10430 0.06431091576814651
10440 0.09096542000770569
10450 0.057749152183532715
10460 0.111606664955616
10470 0.07439407706260681
10480 0.06172145903110504
10490 0.07216261327266693
10500 0.06582675874233246
len of cubelist:  20
Step:10500, Valid_Dice:0.8340319189615233
10510 0.06274543702602386
10520 0.06829589605331421
10530 0.051334913820028305
10540 0.09533514082431793
10550 0.05362965166568756
10560 0.08088810741901398
10570 0.0566863939166069
10580 0.07259543240070343
10590 0.0933304950594902
10600 0.04895978420972824
10610 0.06822226196527481
10620 0.04105888679623604
10630 0.08332594484090805
10640 0.07567204535007477
10650 0.07617045938968658
10660 0.08257163316011429
10670 0.06680085510015488
10680 0.07567552477121353
10690 0.06214339658617973
10700 0.055254656821489334
10710 0.05555010959506035
10720 0.09186017513275146
10730 0.07553201168775558
10740 0.05739473178982735
10750 0.05646274983882904
10760 0.03586895763874054
10770 0.0777764692902565
10780 0.06693872064352036
10790 0.06166831776499748
10800 0.057441405951976776
10810 0.06130237504839897
10820 0.09433595836162567
10830 0.06788698583841324
10840 0.06485945731401443
10850 0.081505686044693
10860 0.0965830460190773
10870 0.06311710178852081
10880 0.07374662905931473
10890 0.08387809991836548
10900 0.059369541704654694
10910 0.05731988698244095
10920 0.24363218247890472
10930 0.053822111338377
10940 0.046616580337285995
10950 0.06518195569515228
10960 0.06131370738148689
10970 0.0770777091383934
10980 0.07796518504619598
10990 0.0626281350851059
11000 0.042045366019010544
len of cubelist:  20
Step:11000, Valid_Dice:0.8286502946219703
11010 0.06686852872371674
11020 0.07228579372167587
11030 0.06365926563739777
11040 0.05133560299873352
11050 0.07034613192081451
11060 0.05162297934293747
11070 0.09043102711439133
11080 0.06268015503883362
11090 0.05851506441831589
11100 0.04576490446925163
11110 0.14968308806419373
11120 0.06716819107532501
11130 0.0942206159234047
11140 0.07878413051366806
11150 0.07231142371892929
11160 0.08861983567476273
11170 0.10751128196716309
11180 0.07448742538690567
11190 0.06853976845741272
11200 0.08629262447357178
11210 0.09208618104457855
11220 0.06604082882404327
11230 0.09830513596534729
11240 0.06552273035049438
11250 0.058718882501125336
11260 0.058753468096256256
11270 0.07227663695812225
11280 0.07720732688903809
11290 0.07763636112213135
11300 0.07999860495328903
11310 0.09034958481788635
11320 0.08496392518281937
11330 0.05054865777492523
11340 0.08031147718429565
11350 0.054494138807058334
11360 0.06154131516814232
11370 0.14801949262619019
11380 0.08577726036310196
11390 0.07730870693922043
11400 0.07063546031713486
11410 0.08042190223932266
11420 0.08405420184135437
11430 0.09568049013614655
11440 0.06353579461574554
11450 0.06916655600070953
11460 0.055270347744226456
11470 0.0877852737903595
11480 0.06389305740594864
11490 0.07128628343343735
11500 0.05941189080476761
len of cubelist:  20
Step:11500, Valid_Dice:0.8284957881849987
11510 0.06927626579999924
11520 0.07082027941942215
11530 0.09829261898994446
11540 0.059744447469711304
11550 0.06452964246273041
11560 0.05578106641769409
11570 0.06043759733438492
11580 0.08506714552640915
11590 0.056249938905239105
11600 0.10698021203279495
11610 0.07640291750431061
11620 0.049480654299259186
11630 0.05429411679506302
11640 0.05640192702412605
11650 0.11469168961048126
11660 0.06976339966058731
11670 0.05463731661438942
11680 0.0841110572218895
11690 0.0794670581817627
11700 0.06583905965089798
11710 0.07798481732606888
11720 0.07817237824201584
11730 0.09537417441606522
11740 0.07964418828487396
11750 0.17232903838157654
11760 0.060881324112415314
11770 0.06841333210468292
11780 0.08721175044775009
11790 0.0732194036245346
11800 0.04819672182202339
11810 0.055525220930576324
11820 0.06128140166401863
11830 0.06855688244104385
11840 0.051155272871255875
11850 0.07911030203104019
11860 0.060505446046590805
11870 0.06481162458658218
11880 0.0570281483232975
11890 0.06755794584751129
11900 0.06089624762535095
11910 0.09351806342601776
11920 0.07649213820695877
11930 0.08440282195806503
11940 0.09541739523410797
11950 0.08047960698604584
11960 0.04518105089664459
11970 0.05666906759142876
11980 0.07212886214256287
11990 0.11357820779085159
12000 0.05545380339026451
len of cubelist:  20
Step:12000, Valid_Dice:0.8278341831907255
12010 0.07399285584688187
12020 0.07896505296230316
12030 0.06962744146585464
12040 0.06819319725036621
12050 0.07949661463499069
12060 0.057641271501779556
12070 0.0720089003443718
12080 0.06756842136383057
12090 0.09181606769561768
12100 0.07373420894145966
12110 0.07734324038028717
12120 0.058084532618522644
12130 0.06385363638401031
12140 0.052618999034166336
12150 0.051024727523326874
12160 0.07418282330036163
12170 0.11594486981630325
12180 0.03906017914414406
12190 0.05520391836762428
12200 0.07609466463327408
12210 0.05696011334657669
12220 0.09493404626846313
12230 0.09156713634729385
12240 0.07577820122241974
12250 0.09960964322090149
12260 0.10874505341053009
12270 0.04790647327899933
12280 0.053478509187698364
12290 0.06374678015708923
12300 0.11112111806869507
12310 0.09116583317518234
12320 0.06515146046876907
12330 0.07049302011728287
12340 0.07384995371103287
12350 0.060764066874980927
12360 0.06082544103264809
12370 0.038661472499370575
12380 0.07597053050994873
12390 0.07506260275840759
12400 0.06548530608415604
12410 0.09103181213140488
12420 0.10553685575723648
12430 0.10903792828321457
12440 0.06872695684432983
12450 0.09213066101074219
12460 0.06902696192264557
12470 0.060724854469299316
12480 0.05552026256918907
12490 0.09069285541772842
12500 0.056653138250112534
len of cubelist:  20
Step:12500, Valid_Dice:0.8342196484219169
12510 0.05756659433245659
12520 0.05168084800243378
12530 0.06837897002696991
12540 0.1332245171070099
12550 0.04903290048241615
12560 0.06571512669324875
12570 0.06391354650259018
12580 0.08339192718267441
12590 0.04177519679069519
12600 0.05999891832470894
12610 0.05718512088060379
12620 0.053142249584198
12630 0.07774928957223892
12640 0.08303210139274597
12650 0.08427306264638901
12660 0.053541358560323715
12670 0.08021853119134903
12680 0.06093353405594826
12690 0.08325838297605515
12700 0.11958330124616623
12710 0.09456834942102432
12720 0.10375525057315826
12730 0.0662887915968895
12740 0.07591907680034637
12750 0.05808670073747635
12760 0.06882450729608536
12770 0.07419738918542862
12780 0.1461866945028305
12790 0.058713316917419434
12800 0.057256318628787994
12810 0.0920746847987175
12820 0.06541500240564346
12830 0.13398218154907227
12840 0.05506055802106857
12850 0.05888083577156067
12860 0.1191389188170433
12870 0.07643597573041916
12880 0.07052171975374222
12890 0.05642363429069519
12900 0.05735168606042862
12910 0.09011673927307129
12920 0.03677850961685181
12930 0.13299794495105743
12940 0.05598364397883415
12950 0.10073637962341309
12960 0.06378617882728577
12970 0.0924357995390892
12980 0.04770402982831001
12990 0.05290947109460831
13000 0.058451566845178604
len of cubelist:  20
Step:13000, Valid_Dice:0.8136069614010986
13010 0.0782468318939209
13020 0.06852271407842636
13030 0.062329161912202835
13040 0.06330748647451401
13050 0.06365948915481567
13060 0.06694226711988449
13070 0.04001583904027939
13080 0.08356416970491409
13090 0.06371022015810013
13100 0.04953596368432045
13110 0.046118758618831635
13120 0.0830022469162941
13130 0.06351080536842346
13140 0.07802414894104004
13150 0.05773701146245003
13160 0.056732118129730225
13170 0.043200887739658356
13180 0.058813147246837616
13190 0.09638642519712448
13200 0.10544763505458832
13210 0.10711637139320374
13220 0.07269621640443802
13230 0.15139639377593994
13240 0.08833673596382141
13250 0.07167685031890869
13260 0.07298469543457031
13270 0.06282705068588257
13280 0.05863203853368759
13290 0.07650387287139893
13300 0.07184937596321106
13310 0.05532412603497505
13320 0.04906865209341049
13330 0.05972403660416603
13340 0.047765880823135376
13350 0.06831763684749603
13360 0.0709586888551712
13370 0.058446094393730164
13380 0.06469564139842987
13390 0.06877564638853073
13400 0.0903109759092331
13410 0.046698953956365585
13420 0.13009601831436157
13430 0.057278282940387726
13440 0.07432941347360611
13450 0.0782456174492836
13460 0.06403756141662598
13470 0.04794769361615181
13480 0.07577840238809586
13490 0.06494088470935822
13500 0.08384024351835251
len of cubelist:  20
Step:13500, Valid_Dice:0.8300615569155433
13510 0.05528353899717331
13520 0.06964074820280075
13530 0.06672687083482742
13540 0.06339334696531296
13550 0.04377773776650429
13560 0.07078563421964645
13570 0.06478501111268997
13580 0.07101568579673767
13590 0.0672672912478447
13600 0.0496622696518898
13610 0.05321782827377319
13620 0.053219396620988846
13630 0.07503018528223038
13640 0.09154403954744339
13650 0.07588247954845428
13660 0.06284362822771072
13670 0.06855913251638412
13680 0.08262602239847183
13690 0.07558779418468475
13700 0.08375285565853119
13710 0.049017585813999176
13720 0.06545113772153854
13730 0.0773865133523941
13740 0.1254407912492752
13750 0.06000597029924393
13760 0.06318721920251846
13770 0.11910594254732132
13780 0.071021668612957
13790 0.04276760295033455
13800 0.05608362331986427
13810 0.06378109008073807
13820 0.06276849657297134
13830 0.07626628130674362
13840 0.04495660960674286
13850 0.08978694677352905
13860 0.13995514810085297
13870 0.06974552571773529
13880 0.08406466245651245
13890 0.04898944869637489
13900 0.08293057978153229
13910 0.049075108021497726
13920 0.047408465296030045
13930 0.06548245251178741
13940 0.04631051793694496
13950 0.07941427081823349
13960 0.06687753647565842
13970 0.05242861434817314
13980 0.08848225325345993
13990 0.060415808111429214
14000 0.21773755550384521
len of cubelist:  20
Step:14000, Valid_Dice:0.8241331880473727
14010 0.06935310363769531
14020 0.05893687903881073
14030 0.08063767105340958
14040 0.04925815761089325
14050 0.1380208432674408
14060 0.06333542615175247
14070 0.08281315118074417
14080 0.04734431207180023
14090 0.06786102056503296
14100 0.08011065423488617
14110 0.05557849258184433
14120 0.04995345324277878
14130 0.09764362126588821
14140 0.08499123901128769
14150 0.07556475698947906
14160 0.06494597345590591
14170 0.04326885938644409
14180 0.14010190963745117
14190 0.06825850903987885
14200 0.06517605483531952
14210 0.12418478727340698
14220 0.05153200775384903
14230 0.05325691029429436
14240 0.06236058473587036
14250 0.07342571020126343
14260 0.08111760020256042
14270 0.09625181555747986
14280 0.06715283542871475
14290 0.05209614336490631
14300 0.06652410328388214
14310 0.07242420315742493
14320 0.04770802706480026
14330 0.06935285776853561
14340 0.0840441882610321
14350 0.06711588054895401
14360 0.061222270131111145
14370 0.054294779896736145
14380 0.06924603134393692
14390 0.051677729934453964
14400 0.06333579123020172
14410 0.10960909724235535
14420 0.04967928305268288
14430 0.04464350640773773
14440 0.0458744578063488
14450 0.04074281081557274
14460 0.06136574223637581
14470 0.077377550303936
14480 0.06622981280088425
14490 0.08870675414800644
14500 0.05546741187572479
len of cubelist:  20
Step:14500, Valid_Dice:0.8251923454877232
14510 0.08660336583852768
14520 0.06264183670282364
14530 0.1226092129945755
14540 0.05470578745007515
14550 0.06177670881152153
14560 0.06289812177419662
14570 0.060792017728090286
14580 0.07228231430053711
14590 0.07405036687850952
14600 0.08985332399606705
14610 0.0708623006939888
14620 0.0719703659415245
14630 0.06952368468046188
14640 0.06775764375925064
14650 0.06636299192905426
14660 0.04270758852362633
14670 0.07892338931560516
14680 0.06795956939458847
14690 0.06263650208711624
14700 0.04369134083390236
14710 0.05664755403995514
14720 0.06288845092058182
14730 0.05769893899559975
14740 0.07190811634063721
14750 0.03962258622050285
14760 0.05124659463763237
14770 0.05444623902440071
14780 0.05827147141098976
14790 0.07681019604206085
14800 0.06039617955684662
14810 0.05372394993901253
14820 0.051866430789232254
14830 0.06916837394237518
14840 0.059424255043268204
14850 0.054015472531318665
14860 0.03950268402695656
14870 0.060153886675834656
14880 0.06484256684780121
14890 0.061950523406267166
14900 0.057042382657527924
14910 0.07817545533180237
14920 0.08084148913621902
14930 0.08090239018201828
14940 0.05767415836453438
14950 0.052148737013339996
14960 0.07400095462799072
14970 0.057498760521411896
14980 0.09698206186294556
14990 0.052571240812540054
15000 0.06942060589790344
len of cubelist:  20
Step:15000, Valid_Dice:0.8371714248034843
15010 0.06595028191804886
15020 0.0791940838098526
15030 0.0481145940721035
15040 0.05243125557899475
15050 0.06874160468578339
15060 0.05592286214232445
15070 0.055060308426618576
15080 0.07461897283792496
15090 0.06132896617054939
15100 0.10722297430038452
15110 0.0799558237195015
15120 0.06618000566959381
15130 0.07706412672996521
15140 0.046364203095436096
15150 0.06806866824626923
15160 0.075186587870121
15170 0.0712449699640274
15180 0.04263100028038025
15190 0.06244969367980957
15200 0.07059478759765625
15210 0.044919371604919434
15220 0.09284170717000961
15230 0.0954766497015953
15240 0.0656353235244751
15250 0.0579138807952404
15260 0.057372111827135086
15270 0.061982154846191406
15280 0.07036224752664566
15290 0.06203055381774902
15300 0.08124679327011108
15310 0.05044252797961235
15320 0.06087067723274231
15330 0.07568401098251343
15340 0.0553898923099041
15350 0.046467363834381104
15360 0.07096448540687561
15370 0.050336334854364395
15380 0.07011521607637405
15390 0.07591758668422699
15400 0.11606240272521973
15410 0.05696685612201691
15420 0.08814825862646103
15430 0.0769863873720169
15440 0.07529284805059433
15450 0.09310772269964218
15460 0.07245441526174545
15470 0.09491157531738281
15480 0.08734281361103058
15490 0.07247234880924225
15500 0.06067356467247009
len of cubelist:  20
Step:15500, Valid_Dice:0.8314661735489821
15510 0.04826803505420685
15520 0.05478137359023094
15530 0.06777175515890121
15540 0.09285833686590195
15550 0.061427775770425797
15560 0.06529787927865982
15570 0.06645089387893677
15580 0.05381449684500694
15590 0.07448979467153549
15600 0.06809129565954208
15610 0.05674057453870773
15620 0.05365210026502609
15630 0.07357330620288849
15640 0.07043370604515076
15650 0.05922378972172737
15660 0.07062585651874542
15670 0.11401452869176865
15680 0.06642553210258484
15690 0.07374247908592224
15700 0.11712663620710373
15710 0.06017382815480232
15720 0.06265521049499512
15730 0.05343550443649292
15740 0.06753788143396378
15750 0.06566304713487625
15760 0.07203850150108337
15770 0.04136267676949501
15780 0.12727737426757812
15790 0.07056145370006561
15800 0.07977164536714554
15810 0.0444595031440258
15820 0.07550618797540665
15830 0.09420668333768845
15840 0.05534512177109718
15850 0.04681248962879181
15860 0.057684630155563354
15870 0.05715714022517204
15880 0.08182014524936676
15890 0.061324719339609146
15900 0.06081632152199745
15910 0.0863749161362648
15920 0.05822084844112396
15930 0.0739501416683197
15940 0.11860551685094833
15950 0.055824536830186844
15960 0.05865608528256416
15970 0.06636112928390503
15980 0.050104692578315735
15990 0.04998817667365074
16000 0.05941970273852348
len of cubelist:  20
Step:16000, Valid_Dice:0.8380614147153244
16010 0.052241772413253784
16020 0.058061663061380386
16030 0.050209954380989075
16040 0.069434255361557
16050 0.07296036928892136
16060 0.044073961675167084
16070 0.06617948412895203
16080 0.0704149380326271
16090 0.07610795646905899
16100 0.06273985654115677
16110 0.058421116322278976
16120 0.08114352822303772
16130 0.05499779060482979
16140 0.0685797780752182
16150 0.09820879250764847
16160 0.08326598256826401
16170 0.08452700823545456
16180 0.06702480465173721
16190 0.07190563529729843
16200 0.06162859499454498
16210 0.048783060163259506
16220 0.07364434748888016
16230 0.07502270489931107
16240 0.05538645759224892
16250 0.06848632544279099
16260 0.06641885638237
16270 0.0765579342842102
16280 0.06497058272361755
16290 0.052586011588573456
16300 0.06784499436616898
16310 0.1123049408197403
16320 0.11570731550455093
16330 0.06794251501560211
16340 0.07133158296346664
16350 0.04303725063800812
16360 0.08488403260707855
16370 0.06843533366918564
16380 0.09345976263284683
16390 0.08186087757349014
16400 0.0641677975654602
16410 0.05909968167543411
16420 0.08896774798631668
16430 0.05777844414114952
16440 0.06357452273368835
16450 0.07426412403583527
16460 0.059396423399448395
16470 0.10814232379198074
16480 0.052391089498996735
16490 0.07114870846271515
16500 0.044856585562229156
len of cubelist:  20
Step:16500, Valid_Dice:0.8345309157155144
16510 0.05245574936270714
16520 0.056726325303316116
16530 0.08281353116035461
16540 0.0664164274930954
16550 0.05544709414243698
16560 0.04817909002304077
16570 0.10877663642168045
16580 0.06728702038526535
16590 0.06010189652442932
16600 0.05487189441919327
16610 0.07187019288539886
16620 0.1122804656624794
16630 0.051318444311618805
16640 0.051051560789346695
16650 0.08677127957344055
16660 0.05500023812055588
16670 0.07846928387880325
16680 0.10021302849054337
16690 0.062103282660245895
16700 0.0607774518430233
16710 0.04637525603175163
16720 0.055829521268606186
16730 0.06198189780116081
16740 0.07734201848506927
16750 0.07628342509269714
16760 0.05618072673678398
16770 0.053862329572439194
16780 0.07594418525695801
16790 0.06373385339975357
16800 0.06959400326013565
16810 0.06739005446434021
16820 0.06522946059703827
16830 0.06174652278423309
16840 0.07719864696264267
16850 0.07650064677000046
16860 0.06403094530105591
16870 0.04134484753012657
16880 0.06272521615028381
16890 0.06985384225845337
16900 0.06849798560142517
16910 0.09339199960231781
16920 0.05965578556060791
16930 0.07291474938392639
16940 0.07797237485647202
16950 0.05205722153186798
16960 0.06395885348320007
16970 0.08530934154987335
16980 0.06943542510271072
16990 0.04924294725060463
17000 0.0462983064353466
len of cubelist:  20
Step:17000, Valid_Dice:0.8339392775348307
17010 0.06159323826432228
17020 0.06689838320016861
17030 0.08645500242710114
17040 0.057551417499780655
17050 0.06001943349838257
17060 0.06899186968803406
17070 0.05114905908703804
17080 0.08234262466430664
17090 0.08272039890289307
17100 0.05154944583773613
17110 0.0465828962624073
17120 0.07517082244157791
17130 0.07083739340305328
17140 0.07999902218580246
17150 0.05455555394291878
17160 0.07418536394834518
17170 0.0522242970764637
17180 0.06327345222234726
17190 0.07315334677696228
17200 0.07957911491394043
17210 0.053393151611089706
17220 0.08579328656196594
17230 0.07466630637645721
17240 0.06841637939214706
17250 0.07017302513122559
17260 0.05162429064512253
17270 0.057356275618076324
17280 0.07293890416622162
17290 0.07849673926830292
17300 0.04860744625329971
17310 0.10299338400363922
17320 0.04401619732379913
17330 0.068090058863163
17340 0.11984589695930481
17350 0.07868076115846634
17360 0.05203351378440857
17370 0.07212227582931519
17380 0.07134756445884705
17390 0.09367340058088303
17400 0.08075013756752014
17410 0.04346717149019241
17420 0.05645737797021866
17430 0.07010385394096375
17440 0.06575444340705872
17450 0.08616510033607483
17460 0.06849964708089828
17470 0.08188170194625854
17480 0.06203421577811241
17490 0.05099371448159218
17500 0.05637755244970322
len of cubelist:  20
Step:17500, Valid_Dice:0.8376724609460215
17510 0.06397457420825958
17520 0.058305688202381134
17530 0.03982097655534744
17540 0.04610921069979668
17550 0.08808320015668869
17560 0.0671953335404396
17570 0.04549730196595192
17580 0.05536267161369324
17590 0.05174342170357704
17600 0.06509505957365036
17610 0.0680454894900322
17620 0.05680160969495773
17630 0.07974879443645477
17640 0.048328325152397156
17650 0.08306961506605148
17660 0.0588555671274662
17670 0.09886062890291214
17680 0.12894004583358765
17690 0.05870679393410683
17700 0.08285746723413467
17710 0.1088196188211441
17720 0.04037150368094444
17730 0.05332789197564125
17740 0.04235169664025307
17750 0.051846351474523544
17760 0.04771989583969116
17770 0.0707181766629219
17780 0.04595625773072243
17790 0.050206635147333145
17800 0.06927042454481125
17810 0.04433663189411163
17820 0.0669604241847992
17830 0.05336500331759453
17840 0.11397932469844818
17850 0.05329609289765358
17860 0.05398237332701683
17870 0.06572264432907104
17880 0.0525549054145813
17890 0.07309465110301971
17900 0.06228723004460335
17910 0.0713614895939827
17920 0.03945231810212135
17930 0.10610883682966232
17940 0.054551269859075546
17950 0.10370983928442001
17960 0.03644231706857681
17970 0.051167190074920654
17980 0.04871014133095741
17990 0.06549862027168274
18000 0.060486022382974625
len of cubelist:  20
Step:18000, Valid_Dice:0.825528925329461
18010 0.06071731075644493
18020 0.040965523570775986
18030 0.07296747714281082
18040 0.05213799327611923
18050 0.0761474147439003
18060 0.063514344394207
18070 0.07327648252248764
18080 0.050955042243003845
18090 0.13153110444545746
18100 0.08881579339504242
18110 0.07930507510900497
18120 0.07510284334421158
18130 0.06914737820625305
18140 0.0855848640203476
18150 0.06485654413700104
18160 0.051435936242341995
18170 0.08911080658435822
18180 0.07376463711261749
18190 0.060018811374902725
18200 0.06551577150821686
18210 0.06875108927488327
18220 0.05996871367096901
18230 0.07533213496208191
18240 0.0643787533044815
18250 0.08348803967237473
18260 0.05238409340381622
18270 0.04238956794142723
18280 0.06214584410190582
18290 0.05038199946284294
18300 0.10220681130886078
18310 0.055275965481996536
18320 0.0671229436993599
18330 0.061175547540187836
18340 0.05539671704173088
18350 0.05141260474920273
18360 0.0522313117980957
18370 0.054562535136938095
18380 0.09754756093025208
18390 0.07836436480283737
18400 0.059387437999248505
18410 0.06393185257911682
18420 0.0618128664791584
18430 0.06033172458410263
18440 0.08306832611560822
18450 0.06842876970767975
18460 0.04167008772492409
18470 0.07170416414737701
18480 0.054588764905929565
18490 0.07018492370843887
18500 0.07544660568237305
len of cubelist:  20
Step:18500, Valid_Dice:0.8379865831552085
18510 0.09900494664907455
18520 0.0620248056948185
18530 0.06720277667045593
18540 0.06486080586910248
18550 0.050007838755846024
18560 0.07044020295143127
18570 0.03693230450153351
18580 0.08584866672754288
18590 0.07379268109798431
18600 0.08114365488290787
18610 0.054351624101400375
18620 0.06271006911993027
18630 0.0815289095044136
18640 0.06377211958169937
18650 0.06660313159227371
18660 0.056111522018909454
18670 0.0756579041481018
18680 0.054904185235500336
18690 0.05367443710565567
18700 0.07124518603086472
18710 0.07267630100250244
18720 0.07125295698642731
18730 0.04337489232420921
18740 0.07119698822498322
18750 0.05808631703257561
18760 0.1054278090596199
18770 0.052186060696840286
18780 0.0599936880171299
18790 0.05613071843981743
18800 0.054453473538160324
18810 0.0764484629034996
18820 0.08946230262517929
18830 0.05623878166079521
18840 0.08671683818101883
18850 0.05564871057868004
18860 0.06047992408275604
18870 0.07641542702913284
18880 0.039805106818675995
18890 0.06877178698778152
18900 0.13358056545257568
18910 0.049491070210933685
18920 0.07826326787471771
18930 0.07407795637845993
18940 0.031129656359553337
18950 0.06069376319646835
18960 0.06754008680582047
18970 0.05509744957089424
18980 0.043103527277708054
18990 0.07387203723192215
19000 0.05480000004172325
len of cubelist:  20
Step:19000, Valid_Dice:0.8316626696698112
19010 0.06585202366113663
19020 0.06575937569141388
19030 0.051861438900232315
19040 0.07720895111560822
19050 0.12914583086967468
19060 0.07065130770206451
19070 0.07392468303442001
19080 0.060034193098545074
19090 0.06118562072515488
19100 0.0631590336561203
19110 0.06222166121006012
19120 0.043654441833496094
19130 0.06966442614793777
19140 0.06606056541204453
19150 0.07884538918733597
19160 0.09103082120418549
19170 0.0886499285697937
19180 0.06728652119636536
19190 0.07209664583206177
19200 0.0820888951420784
19210 0.07598043233156204
19220 0.06262266635894775
19230 0.07984979450702667
19240 0.08107338845729828
19250 0.05482928454875946
19260 0.07105454057455063
19270 0.0642278715968132
19280 0.09720350056886673
19290 0.06902934610843658
19300 0.06146611273288727
19310 0.06553831696510315
19320 0.06965472549200058
19330 0.07061972469091415
19340 0.06451282650232315
19350 0.06564396619796753
19360 0.045881956815719604
19370 0.04436952993273735
19380 0.08046401292085648
19390 0.10533494502305984
19400 0.04314238205552101
19410 0.07376637309789658
19420 0.05955572426319122
19430 0.05446873605251312
19440 0.0737251490354538
19450 0.06457985192537308
19460 0.058721642941236496
19470 0.06627734005451202
19480 0.0596025325357914
19490 0.04956696927547455
19500 0.0739239752292633
len of cubelist:  20
Step:19500, Valid_Dice:0.8299794756465626
19510 0.060467157512903214
19520 0.07635069638490677
19530 0.05209268629550934
19540 0.07969017326831818
19550 0.057826928794384
19560 0.06255202740430832
19570 0.056863874197006226
19580 0.06133723258972168
19590 0.06787294149398804
19600 0.042240750044584274
19610 0.0631331205368042
19620 0.06116217002272606
19630 0.12094328552484512
19640 0.052772510796785355
19650 0.05302189290523529
19660 0.061697594821453094
19670 0.04751152917742729
19680 0.06578934192657471
19690 0.047119949012994766
19700 0.06961943954229355
19710 0.04779188707470894
19720 0.03998257592320442
19730 0.06899886578321457
19740 0.062479596585035324
19750 0.06190841645002365
19760 0.06849049031734467
19770 0.06214061379432678
19780 0.06092873960733414
19790 0.0581243634223938
19800 0.07254189997911453
19810 0.06659965962171555
19820 0.05540767312049866
19830 0.06603632867336273
19840 0.06545047461986542
19850 0.06767603009939194
19860 0.05836896970868111
19870 0.0762120857834816
19880 0.05783790722489357
19890 0.07929670065641403
19900 0.12245109677314758
19910 0.07681050151586533
19920 0.07498298585414886
19930 0.05268297716975212
19940 0.04701991006731987
19950 0.049382880330085754
19960 0.06489725410938263
19970 0.06872589141130447
19980 0.0635121688246727
19990 0.057492710649967194
20000 0.09059850126504898
len of cubelist:  20
Step:20000, Valid_Dice:0.8362109683920492
20010 0.040514472872018814
20020 0.07005147635936737
20030 0.10666904598474503
20040 0.05975472554564476
20050 0.056661561131477356
20060 0.04621926695108414
20070 0.10299858450889587
20080 0.04336334019899368
20090 0.06520449370145798
20100 0.04372089356184006
20110 0.06502369046211243
20120 0.06283597648143768
20130 0.054773230105638504
20140 0.06324424594640732
20150 0.08065862953662872
20160 0.06528337299823761
20170 0.11109507083892822
20180 0.061950962990522385
20190 0.06339918822050095
20200 0.04741693288087845
20210 0.0713164433836937
20220 0.07784391939640045
20230 0.12595775723457336
20240 0.05169227346777916
20250 0.04402732476592064
20260 0.07538779079914093
20270 0.0553111806511879
20280 0.07030731439590454
20290 0.06816014647483826
20300 0.07794948667287827
20310 0.08918381482362747
20320 0.04692571982741356
20330 0.043774668127298355
20340 0.07309332489967346
20350 0.07115180045366287
20360 0.07987105846405029
20370 0.05858270078897476
20380 0.0805610716342926
20390 0.0649041011929512
20400 0.056790612637996674
20410 0.08150757849216461
20420 0.06955110281705856
20430 0.07099656015634537
20440 0.05139034241437912
20450 0.052181098610162735
20460 0.0579041987657547
20470 0.06634582579135895
20480 0.06375166028738022
20490 0.05971229076385498
20500 0.07624891400337219
len of cubelist:  20
Step:20500, Valid_Dice:0.8361974089950394
20510 0.11687012016773224
20520 0.07026564329862595
20530 0.046751536428928375
20540 0.06672263890504837
20550 0.0625353753566742
20560 0.05695289373397827
20570 0.04442165046930313
20580 0.06559634953737259
20590 0.10944167524576187
20600 0.06227516010403633
20610 0.06343349814414978
20620 0.09732170403003693
20630 0.053486645221710205
20640 0.06735319644212723
20650 0.058225855231285095
20660 0.06327001005411148
20670 0.07783210277557373
20680 0.090293288230896
20690 0.07248114794492722
20700 0.05712396278977394
20710 0.10953325033187866
20720 0.079429030418396
20730 0.07904420793056488
20740 0.05796445161104202
20750 0.05481418967247009
20760 0.0831700935959816
20770 0.06237800791859627
20780 0.07076986879110336
20790 0.1455124318599701
20800 0.07238781452178955
20810 0.057772230356931686
20820 0.07056707888841629
20830 0.07331100851297379
20840 0.06873244792222977
20850 0.06528958678245544
20860 0.07177223265171051
20870 0.0771765261888504
20880 0.0628601461648941
20890 0.08234494179487228
20900 0.06323320418596268
20910 0.07527728378772736
20920 0.05969322472810745
20930 0.05105816200375557
20940 0.05352718010544777
20950 0.07078402489423752
20960 0.048975635319948196
20970 0.05538639426231384
20980 0.083535335958004
20990 0.0401105172932148
21000 0.13108126819133759
len of cubelist:  20
Step:21000, Valid_Dice:0.8378308811518711
21010 0.06701729446649551
21020 0.07855337858200073
21030 0.06345095485448837
21040 0.04714549332857132
21050 0.08210808783769608
21060 0.06293115764856339
21070 0.07296779751777649
21080 0.07246606796979904
21090 0.045573048293590546
21100 0.054610975086688995
21110 0.05797617882490158
21120 0.0611536018550396
21130 0.059646349400281906
21140 0.0596739761531353
21150 0.05833480879664421
21160 0.04511008784174919
21170 0.07844299077987671
21180 0.06773482263088226
21190 0.07357131689786911
21200 0.07209965586662292
21210 0.06923697143793106
21220 0.0717623308300972
21230 0.10223943740129471
21240 0.0697326511144638
21250 0.0763934925198555
21260 0.07990157604217529
21270 0.06280548125505447
21280 0.07089869678020477
21290 0.05791659653186798
21300 0.08785823732614517
21310 0.08708620816469193
21320 0.06949358433485031
21330 0.054557714611291885
21340 0.06466063112020493
21350 0.10351327806711197
21360 0.0694836899638176
21370 0.09454278647899628
21380 0.11433400958776474
21390 0.07104215025901794
21400 0.06698879599571228
21410 0.11920710653066635
21420 0.05600881204009056
21430 0.057507142424583435
21440 0.09286077320575714
21450 0.0575968399643898
21460 0.08037234842777252
21470 0.05555304139852524
21480 0.04911808297038078
21490 0.07403670251369476
21500 0.061769999563694
len of cubelist:  20
Step:21500, Valid_Dice:0.828571297956344
21510 0.056284356862306595
21520 0.060361407697200775
21530 0.05933506041765213
21540 0.056778956204652786
21550 0.05725863575935364
21560 0.051222581416368484
21570 0.059739403426647186
21580 0.06748883426189423
21590 0.07408155500888824
21600 0.10553903877735138
21610 0.05976627767086029
21620 0.08314967900514603
21630 0.07084082812070847
21640 0.07638353109359741
21650 0.056053526699543
21660 0.0700625628232956
21670 0.059988781809806824
21680 0.07204581052064896
21690 0.045224208384752274
21700 0.061722930520772934
21710 0.046686913818120956
21720 0.04615134373307228
21730 0.042092759162187576
21740 0.08570978790521622
21750 0.10511110723018646
21760 0.07848121225833893
21770 0.05407559871673584
21780 0.06453461945056915
21790 0.0768788680434227
21800 0.06472910940647125
21810 0.056797705590724945
21820 0.07881846278905869
21830 0.05892445147037506
21840 0.04784483462572098
21850 0.0640166774392128
21860 0.052033863961696625
21870 0.056490179151296616
21880 0.057881273329257965
21890 0.058127813041210175
21900 0.05787075310945511
21910 0.04736156389117241
21920 0.05166978761553764
21930 0.04368722811341286
21940 0.10540644824504852
21950 0.0549703873693943
21960 0.09552446007728577
21970 0.08503170311450958
21980 0.05430004745721817
21990 0.05439062416553497
22000 0.05756847560405731
len of cubelist:  20
Step:22000, Valid_Dice:0.8394576035215684
22010 0.053853925317525864
22020 0.06557770818471909
22030 0.058676134794950485
22040 0.12299272418022156
22050 0.06575857102870941
22060 0.06628024578094482
22070 0.05528612807393074
22080 0.0551004596054554
22090 0.06175614148378372
22100 0.044621068984270096
22110 0.04848151281476021
22120 0.07357832044363022
22130 0.06043640896677971
22140 0.06580296903848648
22150 0.05286626145243645
22160 0.05192408338189125
22170 0.08221808820962906
22180 0.05650654435157776
22190 0.08541399985551834
22200 0.06397448480129242
22210 0.07101370394229889
22220 0.10180018097162247
22230 0.08009430021047592
22240 0.09384135901927948
22250 0.06837866455316544
22260 0.09064964950084686
22270 0.053309254348278046
22280 0.0593961663544178
22290 0.06408266723155975
22300 0.10790233314037323
22310 0.05527715012431145
22320 0.056303270161151886
22330 0.10833723098039627
22340 0.03766131028532982
22350 0.04607139155268669
22360 0.07569587975740433
22370 0.05899678170681
22380 0.04606959596276283
22390 0.05562368780374527
22400 0.11457601189613342
22410 0.05939082056283951
22420 0.05382506176829338
22430 0.06588689982891083
22440 0.049391116946935654
22450 0.0625363141298294
22460 0.08171243965625763
22470 0.07803712040185928
22480 0.06266740709543228
22490 0.04635120555758476
22500 0.05327403545379639
len of cubelist:  20
Step:22500, Valid_Dice:0.8385787853027082
22510 0.05451212078332901
22520 0.07205700874328613
22530 0.054629579186439514
22540 0.05433140695095062
22550 0.06714999675750732
22560 0.05174357816576958
22570 0.04735260456800461
22580 0.05269284546375275
22590 0.0672614723443985
22600 0.04467673972249031
22610 0.06282558292150497
22620 0.06013801693916321
22630 0.05264678969979286
22640 0.06258250772953033
22650 0.08589564263820648
22660 0.05792772397398949
22670 0.07485761493444443
22680 0.07079057395458221
22690 0.10643347352743149
22700 0.08628087490797043
22710 0.04303353279829025
22720 0.05827145278453827
22730 0.040017180144786835
22740 0.0600309893488884
22750 0.05189316347241402
22760 0.04585070163011551
22770 0.04485486447811127
22780 0.07686799764633179
22790 0.04398864880204201
22800 0.04788263514637947
22810 0.05101580545306206
22820 0.06182796508073807
22830 0.07656808197498322
22840 0.060959577560424805
22850 0.05374789983034134
22860 0.04796802997589111
22870 0.07298841327428818
22880 0.06965433806180954
22890 0.07710941135883331
22900 0.0661637932062149
22910 0.06459006667137146
22920 0.05311055853962898
22930 0.032327812165021896
22940 0.051029231399297714
22950 0.08746980875730515
22960 0.07595003396272659
22970 0.04414019361138344
22980 0.06098327040672302
22990 0.08324248343706131
23000 0.056908294558525085
len of cubelist:  20
Step:23000, Valid_Dice:0.8361523619142345
23010 0.037849798798561096
23020 0.0729079395532608
23030 0.028833553194999695
23040 0.08427752554416656
23050 0.06399260461330414
23060 0.06562415510416031
23070 0.055465131998062134
23080 0.05007311329245567
23090 0.07586046308279037
23100 0.05806667357683182
23110 0.06273888051509857
23120 0.06756219267845154
23130 0.09271810948848724
23140 0.054069578647613525
23150 0.0607718862593174
23160 0.05418967455625534
23170 0.12417659908533096
23180 0.05718986317515373
23190 0.041752494871616364
23200 0.1651737242937088
23210 0.0767524316906929
23220 0.06816494464874268
23230 0.04419925436377525
23240 0.07230307906866074
23250 0.03730255737900734
23260 0.06318586319684982
23270 0.05894580855965614
23280 0.06239505484700203
23290 0.09601739794015884
23300 0.056206878274679184
23310 0.06158493831753731
23320 0.08662787824869156
23330 0.043152373284101486
23340 0.05549798533320427
23350 0.06771370023488998
23360 0.07099715620279312
23370 0.09513774514198303
23380 0.05011714622378349
23390 0.04965826869010925
23400 0.07717974483966827
23410 0.11396831274032593
23420 0.07516206055879593
23430 0.06586133688688278
23440 0.07561024278402328
23450 0.05187368765473366
23460 0.05915382131934166
23470 0.07154959440231323
23480 0.08028090000152588
23490 0.07229002565145493
23500 0.05676914006471634
len of cubelist:  20
Step:23500, Valid_Dice:0.8388127587584414
23510 0.0561683289706707
23520 0.11793764680624008
23530 0.058022767305374146
23540 0.060153283178806305
23550 0.052549101412296295
23560 0.049287836998701096
23570 0.05115016549825668
23580 0.08635858446359634
23590 0.06388924270868301
23600 0.05463635176420212
23610 0.04652063548564911
23620 0.04819798469543457
23630 0.058246638625860214
23640 0.06181170791387558
23650 0.06841488182544708
23660 0.05616515502333641
23670 0.04009537771344185
23680 0.08258635550737381
23690 0.08723193407058716
23700 0.059858374297618866
23710 0.0676635280251503
23720 0.06674402207136154
23730 0.08538835495710373
23740 0.06512820720672607
23750 0.055883076041936874
23760 0.06636271625757217
23770 0.12696723639965057
23780 0.055450499057769775
23790 0.0476304367184639
23800 0.0408087819814682
23810 0.06237833946943283
23820 0.04467912018299103
23830 0.06545215845108032
23840 0.052193645387887955
23850 0.07621408998966217
23860 0.06654341518878937
23870 0.12072952836751938
23880 0.039303258061409
23890 0.046732451766729355
23900 0.0629941001534462
23910 0.06318331509828568
23920 0.04559238255023956
23930 0.06910434365272522
23940 0.04158289358019829
23950 0.052668485790491104
23960 0.06266780197620392
23970 0.06463007628917694
23980 0.04992220923304558
23990 0.05834240838885307
24000 0.06442266702651978
len of cubelist:  20
Step:24000, Valid_Dice:0.8400982996760622
24010 0.051598113030195236
24020 0.05570800602436066
24030 0.08028379827737808
24040 0.0548676997423172
24050 0.07727660238742828
24060 0.06584777683019638
24070 0.02405669167637825
24080 0.04536363109946251
24090 0.06636380404233932
24100 0.08118980377912521
24110 0.07146864384412766
24120 0.06374073773622513
24130 0.06473566591739655
24140 0.060871850699186325
24150 0.059015508741140366
24160 0.06324835121631622
24170 0.05290510132908821
24180 0.054155103862285614
24190 0.02803458645939827
24200 0.08282608538866043
24210 0.06451981514692307
24220 0.0916609838604927
24230 0.05702805146574974
24240 0.051322661340236664
24250 0.05930633097887039
24260 0.053190380334854126
24270 0.06763478368520737
24280 0.05572911351919174
24290 0.05835472419857979
24300 0.06719084829092026
24310 0.06645363569259644
24320 0.053523432463407516
24330 0.07299792766571045
24340 0.07915551960468292
24350 0.06146477162837982
24360 0.0686868280172348
24370 0.08401233702898026
24380 0.07872214168310165
24390 0.05943708494305611
24400 0.06128253787755966
24410 0.05400094762444496
24420 0.04208533465862274
24430 0.09346512705087662
24440 0.06356333941221237
24450 0.05016554147005081
24460 0.06419266015291214
24470 0.0658566877245903
24480 0.032775603234767914
24490 0.0691051110625267
24500 0.05724532529711723
len of cubelist:  20
Step:24500, Valid_Dice:0.834196526951678
24510 0.061894018203020096
24520 0.04481196403503418
24530 0.056017711758613586
24540 0.0543612502515316
24550 0.06563203036785126
24560 0.05488033965229988
24570 0.07541432231664658
24580 0.05319856107234955
24590 0.05029189959168434
24600 0.08604587614536285
24610 0.07908942550420761
24620 0.04078768938779831
24630 0.058539070188999176
24640 0.07858659327030182
24650 0.06541859358549118
24660 0.034040313214063644
24670 0.05990231782197952
24680 0.07419905811548233
24690 0.05491285398602486
24700 0.049771759659051895
24710 0.06435780972242355
24720 0.05179380998015404
24730 0.08122062683105469
24740 0.06197288632392883
24750 0.07795727252960205
24760 0.10654082149267197
24770 0.05339742451906204
24780 0.10549764335155487
24790 0.07174067199230194
24800 0.06042538583278656
24810 0.06797411292791367
24820 0.06461683660745621
24830 0.05035131797194481
24840 0.052076347172260284
24850 0.05645807459950447
24860 0.06418697535991669
24870 0.06318053603172302
24880 0.09724543243646622
24890 0.07116621732711792
24900 0.06280249357223511
24910 0.08001059293746948
24920 0.06251034885644913
24930 0.052139587700366974
24940 0.08103298395872116
24950 0.07793436199426651
24960 0.05915810540318489
24970 0.06977008283138275
24980 0.04790233075618744
24990 0.07266075164079666
25000 0.1264539361000061
len of cubelist:  20
Step:25000, Valid_Dice:0.8384224388906574
