----------------- Options ---------------
               batch_size: 2                             
               block_size: [160, 100, 100]               
                 channels: 64                            
                data_size: [640, 400, 400]               
                 dataroot: /scratch/yh3529/IPN_OCTA_Segmentation/Data/IEEE_IPN
              feature_dir: ./logs/Features_V2            
                  gpu_ids: 0,1                           
              in_channels: 2                             
                     load: False                         
                       lr: 0.0001                        
            max_iteration: 30001                         
       max_iteration_post: 201                           
                   method: IPN_V2                        
        modality_filename: ['image1', 'image2', 'label'] 
                     mode: train                         
                n_classes: 2                             
                optimizer: Adam                          
         plane_perceptron: UNet                          
plane_perceptron_channels: 64                            
            save_interval: 500                           
       save_interval_post: 50                            
                 saveroot: /scratch/yh3529/IPN_OCTA_Segmentation/IPNV2_pytorch/logs
                 test_ids: [200, 300]                    
                train_ids: [0, 180]                      
                  val_ids: [180, 200]                    
----------------- End -------------------

Start Setup dataset reader
Setting up dataset reader
found pickle !!!
0 0.6238650679588318
len of cubelist:  20
Step:0, Valid_Dice:0.0
10 0.6151403784751892
20 0.5090253949165344
30 0.37111812829971313
40 0.2962160110473633
50 0.2589549422264099
60 0.3783188462257385
70 0.3299570679664612
80 0.32435619831085205
90 0.35543373227119446
100 0.3084391951560974
110 0.3543313443660736
120 0.2671244442462921
130 0.3566184937953949
140 0.2956317961215973
150 0.3302094340324402
160 0.30620765686035156
170 0.33586493134498596
180 0.3067578375339508
190 0.296974778175354
200 0.31949833035469055
210 0.32781878113746643
220 0.2818969190120697
230 0.3078182637691498
240 0.2655891478061676
250 0.2738284170627594
260 0.21889345347881317
270 0.25806277990341187
280 0.27406132221221924
290 0.33602583408355713
300 0.24315018951892853
310 0.28578341007232666
320 0.3090691566467285
330 0.34344980120658875
340 0.23092900216579437
350 0.2635849118232727
360 0.3409201204776764
370 0.2908695340156555
380 0.2758847177028656
390 0.3376084864139557
400 0.24268178641796112
410 0.2538624405860901
420 0.2839440405368805
430 0.30156001448631287
440 0.29335373640060425
450 0.23401665687561035
460 0.2817326486110687
470 0.3048366606235504
480 0.22972840070724487
490 0.2683534324169159
500 0.22023974359035492
len of cubelist:  20
Step:500, Valid_Dice:0.0
510 0.2577493190765381
520 0.18461814522743225
530 0.21205414831638336
540 0.15860559046268463
550 0.17997965216636658
560 0.1596270352602005
570 0.15909834206104279
580 0.2026624232530594
590 0.15025191009044647
600 0.12491370737552643
610 0.1157253086566925
620 0.1353520303964615
630 0.10744848847389221
640 0.12215060740709305
650 0.11902551352977753
660 0.07459695637226105
670 0.11461816728115082
680 0.09085599333047867
690 0.1557263731956482
700 0.12052389979362488
710 0.12460345774888992
720 0.10065022855997086
730 0.11142038553953171
740 0.09047161787748337
750 0.10106012970209122
760 0.11007128655910492
770 0.1235184594988823
780 0.07774058729410172
790 0.08084982633590698
800 0.0903017446398735
810 0.07730919867753983
820 0.10498685389757156
830 0.08434846252202988
840 0.08641482889652252
850 0.1373349130153656
860 0.0838053748011589
870 0.08152968436479568
880 0.09061604738235474
890 0.10780636221170425
900 0.0939292162656784
910 0.08717719465494156
920 0.06291589140892029
930 0.07974184304475784
940 0.0734596773982048
950 0.06927132606506348
960 0.07900544255971909
970 0.14645500481128693
980 0.0796031728386879
990 0.07154165953397751
1000 0.12109363824129105
len of cubelist:  20
Step:1000, Valid_Dice:0.8055834821885177
1010 0.07568105310201645
1020 0.07596369832754135
1030 0.09748569130897522
1040 0.08227037638425827
1050 0.07732698321342468
1060 0.10142823308706284
1070 0.09533737599849701
1080 0.10117252171039581
1090 0.07697892934083939
1100 0.09284171462059021
1110 0.08309653401374817
1120 0.06910296529531479
1130 0.09857705980539322
1140 0.08172173798084259
1150 0.13873881101608276
1160 0.07327748835086823
1170 0.09550061076879501
1180 0.06201208010315895
1190 0.054410260170698166
1200 0.06013394892215729
1210 0.07941854745149612
1220 0.07748529314994812
1230 0.06522975116968155
1240 0.10833751410245895
1250 0.10436208546161652
1260 0.06757161766290665
1270 0.08930987864732742
1280 0.06532645225524902
1290 0.07106178253889084
1300 0.05829934775829315
1310 0.0746854618191719
1320 0.06935073435306549
1330 0.05322033539414406
1340 0.06890831142663956
1350 0.08678572624921799
1360 0.10986652970314026
1370 0.09862283617258072
1380 0.09281612187623978
1390 0.06311038136482239
1400 0.06847655028104782
1410 0.131282240152359
1420 0.08155877888202667
1430 0.11927647888660431
1440 0.06628991663455963
1450 0.07711368054151535
1460 0.07012181729078293
1470 0.0643792524933815
1480 0.07949315011501312
1490 0.05121198296546936
1500 0.07728561758995056
len of cubelist:  20
Step:1500, Valid_Dice:0.8403449881755364
1510 0.15401001274585724
1520 0.046247418969869614
1530 0.10503961145877838
1540 0.08922332525253296
1550 0.06076973304152489
1560 0.059176139533519745
1570 0.029941730201244354
1580 0.05615347996354103
1590 0.06879567354917526
1600 0.08100185543298721
1610 0.07958851754665375
1620 0.06461236625909805
1630 0.11811939626932144
1640 0.06346600502729416
1650 0.07283075898885727
1660 0.07268106937408447
1670 0.0770861804485321
1680 0.06916891038417816
1690 0.09222481399774551
1700 0.052172161638736725
1710 0.07537760585546494
1720 0.06642628461122513
1730 0.0679369643330574
1740 0.07358954846858978
1750 0.06262511759996414
1760 0.05660314857959747
1770 0.07157862186431885
1780 0.07111282646656036
1790 0.051181912422180176
1800 0.058079253882169724
1810 0.05984705686569214
1820 0.09312744438648224
1830 0.05460125580430031
1840 0.06062747910618782
1850 0.07471389323472977
1860 0.06757209450006485
1870 0.06655410677194595
1880 0.08572368323802948
1890 0.041927091777324677
1900 0.04658165201544762
1910 0.05331166461110115
1920 0.09106618165969849
1930 0.06789122521877289
1940 0.05577149614691734
1950 0.05897853896021843
1960 0.06469840556383133
1970 0.061877526342868805
1980 0.08498232066631317
1990 0.045906029641628265
2000 0.06358205527067184
len of cubelist:  20
Step:2000, Valid_Dice:0.8520077266720179
2010 0.06432323157787323
2020 0.06777532398700714
2030 0.062343060970306396
2040 0.10415615141391754
2050 0.06340566277503967
2060 0.06592395156621933
2070 0.062000878155231476
2080 0.053369227796792984
2090 0.06796526908874512
2100 0.08451076596975327
2110 0.046571873128414154
2120 0.07553966343402863
2130 0.05961018055677414
2140 0.08002005517482758
2150 0.08670590072870255
2160 0.05122523754835129
2170 0.05917751416563988
2180 0.06165279448032379
2190 0.06922407448291779
2200 0.05888780578970909
2210 0.06821849197149277
2220 0.03939353674650192
2230 0.04267077147960663
2240 0.08288589864969254
2250 0.0591113455593586
2260 0.06253369897603989
2270 0.06009827181696892
2280 0.06295338273048401
2290 0.050614405423402786
2300 0.05359647795557976
2310 0.09738314151763916
2320 0.05064288154244423
2330 0.08661115169525146
2340 0.030370378866791725
2350 0.06346110999584198
2360 0.05182434245944023
2370 0.06942945718765259
2380 0.055793397128582
2390 0.05448313057422638
2400 0.07360833883285522
2410 0.10097494721412659
2420 0.04395027086138725
2430 0.07292690128087997
2440 0.0641215369105339
2450 0.06639538705348969
2460 0.07182883471250534
2470 0.050790946930646896
2480 0.07336932420730591
2490 0.0532449446618557
2500 0.04880097508430481
len of cubelist:  20
Step:2500, Valid_Dice:0.8570192053237824
2510 0.05205896124243736
2520 0.03752430900931358
2530 0.05509074032306671
2540 0.04377056285738945
2550 0.04375739023089409
2560 0.04272238910198212
2570 0.04737863317131996
2580 0.06427319347858429
2590 0.08160750567913055
2600 0.05717539042234421
2610 0.06039411574602127
2620 0.043230023235082626
2630 0.09086939692497253
2640 0.05676409229636192
2650 0.06112833693623543
2660 0.05462431162595749
2670 0.04337126389145851
2680 0.0628587007522583
2690 0.06468696892261505
2700 0.08687704056501389
2710 0.05023950710892677
2720 0.061040252447128296
2730 0.05352664738893509
2740 0.07737026363611221
2750 0.05921806022524834
2760 0.06256594508886337
2770 0.10893597453832626
2780 0.07564271241426468
2790 0.0639432966709137
2800 0.07706154882907867
2810 0.0600668266415596
2820 0.060147594660520554
2830 0.0590110719203949
2840 0.03954990208148956
2850 0.04694030061364174
2860 0.06706128269433975
2870 0.05768071860074997
2880 0.11418281495571136
2890 0.08282742649316788
2900 0.0671411007642746
2910 0.08251180499792099
2920 0.06771615147590637
2930 0.062121447175741196
2940 0.05511327460408211
2950 0.06266212463378906
2960 0.048042308539152145
2970 0.04953112080693245
2980 0.08933576941490173
2990 0.0572841539978981
3000 0.06702209264039993
len of cubelist:  20
Step:3000, Valid_Dice:0.8612966285393842
3010 0.12845300137996674
3020 0.06520478427410126
3030 0.060883812606334686
3040 0.06258657574653625
3050 0.05563719570636749
3060 0.07107723504304886
3070 0.07961303740739822
3080 0.04868524894118309
3090 0.07050659507513046
3100 0.059576429426670074
3110 0.050037458539009094
3120 0.04593190178275108
3130 0.07741153240203857
3140 0.0736851617693901
3150 0.05198827013373375
3160 0.06532493978738785
3170 0.07256872951984406
3180 0.06430929899215698
3190 0.055885668843984604
3200 0.051112100481987
3210 0.0490884967148304
3220 0.04845226928591728
3230 0.04235033690929413
3240 0.07467220723628998
3250 0.06578899174928665
3260 0.06523080170154572
3270 0.0720193088054657
3280 0.05735134705901146
3290 0.06447194516658783
3300 0.06332103163003922
3310 0.08497689664363861
3320 0.06120194122195244
3330 0.04735809192061424
3340 0.0625409409403801
3350 0.09908676147460938
3360 0.0504252128303051
3370 0.05979621410369873
3380 0.06142313405871391
3390 0.0542551688849926
3400 0.05952342972159386
3410 0.06605859100818634
3420 0.06955262273550034
3430 0.0464601069688797
3440 0.09816798567771912
3450 0.05885880067944527
3460 0.04159678518772125
3470 0.056591883301734924
3480 0.04470723867416382
3490 0.07531019300222397
3500 0.06279589235782623
len of cubelist:  20
Step:3500, Valid_Dice:0.8667145642489761
3510 0.06051914766430855
3520 0.060822565108537674
3530 0.06459765881299973
3540 0.03832238167524338
3550 0.06261824071407318
3560 0.05464473366737366
3570 0.041489869356155396
3580 0.07985526323318481
3590 0.08335109800100327
3600 0.0504642017185688
3610 0.07017907500267029
3620 0.047147516161203384
3630 0.05926745757460594
3640 0.07792722433805466
3650 0.041517455130815506
3660 0.040115103125572205
3670 0.09201275557279587
3680 0.050654660910367966
3690 0.044173579663038254
3700 0.09571275860071182
3710 0.055899616330862045
3720 0.06224896386265755
3730 0.04051467776298523
3740 0.03798885643482208
3750 0.06455161422491074
3760 0.0652376115322113
3770 0.05738677829504013
3780 0.05786541849374771
3790 0.07027286291122437
3800 0.04849167913198471
3810 0.05221768841147423
3820 0.05361674726009369
3830 0.05434141680598259
3840 0.11386808753013611
3850 0.052360035479068756
3860 0.052998047322034836
3870 0.05308076739311218
3880 0.10582729429006577
3890 0.06864212453365326
3900 0.06361649185419083
3910 0.0773119255900383
3920 0.04340071231126785
3930 0.05630645900964737
3940 0.06565573811531067
3950 0.05676019936800003
3960 0.07867512106895447
3970 0.07058794051408768
3980 0.04893818497657776
3990 0.06574133038520813
4000 0.09008553624153137
len of cubelist:  20
Step:4000, Valid_Dice:0.8672146066971186
4010 0.10630352795124054
4020 0.06247778981924057
4030 0.06010236218571663
4040 0.06567375361919403
4050 0.07270866632461548
4060 0.06085212528705597
4070 0.053688738495111465
4080 0.04823059216141701
4090 0.05018369480967522
4100 0.04869115725159645
4110 0.0458962582051754
4120 0.05411155894398689
4130 0.06469282507896423
4140 0.06252336502075195
4150 0.046289753168821335
4160 0.0455518402159214
4170 0.05266004055738449
4180 0.042605213820934296
4190 0.05214231088757515
4200 0.07931545376777649
4210 0.07217106968164444
4220 0.08237344771623611
4230 0.04030093923211098
4240 0.05878449231386185
4250 0.0762111097574234
4260 0.05540560185909271
4270 0.04700933396816254
4280 0.09571360796689987
4290 0.060009509325027466
4300 0.05755199119448662
4310 0.05074525251984596
4320 0.04631761834025383
4330 0.07585182785987854
4340 0.08091706782579422
4350 0.06294555962085724
4360 0.05139387771487236
4370 0.05109170451760292
4380 0.04437646642327309
4390 0.038808275014162064
4400 0.06252843886613846
4410 0.06569423526525497
4420 0.07436229288578033
4430 0.055661462247371674
4440 0.052001286298036575
4450 0.04034535586833954
4460 0.05784228444099426
4470 0.04705652594566345
4480 0.057257432490587234
4490 0.033393897116184235
4500 0.0962776392698288
len of cubelist:  20
Step:4500, Valid_Dice:0.8730235794076752
4510 0.050440918654203415
4520 0.05315477401018143
4530 0.05177215486764908
4540 0.05371485650539398
4550 0.06420154869556427
4560 0.05802297964692116
4570 0.0686512216925621
4580 0.05374639853835106
4590 0.03573506325483322
4600 0.06616904586553574
4610 0.04057179018855095
4620 0.046557240188121796
4630 0.05014483258128166
4640 0.046385928988456726
4650 0.07119719684123993
4660 0.04461890086531639
4670 0.0578727126121521
4680 0.06194879114627838
4690 0.04983202740550041
4700 0.06767673045396805
4710 0.06585738807916641
4720 0.03939767926931381
4730 0.0698917955160141
4740 0.04937881976366043
4750 0.04270618036389351
4760 0.061744995415210724
4770 0.053486403077840805
4780 0.04959700256586075
4790 0.050264596939086914
4800 0.06638563424348831
4810 0.04469583183526993
4820 0.05920371785759926
4830 0.036513447761535645
4840 0.049485668540000916
4850 0.06254469603300095
4860 0.049671586602926254
4870 0.03954319655895233
4880 0.044907715171575546
4890 0.05266791954636574
4900 0.04559735581278801
4910 0.060680389404296875
4920 0.1083095595240593
4930 0.04503555968403816
4940 0.041688330471515656
4950 0.060797277837991714
4960 0.04358832538127899
4970 0.044450558722019196
4980 0.06209207698702812
4990 0.0648723840713501
5000 0.09018845856189728
len of cubelist:  20
Step:5000, Valid_Dice:0.8714786957607217
5010 0.05354708805680275
5020 0.06470999866724014
5030 0.05891161412000656
5040 0.054211415350437164
5050 0.060238245874643326
5060 0.045756272971630096
5070 0.057740528136491776
5080 0.06806004792451859
5090 0.058883704245090485
5100 0.06124391034245491
5110 0.04622689634561539
5120 0.07220730930566788
5130 0.05982852727174759
5140 0.044150520116090775
5150 0.055026695132255554
5160 0.0595099963247776
5170 0.05811270326375961
5180 0.042926281690597534
5190 0.05859507992863655
5200 0.049373459070920944
5210 0.04023344814777374
5220 0.04622182622551918
5230 0.04280894622206688
5240 0.03895581513643265
5250 0.05780429020524025
5260 0.043635234236717224
5270 0.062319401651620865
5280 0.0624646358191967
5290 0.047228552401065826
5300 0.049231939017772675
5310 0.05430997908115387
5320 0.04671946167945862
5330 0.06614406406879425
5340 0.06160080060362816
5350 0.03729264438152313
5360 0.05566049739718437
5370 0.05227747932076454
5380 0.05316031351685524
5390 0.05423170328140259
5400 0.06477967649698257
5410 0.05384209007024765
5420 0.04880744591355324
5430 0.04250897094607353
5440 0.06088117137551308
5450 0.07200731337070465
5460 0.05470956861972809
5470 0.04245242848992348
5480 0.06622537970542908
5490 0.07692369073629379
5500 0.06951000541448593
len of cubelist:  20
Step:5500, Valid_Dice:0.8684819371197326
5510 0.04499209672212601
5520 0.0676128938794136
5530 0.05683327466249466
5540 0.04404277727007866
5550 0.04688967019319534
5560 0.05015072971582413
5570 0.053925927728414536
5580 0.059919025748968124
5590 0.04857470467686653
5600 0.06033844128251076
5610 0.06701511144638062
5620 0.038957301527261734
5630 0.04911017045378685
5640 0.05520020052790642
5650 0.03660760819911957
5660 0.05776727944612503
5670 0.04134296998381615
5680 0.05813842639327049
5690 0.0419362410902977
5700 0.04771942272782326
5710 0.059189800173044205
5720 0.06758377701044083
5730 0.0616445429623127
5740 0.0650532990694046
5750 0.05826905369758606
5760 0.05024119094014168
5770 0.04730137437582016
5780 0.04392830282449722
5790 0.030965689569711685
5800 0.045165080577135086
5810 0.04586471617221832
5820 0.04453173279762268
5830 0.04024425148963928
5840 0.052545733749866486
5850 0.05872902274131775
5860 0.1154399886727333
5870 0.05601051077246666
5880 0.055613838136196136
5890 0.039847880601882935
5900 0.04121512919664383
5910 0.04321607947349548
5920 0.04084367677569389
5930 0.04417937621474266
5940 0.048872243613004684
5950 0.0418105311691761
5960 0.045794956386089325
5970 0.05462777242064476
5980 0.05369852855801582
5990 0.04293012246489525
6000 0.05550655350089073
len of cubelist:  20
Step:6000, Valid_Dice:0.877655099175042
6010 0.049798931926488876
6020 0.049797944724559784
6030 0.05617392063140869
6040 0.03010089509189129
6050 0.04735701158642769
6060 0.05991048738360405
6070 0.04771772027015686
6080 0.06720255315303802
6090 0.04449166730046272
6100 0.044663164764642715
6110 0.05198569968342781
6120 0.03507857024669647
6130 0.03396788612008095
6140 0.05916086584329605
6150 0.09480637311935425
6160 0.05293797701597214
6170 0.07837758958339691
6180 0.05354594811797142
6190 0.05411744490265846
6200 0.05591590702533722
6210 0.03830842301249504
6220 0.04577115550637245
6230 0.05269134044647217
6240 0.04930286854505539
6250 0.06683126091957092
6260 0.04219784960150719
6270 0.04333408176898956
6280 0.06394602358341217
6290 0.06340809166431427
6300 0.04341474547982216
6310 0.06407869607210159
6320 0.04198407754302025
6330 0.05483629181981087
6340 0.044045232236385345
6350 0.06306247413158417
6360 0.07506495714187622
6370 0.05023422837257385
6380 0.03325653821229935
6390 0.03312899172306061
6400 0.07895920425653458
6410 0.06821051239967346
6420 0.036307986825704575
6430 0.035463422536849976
6440 0.040633462369441986
6450 0.05478031188249588
6460 0.0642818883061409
6470 0.04462602734565735
6480 0.03991463780403137
6490 0.0462481714785099
6500 0.04378431290388107
len of cubelist:  20
Step:6500, Valid_Dice:0.8787978529121359
6510 0.1040739119052887
6520 0.04819908365607262
6530 0.0421699658036232
6540 0.05321105197072029
6550 0.06869613379240036
6560 0.06028378754854202
6570 0.05584702640771866
6580 0.04343957453966141
6590 0.07629304379224777
6600 0.051649902015924454
6610 0.04887725040316582
6620 0.05803621932864189
6630 0.05375778675079346
6640 0.07224853336811066
6650 0.07183311879634857
6660 0.04848615452647209
6670 0.045943427830934525
6680 0.04142002388834953
6690 0.055701445788145065
6700 0.0431407168507576
6710 0.04731357470154762
6720 0.08571397513151169
6730 0.046443596482276917
6740 0.04267853870987892
6750 0.026318103075027466
6760 0.05833609774708748
6770 0.05795546993613243
6780 0.04951535537838936
6790 0.06544426083564758
6800 0.07927566766738892
6810 0.045208293944597244
6820 0.042431142181158066
6830 0.05186097323894501
6840 0.04481280967593193
6850 0.06823498755693436
6860 0.05322045832872391
6870 0.036856092512607574
6880 0.04781294986605644
6890 0.044650036841630936
6900 0.04470545053482056
6910 0.0330352857708931
6920 0.05546381697058678
6930 0.13770358264446259
6940 0.03978848084807396
6950 0.060791704803705215
6960 0.05013693869113922
6970 0.04564707353711128
6980 0.04131719842553139
6990 0.05607026442885399
7000 0.054843176156282425
len of cubelist:  20
Step:7000, Valid_Dice:0.8813025687366786
7010 0.04836570844054222
7020 0.06239169463515282
7030 0.046843934804201126
7040 0.053739581257104874
7050 0.06661468744277954
7060 0.060495249927043915
7070 0.05111132934689522
7080 0.06282297521829605
7090 0.05071280896663666
7100 0.037620581686496735
7110 0.05223817750811577
7120 0.043726954609155655
7130 0.05232790485024452
7140 0.07043573260307312
7150 0.04267998784780502
7160 0.04573129862546921
7170 0.06412655115127563
7180 0.055571116507053375
7190 0.06740528345108032
7200 0.04042418301105499
7210 0.058608751744031906
7220 0.05271700397133827
7230 0.045528121292591095
7240 0.03682742267847061
7250 0.04518526792526245
7260 0.04712354391813278
7270 0.04488177224993706
7280 0.0591471791267395
7290 0.060053031891584396
7300 0.041760560125112534
7310 0.08607375621795654
7320 0.04864318296313286
7330 0.032106202095746994
7340 0.055941835045814514
7350 0.036871131509542465
7360 0.05536452680826187
7370 0.04267968609929085
7380 0.03440475836396217
7390 0.04550345614552498
7400 0.05374913290143013
7410 0.05943898484110832
7420 0.055035948753356934
7430 0.05125623196363449
7440 0.09143383800983429
7450 0.05658483877778053
7460 0.042975086718797684
7470 0.047646064311265945
7480 0.04963170364499092
7490 0.06330082565546036
7500 0.041047535836696625
len of cubelist:  20
Step:7500, Valid_Dice:0.8806280808373483
7510 0.04408351331949234
7520 0.04068608209490776
7530 0.050829868763685226
7540 0.030817778781056404
7550 0.047556858509778976
7560 0.0881388932466507
7570 0.06629730761051178
7580 0.05240435153245926
7590 0.0544012077152729
7600 0.05553099513053894
7610 0.05062178522348404
7620 0.041364096105098724
7630 0.049498092383146286
7640 0.027960779145359993
7650 0.06633037328720093
7660 0.0475769117474556
7670 0.06181678548455238
7680 0.05549919605255127
7690 0.0458429791033268
7700 0.05684468895196915
7710 0.04271254688501358
7720 0.05820324644446373
7730 0.049465447664260864
7740 0.06172579526901245
7750 0.05072896555066109
7760 0.03978896141052246
7770 0.051571544259786606
7780 0.0511498786509037
7790 0.05939638614654541
7800 0.0629221498966217
7810 0.05102963745594025
7820 0.05099856108427048
7830 0.06258103996515274
7840 0.04787638038396835
7850 0.04843558743596077
7860 0.042171020060777664
7870 0.04611654952168465
7880 0.0575445294380188
7890 0.03160850703716278
7900 0.07954052835702896
7910 0.060531578958034515
7920 0.052170634269714355
7930 0.07373446971178055
7940 0.05186229944229126
7950 0.04065999016165733
7960 0.06340818852186203
7970 0.039644062519073486
7980 0.050142452120780945
7990 0.06078682094812393
8000 0.05227437615394592
len of cubelist:  20
Step:8000, Valid_Dice:0.8748280086584144
8010 0.04088924825191498
8020 0.036503084003925323
8030 0.04576475918292999
8040 0.044556181877851486
8050 0.0609595812857151
8060 0.04703760892152786
8070 0.03612752631306648
8080 0.04409756511449814
8090 0.04868052899837494
8100 0.0512358583509922
8110 0.03265559300780296
8120 0.05200735479593277
8130 0.03589310124516487
8140 0.0402890145778656
8150 0.03646375611424446
8160 0.07389244437217712
8170 0.04496811702847481
8180 0.04035959392786026
8190 0.07851463556289673
8200 0.05222519487142563
8210 0.040887873619794846
8220 0.0908721387386322
8230 0.06816419214010239
8240 0.06390732526779175
8250 0.051302675157785416
8260 0.04269320145249367
8270 0.05204879119992256
8280 0.046063605695962906
8290 0.04753418266773224
8300 0.07197386771440506
8310 0.05512449890375137
8320 0.04912467300891876
8330 0.04700612276792526
8340 0.044325053691864014
8350 0.07300420105457306
8360 0.03766201063990593
8370 0.03874187543988228
8380 0.06564410030841827
8390 0.0682036280632019
8400 0.03917901590466499
8410 0.043736036866903305
8420 0.04634853079915047
8430 0.03772522136569023
8440 0.043499525636434555
8450 0.06454382091760635
8460 0.05097439885139465
8470 0.073817677795887
8480 0.04800128936767578
8490 0.05227429047226906
8500 0.05254954844713211
len of cubelist:  20
Step:8500, Valid_Dice:0.8784855886388139
8510 0.05899384245276451
8520 0.048186786472797394
8530 0.1035757064819336
8540 0.058728065341711044
8550 0.05250857025384903
8560 0.06595660746097565
8570 0.05937715619802475
8580 0.05217630788683891
8590 0.04762972518801689
8600 0.05145689845085144
8610 0.04276525601744652
8620 0.050659194588661194
8630 0.04911181330680847
8640 0.03071633353829384
8650 0.03607182577252388
8660 0.03996036946773529
8670 0.05091094225645065
8680 0.04631180316209793
8690 0.038757696747779846
8700 0.0313420332968235
8710 0.04302899166941643
8720 0.04756889492273331
8730 0.06012025102972984
8740 0.06354507803916931
8750 0.047718871384859085
8760 0.07826942205429077
8770 0.03670748323202133
8780 0.06219886988401413
8790 0.048437170684337616
8800 0.031097766011953354
8810 0.04468782991170883
8820 0.04311951994895935
8830 0.06154794991016388
8840 0.04513679817318916
8850 0.04256252571940422
8860 0.08058524131774902
8870 0.04127967357635498
8880 0.04286904260516167
8890 0.07793107628822327
8900 0.06409206241369247
8910 0.05178793892264366
8920 0.02639429271221161
8930 0.05942075699567795
8940 0.053284525871276855
8950 0.047578033059835434
8960 0.043705232441425323
8970 0.045995958149433136
8980 0.05375417321920395
8990 0.08625029027462006
9000 0.03859759122133255
len of cubelist:  20
Step:9000, Valid_Dice:0.883382057948071
9010 0.04219861328601837
9020 0.030469147488474846
9030 0.0458652600646019
9040 0.06391861289739609
9050 0.03519528731703758
9060 0.03902989625930786
9070 0.03362758085131645
9080 0.04375454783439636
9090 0.06268633157014847
9100 0.027820955961942673
9110 0.06818730384111404
9120 0.043127208948135376
9130 0.0923926904797554
9140 0.0524742491543293
9150 0.060708872973918915
9160 0.044218871742486954
9170 0.03795081004500389
9180 0.07107891887426376
9190 0.05233454704284668
9200 0.050607830286026
9210 0.040616199374198914
9220 0.0746602714061737
9230 0.050365980714559555
9240 0.053168751299381256
9250 0.044645097106695175
9260 0.044115420430898666
9270 0.0451294481754303
9280 0.04194863885641098
9290 0.040784675627946854
9300 0.06353134661912918
9310 0.05318170785903931
9320 0.0451892614364624
9330 0.045485809445381165
9340 0.04145120456814766
9350 0.07994521409273148
9360 0.05533492937684059
9370 0.06623543798923492
9380 0.057929765433073044
9390 0.037947069853544235
9400 0.03346423804759979
9410 0.04224105924367905
9420 0.05136862024664879
9430 0.046732302755117416
9440 0.043733756989240646
9450 0.05653651803731918
9460 0.04663187265396118
9470 0.04185596480965614
9480 0.055238574743270874
9490 0.06609264761209488
9500 0.04201927408576012
len of cubelist:  20
Step:9500, Valid_Dice:0.8791572100120655
9510 0.041539426892995834
9520 0.07985444366931915
9530 0.04255225881934166
9540 0.05830882489681244
9550 0.06335041671991348
9560 0.0637841671705246
9570 0.06551974266767502
9580 0.05254100263118744
9590 0.047607552260160446
9600 0.049140796065330505
9610 0.04589547961950302
9620 0.06275642663240433
9630 0.04767509177327156
9640 0.03648907318711281
9650 0.05922893062233925
9660 0.04956305772066116
9670 0.0424615740776062
9680 0.048680298030376434
9690 0.03223293274641037
9700 0.0402599535882473
9710 0.05293261632323265
9720 0.04736136645078659
9730 0.07156642526388168
9740 0.04483150318264961
9750 0.06585689634084702
9760 0.04651553928852081
9770 0.03667360916733742
9780 0.03867573291063309
9790 0.04111895710229874
9800 0.06090385839343071
9810 0.041065409779548645
9820 0.044604260474443436
9830 0.04866599664092064
9840 0.0452527180314064
9850 0.04217775911092758
9860 0.05901952087879181
9870 0.058846455067396164
9880 0.03582492843270302
9890 0.0446486733853817
9900 0.045313652604818344
9910 0.05906171724200249
9920 0.07296133786439896
9930 0.07266654819250107
9940 0.13793031871318817
9950 0.0392582044005394
9960 0.05074533820152283
9970 0.05732739344239235
9980 0.04513624310493469
9990 0.05020793154835701
10000 0.05345740541815758
len of cubelist:  20
Step:10000, Valid_Dice:0.8812851167874625
10010 0.0549229234457016
10020 0.06093690171837807
10030 0.07855329662561417
10040 0.07204129546880722
10050 0.040059491991996765
10060 0.05260634794831276
10070 0.07259894162416458
10080 0.07650448381900787
10090 0.03586211055517197
10100 0.05244102701544762
10110 0.04197659716010094
10120 0.04106465354561806
10130 0.0488135926425457
10140 0.04255986586213112
10150 0.038608551025390625
10160 0.0766865685582161
10170 0.04508589953184128
10180 0.04669572785496712
10190 0.04152753949165344
10200 0.04238703474402428
10210 0.04728737846016884
10220 0.09965621680021286
10230 0.07675999402999878
10240 0.044872697442770004
10250 0.050038985908031464
10260 0.037041615694761276
10270 0.05808436870574951
10280 0.043649304658174515
10290 0.05796051025390625
10300 0.07941170036792755
10310 0.04906769469380379
10320 0.04620688036084175
10330 0.07374081760644913
10340 0.13624469935894012
10350 0.05340445414185524
10360 0.0534239262342453
10370 0.046646829694509506
10380 0.06114408001303673
10390 0.04591050371527672
10400 0.040279701352119446
10410 0.052161555737257004
10420 0.03990372270345688
10430 0.04440447315573692
10440 0.036571845412254333
10450 0.05723388120532036
10460 0.06527598947286606
10470 0.0496516115963459
10480 0.046829670667648315
10490 0.04254170134663582
10500 0.03186556696891785
len of cubelist:  20
Step:10500, Valid_Dice:0.8826612355816051
10510 0.04533602297306061
10520 0.04310666397213936
10530 0.06277942657470703
10540 0.048279013484716415
10550 0.05408409237861633
10560 0.05453455075621605
10570 0.06036590412259102
10580 0.058900829404592514
10590 0.04989684745669365
10600 0.0290074460208416
10610 0.0571429505944252
10620 0.05422890558838844
10630 0.0313945934176445
10640 0.0332394577562809
10650 0.052072279155254364
10660 0.06536171585321426
10670 0.047176964581012726
10680 0.04779863730072975
10690 0.04603201895952225
10700 0.050344180315732956
10710 0.03991241008043289
10720 0.039789680391550064
10730 0.05116620659828186
10740 0.045607514679431915
10750 0.05209137126803398
10760 0.04244329780340195
10770 0.058910828083753586
10780 0.07347013801336288
10790 0.07509159296751022
10800 0.050845928490161896
10810 0.04302078112959862
10820 0.046577099710702896
10830 0.05503908172249794
10840 0.04138462245464325
10850 0.049551140516996384
10860 0.0353386327624321
10870 0.05750744789838791
10880 0.04881711304187775
10890 0.04176386073231697
10900 0.05182614177465439
10910 0.040273625403642654
10920 0.0712067112326622
10930 0.05752655118703842
10940 0.056290607899427414
10950 0.05007224902510643
10960 0.05532005429267883
10970 0.06278420984745026
10980 0.045261286199092865
10990 0.06233308091759682
11000 0.03882506862282753
len of cubelist:  20
Step:11000, Valid_Dice:0.8780313719465545
11010 0.0600045882165432
11020 0.06747972965240479
11030 0.027543045580387115
11040 0.03392387181520462
11050 0.07559769600629807
11060 0.03470778092741966
11070 0.09463963657617569
11080 0.05613016337156296
11090 0.05129867047071457
11100 0.06482092291116714
11110 0.04383530467748642
11120 0.0715690329670906
11130 0.05971113219857216
11140 0.03977485001087189
11150 0.05040304362773895
11160 0.047142431139945984
11170 0.04519501328468323
11180 0.03328152745962143
11190 0.046927738934755325
11200 0.053211115300655365
11210 0.04395020753145218
11220 0.0441088005900383
11230 0.03996150940656662
11240 0.041347723454236984
11250 0.06287112087011337
11260 0.06821470707654953
11270 0.028698736801743507
11280 0.0675475001335144
11290 0.0481162928044796
11300 0.05148091912269592
11310 0.03901102393865585
11320 0.04250991344451904
11330 0.030515631660819054
11340 0.06789516657590866
11350 0.050146736204624176
11360 0.0604875311255455
11370 0.04829424247145653
11380 0.035783179104328156
11390 0.0397588312625885
11400 0.06040998548269272
11410 0.05698312819004059
11420 0.04649205505847931
11430 0.042163677513599396
11440 0.03556547313928604
11450 0.04852764308452606
11460 0.031872715801000595
11470 0.04161939397454262
11480 0.047281354665756226
11490 0.041340190917253494
11500 0.04267831891775131
len of cubelist:  20
Step:11500, Valid_Dice:0.8839509671319785
11510 0.046206410974264145
11520 0.05072137340903282
11530 0.050794102251529694
11540 0.07615996897220612
11550 0.04510605335235596
11560 0.05842026323080063
11570 0.05033811554312706
11580 0.046263694763183594
11590 0.05503483861684799
11600 0.0442444384098053
11610 0.06366291642189026
11620 0.035273343324661255
11630 0.04756025969982147
11640 0.057479918003082275
11650 0.04646557569503784
11660 0.041358526796102524
11670 0.05802622810006142
11680 0.04437607526779175
11690 0.058959972113370895
11700 0.034057505428791046
11710 0.07857067883014679
11720 0.05602779611945152
11730 0.027890902012586594
11740 0.055046629160642624
11750 0.037286385893821716
11760 0.039728883653879166
11770 0.05782239884138107
11780 0.0333651527762413
11790 0.04525453969836235
11800 0.05013780668377876
11810 0.03249102458357811
11820 0.04678109288215637
11830 0.051745813339948654
11840 0.0535193607211113
11850 0.05185224488377571
11860 0.06176440417766571
11870 0.05768434330821037
11880 0.05697529390454292
11890 0.05391737073659897
11900 0.03695293888449669
11910 0.049406975507736206
11920 0.04724705219268799
11930 0.047068361192941666
11940 0.0508909747004509
11950 0.038573380559682846
11960 0.044254887849092484
11970 0.047586169093847275
11980 0.04384833201766014
11990 0.04853568598628044
12000 0.0695333480834961
len of cubelist:  20
Step:12000, Valid_Dice:0.8829783586475394
12010 0.04238424450159073
12020 0.0502498559653759
12030 0.05467468127608299
12040 0.03528676554560661
12050 0.047329131513834
12060 0.05003703013062477
12070 0.04974696412682533
12080 0.051676586270332336
12090 0.06404521316289902
12100 0.05155188590288162
12110 0.07631774991750717
12120 0.04565912112593651
12130 0.07052486389875412
12140 0.05470050126314163
12150 0.024727603420615196
12160 0.04397345334291458
12170 0.04832258075475693
12180 0.04633544012904167
12190 0.054112620651721954
12200 0.0698927640914917
12210 0.060772381722927094
12220 0.03971472010016441
12230 0.03942383453249931
12240 0.054979655891656876
12250 0.04281887412071228
12260 0.051303815096616745
12270 0.10253934562206268
12280 0.08228333294391632
12290 0.03597646951675415
12300 0.0433586984872818
12310 0.03489432856440544
12320 0.05240502953529358
12330 0.05753272771835327
12340 0.06368732452392578
12350 0.06352350860834122
12360 0.04486598074436188
12370 0.05180925130844116
12380 0.05383322760462761
12390 0.041344109922647476
12400 0.0517127700150013
12410 0.0380411259829998
12420 0.0523371584713459
12430 0.04754878580570221
12440 0.06508057564496994
12450 0.035079870373010635
12460 0.041628845036029816
12470 0.050136830657720566
12480 0.049019042402505875
12490 0.04166284203529358
12500 0.04402277246117592
len of cubelist:  20
Step:12500, Valid_Dice:0.8762130803537511
12510 0.06571187824010849
12520 0.07623481750488281
12530 0.06455644220113754
12540 0.03758048266172409
12550 0.05305156111717224
12560 0.047030847519636154
12570 0.04375547915697098
12580 0.056980982422828674
12590 0.04510855674743652
12600 0.06432972848415375
12610 0.04233536869287491
12620 0.05315196514129639
12630 0.07888281345367432
12640 0.036740176379680634
12650 0.05184177681803703
12660 0.05803067609667778
12670 0.0490456260740757
12680 0.05057847872376442
12690 0.05151199921965599
12700 0.05419481173157692
12710 0.037790678441524506
12720 0.0445229671895504
12730 0.0404641330242157
12740 0.06373056769371033
12750 0.04303212836384773
12760 0.05213706195354462
12770 0.028592173010110855
12780 0.04567602649331093
12790 0.0873042568564415
12800 0.041900768876075745
12810 0.06138274073600769
12820 0.05863533914089203
12830 0.04584796726703644
12840 0.039396800100803375
12850 0.05055433511734009
12860 0.03848135098814964
12870 0.03349430114030838
12880 0.041002366691827774
12890 0.04614169895648956
12900 0.03988668695092201
12910 0.08379784971475601
12920 0.06427135318517685
12930 0.06596924364566803
12940 0.05410044640302658
12950 0.04317111149430275
12960 0.07546856999397278
12970 0.039990801364183426
12980 0.05724199116230011
12990 0.049271222203969955
13000 0.05460858717560768
len of cubelist:  20
Step:13000, Valid_Dice:0.8803390794124486
13010 0.03864365816116333
13020 0.04046768695116043
13030 0.09372226893901825
13040 0.05467601493000984
13050 0.10097987949848175
13060 0.04832056537270546
13070 0.05258907377719879
13080 0.05697765573859215
13090 0.06117447465658188
13100 0.06545180827379227
13110 0.04908353462815285
13120 0.05802714079618454
13130 0.03259943425655365
13140 0.035622723400592804
13150 0.039439667016267776
13160 0.047091010957956314
13170 0.04541538655757904
13180 0.03662024065852165
13190 0.04889310151338577
13200 0.03989095240831375
13210 0.057210881263017654
13220 0.0454673208296299
13230 0.03988449648022652
13240 0.049249209463596344
13250 0.0709385797381401
13260 0.05494959279894829
13270 0.04807288199663162
13280 0.06677649915218353
13290 0.055315662175416946
13300 0.04042622819542885
13310 0.0965886265039444
13320 0.035377223044633865
13330 0.040697477757930756
13340 0.05109540745615959
13350 0.0634397491812706
13360 0.03442047908902168
13370 0.05580902844667435
13380 0.04727274924516678
13390 0.0447097048163414
13400 0.04635169729590416
13410 0.03338835388422012
13420 0.055366430431604385
13430 0.031408123672008514
13440 0.04906477779150009
13450 0.047954123467206955
13460 0.04902995377779007
13470 0.04677881300449371
13480 0.057467687875032425
13490 0.05399731546640396
13500 0.06410985440015793
len of cubelist:  20
Step:13500, Valid_Dice:0.8798778381329916
13510 0.03823520243167877
13520 0.05273857340216637
13530 0.024453232064843178
13540 0.049034833908081055
13550 0.07851921021938324
13560 0.04826803132891655
13570 0.029605988413095474
13580 0.0730409026145935
13590 0.0452689528465271
13600 0.03716115653514862
13610 0.044899675995111465
13620 0.035461027175188065
13630 0.060300908982753754
13640 0.0346781387925148
13650 0.04876064881682396
13660 0.0565609484910965
13670 0.03867456689476967
13680 0.04261920973658562
13690 0.07582759857177734
13700 0.045646362006664276
13710 0.04270850494503975
13720 0.04372744634747505
13730 0.04831844940781593
13740 0.04248503968119621
13750 0.05143100768327713
13760 0.05117494985461235
13770 0.04153912514448166
13780 0.04953029379248619
13790 0.03588559478521347
13800 0.06191936135292053
13810 0.03819292038679123
13820 0.04048413038253784
13830 0.045846737921237946
13840 0.046694785356521606
13850 0.0489644892513752
13860 0.03810020908713341
13870 0.05152209475636482
13880 0.06345757097005844
13890 0.03843402862548828
13900 0.05355352908372879
13910 0.05144873633980751
13920 0.039829596877098083
13930 0.04353060945868492
13940 0.056717101484537125
13950 0.038153618574142456
13960 0.05201533064246178
13970 0.0725884884595871
13980 0.0385248102247715
13990 0.058440856635570526
14000 0.04733720421791077
len of cubelist:  20
Step:14000, Valid_Dice:0.8673497452560601
14010 0.0644572526216507
14020 0.047722477465867996
14030 0.039286863058805466
14040 0.0440121628344059
14050 0.03846829757094383
14060 0.044909246265888214
14070 0.05566491559147835
14080 0.05724729597568512
14090 0.05356317013502121
14100 0.045192088931798935
14110 0.03214360028505325
14120 0.047207240015268326
14130 0.03904583305120468
14140 0.12290581315755844
14150 0.037848375737667084
14160 0.06381256133317947
14170 0.052308935672044754
14180 0.050451360642910004
14190 0.048021234571933746
14200 0.0525166392326355
14210 0.044615738093853
14220 0.052612852305173874
14230 0.06607437878847122
14240 0.03673895448446274
14250 0.04155677929520607
14260 0.04992666095495224
14270 0.077126145362854
14280 0.05573420971632004
14290 0.058764781802892685
14300 0.03114614635705948
14310 0.0498606339097023
14320 0.023891128599643707
14330 0.04812251403927803
14340 0.05913526564836502
14350 0.057715076953172684
14360 0.04142773896455765
14370 0.04040523245930672
14380 0.04163962975144386
14390 0.03840593993663788
14400 0.04268826171755791
14410 0.034216783940792084
14420 0.03484589233994484
14430 0.047832947224378586
14440 0.03914764150977135
14450 0.05074946954846382
14460 0.0332154706120491
14470 0.04004397615790367
14480 0.06297911703586578
14490 0.05845984071493149
14500 0.047515228390693665
len of cubelist:  20
Step:14500, Valid_Dice:0.8852261857431788
14510 0.049444157630205154
14520 0.05204420164227486
14530 0.08079257607460022
14540 0.04743625968694687
14550 0.05036866292357445
14560 0.049023497849702835
14570 0.052205078303813934
14580 0.04845770448446274
14590 0.04732325300574303
14600 0.05403811112046242
14610 0.03341858834028244
14620 0.045119185000658035
14630 0.06332675367593765
14640 0.045460183173418045
14650 0.09952006489038467
14660 0.05713654309511185
14670 0.036252617835998535
14680 0.07327050715684891
14690 0.047225043177604675
14700 0.0681317150592804
14710 0.05588521063327789
14720 0.04872966930270195
14730 0.02791452594101429
14740 0.04774856939911842
14750 0.031014300882816315
14760 0.061395689845085144
14770 0.05122314393520355
14780 0.07272721081972122
14790 0.04230023920536041
14800 0.04681047424674034
14810 0.035016197711229324
14820 0.052537720650434494
14830 0.04695594683289528
14840 0.035653386265039444
14850 0.04401378333568573
14860 0.0534406378865242
14870 0.05198901891708374
14880 0.053625915199518204
14890 0.05709705129265785
14900 0.04225068911910057
14910 0.04147230088710785
14920 0.043574657291173935
14930 0.056225597858428955
14940 0.11262021213769913
14950 0.04519641026854515
14960 0.05067875236272812
14970 0.078467957675457
14980 0.05190877616405487
14990 0.030480990186333656
15000 0.059726908802986145
len of cubelist:  20
Step:15000, Valid_Dice:0.8852101714827191
15010 0.04410646855831146
15020 0.05949730798602104
15030 0.0479336641728878
15040 0.06869775801897049
15050 0.04996920004487038
15060 0.042665548622608185
15070 0.042216308414936066
15080 0.04683643952012062
15090 0.05327169969677925
15100 0.046658795326948166
15110 0.04536360502243042
15120 0.04831907898187637
15130 0.04184102639555931
15140 0.03139423951506615
15150 0.0382554829120636
15160 0.05590534582734108
15170 0.04039286449551582
15180 0.0430571585893631
15190 0.04609367623925209
15200 0.042842209339141846
15210 0.04119187965989113
15220 0.059779200702905655
15230 0.06372598558664322
15240 0.0501762330532074
15250 0.06947404891252518
15260 0.04699978604912758
15270 0.048630405217409134
15280 0.04217112064361572
15290 0.05196351185441017
15300 0.04752446338534355
15310 0.04469272494316101
15320 0.054260436445474625
15330 0.04942421242594719
15340 0.05007544532418251
15350 0.039277512580156326
15360 0.04462509974837303
15370 0.046279773116111755
15380 0.04585928097367287
15390 0.04922888055443764
15400 0.039136238396167755
15410 0.04505220428109169
15420 0.05503808706998825
15430 0.04140568897128105
15440 0.045650165528059006
15450 0.06102821230888367
15460 0.05793913081288338
15470 0.05564422160387039
15480 0.04733869805932045
15490 0.03615003451704979
15500 0.04849822446703911
len of cubelist:  20
Step:15500, Valid_Dice:0.884202737207262
15510 0.03184640035033226
15520 0.04915117099881172
15530 0.03687601909041405
15540 0.03968055918812752
15550 0.04990721493959427
15560 0.05431365966796875
15570 0.050281424075365067
15580 0.06372765451669693
15590 0.03584384545683861
15600 0.039523087441921234
15610 0.04656160995364189
15620 0.0468139722943306
15630 0.06360118091106415
15640 0.03711751103401184
15650 0.041187215596437454
15660 0.055721864104270935
15670 0.04093332961201668
15680 0.04392107203602791
15690 0.037348948419094086
15700 0.05085271596908569
15710 0.03295883908867836
15720 0.039712172001600266
15730 0.03753313422203064
15740 0.03676382452249527
15750 0.042315129190683365
15760 0.06572259217500687
15770 0.054940301924943924
15780 0.04669284448027611
15790 0.05605771392583847
15800 0.050139036029577255
15810 0.04229799658060074
15820 0.040696632117033005
15830 0.04211624711751938
15840 0.04252435266971588
15850 0.04801202192902565
15860 0.045590486377477646
15870 0.06612953543663025
15880 0.051883623003959656
15890 0.04038914293050766
15900 0.05075381323695183
15910 0.03764014691114426
15920 0.040986187756061554
15930 0.043377675116062164
15940 0.03678110986948013
15950 0.04046553000807762
15960 0.06029625982046127
15970 0.06555602699518204
15980 0.027348801493644714
15990 0.041076838970184326
16000 0.05048123747110367
len of cubelist:  20
Step:16000, Valid_Dice:0.8814855776339299
16010 0.03714849427342415
16020 0.05340348556637764
16030 0.06334920972585678
16040 0.057845428586006165
16050 0.029157720506191254
16060 0.05741065740585327
16070 0.040298402309417725
16080 0.05106924846768379
16090 0.04780977964401245
16100 0.043146781623363495
16110 0.04244733974337578
16120 0.06503608822822571
16130 0.04738057032227516
16140 0.043858032673597336
16150 0.04853973537683487
16160 0.055955834686756134
16170 0.06040562689304352
16180 0.03885312378406525
16190 0.05127190053462982
16200 0.06409333646297455
16210 0.05244291201233864
16220 0.04551507905125618
16230 0.02998809516429901
16240 0.03517415374517441
16250 0.06301534175872803
16260 0.0671265497803688
16270 0.037366319447755814
16280 0.034128010272979736
16290 0.048293616622686386
16300 0.03818642348051071
16310 0.049508146941661835
16320 0.052720386534929276
16330 0.03029218688607216
16340 0.06953469663858414
16350 0.04841044172644615
16360 0.07150287181138992
16370 0.037323806434869766
16380 0.049236103892326355
16390 0.040481310337781906
16400 0.05000816658139229
16410 0.042816076427698135
16420 0.03193453326821327
16430 0.042909443378448486
16440 0.04656437784433365
16450 0.047838594764471054
16460 0.06969568133354187
16470 0.040404465049505234
16480 0.044712603092193604
16490 0.06268902868032455
16500 0.0399710014462471
len of cubelist:  20
Step:16500, Valid_Dice:0.8799769157830877
16510 0.04450969025492668
16520 0.021263565868139267
16530 0.049415260553359985
16540 0.06091458722949028
16550 0.0389702133834362
16560 0.05522841960191727
16570 0.05063574016094208
16580 0.03952321782708168
16590 0.05255255848169327
16600 0.05637997388839722
16610 0.06904449313879013
16620 0.04100390896201134
16630 0.058130308985710144
16640 0.06250639259815216
16650 0.05675077065825462
16660 0.05865534022450447
16670 0.05649915710091591
16680 0.04424174129962921
16690 0.05146973952651024
16700 0.046562209725379944
16710 0.046052370220422745
16720 0.04362191632390022
16730 0.07613975554704666
16740 0.0527060367166996
16750 0.06267515569925308
16760 0.04153483733534813
16770 0.036152612417936325
16780 0.03735104203224182
16790 0.028441326692700386
16800 0.05785718932747841
16810 0.06029719114303589
16820 0.02733813412487507
16830 0.04150687903165817
16840 0.05798231065273285
16850 0.04618530347943306
16860 0.038436662405729294
16870 0.04676724225282669
16880 0.040398091077804565
16890 0.04529301077127457
16900 0.07482580840587616
16910 0.041744258254766464
16920 0.041408173739910126
16930 0.0546259768307209
16940 0.0379047654569149
16950 0.01856532320380211
16960 0.047571782022714615
16970 0.041880931705236435
16980 0.049845002591609955
16990 0.04141390696167946
17000 0.03882640227675438
len of cubelist:  20
Step:17000, Valid_Dice:0.8839323799641953
17010 0.07810788601636887
17020 0.031605225056409836
17030 0.0546037033200264
17040 0.07908479124307632
17050 0.043010685592889786
17060 0.04797372221946716
17070 0.03774425759911537
17080 0.04973646253347397
17090 0.048713747411966324
17100 0.037341583520174026
17110 0.05807094648480415
17120 0.06113429740071297
17130 0.11299670487642288
17140 0.051839929074048996
17150 0.06426801532506943
17160 0.04601603001356125
17170 0.029929980635643005
17180 0.04261971637606621
17190 0.041081853210926056
17200 0.04159447178244591
17210 0.06075906381011009
17220 0.03957205265760422
17230 0.040294792503118515
17240 0.047602951526641846
17250 0.024167679250240326
17260 0.030839992687106133
17270 0.052071765065193176
17280 0.035839349031448364
17290 0.1004779264330864
17300 0.05787014588713646
17310 0.05130784958600998
17320 0.03294974938035011
17330 0.047990161925554276
17340 0.037591081112623215
17350 0.06277481466531754
17360 0.05518116429448128
17370 0.10331645607948303
17380 0.03549885377287865
17390 0.039341218769550323
17400 0.05769273638725281
17410 0.0404990129172802
17420 0.04908984899520874
17430 0.04179605469107628
17440 0.05310233682394028
17450 0.04586608707904816
17460 0.04712412878870964
17470 0.05332956463098526
17480 0.060509875416755676
17490 0.06444660574197769
17500 0.05349872261285782
len of cubelist:  20
Step:17500, Valid_Dice:0.8876411842325211
17510 0.04730915650725365
17520 0.03987215459346771
17530 0.08417433500289917
17540 0.04742780700325966
17550 0.05985713005065918
17560 0.035874854773283005
17570 0.05930010974407196
17580 0.041364409029483795
17590 0.05633296072483063
17600 0.04094097763299942
17610 0.04150104895234108
17620 0.03140364959836006
17630 0.045960307121276855
17640 0.0659017488360405
17650 0.03755796700716019
17660 0.03740508481860161
17670 0.04456959292292595
17680 0.060240138322114944
17690 0.05241392180323601
17700 0.031523026525974274
17710 0.034568849951028824
17720 0.03358850255608559
17730 0.05329858511686325
17740 0.047286372631788254
17750 0.04477803781628609
17760 0.05033711716532707
17770 0.03973259776830673
17780 0.036885619163513184
17790 0.04310774430632591
17800 0.038491278886795044
17810 0.048305999487638474
17820 0.053812816739082336
17830 0.03581959381699562
17840 0.034074049443006516
17850 0.04657118394970894
17860 0.03627310320734978
17870 0.04607542231678963
17880 0.052852775901556015
17890 0.05415375903248787
17900 0.05088421702384949
17910 0.03940402343869209
17920 0.043757978826761246
17930 0.069041907787323
17940 0.045391716063022614
17950 0.028368066996335983
17960 0.06520462781190872
17970 0.04479449987411499
17980 0.05718063935637474
17990 0.041543200612068176
18000 0.04422635957598686
len of cubelist:  20
Step:18000, Valid_Dice:0.8840794216755228
18010 0.046637363731861115
18020 0.036054033786058426
18030 0.10083457827568054
18040 0.05022655054926872
18050 0.03652428835630417
18060 0.08009850978851318
18070 0.04260189086198807
18080 0.042279839515686035
18090 0.04985007271170616
18100 0.050935398787260056
18110 0.021557364612817764
18120 0.0358845517039299
18130 0.03865038976073265
18140 0.047405537217855453
18150 0.040259379893541336
18160 0.05278089642524719
18170 0.06620439141988754
18180 0.06566859781742096
18190 0.03823061287403107
18200 0.0680096447467804
18210 0.08999666571617126
18220 0.03609451279044151
18230 0.051192764192819595
18240 0.058052320033311844
18250 0.048862606287002563
18260 0.041249945759773254
18270 0.036218516528606415
18280 0.032910026609897614
18290 0.05339774116873741
18300 0.043153777718544006
18310 0.05380675196647644
18320 0.051223937422037125
18330 0.0478096604347229
18340 0.03597011789679527
18350 0.0383722260594368
18360 0.04667001962661743
18370 0.034718919545412064
18380 0.060785166919231415
18390 0.05963049456477165
18400 0.04395994171500206
18410 0.05382926017045975
18420 0.041750963777303696
18430 0.049162738025188446
18440 0.044942088425159454
18450 0.027863074094057083
18460 0.03395307436585426
18470 0.03910890966653824
18480 0.03673335909843445
18490 0.035802680999040604
18500 0.044296618551015854
len of cubelist:  20
Step:18500, Valid_Dice:0.8847019150670855
18510 0.04111495241522789
18520 0.037728991359472275
18530 0.03908640518784523
18540 0.0557226687669754
18550 0.040414296090602875
18560 0.0456664003431797
18570 0.02830190397799015
18580 0.047283366322517395
18590 0.04685739800333977
18600 0.04833601787686348
18610 0.045295752584934235
18620 0.045323438942432404
18630 0.05150756984949112
18640 0.049014437943696976
18650 0.03619571030139923
18660 0.03414808213710785
18670 0.04624650999903679
18680 0.04300844296813011
18690 0.0522078201174736
18700 0.04319100081920624
18710 0.062930628657341
18720 0.04230065271258354
18730 0.032104991376399994
18740 0.04846184328198433
18750 0.042790159583091736
18760 0.039846599102020264
18770 0.04135292395949364
18780 0.05278471112251282
18790 0.04125158116221428
18800 0.046065568923950195
18810 0.03849204629659653
18820 0.055930137634277344
18830 0.049099165946245193
18840 0.029942668974399567
18850 0.06672663241624832
18860 0.055060673505067825
18870 0.05107026919722557
18880 0.0528293214738369
18890 0.045767705887556076
18900 0.04392686113715172
18910 0.0445382222533226
18920 0.04593654349446297
18930 0.043405067175626755
18940 0.053933680057525635
18950 0.030817653983831406
18960 0.0733477920293808
18970 0.07932133972644806
18980 0.03693027421832085
18990 0.03943730518221855
19000 0.05134034901857376
len of cubelist:  20
Step:19000, Valid_Dice:0.8817291562576862
19010 0.0513552725315094
19020 0.055388450622558594
19030 0.04861094802618027
19040 0.026941902935504913
19050 0.04020337387919426
19060 0.03850322589278221
19070 0.04393317922949791
19080 0.03194090723991394
19090 0.051582276821136475
19100 0.03090464510023594
19110 0.03967824950814247
19120 0.043559033423662186
19130 0.0608396902680397
19140 0.05280230566859245
19150 0.04471455514431
19160 0.039739105850458145
19170 0.05658159777522087
19180 0.04204966500401497
19190 0.04457384720444679
19200 0.05005757510662079
19210 0.03998696058988571
19220 0.0749458596110344
19230 0.04923444986343384
19240 0.02434435486793518
19250 0.04564375430345535
19260 0.04751702770590782
19270 0.04170197620987892
19280 0.04923251271247864
19290 0.044946618378162384
19300 0.034442346543073654
19310 0.044877927750349045
19320 0.04814007505774498
19330 0.060707513242959976
19340 0.056159790605306625
19350 0.039385754615068436
19360 0.04799683019518852
19370 0.028470400720834732
19380 0.05075351521372795
19390 0.06531520932912827
19400 0.0414373017847538
19410 0.05250941216945648
19420 0.04882952943444252
19430 0.04751920327544212
19440 0.05432681366801262
19450 0.05803601071238518
19460 0.06452566385269165
19470 0.03629312664270401
19480 0.04231107234954834
19490 0.050798188894987106
19500 0.04606882482767105
len of cubelist:  20
Step:19500, Valid_Dice:0.8861088028506808
19510 0.03937002643942833
19520 0.03472136706113815
19530 0.04458038508892059
19540 0.04555876925587654
19550 0.035627659410238266
19560 0.034689366817474365
19570 0.04236222058534622
19580 0.06263822317123413
19590 0.033707231283187866
19600 0.037294600158929825
19610 0.02921503596007824
19620 0.07139338552951813
19630 0.07425156235694885
19640 0.053222913295030594
19650 0.052215129137039185
19660 0.05422903969883919
19670 0.053618159145116806
19680 0.06536546349525452
19690 0.04321548715233803
19700 0.03784864395856857
19710 0.051878541707992554
19720 0.06506206095218658
19730 0.05936461314558983
19740 0.037660859525203705
19750 0.05565101280808449
19760 0.055447377264499664
19770 0.04929778352379799
19780 0.04128319025039673
19790 0.07690907269716263
19800 0.04026959091424942
19810 0.04194129630923271
19820 0.037329528480768204
19830 0.052286189049482346
19840 0.046470098197460175
19850 0.03971647471189499
19860 0.05571281909942627
19870 0.04982740432024002
19880 0.025776373222470284
19890 0.05080018565058708
19900 0.04724286496639252
19910 0.03575257584452629
19920 0.04596159979701042
19930 0.06314978003501892
19940 0.03180777654051781
19950 0.05771294981241226
19960 0.07138241082429886
19970 0.04315732419490814
19980 0.0409812293946743
19990 0.06773405522108078
20000 0.05668250843882561
len of cubelist:  20
Step:20000, Valid_Dice:0.8875558564421041
20010 0.04354157671332359
20020 0.04317277669906616
20030 0.0446840338408947
20040 0.052428606897592545
20050 0.04152930527925491
20060 0.04286056011915207
20070 0.045705169439315796
20080 0.03645339235663414
20090 0.04035848379135132
20100 0.040149036794900894
20110 0.041626349091529846
20120 0.03656597435474396
20130 0.04698072001338005
20140 0.040609318763017654
20150 0.04235474392771721
20160 0.04967036098241806
20170 0.049090683460235596
20180 0.047942519187927246
20190 0.03598421812057495
20200 0.0472262017428875
20210 0.049153588712215424
20220 0.056355781853199005
20230 0.046928368508815765
20240 0.0477437898516655
20250 0.046160608530044556
20260 0.03254510462284088
20270 0.03400203958153725
20280 0.06412103027105331
20290 0.04503394663333893
20300 0.046273961663246155
20310 0.049986112862825394
20320 0.04201579838991165
20330 0.047932218760252
20340 0.07262550294399261
20350 0.039318058639764786
20360 0.04578946530818939
20370 0.046095263212919235
20380 0.0640067607164383
20390 0.04785335436463356
20400 0.04540381208062172
20410 0.04347285255789757
20420 0.034013744443655014
20430 0.05542546883225441
20440 0.04813436046242714
20450 0.07277020812034607
20460 0.04475601762533188
20470 0.04282769560813904
20480 0.05002252012491226
20490 0.03951660171151161
20500 0.03370669484138489
len of cubelist:  20
Step:20500, Valid_Dice:0.8870764201200128
20510 0.05385373532772064
20520 0.0735064446926117
20530 0.035420164465904236
20540 0.052833251655101776
20550 0.03744380921125412
20560 0.04966999962925911
20570 0.05224468559026718
20580 0.04629336670041084
20590 0.05522747337818146
20600 0.06275975704193115
20610 0.0748617947101593
20620 0.04344881698489189
20630 0.029321933165192604
20640 0.041838422417640686
20650 0.05365351587533951
20660 0.03187995404005051
20670 0.05469169840216637
20680 0.03678685799241066
20690 0.05187958478927612
20700 0.06254321336746216
20710 0.030434295535087585
20720 0.06093784049153328
20730 0.06897778064012527
20740 0.036089420318603516
20750 0.0413224883377552
20760 0.04619098827242851
20770 0.051233164966106415
20780 0.05421825498342514
20790 0.03492393344640732
20800 0.043243054300546646
20810 0.03407031297683716
20820 0.0738874301314354
20830 0.04688253626227379
20840 0.028955582529306412
20850 0.051110655069351196
20860 0.040822308510541916
20870 0.06891708076000214
20880 0.06629576534032822
20890 0.039726294577121735
20900 0.04081497713923454
20910 0.05569407343864441
20920 0.04656922444701195
20930 0.03963508829474449
20940 0.03944934532046318
20950 0.062323588877916336
20960 0.05198889225721359
20970 0.048403918743133545
20980 0.05131315439939499
20990 0.03534867614507675
21000 0.0567295178771019
len of cubelist:  20
Step:21000, Valid_Dice:0.886772856017472
21010 0.03827762231230736
21020 0.058711517602205276
21030 0.05109588801860809
21040 0.042864326387643814
21050 0.05590210109949112
21060 0.05810859426856041
21070 0.053276050835847855
21080 0.04810186102986336
21090 0.050226807594299316
21100 0.05399777367711067
21110 0.061830323189496994
21120 0.033406276255846024
21130 0.047553449869155884
21140 0.048169489949941635
21150 0.0481107197701931
21160 0.04017949849367142
21170 0.04570185765624046
21180 0.05670177564024925
21190 0.03305928781628609
21200 0.04651692137122154
21210 0.04922010377049446
21220 0.053285591304302216
21230 0.0479244701564312
21240 0.04504772648215294
21250 0.06706031411886215
21260 0.04945887625217438
21270 0.06696265935897827
21280 0.036194995045661926
21290 0.04812416434288025
21300 0.05796757712960243
21310 0.03809720277786255
21320 0.030783329159021378
21330 0.03124798648059368
21340 0.059671033173799515
21350 0.04678346589207649
21360 0.053320325911045074
21370 0.03504219278693199
21380 0.03698718920350075
21390 0.04613305628299713
21400 0.03621504455804825
21410 0.05585046857595444
21420 0.047536175698041916
21430 0.05588741600513458
21440 0.03244610130786896
21450 0.044911134988069534
21460 0.03528984263539314
21470 0.04149250313639641
21480 0.04019807279109955
21490 0.0305035337805748
21500 0.04554755985736847
len of cubelist:  20
Step:21500, Valid_Dice:0.8837902267068566
21510 0.06564009934663773
21520 0.04691651463508606
21530 0.05026386305689812
21540 0.047326188534498215
21550 0.03322427719831467
21560 0.05136336758732796
21570 0.04676622152328491
21580 0.03845321387052536
21590 0.05537891387939453
21600 0.05260083079338074
21610 0.03807882219552994
21620 0.03508065268397331
21630 0.03533430024981499
21640 0.03900018334388733
21650 0.048150163143873215
21660 0.04889760538935661
21670 0.04560226574540138
21680 0.05698397755622864
21690 0.04617001488804817
21700 0.05857774615287781
21710 0.037310246378183365
21720 0.05557193607091904
21730 0.042925819754600525
21740 0.052027374505996704
21750 0.04942904785275459
21760 0.03750962018966675
21770 0.05017159506678581
21780 0.0263514406979084
21790 0.06348135322332382
21800 0.06167784333229065
21810 0.04762494936585426
21820 0.05101071298122406
21830 0.03989234194159508
21840 0.0445624515414238
21850 0.025897754356265068
21860 0.04841943830251694
21870 0.03771631792187691
21880 0.03830491006374359
21890 0.0489647351205349
21900 0.04830844700336456
21910 0.04217123985290527
21920 0.04071682319045067
21930 0.03637794032692909
21940 0.03646847978234291
21950 0.08156690746545792
21960 0.050840526819229126
21970 0.05096524953842163
21980 0.034984298050403595
21990 0.038718122988939285
22000 0.0449877567589283
len of cubelist:  20
Step:22000, Valid_Dice:0.881793059080531
22010 0.04704174026846886
22020 0.03207678347826004
22030 0.03771108388900757
22040 0.06152653694152832
22050 0.06625375896692276
22060 0.033885326236486435
22070 0.03919932246208191
22080 0.04021003842353821
22090 0.04994262009859085
22100 0.037466783076524734
22110 0.05125913769006729
22120 0.05149582400918007
22130 0.03137950599193573
22140 0.040875568985939026
22150 0.037570852786302567
22160 0.04980022460222244
22170 0.04494559019804001
22180 0.048557087779045105
22190 0.03732069581747055
22200 0.03211020678281784
22210 0.044558338820934296
22220 0.03829161450266838
22230 0.05984996259212494
22240 0.04409479722380638
22250 0.04097000136971474
22260 0.036894943565130234
22270 0.04773269221186638
22280 0.04359368607401848
22290 0.03477216139435768
22300 0.0804227963089943
22310 0.044090405106544495
22320 0.07532163709402084
22330 0.030257685109972954
22340 0.03345804661512375
22350 0.04135837405920029
22360 0.035823967307806015
22370 0.06244981661438942
22380 0.048341892659664154
22390 0.043938010931015015
22400 0.06226205453276634
22410 0.0603518970310688
22420 0.03930693492293358
22430 0.030256114900112152
22440 0.042685944586992264
22450 0.03899600729346275
22460 0.04245869070291519
22470 0.04869341850280762
22480 0.05018562451004982
22490 0.04058939963579178
22500 0.05665593221783638
len of cubelist:  20
Step:22500, Valid_Dice:0.8872990432073751
22510 0.04858233779668808
22520 0.03799578174948692
22530 0.029990408569574356
22540 0.041781678795814514
22550 0.050759270787239075
22560 0.037271980196237564
22570 0.04809337854385376
22580 0.04029800742864609
22590 0.06539586931467056
22600 0.04078979417681694
22610 0.039762746542692184
22620 0.049389902502298355
22630 0.03503851965069771
22640 0.03488179296255112
22650 0.05550048127770424
22660 0.04413734748959541
22670 0.06455983221530914
22680 0.038390446454286575
22690 0.0654863491654396
22700 0.03896748274564743
22710 0.04579124227166176
22720 0.05950849503278732
22730 0.045644719153642654
22740 0.03885577991604805
22750 0.05210170894861221
22760 0.04856214299798012
22770 0.060306958854198456
22780 0.04332506284117699
22790 0.03942291811108589
22800 0.06971081346273422
22810 0.0568448044359684
22820 0.04731004685163498
22830 0.044681794941425323
22840 0.04128112271428108
22850 0.06642309576272964
22860 0.029353545978665352
22870 0.050417669117450714
22880 0.045105982571840286
22890 0.0735832005739212
22900 0.04514509439468384
22910 0.03750913217663765
22920 0.04531233012676239
22930 0.03734498471021652
22940 0.04511459171772003
22950 0.04831613972783089
22960 0.030723867937922478
22970 0.07444935292005539
22980 0.05741705372929573
22990 0.06702864170074463
23000 0.05144011974334717
len of cubelist:  20
Step:23000, Valid_Dice:0.8855509159271902
23010 0.047425150871276855
23020 0.054076988250017166
23030 0.029868124052882195
23040 0.044292252510786057
23050 0.046247340738773346
23060 0.043958891183137894
23070 0.04048236832022667
23080 0.03202971816062927
23090 0.04408056661486626
23100 0.06387116014957428
23110 0.036257293075323105
23120 0.04651511833071709
23130 0.032364849001169205
23140 0.05587408319115639
23150 0.031025290489196777
23160 0.053491998463869095
23170 0.060601554811000824
23180 0.048941075801849365
23190 0.04409866780042648
23200 0.05240454897284508
23210 0.03928127512335777
23220 0.04214286059141159
23230 0.03605547919869423
23240 0.09442224353551865
23250 0.04260752722620964
23260 0.037311721593141556
23270 0.053886815905570984
23280 0.036432575434446335
23290 0.047165397554636
23300 0.04392251744866371
23310 0.0382276214659214
23320 0.046864062547683716
23330 0.05125373601913452
23340 0.05445842444896698
23350 0.027207592502236366
23360 0.0604671947658062
23370 0.04834843799471855
23380 0.026435546576976776
23390 0.04759036377072334
23400 0.05133036524057388
23410 0.03770022466778755
23420 0.059659477323293686
23430 0.0425431951880455
23440 0.04206070676445961
23450 0.04840988665819168
23460 0.05713368579745293
23470 0.05260542780160904
23480 0.07200314849615097
23490 0.04636743664741516
23500 0.05081174522638321
len of cubelist:  20
Step:23500, Valid_Dice:0.8819820323381746
23510 0.05079050362110138
23520 0.049982521682977676
23530 0.02981579676270485
23540 0.04142894223332405
23550 0.03651771321892738
23560 0.05232676863670349
23570 0.06547828018665314
23580 0.05852126330137253
23590 0.04198485240340233
23600 0.029322924092411995
23610 0.03557824715971947
23620 0.04820171371102333
23630 0.0565420426428318
23640 0.0374617800116539
23650 0.0737549439072609
23660 0.04854954406619072
23670 0.04782312363386154
23680 0.09293971955776215
23690 0.04969603940844536
23700 0.04845703765749931
23710 0.062043849378824234
23720 0.059581536799669266
23730 0.06596929579973221
23740 0.05551745742559433
23750 0.040566712617874146
23760 0.041217438876628876
23770 0.0307015310972929
23780 0.053941283375024796
23790 0.03627632558345795
23800 0.04815598204731941
23810 0.034294307231903076
23820 0.032217592000961304
23830 0.04040192812681198
23840 0.04945960268378258
23850 0.05373280495405197
23860 0.02914765663444996
23870 0.04489023983478546
23880 0.05764045566320419
23890 0.04450073465704918
23900 0.047906871885061264
23910 0.03702232241630554
23920 0.03613460436463356
23930 0.028392955660820007
23940 0.03386658802628517
23950 0.061177272349596024
23960 0.03560665249824524
23970 0.04086625203490257
23980 0.04043315723538399
23990 0.04868577420711517
24000 0.060312915593385696
len of cubelist:  20
Step:24000, Valid_Dice:0.8842879455860393
24010 0.04255303740501404
24020 0.03833461180329323
24030 0.04294428601861
24040 0.03352827951312065
24050 0.05101028084754944
24060 0.0344243086874485
24070 0.04866008833050728
24080 0.03617722541093826
24090 0.040120311081409454
24100 0.04459979385137558
24110 0.035315051674842834
24120 0.03987371176481247
24130 0.04289058595895767
24140 0.051026809960603714
24150 0.042155176401138306
24160 0.0498867928981781
24170 0.0527498722076416
24180 0.033418964594602585
24190 0.045836932957172394
24200 0.03059203177690506
24210 0.024368399754166603
24220 0.050179094076156616
24230 0.06578517705202103
24240 0.04857751354575157
24250 0.056802134960889816
24260 0.04398961737751961
24270 0.0563584603369236
24280 0.03383058309555054
24290 0.04981463775038719
24300 0.03378163278102875
24310 0.03415633365511894
24320 0.050250206142663956
24330 0.04657486081123352
24340 0.04298076406121254
24350 0.03432566672563553
24360 0.050931885838508606
24370 0.038152631372213364
24380 0.054862696677446365
24390 0.03315485268831253
24400 0.02962389588356018
24410 0.05231684446334839
24420 0.03818616271018982
24430 0.046248577535152435
24440 0.0354384109377861
24450 0.03430595621466637
24460 0.04865175113081932
24470 0.04918481782078743
24480 0.04297487437725067
24490 0.05305100232362747
24500 0.026066333055496216
len of cubelist:  20
Step:24500, Valid_Dice:0.8881064714518215
24510 0.06114528328180313
24520 0.038464613258838654
24530 0.041079260408878326
24540 0.033323124051094055
24550 0.04442622512578964
24560 0.04098266735672951
24570 0.05267442762851715
24580 0.05146398767828941
24590 0.036850426346063614
24600 0.042445600032806396
24610 0.0629642978310585
24620 0.0593583919107914
24630 0.034919723868370056
24640 0.04902470111846924
24650 0.0288852509111166
24660 0.07161790132522583
24670 0.038771700114011765
24680 0.049931302666664124
24690 0.04058588296175003
24700 0.05297516658902168
24710 0.04029896855354309
24720 0.061726804822683334
24730 0.04115847125649452
24740 0.03800103813409805
24750 0.061718590557575226
24760 0.048862751573324203
24770 0.04916415736079216
24780 0.036340001970529556
24790 0.034484174102544785
24800 0.037508539855480194
24810 0.05215882509946823
24820 0.04042791202664375
24830 0.04918000474572182
24840 0.04768528416752815
24850 0.036074958741664886
24860 0.033488813787698746
24870 0.03688468039035797
24880 0.054463744163513184
24890 0.03284882381558418
24900 0.05850021913647652
24910 0.05613422766327858
24920 0.039277661591768265
24930 0.049237728118896484
24940 0.1049816757440567
24950 0.03747550770640373
24960 0.03533637151122093
24970 0.08459822088479996
24980 0.055413868278265
24990 0.03165723383426666
25000 0.03598307445645332
len of cubelist:  20
Step:25000, Valid_Dice:0.8866620011368351
25010 0.041064247488975525
25020 0.03829776495695114
25030 0.039678338915109634
25040 0.032150693237781525
25050 0.05753102898597717
25060 0.04361558333039284
25070 0.030021414160728455
25080 0.0471486933529377
25090 0.07660193741321564
25100 0.04328130930662155
25110 0.04375602304935455
25120 0.04371478781104088
25130 0.03312339633703232
25140 0.045644860714673996
25150 0.050776463001966476
25160 0.06357751786708832
25170 0.036791857331991196
25180 0.05813254415988922
25190 0.04585404694080353
25200 0.050492726266384125
25210 0.05246638134121895
25220 0.047127313911914825
25230 0.057923197746276855
25240 0.037562962621450424
25250 0.04555647447705269
25260 0.03191925957798958
25270 0.05305895954370499
25280 0.060527294874191284
25290 0.04330325499176979
25300 0.05421026796102524
25310 0.05513891577720642
25320 0.07082069665193558
25330 0.03631176799535751
25340 0.050473857671022415
25350 0.039585307240486145
25360 0.049560729414224625
25370 0.045086707919836044
25380 0.045504502952098846
25390 0.0377902016043663
25400 0.054140355437994
25410 0.03224429488182068
25420 0.04361315444111824
25430 0.044252995401620865
25440 0.05083012580871582
25450 0.04551849514245987
25460 0.06653354316949844
25470 0.03735985606908798
25480 0.051552966237068176
25490 0.03469080477952957
25500 0.0328749343752861
len of cubelist:  20
Step:25500, Valid_Dice:0.8875812235128704
25510 0.0545165054500103
25520 0.0452396459877491
25530 0.04453727975487709
25540 0.04880831390619278
25550 0.03914949670433998
25560 0.03388838469982147
25570 0.04000897333025932
25580 0.040371790528297424
25590 0.03350810706615448
25600 0.025763852521777153
25610 0.03274419158697128
25620 0.0446246936917305
25630 0.05840729922056198
25640 0.03829242289066315
25650 0.03263845667243004
25660 0.06498420983552933
25670 0.04377365484833717
25680 0.04757671058177948
25690 0.048418689519166946
25700 0.05131547152996063
25710 0.048364050686359406
25720 0.052543628960847855
25730 0.03569617494940758
25740 0.038919541984796524
25750 0.04534376040101051
25760 0.04853164032101631
25770 0.04522626847028732
25780 0.03183316811919212
25790 0.056065578013658524
25800 0.03879868984222412
25810 0.044964272528886795
25820 0.04043702036142349
25830 0.10042128711938858
25840 0.04226119443774223
25850 0.036745067685842514
25860 0.05293746292591095
25870 0.047354552894830704
25880 0.050538670271635056
25890 0.04877369478344917
25900 0.05362163856625557
25910 0.0436190702021122
25920 0.04488663375377655
25930 0.04317393898963928
25940 0.04042546823620796
25950 0.03898738697171211
25960 0.04018886387348175
25970 0.0439610481262207
25980 0.04458998516201973
25990 0.08605363219976425
26000 0.03402378410100937
len of cubelist:  20
Step:26000, Valid_Dice:0.8842082326445373
26010 0.04745328053832054
26020 0.039463043212890625
26030 0.04495949670672417
26040 0.08380088210105896
26050 0.05410908907651901
26060 0.0409400500357151
26070 0.058254826813936234
26080 0.08480159938335419
26090 0.044010911136865616
26100 0.03872453421354294
26110 0.03522191941738129
26120 0.03626113384962082
26130 0.04122921824455261
26140 0.0345890112221241
26150 0.04708882421255112
26160 0.03683873265981674
26170 0.056337419897317886
26180 0.053039368242025375
26190 0.04315724968910217
26200 0.03344849869608879
26210 0.03397810831665993
26220 0.06298059970140457
26230 0.03484673425555229
26240 0.03203440457582474
26250 0.042460475116968155
26260 0.05775981396436691
26270 0.05366240814328194
26280 0.040696319192647934
26290 0.029200976714491844
26300 0.03890695795416832
26310 0.06531738489866257
26320 0.03670572489500046
26330 0.049791119992733
26340 0.05805228278040886
26350 0.05334397405385971
26360 0.055527374148368835
26370 0.05427006259560585
26380 0.06386960297822952
26390 0.050072718411684036
26400 0.04204434156417847
26410 0.03912276774644852
26420 0.055491480976343155
26430 0.05008987337350845
26440 0.0532638244330883
26450 0.07671191543340683
26460 0.044237133115530014
26470 0.0491473525762558
26480 0.034757982939481735
26490 0.039384227246046066
26500 0.055393584072589874
len of cubelist:  20
Step:26500, Valid_Dice:0.887487134519389
26510 0.07392117381095886
26520 0.04142395779490471
26530 0.05857086181640625
26540 0.05985890328884125
26550 0.048455044627189636
26560 0.03988942876458168
26570 0.04268009215593338
26580 0.04051123932003975
26590 0.0372246652841568
26600 0.03653045743703842
26610 0.04144648090004921
26620 0.058932531625032425
26630 0.036890264600515366
26640 0.05426595360040665
26650 0.07187114655971527
26660 0.03732813894748688
26670 0.022340955212712288
26680 0.05086997523903847
26690 0.04985903203487396
26700 0.04408138245344162
26710 0.04972950369119644
26720 0.0466456338763237
26730 0.03500326722860336
26740 0.052604686468839645
26750 0.06276048719882965
26760 0.05396828427910805
26770 0.044097673147916794
26780 0.04273168370127678
26790 0.041343651711940765
26800 0.058560676872730255
26810 0.03321443870663643
26820 0.04599059000611305
26830 0.040473710745573044
26840 0.059905774891376495
26850 0.07592076063156128
26860 0.05134570971131325
26870 0.04464458301663399
26880 0.036197729408741
26890 0.028902053833007812
26900 0.039694879204034805
26910 0.05571722984313965
26920 0.055210646241903305
26930 0.04507032781839371
26940 0.04799123480916023
26950 0.03087485581636429
26960 0.042964398860931396
26970 0.04042930155992508
26980 0.053398460149765015
26990 0.06101693585515022
27000 0.03722834214568138
len of cubelist:  20
Step:27000, Valid_Dice:0.8868635813277681
27010 0.03545673191547394
27020 0.05039616674184799
27030 0.044209882616996765
27040 0.05141187831759453
27050 0.06949839740991592
27060 0.04180093854665756
27070 0.04861132800579071
27080 0.044860225170850754
27090 0.05534451827406883
27100 0.04354288801550865
27110 0.10739980638027191
27120 0.05585404485464096
27130 0.04299485310912132
27140 0.03722859546542168
27150 0.037259459495544434
27160 0.06396882236003876
27170 0.046500030905008316
27180 0.027978619560599327
27190 0.03303007781505585
27200 0.0633765384554863
27210 0.0444609709084034
27220 0.06806883215904236
27230 0.04058052971959114
27240 0.0505390428006649
27250 0.041656602174043655
27260 0.03552856668829918
27270 0.04366913437843323
27280 0.042644891887903214
27290 0.057467468082904816
27300 0.047776561230421066
27310 0.04881667718291283
27320 0.06663597375154495
27330 0.03527654707431793
27340 0.04843971133232117
27350 0.03710009902715683
27360 0.025643914937973022
27370 0.03721550107002258
27380 0.04798781871795654
27390 0.0409279465675354
27400 0.04476187005639076
27410 0.04473566263914108
27420 0.053781311959028244
27430 0.05873611941933632
27440 0.049010276794433594
27450 0.029501544311642647
27460 0.0693766325712204
27470 0.08325981348752975
27480 0.043170616030693054
27490 0.05622772127389908
27500 0.038454730063676834
len of cubelist:  20
Step:27500, Valid_Dice:0.8868574065534869
27510 0.03264401853084564
27520 0.046984314918518066
27530 0.027867253869771957
27540 0.04911394789814949
27550 0.05542733147740364
27560 0.03426530584692955
27570 0.039731886237859726
27580 0.04027168080210686
27590 0.03065910004079342
27600 0.05524159595370293
27610 0.06033221259713173
27620 0.0350198857486248
27630 0.03901510685682297
27640 0.042154960334300995
27650 0.04101938381791115
27660 0.04143315926194191
27670 0.058065265417099
27680 0.0397983081638813
27690 0.05842414125800133
27700 0.05770179629325867
27710 0.033271729946136475
27720 0.036149319261312485
27730 0.04088672995567322
27740 0.0383627749979496
27750 0.05373871326446533
27760 0.058202147483825684
27770 0.039011888206005096
27780 0.04554364085197449
27790 0.04592570662498474
27800 0.04684970900416374
27810 0.04035872593522072
27820 0.05086641013622284
27830 0.05301855504512787
27840 0.048064734786748886
27850 0.06430868059396744
27860 0.03741462528705597
27870 0.05832335352897644
27880 0.06621899455785751
27890 0.031358931213617325
27900 0.03462882712483406
27910 0.06014576554298401
27920 0.04288192465901375
27930 0.04147334769368172
27940 0.028087520971894264
27950 0.04017505422234535
27960 0.0452030710875988
27970 0.025714745745062828
27980 0.030115442350506783
27990 0.04040993005037308
28000 0.053725842386484146
len of cubelist:  20
Step:28000, Valid_Dice:0.8844722415037873
28010 0.03823738917708397
28020 0.03564384579658508
28030 0.047552455216646194
28040 0.042780254036188126
28050 0.0501459464430809
28060 0.04028260335326195
28070 0.03747078776359558
28080 0.03463125228881836
28090 0.03187212347984314
28100 0.04315349832177162
28110 0.036812324076890945
28120 0.04020438343286514
28130 0.03912516310811043
28140 0.05604836344718933
28150 0.056092992424964905
28160 0.039842184633016586
28170 0.046070512384176254
28180 0.04120858386158943
28190 0.03141692653298378
28200 0.04172666370868683
28210 0.038098275661468506
28220 0.03580804914236069
28230 0.025007672607898712
28240 0.0591636598110199
28250 0.047678153961896896
28260 0.03715813159942627
28270 0.06348985433578491
28280 0.04961654543876648
28290 0.07143596559762955
28300 0.05149798095226288
28310 0.035124778747558594
28320 0.05071713402867317
28330 0.04139591008424759
28340 0.04243018105626106
28350 0.04051933065056801
28360 0.04368799924850464
28370 0.032414402812719345
28380 0.032380178570747375
28390 0.04394752159714699
28400 0.052800390869379044
28410 0.04122201353311539
28420 0.06080062687397003
28430 0.0443878099322319
28440 0.048246078193187714
28450 0.03897146135568619
28460 0.05678991600871086
28470 0.055341172963380814
28480 0.04412701353430748
28490 0.038165412843227386
28500 0.05305340513586998
len of cubelist:  20
Step:28500, Valid_Dice:0.8866248323446205
28510 0.05201054736971855
28520 0.03565186634659767
28530 0.03314460813999176
28540 0.04768209904432297
28550 0.04073606804013252
28560 0.05285597965121269
28570 0.036071304231882095
28580 0.04811517149209976
28590 0.05078825354576111
28600 0.04492257535457611
28610 0.03781807795166969
28620 0.039351798593997955
28630 0.053180303424596786
28640 0.07014738768339157
28650 0.03757896646857262
28660 0.041304826736450195
28670 0.046476636081933975
28680 0.045306865125894547
28690 0.04754503816366196
28700 0.037750158458948135
28710 0.04780915006995201
28720 0.046354662626981735
28730 0.034734807908535004
28740 0.05091266334056854
28750 0.03689415752887726
28760 0.05338004231452942
28770 0.03717338293790817
28780 0.04424472525715828
28790 0.04622751101851463
28800 0.03776804730296135
28810 0.037747349590063095
28820 0.03893288969993591
28830 0.04436624050140381
28840 0.03637643903493881
28850 0.03409931808710098
28860 0.04929746687412262
28870 0.04102209582924843
28880 0.04548301547765732
28890 0.056367140263319016
28900 0.03508298471570015
28910 0.029901251196861267
28920 0.052183154970407486
28930 0.040770549327135086
28940 0.040004171431064606
28950 0.034418586641550064
28960 0.039852045476436615
28970 0.04948834329843521
28980 0.035590045154094696
28990 0.042326636612415314
29000 0.03700454533100128
len of cubelist:  20
Step:29000, Valid_Dice:0.8878182692294043
29010 0.035266607999801636
29020 0.039085935801267624
29030 0.04286038875579834
29040 0.0455448254942894
29050 0.03641154244542122
29060 0.04630925878882408
29070 0.06872794032096863
29080 0.04443209990859032
29090 0.04650349169969559
29100 0.05041131377220154
29110 0.05994505062699318
29120 0.036815010011196136
29130 0.041897572576999664
29140 0.03545188158750534
29150 0.0347830094397068
29160 0.04167870059609413
29170 0.029298199340701103
29180 0.04357112571597099
29190 0.043931953608989716
29200 0.0374511294066906
29210 0.047783877700567245
29220 0.03640720993280411
29230 0.048497557640075684
29240 0.04570412635803223
29250 0.043208274990320206
29260 0.04112451896071434
29270 0.06282830983400345
29280 0.039608221501111984
29290 0.04723495617508888
29300 0.04199287295341492
29310 0.033546797931194305
29320 0.03712967783212662
29330 0.04857924208045006
29340 0.052885059267282486
29350 0.05365873500704765
29360 0.0367252454161644
29370 0.0382031686604023
29380 0.031237317249178886
29390 0.03816968947649002
29400 0.06382888555526733
29410 0.0445692352950573
29420 0.027699746191501617
29430 0.04163362830877304
29440 0.0384119376540184
29450 0.04447726905345917
29460 0.03524472564458847
29470 0.038715388625860214
29480 0.07162895798683167
29490 0.03128068149089813
29500 0.044326454401016235
len of cubelist:  20
Step:29500, Valid_Dice:0.8863701143982462
29510 0.045505888760089874
29520 0.050035279244184494
29530 0.04254249483346939
29540 0.0610295832157135
29550 0.04929400607943535
29560 0.04599467292428017
29570 0.04377280920743942
29580 0.0492761954665184
29590 0.05271046236157417
29600 0.03121659904718399
29610 0.06770447641611099
29620 0.05567319318652153
29630 0.037369970232248306
29640 0.02910836786031723
29650 0.04291766881942749
29660 0.04948556795716286
29670 0.04253535717725754
29680 0.04096772521734238
29690 0.05167632922530174
29700 0.06056922674179077
29710 0.048495713621377945
29720 0.032827459275722504
29730 0.0518021360039711
29740 0.04535327106714249
29750 0.05359600856900215
29760 0.052743323147296906
29770 0.05605399236083031
29780 0.032781586050987244
29790 0.03231515362858772
29800 0.043141331523656845
29810 0.04722288250923157
29820 0.04058731719851494
29830 0.04743412509560585
29840 0.03706047311425209
29850 0.0356067456305027
29860 0.06825600564479828
29870 0.053172893822193146
29880 0.042255762964487076
29890 0.032776929438114166
29900 0.03615155071020126
29910 0.05912879481911659
29920 0.07641088217496872
29930 0.0353400781750679
29940 0.04094918072223663
29950 0.04313698783516884
29960 0.03228066861629486
29970 0.03265272453427315
29980 0.046861886978149414
29990 0.044378526508808136
30000 0.04091658443212509
len of cubelist:  20
Step:30000, Valid_Dice:0.8873328852425255
