INFO: Using device cuda
INFO: DataParallel(
  (module): IPN_V2(
    (input3d): InConv3d(
      (in_conv): Sequential(
        (0): Conv3d(2, 64, kernel_size=(3, 3, 3), stride=(1, 1, 1), padding=(1, 1, 1))
        (1): ReLU(inplace=True)
      )
    )
    (PLM1): PLM(
      (plm): Sequential(
        (0): MaxPool3d(kernel_size=[8, 1, 1], stride=[8, 1, 1], padding=0, dilation=1, ceil_mode=False)
        (1): Conv3d(64, 64, kernel_size=(3, 3, 3), stride=(1, 1, 1), padding=(1, 1, 1))
        (2): ReLU(inplace=True)
        (3): Conv3d(64, 64, kernel_size=(3, 3, 3), stride=(1, 1, 1), padding=(1, 1, 1))
        (4): ReLU(inplace=True)
      )
    )
    (PLM2): PLM(
      (plm): Sequential(
        (0): MaxPool3d(kernel_size=[5, 1, 1], stride=[5, 1, 1], padding=0, dilation=1, ceil_mode=False)
        (1): Conv3d(64, 64, kernel_size=(3, 3, 3), stride=(1, 1, 1), padding=(1, 1, 1))
        (2): ReLU(inplace=True)
        (3): Conv3d(64, 64, kernel_size=(3, 3, 3), stride=(1, 1, 1), padding=(1, 1, 1))
        (4): ReLU(inplace=True)
      )
    )
    (PLM3): PLM(
      (plm): Sequential(
        (0): MaxPool3d(kernel_size=[4, 1, 1], stride=[4, 1, 1], padding=0, dilation=1, ceil_mode=False)
        (1): Conv3d(64, 64, kernel_size=(3, 3, 3), stride=(1, 1, 1), padding=(1, 1, 1))
        (2): ReLU(inplace=True)
        (3): Conv3d(64, 64, kernel_size=(3, 3, 3), stride=(1, 1, 1), padding=(1, 1, 1))
        (4): ReLU(inplace=True)
      )
    )
    (input2d): skip(
      (double2dconv): DoubleConv(
        (double_conv): Sequential(
          (0): Conv2d(128, 64, kernel_size=(3, 3), stride=(1, 1), padding=(1, 1))
          (1): ReLU(inplace=True)
          (2): Conv2d(64, 64, kernel_size=(3, 3), stride=(1, 1), padding=(1, 1))
          (3): ReLU(inplace=True)
        )
      )
      (skip_conv): Conv3d(64, 64, kernel_size=(160, 1, 1), stride=(160, 1, 1))
    )
    (pp): UNet_3Plus(
      (conv1): DoubleConv(
        (double_conv): Sequential(
          (0): Conv2d(64, 64, kernel_size=(3, 3), stride=(1, 1), padding=(1, 1))
          (1): ReLU(inplace=True)
          (2): Conv2d(64, 64, kernel_size=(3, 3), stride=(1, 1), padding=(1, 1))
          (3): ReLU(inplace=True)
        )
      )
      (maxpool1): MaxPool2d(kernel_size=2, stride=2, padding=0, dilation=1, ceil_mode=False)
      (conv2): DoubleConv(
        (double_conv): Sequential(
          (0): Conv2d(64, 64, kernel_size=(3, 3), stride=(1, 1), padding=(1, 1))
          (1): ReLU(inplace=True)
          (2): Conv2d(64, 64, kernel_size=(3, 3), stride=(1, 1), padding=(1, 1))
          (3): ReLU(inplace=True)
        )
      )
      (maxpool2): MaxPool2d(kernel_size=2, stride=2, padding=0, dilation=1, ceil_mode=False)
      (conv3): DoubleConv(
        (double_conv): Sequential(
          (0): Conv2d(64, 64, kernel_size=(3, 3), stride=(1, 1), padding=(1, 1))
          (1): ReLU(inplace=True)
          (2): Conv2d(64, 64, kernel_size=(3, 3), stride=(1, 1), padding=(1, 1))
          (3): ReLU(inplace=True)
        )
      )
      (h1_PT_hd3): MaxPool2d(kernel_size=4, stride=4, padding=0, dilation=1, ceil_mode=True)
      (h1_PT_hd3_conv): Conv2d(64, 64, kernel_size=(3, 3), stride=(1, 1), padding=(1, 1))
      (h1_PT_hd3_relu): ReLU(inplace=True)
      (h2_PT_hd3): MaxPool2d(kernel_size=2, stride=2, padding=0, dilation=1, ceil_mode=True)
      (h2_PT_hd3_conv): Conv2d(64, 64, kernel_size=(3, 3), stride=(1, 1), padding=(1, 1))
      (h2_PT_hd3_relu): ReLU(inplace=True)
      (h3_Cat_hd3_conv): Conv2d(64, 64, kernel_size=(3, 3), stride=(1, 1), padding=(1, 1))
      (h3_Cat_hd3_relu): ReLU(inplace=True)
      (conv3d_1): Conv2d(192, 192, kernel_size=(3, 3), stride=(1, 1), padding=(1, 1))
      (relu3d_1): ReLU(inplace=True)
      (h1_PT_hd2): MaxPool2d(kernel_size=2, stride=2, padding=0, dilation=1, ceil_mode=True)
      (h1_PT_hd2_conv): Conv2d(64, 64, kernel_size=(3, 3), stride=(1, 1), padding=(1, 1))
      (h1_PT_hd2_relu): ReLU(inplace=True)
      (h2_Cat_hd2_conv): Conv2d(64, 64, kernel_size=(3, 3), stride=(1, 1), padding=(1, 1))
      (h2_Cat_hd2_relu): ReLU(inplace=True)
      (hd3_UT_hd2): Upsample(scale_factor=2.0, mode=bilinear)
      (hd3_UT_hd2_conv): Conv2d(192, 64, kernel_size=(3, 3), stride=(1, 1), padding=(1, 1))
      (hd3_UT_hd2_relu): ReLU(inplace=True)
      (conv2d_1): Conv2d(192, 192, kernel_size=(3, 3), stride=(1, 1), padding=(1, 1))
      (relu2d_1): ReLU(inplace=True)
      (h1_Cat_hd1_conv): Conv2d(64, 64, kernel_size=(3, 3), stride=(1, 1), padding=(1, 1))
      (h1_Cat_hd1_relu): ReLU(inplace=True)
      (hd2_UT_hd1): Upsample(scale_factor=2.0, mode=bilinear)
      (hd2_UT_hd1_conv): Conv2d(192, 64, kernel_size=(3, 3), stride=(1, 1), padding=(1, 1))
      (hd2_UT_hd1_relu): ReLU(inplace=True)
      (hd3_UT_hd1): Upsample(scale_factor=4.0, mode=bilinear)
      (hd3_UT_hd1_conv): Conv2d(192, 64, kernel_size=(3, 3), stride=(1, 1), padding=(1, 1))
      (hd3_UT_hd1_relu): ReLU(inplace=True)
      (conv1d_1): Conv2d(192, 64, kernel_size=(3, 3), stride=(1, 1), padding=(1, 1))
      (relu1d_1): ReLU(inplace=True)
      (outconv1): Conv2d(64, 2, kernel_size=(3, 3), stride=(1, 1), padding=(1, 1))
    )
  )
)
/home/yh3529/.conda/envs/torch-1.11/lib/python3.9/site-packages/torch/nn/functional.py:780: UserWarning: Note that order of the arguments: ceil_mode and return_indices will changeto match the args list in nn.MaxPool2d in a future release.
  warnings.warn("Note that order of the arguments: ceil_mode and return_indices will change"
INFO: 0 0.6847332119941711
INFO: Checkpoint 0 saved !
INFO: Step:0, Valid_Dice:0.0
INFO: 10 0.33024266362190247
INFO: 20 0.22150419652462006
INFO: 30 0.34615907073020935
INFO: 40 0.2327415943145752
INFO: 50 0.34369826316833496
INFO: 60 0.3745383322238922
INFO: 70 0.2805428206920624
INFO: 80 0.267429381608963
INFO: 90 0.18719784915447235
INFO: 100 0.2618543803691864
INFO: 110 0.3076735734939575
INFO: 120 0.3433910608291626
INFO: 130 0.32253116369247437
INFO: 140 0.30442771315574646
INFO: 150 0.28493306040763855
INFO: 160 0.3671213388442993
INFO: 170 0.23207245767116547
INFO: 180 0.29875460267066956
INFO: 190 0.3708042502403259
INFO: 200 0.28990381956100464
INFO: 210 0.26737216114997864
INFO: 220 0.257159560918808
INFO: 230 0.34027114510536194
INFO: 240 0.27760037779808044
INFO: 250 0.3526422679424286
INFO: 260 0.2611319422721863
INFO: 270 0.2603074610233307
INFO: 280 0.28806740045547485
INFO: 290 0.39180007576942444
INFO: 300 0.3812137842178345
INFO: 310 0.2737360894680023
INFO: 320 0.22983163595199585
INFO: 330 0.14828670024871826
INFO: 340 0.34033364057540894
INFO: 350 0.2872421145439148
INFO: 360 0.1600898653268814
INFO: 370 0.2496926486492157
INFO: 380 0.24061034619808197
INFO: 390 0.20992498099803925
INFO: 400 0.26111337542533875
INFO: 410 0.1967793107032776
INFO: 420 0.2647190988063812
INFO: 430 0.24793535470962524
INFO: 440 0.15911395847797394
INFO: 450 0.1589171439409256
INFO: 460 0.2929535210132599
INFO: 470 0.1352977603673935
INFO: 480 0.2547352612018585
INFO: 490 0.13177689909934998
INFO: 500 0.21248197555541992
INFO: Checkpoint 500 saved !
INFO: Step:500, Valid_Dice:8.199557840806354e-05
INFO: 510 0.23372182250022888
INFO: 520 0.18655908107757568
INFO: 530 0.13072140514850616
INFO: 540 0.17264686524868011
INFO: 550 0.14239820837974548
INFO: 560 0.20298044383525848
INFO: 570 0.14238649606704712
INFO: 580 0.17629042267799377
INFO: 590 0.1567060649394989
INFO: 600 0.19288530945777893
INFO: 610 0.17988437414169312
INFO: 620 0.12322346121072769
INFO: 630 0.12297863513231277
INFO: 640 0.13789059221744537
INFO: 650 0.130998432636261
INFO: 660 0.12169928103685379
INFO: 670 0.10907808691263199
INFO: 680 0.18834322690963745
INFO: 690 0.13616640865802765
INFO: 700 0.12501442432403564
INFO: 710 0.3048277199268341
INFO: 720 0.08974336087703705
INFO: 730 0.10426168143749237
INFO: 740 0.1421968936920166
INFO: 750 0.17038317024707794
INFO: 760 0.11634241789579391
INFO: 770 0.151468425989151
INFO: 780 0.087063267827034
INFO: 790 0.1356370896100998
INFO: 800 0.08122449368238449
INFO: 810 0.11860031634569168
INFO: 820 0.14484062790870667
INFO: 830 0.12607765197753906
INFO: 840 0.0954417958855629
INFO: 850 0.13037656247615814
INFO: 860 0.12966807186603546
INFO: 870 0.139975905418396
INFO: 880 0.1137542724609375
INFO: 890 0.13648100197315216
INFO: 900 0.1439729928970337
INFO: 910 0.0739850103855133
INFO: 920 0.18866652250289917
INFO: 930 0.2059953361749649
INFO: 940 0.19284971058368683
INFO: 950 0.16346082091331482
INFO: 960 0.25127363204956055
INFO: 970 0.11007573455572128
INFO: 980 0.19944548606872559
INFO: 990 0.07826931029558182
INFO: 1000 0.08198492228984833
INFO: Checkpoint 1000 saved !
INFO: Step:1000, Valid_Dice:0.0562429539283857
INFO: 1010 0.09501206129789352
INFO: 1020 0.07734546810388565
INFO: 1030 0.09956419467926025
INFO: 1040 0.1122949942946434
INFO: 1050 0.15079721808433533
INFO: 1060 0.0822971910238266
INFO: 1070 0.12000104784965515
INFO: 1080 0.08753904700279236
INFO: 1090 0.10553917288780212
INFO: 1100 0.11079355329275131
INFO: 1110 0.08669935166835785
INFO: 1120 0.11847564578056335
INFO: 1130 0.09084942936897278
INFO: 1140 0.07949356734752655
INFO: 1150 0.12613745033740997
INFO: 1160 0.14469990134239197
INFO: 1170 0.09975539147853851
INFO: 1180 0.1331365555524826
INFO: 1190 0.12421274185180664
INFO: 1200 0.13163165748119354
INFO: 1210 0.16919293999671936
INFO: 1220 0.1346089094877243
INFO: 1230 0.13111038506031036
INFO: 1240 0.08018714189529419
INFO: 1250 0.09959140419960022
INFO: 1260 0.07522652298212051
INFO: 1270 0.11247174441814423
INFO: 1280 0.11706701666116714
INFO: 1290 0.13160300254821777
INFO: 1300 0.0939449593424797
INFO: 1310 0.06014466658234596
INFO: 1320 0.07279402762651443
INFO: 1330 0.11389566957950592
INFO: 1340 0.08128709346055984
INFO: 1350 0.09647414833307266
INFO: 1360 0.10210809856653214
INFO: 1370 0.1097036600112915
INFO: 1380 0.14320790767669678
INFO: 1390 0.12182538956403732
INFO: 1400 0.10927792638540268
INFO: 1410 0.12336745858192444
INFO: 1420 0.12071254849433899
INFO: 1430 0.0724644660949707
INFO: 1440 0.1071876585483551
INFO: 1450 0.08629845082759857
INFO: 1460 0.10968659818172455
INFO: 1470 0.0902121439576149
INFO: 1480 0.08854097127914429
INFO: 1490 0.11626975238323212
INFO: 1500 0.11250671744346619
INFO: Checkpoint 1500 saved !
INFO: Step:1500, Valid_Dice:0.037725688580361384
INFO: 1510 0.08090077340602875
INFO: 1520 0.08583226054906845
INFO: 1530 0.09709098190069199
INFO: 1540 0.16965177655220032
INFO: 1550 0.074607715010643
INFO: 1560 0.10778521746397018
INFO: 1570 0.08226549625396729
INFO: 1580 0.12341147661209106
INFO: 1590 0.10137780010700226
INFO: 1600 0.029627600684762
INFO: 1610 0.09278304129838943
INFO: 1620 0.09617027640342712
INFO: 1630 0.08860229700803757
INFO: 1640 0.07326347380876541
INFO: 1650 0.06811057031154633
INFO: 1660 0.12912538647651672
INFO: 1670 0.07784412801265717
INFO: 1680 0.0508638359606266
INFO: 1690 0.1437882035970688
INFO: 1700 0.08099011331796646
INFO: 1710 0.1685362160205841
INFO: 1720 0.12171103805303574
INFO: 1730 0.07282610982656479
INFO: 1740 0.09829414635896683
INFO: 1750 0.10568637400865555
INFO: 1760 0.10261015594005585
INFO: 1770 0.07969603687524796
INFO: 1780 0.08366188406944275
INFO: 1790 0.11129896342754364
INFO: 1800 0.08239956945180893
INFO: 1810 0.11078830808401108
INFO: 1820 0.08281929045915604
INFO: 1830 0.07434166222810745
INFO: 1840 0.07001791894435883
INFO: 1850 0.10744792222976685
INFO: 1860 0.10692258179187775
INFO: 1870 0.16322633624076843
INFO: 1880 0.10003729164600372
INFO: 1890 0.09927923232316971
INFO: 1900 0.07649240642786026
INFO: 1910 0.10853830724954605
INFO: 1920 0.11894792318344116
INFO: 1930 0.16945980489253998
INFO: 1940 0.1109638437628746
INFO: 1950 0.08199643343687057
INFO: 1960 0.09706941246986389
INFO: 1970 0.08014383912086487
INFO: 1980 0.0802459865808487
INFO: 1990 0.10096119344234467
INFO: 2000 0.06418769061565399
INFO: Checkpoint 2000 saved !
INFO: Step:2000, Valid_Dice:0.027808769877101312
INFO: 2010 0.09378019720315933
INFO: 2020 0.07338546216487885
INFO: 2030 0.16785520315170288
INFO: 2040 0.07389046996831894
INFO: 2050 0.09389597177505493
INFO: 2060 0.08850082755088806
INFO: 2070 0.08531798422336578
INFO: 2080 0.072657510638237
INFO: 2090 0.06968981772661209
INFO: 2100 0.11670520156621933
INFO: 2110 0.09456587582826614
INFO: 2120 0.08911076188087463
INFO: 2130 0.09501269459724426
INFO: 2140 0.12412912398576736
INFO: 2150 0.09185991436243057
INFO: 2160 0.08953020721673965
INFO: 2170 0.11005883663892746
INFO: 2180 0.09224752336740494
INFO: 2190 0.07383150607347488
INFO: 2200 0.09150080382823944
INFO: 2210 0.08793538808822632
INFO: 2220 0.09170708805322647
INFO: 2230 0.06257109344005585
INFO: 2240 0.07623288780450821
INFO: 2250 0.07497801631689072
INFO: 2260 0.1263313591480255
INFO: 2270 0.09384649246931076
INFO: 2280 0.07055147737264633
INFO: 2290 0.08372651040554047
INFO: 2300 0.06541807949542999
INFO: 2310 0.07187303155660629
INFO: 2320 0.10346820950508118
INFO: 2330 0.12649646401405334
INFO: 2340 0.08364049345254898
INFO: 2350 0.07430467754602432
INFO: 2360 0.10688783973455429
INFO: 2370 0.11957787722349167
INFO: 2380 0.10175780951976776
INFO: 2390 0.08277284353971481
INFO: 2400 0.11790332198143005
INFO: 2410 0.05549877882003784
INFO: 2420 0.08311372995376587
INFO: 2430 0.09596164524555206
INFO: 2440 0.07354610413312912
INFO: 2450 0.12758377194404602
INFO: 2460 0.06507563591003418
INFO: 2470 0.06059028208255768
INFO: 2480 0.08596401661634445
INFO: 2490 0.06329245865345001
INFO: 2500 0.11971338093280792
INFO: Checkpoint 2500 saved !
INFO: Step:2500, Valid_Dice:0.05450277673949737
INFO: 2510 0.09939620643854141
INFO: 2520 0.0511840358376503
INFO: 2530 0.10674326121807098
INFO: 2540 0.08168814331293106
INFO: 2550 0.11694929003715515
INFO: 2560 0.1293613463640213
INFO: 2570 0.12622930109500885
INFO: 2580 0.11570721119642258
INFO: 2590 0.07642816007137299
INFO: 2600 0.1476822793483734
INFO: 2610 0.08600820600986481
INFO: 2620 0.12145707756280899
INFO: 2630 0.16485141217708588
INFO: 2640 0.060002416372299194
INFO: 2650 0.06860262155532837
INFO: 2660 0.07885811477899551
INFO: 2670 0.08816249668598175
INFO: 2680 0.0731148049235344
INFO: 2690 0.0703415498137474
INFO: 2700 0.09211807698011398
INFO: 2710 0.09676011651754379
INFO: 2720 0.12646052241325378
INFO: 2730 0.09712790697813034
INFO: 2740 0.06333322823047638
INFO: 2750 0.06640971451997757
INFO: 2760 0.08187254518270493
INFO: 2770 0.07528991997241974
INFO: 2780 0.07933265715837479
INFO: 2790 0.21180790662765503
INFO: 2800 0.08825979381799698
INFO: 2810 0.08968458324670792
INFO: 2820 0.09818330407142639
INFO: 2830 0.10675568878650665
INFO: 2840 0.08506064116954803
INFO: 2850 0.07604030519723892
INFO: 2860 0.12666985392570496
INFO: 2870 0.09426074475049973
INFO: 2880 0.10267065465450287
INFO: 2890 0.10260608047246933
INFO: 2900 0.11899861693382263
INFO: 2910 0.05800597369670868
INFO: 2920 0.08131483197212219
INFO: 2930 0.05602273717522621
INFO: 2940 0.08009187877178192
INFO: 2950 0.13160349428653717
INFO: 2960 0.07130621373653412
INFO: 2970 0.068976491689682
INFO: 2980 0.10915650427341461
INFO: 2990 0.07100062817335129
INFO: 3000 0.08749236166477203
INFO: Checkpoint 3000 saved !
INFO: Step:3000, Valid_Dice:0.045588954375747774
INFO: 3010 0.08631626516580582
INFO: 3020 0.06994140148162842
INFO: 3030 0.10981442779302597
INFO: 3040 0.1074429452419281
INFO: 3050 0.13073168694972992
INFO: 3060 0.09931714832782745
INFO: 3070 0.06525662541389465
INFO: 3080 0.07966294139623642
INFO: 3090 0.05696333572268486
INFO: 3100 0.08561553061008453
INFO: 3110 0.05244174972176552
INFO: 3120 0.08333083242177963
INFO: 3130 0.05958486348390579
INFO: 3140 0.059212736785411835
INFO: 3150 0.061266880482435226
INFO: 3160 0.12365778535604477
INFO: 3170 0.07350277155637741
INFO: 3180 0.0977034792304039
INFO: 3190 0.13155314326286316
INFO: 3200 0.2741733491420746
INFO: 3210 0.0731206163764
INFO: 3220 0.07530874013900757
INFO: 3230 0.06325238943099976
INFO: 3240 0.09102786332368851
INFO: 3250 0.07769951224327087
INFO: 3260 0.08493968099355698
INFO: 3270 0.1369665265083313
INFO: 3280 0.05183712765574455
INFO: 3290 0.07055696099996567
INFO: 3300 0.06901724636554718
INFO: 3310 0.0931256040930748
INFO: 3320 0.06333016604185104
INFO: 3330 0.06069628894329071
INFO: 3340 0.06071361154317856
INFO: 3350 0.10423789173364639
INFO: 3360 0.0859643816947937
INFO: 3370 0.11835186928510666
INFO: 3380 0.07630005478858948
INFO: 3390 0.10269497334957123
INFO: 3400 0.07303115725517273
INFO: 3410 0.07470040023326874
INFO: 3420 0.06990198791027069
INFO: 3430 0.056731853634119034
INFO: 3440 0.04584815725684166
INFO: 3450 0.1227995827794075
INFO: 3460 0.08668086677789688
INFO: 3470 0.07471080124378204
INFO: 3480 0.10462508350610733
INFO: 3490 0.09735355526208878
INFO: 3500 0.06042226403951645
INFO: Checkpoint 3500 saved !
INFO: Step:3500, Valid_Dice:0.01068711875381234
INFO: 3510 0.05081773176789284
INFO: 3520 0.11867894232273102
INFO: 3530 0.06014445796608925
INFO: 3540 0.07239754498004913
INFO: 3550 0.07962353527545929
INFO: 3560 0.06406904011964798
INFO: 3570 0.07856526225805283
INFO: 3580 0.07332619279623032
INFO: 3590 0.0869012400507927
INFO: 3600 0.14670094847679138
INFO: 3610 0.1005830243229866
INFO: 3620 0.06555505096912384
INFO: 3630 0.08958521485328674
INFO: 3640 0.13146133720874786
INFO: 3650 0.05688958615064621
INFO: 3660 0.07678288221359253
INFO: 3670 0.08824383467435837
INFO: 3680 0.047174300998449326
INFO: 3690 0.06572429090738297
INFO: 3700 0.10716691613197327
INFO: 3710 0.07449551671743393
INFO: 3720 0.06645633280277252
INFO: 3730 0.05463079363107681
INFO: 3740 0.0784498006105423
INFO: 3750 0.11178703606128693
INFO: 3760 0.06449086964130402
INFO: 3770 0.056672606617212296
INFO: 3780 0.06315644830465317
INFO: 3790 0.07217667251825333
INFO: 3800 0.11927641928195953
INFO: 3810 0.1036767065525055
INFO: 3820 0.0696541890501976
INFO: 3830 0.06820543855428696
INFO: 3840 0.08188287913799286
INFO: 3850 0.08124168962240219
INFO: 3860 0.08027579635381699
INFO: 3870 0.0754593163728714
INFO: 3880 0.06988077610731125
INFO: 3890 0.2339000552892685
INFO: 3900 0.10365235805511475
INFO: 3910 0.08131376653909683
INFO: 3920 0.06621059030294418
INFO: 3930 0.0638667419552803
INFO: 3940 0.10348017513751984
INFO: 3950 0.08417278528213501
INFO: 3960 0.06934287399053574
INFO: 3970 0.06443852186203003
INFO: 3980 0.0734226331114769
INFO: 3990 0.06640670448541641
INFO: 4000 0.06828675419092178
INFO: Checkpoint 4000 saved !
INFO: Step:4000, Valid_Dice:0.05137882384981655
INFO: 4010 0.12236727029085159
INFO: 4020 0.08011236786842346
INFO: 4030 0.06975717097520828
INFO: 4040 0.0765782818198204
INFO: 4050 0.13900010287761688
INFO: 4060 0.06138906255364418
INFO: 4070 0.09016218036413193
INFO: 4080 0.05952737480401993
INFO: 4090 0.07245708256959915
INFO: 4100 0.072529137134552
INFO: 4110 0.08599459379911423
INFO: 4120 0.0885346308350563
INFO: 4130 0.06810477375984192
INFO: 4140 0.06538592278957367
INFO: 4150 0.08530972898006439
INFO: 4160 0.08009900152683258
INFO: 4170 0.08907007426023483
INFO: 4180 0.09470763802528381
INFO: 4190 0.0649685338139534
INFO: 4200 0.06960839033126831
INFO: 4210 0.06283587962388992
INFO: 4220 0.05309198051691055
INFO: 4230 0.06567017734050751
INFO: 4240 0.05163736641407013
INFO: 4250 0.07906065881252289
INFO: 4260 0.10247663408517838
INFO: 4270 0.05595650151371956
INFO: 4280 0.05559413880109787
INFO: 4290 0.05629400536417961
INFO: 4300 0.04854152351617813
INFO: 4310 0.06862439960241318
INFO: 4320 0.03879709541797638
INFO: 4330 0.07073380053043365
INFO: 4340 0.0759660005569458
INFO: 4350 0.07141409069299698
INFO: 4360 0.08797382563352585
INFO: 4370 0.0728222131729126
INFO: 4380 0.07705745846033096
INFO: 4390 0.06198180094361305
INFO: 4400 0.092110276222229
INFO: 4410 0.06404849141836166
INFO: 4420 0.07430756837129593
INFO: 4430 0.09081273525953293
INFO: 4440 0.05676949396729469
INFO: 4450 0.05872732400894165
INFO: 4460 0.07112838327884674
INFO: 4470 0.09457401186227798
INFO: 4480 0.0818566381931305
INFO: 4490 0.0787467509508133
INFO: 4500 0.06071775034070015
INFO: Checkpoint 4500 saved !
INFO: Step:4500, Valid_Dice:0.06235169633488356
INFO: 4510 0.09250389784574509
INFO: 4520 0.1624479442834854
INFO: 4530 0.0929022878408432
INFO: 4540 0.17835009098052979
INFO: 4550 0.0739486962556839
INFO: 4560 0.11801362037658691
INFO: 4570 0.066769078373909
INFO: 4580 0.07222318649291992
INFO: 4590 0.0820249542593956
INFO: 4600 0.0713164210319519
INFO: 4610 0.09945377707481384
INFO: 4620 0.07165232300758362
INFO: 4630 0.06236946955323219
INFO: 4640 0.08879397809505463
INFO: 4650 0.11608477681875229
INFO: 4660 0.07554719597101212
INFO: 4670 0.06055379658937454
INFO: 4680 0.0859915018081665
INFO: 4690 0.08982065320014954
INFO: 4700 0.064625084400177
INFO: 4710 0.06285595893859863
INFO: 4720 0.06821136176586151
INFO: 4730 0.1042400375008583
INFO: 4740 0.0900229886174202
INFO: 4750 0.08523508906364441
INFO: 4760 0.0812147930264473
INFO: 4770 0.07692473381757736
INFO: 4780 0.08205128461122513
INFO: 4790 0.05026113986968994
INFO: 4800 0.12639963626861572
INFO: 4810 0.059851329773664474
INFO: 4820 0.05766833573579788
INFO: 4830 0.06700214743614197
INFO: 4840 0.05212333798408508
INFO: 4850 0.06460332125425339
INFO: 4860 0.07081099599599838
INFO: 4870 0.05673995241522789
INFO: 4880 0.09785003215074539
INFO: 4890 0.06769978255033493
INFO: 4900 0.10716744512319565
INFO: 4910 0.08539765328168869
INFO: 4920 0.11423341929912567
INFO: 4930 0.057343512773513794
INFO: 4940 0.06204097345471382
INFO: 4950 0.10349194705486298
INFO: 4960 0.0714343786239624
INFO: 4970 0.07299947738647461
INFO: 4980 0.08701347559690475
INFO: 4990 0.05584057793021202
INFO: 5000 0.06701088696718216
INFO: Checkpoint 5000 saved !
INFO: Step:5000, Valid_Dice:0.024468214196865554
INFO: 5010 0.10235492140054703
INFO: 5020 0.07116576284170151
INFO: 5030 0.05275997146964073
INFO: 5040 0.0712827518582344
INFO: 5050 0.05449947342276573
INFO: 5060 0.06073134019970894
INFO: 5070 0.0855930894613266
INFO: 5080 0.08796185255050659
INFO: 5090 0.06577324122190475
INFO: 5100 0.06737546622753143
INFO: 5110 0.06108730286359787
INFO: 5120 0.061788029968738556
INFO: 5130 0.06199169158935547
INFO: 5140 0.10851798951625824
INFO: 5150 0.07590968906879425
INFO: 5160 0.048200011253356934
INFO: 5170 0.062124382704496384
INFO: 5180 0.1382608562707901
INFO: 5190 0.059402745217084885
INFO: 5200 0.09907043725252151
INFO: 5210 0.06957554072141647
INFO: 5220 0.06876637041568756
INFO: 5230 0.06711319833993912
INFO: 5240 0.07774391770362854
INFO: 5250 0.06827083230018616
INFO: 5260 0.06537318229675293
INFO: 5270 0.07042185962200165
INFO: 5280 0.08585045486688614
INFO: 5290 0.08736802637577057
INFO: 5300 0.06760438531637192
INFO: 5310 0.06284046918153763
INFO: 5320 0.0535687617957592
INFO: 5330 0.07625651359558105
INFO: 5340 0.07171271741390228
INFO: 5350 0.060097191482782364
INFO: 5360 0.07806315273046494
INFO: 5370 0.0684366300702095
INFO: 5380 0.11236567050218582
INFO: 5390 0.09763116389513016
INFO: 5400 0.07057894766330719
INFO: 5410 0.10069596022367477
INFO: 5420 0.11071048676967621
INFO: 5430 0.060398999601602554
INFO: 5440 0.07697198539972305
INFO: 5450 0.11230301856994629
INFO: 5460 0.08069470524787903
INFO: 5470 0.05921655893325806
INFO: 5480 0.08849256485700607
INFO: 5490 0.06288078427314758
INFO: 5500 0.06416551768779755
INFO: Checkpoint 5500 saved !
INFO: Step:5500, Valid_Dice:0.11917975908456906
INFO: 5510 0.06117665395140648
INFO: 5520 0.047606244683265686
INFO: 5530 0.07598026841878891
INFO: 5540 0.14291350543498993
INFO: 5550 0.06789132952690125
INFO: 5560 0.05780711770057678
INFO: 5570 0.08328056335449219
INFO: 5580 0.09190312772989273
INFO: 5590 0.06682293862104416
INFO: 5600 0.09680312871932983
INFO: 5610 0.08235141634941101
INFO: 5620 0.18344466388225555
INFO: 5630 0.05615202710032463
INFO: 5640 0.061260949820280075
INFO: 5650 0.0831625759601593
INFO: 5660 0.08719680458307266
INFO: 5670 0.11162309348583221
INFO: 5680 0.07218824326992035
INFO: 5690 0.06916550546884537
INFO: 5700 0.08257561177015305
INFO: 5710 0.07841403782367706
INFO: 5720 0.05800171568989754
INFO: 5730 0.09578845649957657
INFO: 5740 0.08965691924095154
INFO: 5750 0.07448609918355942
INFO: 5760 0.052869897335767746
INFO: 5770 0.07557205855846405
INFO: 5780 0.07779254764318466
INFO: 5790 0.16668933629989624
INFO: 5800 0.09596505016088486
INFO: 5810 0.0602014884352684
INFO: 5820 0.06739380955696106
INFO: 5830 0.06103130429983139
INFO: 5840 0.06634997576475143
INFO: 5850 0.08942147344350815
INFO: 5860 0.09512751549482346
INFO: 5870 0.06020317226648331
INFO: 5880 0.05870749428868294
INFO: 5890 0.07588522881269455
INFO: 5900 0.07852308452129364
INFO: 5910 0.06759271770715714
INFO: 5920 0.0697639212012291
INFO: 5930 0.05660119652748108
INFO: 5940 0.06870413571596146
INFO: 5950 0.06657499074935913
INFO: 5960 0.07446284592151642
INFO: 5970 0.07238940894603729
INFO: 5980 0.1869666576385498
INFO: 5990 0.1037202849984169
INFO: 6000 0.06832607090473175
INFO: Checkpoint 6000 saved !
INFO: Step:6000, Valid_Dice:0.14947417292120438
INFO: 6010 0.04300442337989807
INFO: 6020 0.10695422440767288
INFO: 6030 0.06976945698261261
INFO: 6040 0.078914575278759
INFO: 6050 0.09818179905414581
INFO: 6060 0.12187837064266205
INFO: 6070 0.11052747815847397
INFO: 6080 0.09807419031858444
INFO: 6090 0.09529431909322739
INFO: 6100 0.05273200199007988
INFO: 6110 0.0629057064652443
INFO: 6120 0.05277809873223305
INFO: 6130 0.06852765381336212
INFO: 6140 0.09117255359888077
INFO: 6150 0.09129511564970016
INFO: 6160 0.07454017549753189
INFO: 6170 0.05179888755083084
INFO: 6180 0.06703077256679535
INFO: 6190 0.04935040324926376
INFO: 6200 0.07674213498830795
INFO: 6210 0.08163225650787354
INFO: 6220 0.08648122847080231
INFO: 6230 0.06775959581136703
INFO: 6240 0.060268811881542206
INFO: 6250 0.09405003488063812
INFO: 6260 0.06194234639406204
INFO: 6270 0.08294812589883804
INFO: 6280 0.06923409551382065
INFO: 6290 0.067780040204525
INFO: 6300 0.11835592985153198
INFO: 6310 0.06931792199611664
INFO: 6320 0.059396903961896896
INFO: 6330 0.07219874113798141
INFO: 6340 0.08458142727613449
INFO: 6350 0.06471794843673706
INFO: 6360 0.06825429946184158
INFO: 6370 0.07142548263072968
INFO: 6380 0.07413103431463242
INFO: 6390 0.07589835673570633
INFO: 6400 0.06736132502555847
INFO: 6410 0.05179373919963837
INFO: 6420 0.06303431838750839
INFO: 6430 0.05593366548418999
INFO: 6440 0.10615390539169312
INFO: 6450 0.0912797823548317
INFO: 6460 0.0813622698187828
INFO: 6470 0.06253117322921753
INFO: 6480 0.07143323123455048
INFO: 6490 0.054078228771686554
INFO: 6500 0.07606863975524902
INFO: Checkpoint 6500 saved !
INFO: Step:6500, Valid_Dice:0.1613167065658467
INFO: 6510 0.07938862591981888
INFO: 6520 0.06469575315713882
INFO: 6530 0.06483134627342224
INFO: 6540 0.059703294187784195
INFO: 6550 0.06851973384618759
INFO: 6560 0.06234385818243027
INFO: 6570 0.06431145966053009
INFO: 6580 0.0779164656996727
INFO: 6590 0.061941638588905334
INFO: 6600 0.05282780900597572
INFO: 6610 0.06416401267051697
INFO: 6620 0.10192938148975372
INFO: 6630 0.0623943917453289
INFO: 6640 0.0808866024017334
INFO: 6650 0.06366883218288422
INFO: 6660 0.08868078887462616
INFO: 6670 0.07351919263601303
INFO: 6680 0.05824996158480644
INFO: 6690 0.08784490823745728
INFO: 6700 0.06986242532730103
INFO: 6710 0.07794196903705597
INFO: 6720 0.058582909405231476
INFO: 6730 0.10793688893318176
INFO: 6740 0.051010649651288986
INFO: 6750 0.0742681622505188
INFO: 6760 0.1045198142528534
INFO: 6770 0.07651106268167496
INFO: 6780 0.07454170286655426
INFO: 6790 0.059927698224782944
INFO: 6800 0.07012558728456497
INFO: 6810 0.05724849924445152
INFO: 6820 0.05733537673950195
INFO: 6830 0.07211831957101822
INFO: 6840 0.08435941487550735
INFO: 6850 0.08021631836891174
INFO: 6860 0.07605989277362823
INFO: 6870 0.07693270593881607
INFO: 6880 0.0547306165099144
INFO: 6890 0.08704877644777298
INFO: 6900 0.10397893190383911
INFO: 6910 0.04911261796951294
INFO: 6920 0.09006500244140625
INFO: 6930 0.06890960782766342
INFO: 6940 0.05605730414390564
INFO: 6950 0.09753751754760742
INFO: 6960 0.07149089872837067
INFO: 6970 0.061096519231796265
INFO: 6980 0.09998586773872375
INFO: 6990 0.06718498468399048
INFO: 7000 0.09010731428861618
INFO: Checkpoint 7000 saved !
INFO: Step:7000, Valid_Dice:0.1350883557774085
INFO: 7010 0.10680779814720154
INFO: 7020 0.06736621260643005
INFO: 7030 0.06873282790184021
INFO: 7040 0.06782817095518112
INFO: 7050 0.055184461176395416
INFO: 7060 0.08081772178411484
INFO: 7070 0.06398285180330276
INFO: 7080 0.07424594461917877
INFO: 7090 0.10341125726699829
INFO: 7100 0.07180652767419815
INFO: 7110 0.07874718308448792
INFO: 7120 0.1372017115354538
INFO: 7130 0.060071684420108795
