INFO: Using device cuda
INFO: DataParallel(
  (module): IPN_V2(
    (input3d): InConv3d(
      (in_conv): Sequential(
        (0): Conv3d(1, 64, kernel_size=(3, 3, 3), stride=(1, 1, 1), padding=(1, 1, 1))
        (1): ReLU(inplace=True)
      )
    )
    (PLM1): PLM(
      (plm): Sequential(
        (0): MaxPool3d(kernel_size=[8, 1, 1], stride=[8, 1, 1], padding=0, dilation=1, ceil_mode=False)
        (1): Conv3d(64, 64, kernel_size=(3, 3, 3), stride=(1, 1, 1), padding=(1, 1, 1))
        (2): ReLU(inplace=True)
        (3): Conv3d(64, 64, kernel_size=(3, 3, 3), stride=(1, 1, 1), padding=(1, 1, 1))
        (4): ReLU(inplace=True)
      )
    )
    (PLM2): PLM(
      (plm): Sequential(
        (0): MaxPool3d(kernel_size=[5, 1, 1], stride=[5, 1, 1], padding=0, dilation=1, ceil_mode=False)
        (1): Conv3d(64, 64, kernel_size=(3, 3, 3), stride=(1, 1, 1), padding=(1, 1, 1))
        (2): ReLU(inplace=True)
        (3): Conv3d(64, 64, kernel_size=(3, 3, 3), stride=(1, 1, 1), padding=(1, 1, 1))
        (4): ReLU(inplace=True)
      )
    )
    (PLM3): PLM(
      (plm): Sequential(
        (0): MaxPool3d(kernel_size=[4, 1, 1], stride=[4, 1, 1], padding=0, dilation=1, ceil_mode=False)
        (1): Conv3d(64, 64, kernel_size=(3, 3, 3), stride=(1, 1, 1), padding=(1, 1, 1))
        (2): ReLU(inplace=True)
        (3): Conv3d(64, 64, kernel_size=(3, 3, 3), stride=(1, 1, 1), padding=(1, 1, 1))
        (4): ReLU(inplace=True)
      )
    )
    (input2d): skip(
      (double2dconv): DoubleConv(
        (double_conv): Sequential(
          (0): Conv2d(128, 64, kernel_size=(3, 3), stride=(1, 1), padding=(1, 1))
          (1): ReLU(inplace=True)
          (2): Conv2d(64, 64, kernel_size=(3, 3), stride=(1, 1), padding=(1, 1))
          (3): ReLU(inplace=True)
        )
      )
      (skip_conv): Conv3d(64, 64, kernel_size=(160, 1, 1), stride=(160, 1, 1))
    )
    (pp): UNet_3Plus(
      (conv1): DoubleConv(
        (double_conv): Sequential(
          (0): Conv2d(64, 64, kernel_size=(3, 3), stride=(1, 1), padding=(1, 1))
          (1): ReLU(inplace=True)
          (2): Conv2d(64, 64, kernel_size=(3, 3), stride=(1, 1), padding=(1, 1))
          (3): ReLU(inplace=True)
        )
      )
      (maxpool1): MaxPool2d(kernel_size=2, stride=2, padding=0, dilation=1, ceil_mode=False)
      (conv2): DoubleConv(
        (double_conv): Sequential(
          (0): Conv2d(64, 64, kernel_size=(3, 3), stride=(1, 1), padding=(1, 1))
          (1): ReLU(inplace=True)
          (2): Conv2d(64, 64, kernel_size=(3, 3), stride=(1, 1), padding=(1, 1))
          (3): ReLU(inplace=True)
        )
      )
      (maxpool2): MaxPool2d(kernel_size=2, stride=2, padding=0, dilation=1, ceil_mode=False)
      (conv3): DoubleConv(
        (double_conv): Sequential(
          (0): Conv2d(64, 64, kernel_size=(3, 3), stride=(1, 1), padding=(1, 1))
          (1): ReLU(inplace=True)
          (2): Conv2d(64, 64, kernel_size=(3, 3), stride=(1, 1), padding=(1, 1))
          (3): ReLU(inplace=True)
        )
      )
      (h1_PT_hd3): MaxPool2d(kernel_size=4, stride=4, padding=0, dilation=1, ceil_mode=True)
      (h1_PT_hd3_conv): Conv2d(64, 64, kernel_size=(3, 3), stride=(1, 1), padding=(1, 1))
      (h1_PT_hd3_relu): ReLU(inplace=True)
      (h2_PT_hd3): MaxPool2d(kernel_size=2, stride=2, padding=0, dilation=1, ceil_mode=True)
      (h2_PT_hd3_conv): Conv2d(64, 64, kernel_size=(3, 3), stride=(1, 1), padding=(1, 1))
      (h2_PT_hd3_relu): ReLU(inplace=True)
      (h3_Cat_hd3_conv): Conv2d(64, 64, kernel_size=(3, 3), stride=(1, 1), padding=(1, 1))
      (h3_Cat_hd3_relu): ReLU(inplace=True)
      (conv3d_1): Conv2d(192, 192, kernel_size=(3, 3), stride=(1, 1), padding=(1, 1))
      (relu3d_1): ReLU(inplace=True)
      (h1_PT_hd2): MaxPool2d(kernel_size=2, stride=2, padding=0, dilation=1, ceil_mode=True)
      (h1_PT_hd2_conv): Conv2d(64, 64, kernel_size=(3, 3), stride=(1, 1), padding=(1, 1))
      (h1_PT_hd2_relu): ReLU(inplace=True)
      (h2_Cat_hd2_conv): Conv2d(64, 64, kernel_size=(3, 3), stride=(1, 1), padding=(1, 1))
      (h2_Cat_hd2_relu): ReLU(inplace=True)
      (hd3_UT_hd2): Upsample(scale_factor=2.0, mode=bilinear)
      (hd3_UT_hd2_conv): Conv2d(192, 64, kernel_size=(3, 3), stride=(1, 1), padding=(1, 1))
      (hd3_UT_hd2_relu): ReLU(inplace=True)
      (conv2d_1): Conv2d(192, 192, kernel_size=(3, 3), stride=(1, 1), padding=(1, 1))
      (relu2d_1): ReLU(inplace=True)
      (h1_Cat_hd1_conv): Conv2d(64, 64, kernel_size=(3, 3), stride=(1, 1), padding=(1, 1))
      (h1_Cat_hd1_relu): ReLU(inplace=True)
      (hd2_UT_hd1): Upsample(scale_factor=2.0, mode=bilinear)
      (hd2_UT_hd1_conv): Conv2d(192, 64, kernel_size=(3, 3), stride=(1, 1), padding=(1, 1))
      (hd2_UT_hd1_relu): ReLU(inplace=True)
      (hd3_UT_hd1): Upsample(scale_factor=4.0, mode=bilinear)
      (hd3_UT_hd1_conv): Conv2d(192, 64, kernel_size=(3, 3), stride=(1, 1), padding=(1, 1))
      (hd3_UT_hd1_relu): ReLU(inplace=True)
      (conv1d_1): Conv2d(192, 64, kernel_size=(3, 3), stride=(1, 1), padding=(1, 1))
      (relu1d_1): ReLU(inplace=True)
      (outconv1): Conv2d(64, 2, kernel_size=(3, 3), stride=(1, 1), padding=(1, 1))
    )
  )
)
/home/yh3529/.conda/envs/torch-1.11/lib/python3.9/site-packages/torch/nn/functional.py:780: UserWarning: Note that order of the arguments: ceil_mode and return_indices will changeto match the args list in nn.MaxPool2d in a future release.
  warnings.warn("Note that order of the arguments: ceil_mode and return_indices will change"
INFO: 0 0.7105123996734619
INFO: Checkpoint 0 saved !
INFO: Step:0, Valid_Dice:0.1642911267958028
INFO: 10 0.6712273359298706
INFO: 20 0.4264984726905823
INFO: 30 0.35084259510040283
INFO: 40 0.3622375428676605
INFO: 50 0.29276713728904724
INFO: 60 0.35717201232910156
INFO: 70 0.32618409395217896
INFO: 80 0.33009517192840576
INFO: 90 0.3459712862968445
INFO: 100 0.320270836353302
INFO: 110 0.3726227283477783
INFO: 120 0.2757381796836853
INFO: 130 0.23022881150245667
INFO: 140 0.2748853862285614
INFO: 150 0.3117665946483612
INFO: 160 0.3380092978477478
INFO: 170 0.28481292724609375
INFO: 180 0.4094051122665405
INFO: 190 0.3109370470046997
INFO: 200 0.3266255259513855
INFO: 210 0.20481525361537933
INFO: 220 0.3400498628616333
INFO: 230 0.3166608214378357
INFO: 240 0.38438844680786133
INFO: 250 0.22346627712249756
INFO: 260 0.30700209736824036
INFO: 270 0.36077073216438293
INFO: 280 0.38682645559310913
INFO: 290 0.23624438047409058
INFO: 300 0.39846792817115784
INFO: 310 0.3795228600502014
INFO: 320 0.3352579176425934
INFO: 330 0.3295907974243164
INFO: 340 0.39045682549476624
INFO: 350 0.3966437876224518
INFO: 360 0.31923922896385193
INFO: 370 0.2080400437116623
INFO: 380 0.2690998911857605
INFO: 390 0.38899141550064087
INFO: 400 0.34968721866607666
INFO: 410 0.29943618178367615
INFO: 420 0.27752766013145447
INFO: 430 0.3178669810295105
INFO: 440 0.3482183516025543
INFO: 450 0.3444940745830536
INFO: 460 0.2896523177623749
INFO: 470 0.2711460590362549
INFO: 480 0.2301941215991974
INFO: 490 0.3421575725078583
INFO: 500 0.3459908366203308
INFO: Checkpoint 500 saved !
INFO: Step:500, Valid_Dice:0.0
INFO: 510 0.25995689630508423
INFO: 520 0.3008018136024475
INFO: 530 0.30679383873939514
INFO: 540 0.2159508764743805
INFO: 550 0.33827444911003113
INFO: 560 0.34779638051986694
INFO: 570 0.3164149522781372
INFO: 580 0.2784867286682129
INFO: 590 0.3172081410884857
INFO: 600 0.2900545001029968
INFO: 610 0.28925958275794983
INFO: 620 0.14186795055866241
INFO: 630 0.33799657225608826
INFO: 640 0.20837436616420746
INFO: 650 0.34933027625083923
INFO: 660 0.26335474848747253
INFO: 670 0.3053484261035919
INFO: 680 0.21101853251457214
INFO: 690 0.28572648763656616
INFO: 700 0.2161489725112915
INFO: 710 0.19704386591911316
INFO: 720 0.3159022927284241
INFO: 730 0.2327028065919876
INFO: 740 0.2856082618236542
INFO: 750 0.22460944950580597
INFO: 760 0.2063376009464264
INFO: 770 0.1916412115097046
INFO: 780 0.16130302846431732
INFO: 790 0.20124712586402893
INFO: 800 0.2537915110588074
INFO: 810 0.13192306458950043
INFO: 820 0.19108577072620392
INFO: 830 0.20322144031524658
INFO: 840 0.2009815126657486
INFO: 850 0.2069299817085266
INFO: 860 0.16845057904720306
INFO: 870 0.3350038528442383
INFO: 880 0.1730867177248001
INFO: 890 0.186327263712883
INFO: 900 0.23433026671409607
INFO: 910 0.1642947942018509
INFO: 920 0.20033523440361023
INFO: 930 0.17038162052631378
INFO: 940 0.16155210137367249
INFO: 950 0.1258663535118103
INFO: 960 0.14198805391788483
INFO: 970 0.1726442277431488
INFO: 980 0.11212194710969925
INFO: 990 0.14242126047611237
INFO: 1000 0.14712263643741608
INFO: Checkpoint 1000 saved !
INFO: Step:1000, Valid_Dice:0.6321794271500786
INFO: 1010 0.1688019335269928
INFO: 1020 0.23492568731307983
INFO: 1030 0.19436641037464142
INFO: 1040 0.11087900400161743
INFO: 1050 0.22470678389072418
INFO: 1060 0.15217815339565277
INFO: 1070 0.1566639244556427
INFO: 1080 0.11617384105920792
INFO: 1090 0.15148474276065826
INFO: 1100 0.15238623321056366
INFO: 1110 0.1812995821237564
INFO: 1120 0.3597215712070465
INFO: 1130 0.12667372822761536
INFO: 1140 0.20676684379577637
INFO: 1150 0.07059082388877869
INFO: 1160 0.12350236624479294
INFO: 1170 0.15374994277954102
INFO: 1180 0.17713111639022827
INFO: 1190 0.12010180950164795
INFO: 1200 0.15801244974136353
INFO: 1210 0.14682547748088837
INFO: 1220 0.1695163995027542
INFO: 1230 0.1760517954826355
INFO: 1240 0.1076897457242012
INFO: 1250 0.1458292007446289
INFO: 1260 0.14648517966270447
INFO: 1270 0.18819312751293182
INFO: 1280 0.15872451663017273
INFO: 1290 0.12516051530838013
INFO: 1300 0.1411026418209076
INFO: 1310 0.13186369836330414
INFO: 1320 0.1323907971382141
INFO: 1330 0.10424462705850601
INFO: 1340 0.1037767305970192
INFO: 1350 0.17819048464298248
INFO: 1360 0.12860669195652008
INFO: 1370 0.15671494603157043
INFO: 1380 0.09371145069599152
INFO: 1390 0.09401343017816544
INFO: 1400 0.11725352704524994
INFO: 1410 0.083411805331707
INFO: 1420 0.11005166918039322
INFO: 1430 0.20051679015159607
INFO: 1440 0.15915007889270782
INFO: 1450 0.11243642866611481
INFO: 1460 0.11041198670864105
INFO: 1470 0.20372208952903748
INFO: 1480 0.12661682069301605
INFO: 1490 0.0996401235461235
INFO: 1500 0.09759072214365005
INFO: Checkpoint 1500 saved !
INFO: Step:1500, Valid_Dice:0.7302979759373801
INFO: 1510 0.08923079818487167
INFO: 1520 0.1098007932305336
INFO: 1530 0.09306025505065918
INFO: 1540 0.12548913061618805
INFO: 1550 0.12914445996284485
INFO: 1560 0.07234892249107361
INFO: 1570 0.11121056973934174
INFO: 1580 0.16610705852508545
INFO: 1590 0.18084904551506042
INFO: 1600 0.09754348546266556
INFO: 1610 0.1295788288116455
INFO: 1620 0.12432973831892014
INFO: 1630 0.08740293234586716
INFO: 1640 0.10391891747713089
INFO: 1650 0.06665759533643723
INFO: 1660 0.08796113729476929
INFO: 1670 0.0983777865767479
INFO: 1680 0.08009956032037735
INFO: 1690 0.1286081224679947
INFO: 1700 0.09779985249042511
INFO: 1710 0.1003815084695816
INFO: 1720 0.12963071465492249
INFO: 1730 0.10192584246397018
INFO: 1740 0.10495971888303757
INFO: 1750 0.09799564629793167
INFO: 1760 0.07473213970661163
INFO: 1770 0.14788642525672913
INFO: 1780 0.10889622569084167
INFO: 1790 0.10014040023088455
INFO: 1800 0.15447212755680084
INFO: 1810 0.13020123541355133
INFO: 1820 0.10148612409830093
INFO: 1830 0.1403762251138687
INFO: 1840 0.14324484765529633
INFO: 1850 0.13624072074890137
INFO: 1860 0.10646189004182816
INFO: 1870 0.10709461569786072
INFO: 1880 0.12384560704231262
INFO: 1890 0.07563569396734238
INFO: 1900 0.07340556383132935
INFO: 1910 0.08453627675771713
INFO: 1920 0.09777560830116272
INFO: 1930 0.09849432110786438
INFO: 1940 0.1217307597398758
INFO: 1950 0.11437927186489105
INFO: 1960 0.07844194024801254
INFO: 1970 0.11955498903989792
INFO: 1980 0.07370384782552719
INFO: 1990 0.05656024068593979
INFO: 2000 0.08557641506195068
INFO: Checkpoint 2000 saved !
INFO: Step:2000, Valid_Dice:0.7732560476834557
INFO: 2010 0.10156018286943436
INFO: 2020 0.1234355941414833
INFO: 2030 0.09797947108745575
INFO: 2040 0.10736390203237534
INFO: 2050 0.09989780187606812
INFO: 2060 0.12837180495262146
INFO: 2070 0.08397410064935684
INFO: 2080 0.11089294403791428
INFO: 2090 0.06529227644205093
INFO: 2100 0.12208285927772522
INFO: 2110 0.06622037291526794
INFO: 2120 0.08340467512607574
INFO: 2130 0.07738702744245529
INFO: 2140 0.07998393476009369
INFO: 2150 0.09813380986452103
INFO: 2160 0.08725355565547943
INFO: 2170 0.10332607477903366
INFO: 2180 0.06918523460626602
INFO: 2190 0.08430877327919006
INFO: 2200 0.12263527512550354
INFO: 2210 0.10819735378026962
INFO: 2220 0.11966929584741592
INFO: 2230 0.06130349263548851
INFO: 2240 0.07284422963857651
INFO: 2250 0.0741984024643898
INFO: 2260 0.10542094707489014
INFO: 2270 0.103782519698143
INFO: 2280 0.08308354765176773
INFO: 2290 0.08528099209070206
INFO: 2300 0.16340647637844086
INFO: 2310 0.07101274281740189
INFO: 2320 0.09376712143421173
INFO: 2330 0.12001997232437134
INFO: 2340 0.07493226230144501
INFO: 2350 0.1462813913822174
INFO: 2360 0.08448833972215652
INFO: 2370 0.09064087271690369
INFO: 2380 0.06342443823814392
INFO: 2390 0.08630659431219101
INFO: 2400 0.08415254950523376
INFO: 2410 0.08789036422967911
INFO: 2420 0.12666141986846924
INFO: 2430 0.05936992168426514
INFO: 2440 0.08563095331192017
INFO: 2450 0.09877680987119675
INFO: 2460 0.0759006068110466
INFO: 2470 0.08426080644130707
INFO: 2480 0.0687066987156868
INFO: 2490 0.07526560127735138
INFO: 2500 0.1590074896812439
INFO: Checkpoint 2500 saved !
INFO: Step:2500, Valid_Dice:0.7886946137257869
INFO: 2510 0.04475881904363632
INFO: 2520 0.1075877919793129
INFO: 2530 0.0688478872179985
INFO: 2540 0.09679998457431793
INFO: 2550 0.08086176216602325
INFO: 2560 0.1232176125049591
INFO: 2570 0.06330174952745438
INFO: 2580 0.09169545769691467
INFO: 2590 0.08160499483346939
INFO: 2600 0.08108140528202057
INFO: 2610 0.0858844518661499
INFO: 2620 0.08111491799354553
INFO: 2630 0.12002729624509811
INFO: 2640 0.10691014677286148
INFO: 2650 0.0720755010843277
INFO: 2660 0.06288851797580719
INFO: 2670 0.22612948715686798
INFO: 2680 0.13513308763504028
INFO: 2690 0.07278227806091309
INFO: 2700 0.08104051649570465
INFO: 2710 0.1021868959069252
INFO: 2720 0.07319887727499008
INFO: 2730 0.09998802840709686
INFO: 2740 0.08872859925031662
INFO: 2750 0.11062338948249817
INFO: 2760 0.0855507105588913
INFO: 2770 0.06548705697059631
INFO: 2780 0.11829531192779541
INFO: 2790 0.05624449625611305
INFO: 2800 0.08652693778276443
INFO: 2810 0.12197160720825195
INFO: 2820 0.08871760964393616
INFO: 2830 0.09062080085277557
INFO: 2840 0.09391698986291885
INFO: 2850 0.07472053170204163
INFO: 2860 0.10108407586812973
INFO: 2870 0.0935724750161171
INFO: 2880 0.08964806795120239
INFO: 2890 0.06327267736196518
INFO: 2900 0.04620786011219025
INFO: 2910 0.07045929878950119
INFO: 2920 0.08508305996656418
INFO: 2930 0.0754840299487114
INFO: 2940 0.08669372648000717
INFO: 2950 0.0716293677687645
INFO: 2960 0.10710442066192627
INFO: 2970 0.06743474304676056
INFO: 2980 0.0801866352558136
INFO: 2990 0.06140637770295143
INFO: 3000 0.09685663878917694
INFO: Checkpoint 3000 saved !
INFO: Step:3000, Valid_Dice:0.8025487069071046
INFO: 3010 0.10328155755996704
INFO: 3020 0.05850205570459366
INFO: 3030 0.0898587703704834
INFO: 3040 0.08922767639160156
INFO: 3050 0.08377838879823685
INFO: 3060 0.06827619671821594
INFO: 3070 0.07586021721363068
INFO: 3080 0.096592016518116
INFO: 3090 0.06788310408592224
INFO: 3100 0.08464626222848892
INFO: 3110 0.07963913679122925
INFO: 3120 0.05033313110470772
INFO: 3130 0.0872647613286972
INFO: 3140 0.09419462084770203
INFO: 3150 0.06329122185707092
INFO: 3160 0.07561284303665161
INFO: 3170 0.1170116439461708
INFO: 3180 0.12735386192798615
INFO: 3190 0.07260053604841232
INFO: 3200 0.06777752190828323
INFO: 3210 0.10575281828641891
INFO: 3220 0.08705683797597885
INFO: 3230 0.09383003413677216
INFO: 3240 0.17517970502376556
INFO: 3250 0.07326721400022507
INFO: 3260 0.09762416779994965
INFO: 3270 0.07071562856435776
INFO: 3280 0.09453482925891876
INFO: 3290 0.07972942292690277
INFO: 3300 0.06991690397262573
INFO: 3310 0.0641757994890213
INFO: 3320 0.12663914263248444
INFO: 3330 0.07699921727180481
INFO: 3340 0.07852905243635178
INFO: 3350 0.09108404815196991
INFO: 3360 0.09841383248567581
INFO: 3370 0.053929395973682404
INFO: 3380 0.09341374784708023
INFO: 3390 0.0601254403591156
INFO: 3400 0.08872941881418228
INFO: 3410 0.12276921421289444
INFO: 3420 0.09119069576263428
INFO: 3430 0.07356024533510208
INFO: 3440 0.06280678510665894
INFO: 3450 0.08762484043836594
INFO: 3460 0.11127900332212448
INFO: 3470 0.1034090593457222
INFO: 3480 0.09039861708879471
INFO: 3490 0.1008945032954216
INFO: 3500 0.05676678940653801
INFO: Checkpoint 3500 saved !
INFO: Step:3500, Valid_Dice:0.762795964951239
INFO: 3510 0.11706259846687317
INFO: 3520 0.1038060188293457
INFO: 3530 0.11941654980182648
INFO: 3540 0.07936748117208481
INFO: 3550 0.07204616069793701
INFO: 3560 0.1043754369020462
INFO: 3570 0.09663660824298859
INFO: 3580 0.09891176968812943
INFO: 3590 0.0966007336974144
INFO: 3600 0.09100933372974396
INFO: 3610 0.08579963445663452
INFO: 3620 0.09774016588926315
INFO: 3630 0.10398673266172409
INFO: 3640 0.07069393247365952
INFO: 3650 0.06484174728393555
INFO: 3660 0.11386911571025848
INFO: 3670 0.06608451902866364
INFO: 3680 0.06939229369163513
INFO: 3690 0.08246608823537827
INFO: 3700 0.10481170564889908
INFO: 3710 0.08828527480363846
INFO: 3720 0.09231793135404587
INFO: 3730 0.12576447427272797
INFO: 3740 0.10979432612657547
INFO: 3750 0.0634976252913475
INFO: 3760 0.08137504011392593
INFO: 3770 0.07616334408521652
INFO: 3780 0.07571996748447418
INFO: 3790 0.05436663329601288
INFO: 3800 0.08188482373952866
INFO: 3810 0.06015169620513916
INFO: 3820 0.08011213690042496
INFO: 3830 0.06470794975757599
INFO: 3840 0.06091560050845146
INFO: 3850 0.06664738804101944
INFO: 3860 0.08577362447977066
INFO: 3870 0.08926044404506683
INFO: 3880 0.11041068285703659
INFO: 3890 0.07771419733762741
INFO: 3900 0.08174970746040344
INFO: 3910 0.13540655374526978
INFO: 3920 0.08668792992830276
INFO: 3930 0.04490029439330101
INFO: 3940 0.06670861691236496
INFO: 3950 0.1053357645869255
INFO: 3960 0.11029863357543945
INFO: 3970 0.08390171825885773
INFO: 3980 0.10349953919649124
INFO: 3990 0.05503134801983833
INFO: 4000 0.07439763844013214
INFO: Checkpoint 4000 saved !
INFO: Step:4000, Valid_Dice:0.8077918445762201
INFO: 4010 0.07864992320537567
INFO: 4020 0.07508046180009842
INFO: 4030 0.07267378270626068
INFO: 4040 0.08969540894031525
INFO: 4050 0.08483625203371048
INFO: 4060 0.07780597358942032
INFO: 4070 0.05968743935227394
INFO: 4080 0.10105109959840775
INFO: 4090 0.07781065255403519
INFO: 4100 0.07731404155492783
INFO: 4110 0.08460400253534317
INFO: 4120 0.08526360988616943
INFO: 4130 0.06329165399074554
INFO: 4140 0.05594706907868385
INFO: 4150 0.05596267804503441
INFO: 4160 0.08024927973747253
INFO: 4170 0.06648709625005722
INFO: 4180 0.06470481306314468
INFO: 4190 0.20170705020427704
INFO: 4200 0.06861015409231186
INFO: 4210 0.1637452095746994
INFO: 4220 0.08037436008453369
INFO: 4230 0.08678097277879715
INFO: 4240 0.14174288511276245
INFO: 4250 0.09442023932933807
INFO: 4260 0.07409240305423737
INFO: 4270 0.11021379381418228
INFO: 4280 0.07713288813829422
INFO: 4290 0.08492279052734375
INFO: 4300 0.07292470335960388
INFO: 4310 0.09456288814544678
INFO: 4320 0.0661594569683075
INFO: 4330 0.08234428614377975
INFO: 4340 0.07820207625627518
INFO: 4350 0.07255586236715317
INFO: 4360 0.09856489300727844
INFO: 4370 0.0742201879620552
INFO: 4380 0.07669077068567276
INFO: 4390 0.09491422027349472
INFO: 4400 0.08670202642679214
INFO: 4410 0.09537526965141296
INFO: 4420 0.08647724986076355
INFO: 4430 0.051117151975631714
INFO: 4440 0.07727854698896408
INFO: 4450 0.08927213400602341
INFO: 4460 0.07337343692779541
INFO: 4470 0.07509183138608932
INFO: 4480 0.07847283780574799
INFO: 4490 0.11782363057136536
INFO: 4500 0.07807798683643341
INFO: Checkpoint 4500 saved !
INFO: Step:4500, Valid_Dice:0.8182506327268877
INFO: 4510 0.0969354584813118
INFO: 4520 0.061500102281570435
INFO: 4530 0.06488015502691269
INFO: 4540 0.07640793174505234
INFO: 4550 0.06572575867176056
INFO: 4560 0.06494364142417908
INFO: 4570 0.08191490918397903
INFO: 4580 0.06533143669366837
INFO: 4590 0.08453714847564697
INFO: 4600 0.06650808453559875
INFO: 4610 0.08367124199867249
INFO: 4620 0.07725738734006882
INFO: 4630 0.06328311562538147
INFO: 4640 0.06404393166303635
INFO: 4650 0.08580221235752106
INFO: 4660 0.0749022513628006
INFO: 4670 0.11560148745775223
INFO: 4680 0.09478893131017685
INFO: 4690 0.0826432928442955
INFO: 4700 0.11858558654785156
INFO: 4710 0.10357438772916794
INFO: 4720 0.07883795350790024
INFO: 4730 0.07540176808834076
INFO: 4740 0.0795045867562294
INFO: 4750 0.0603213794529438
INFO: 4760 0.08719177544116974
INFO: 4770 0.09452001005411148
INFO: 4780 0.10180314630270004
INFO: 4790 0.08585864305496216
INFO: 4800 0.08071555197238922
INFO: 4810 0.08363412320613861
INFO: 4820 0.08598288893699646
INFO: 4830 0.0677054226398468
INFO: 4840 0.054341528564691544
INFO: 4850 0.09525097906589508
INFO: 4860 0.08143150061368942
INFO: 4870 0.08192868530750275
INFO: 4880 0.08470755815505981
INFO: 4890 0.04781484231352806
INFO: 4900 0.07962284982204437
INFO: 4910 0.0871407613158226
INFO: 4920 0.061324670910835266
INFO: 4930 0.06216619163751602
INFO: 4940 0.07412850111722946
INFO: 4950 0.047567885369062424
INFO: 4960 0.1481097787618637
INFO: 4970 0.05171656608581543
INFO: 4980 0.07057260721921921
INFO: 4990 0.06401127576828003
INFO: 5000 0.07208188623189926
INFO: Checkpoint 5000 saved !
INFO: Step:5000, Valid_Dice:0.8145677269466386
INFO: 5010 0.07627107203006744
INFO: 5020 0.0822368711233139
INFO: 5030 0.07960198074579239
INFO: 5040 0.06456034630537033
INFO: 5050 0.04931119456887245
INFO: 5060 0.09013424068689346
INFO: 5070 0.08051224052906036
INFO: 5080 0.0668221041560173
INFO: 5090 0.10422392934560776
INFO: 5100 0.07271701097488403
INFO: 5110 0.0820830911397934
INFO: 5120 0.07222200930118561
INFO: 5130 0.11179950088262558
INFO: 5140 0.06390296667814255
INFO: 5150 0.05113992840051651
INFO: 5160 0.08527132123708725
INFO: 5170 0.08984862267971039
INFO: 5180 0.06997142732143402
INFO: 5190 0.11180317401885986
INFO: 5200 0.06456261873245239
INFO: 5210 0.101484015583992
INFO: 5220 0.11175447702407837
INFO: 5230 0.06431979686021805
INFO: 5240 0.06282167881727219
INFO: 5250 0.07227656245231628
INFO: 5260 0.06354387104511261
INFO: 5270 0.07546325773000717
INFO: 5280 0.144606351852417
INFO: 5290 0.08147741109132767
INFO: 5300 0.10019592195749283
INFO: 5310 0.07739006727933884
INFO: 5320 0.08155722171068192
INFO: 5330 0.05406986549496651
INFO: 5340 0.056027159094810486
INFO: 5350 0.061916325241327286
INFO: 5360 0.14223407208919525
INFO: 5370 0.0646655410528183
INFO: 5380 0.07260843366384506
INFO: 5390 0.07210565358400345
INFO: 5400 0.07678768038749695
INFO: 5410 0.08728747069835663
INFO: 5420 0.0688222199678421
INFO: 5430 0.06467873603105545
INFO: 5440 0.04678359255194664
INFO: 5450 0.06476493924856186
INFO: 5460 0.06396053731441498
INFO: 5470 0.08679773658514023
INFO: 5480 0.06169779598712921
INFO: 5490 0.08631090819835663
INFO: 5500 0.06087762489914894
INFO: Checkpoint 5500 saved !
INFO: Step:5500, Valid_Dice:0.8246967489440381
INFO: 5510 0.056429069489240646
INFO: 5520 0.05217819660902023
INFO: 5530 0.0986371785402298
INFO: 5540 0.08354566246271133
INFO: 5550 0.08692450076341629
INFO: 5560 0.08418483287096024
INFO: 5570 0.1081777811050415
INFO: 5580 0.07415878772735596
INFO: 5590 0.05651521682739258
INFO: 5600 0.09760414063930511
INFO: 5610 0.05613725632429123
INFO: 5620 0.06952909380197525
INFO: 5630 0.09810177981853485
INFO: 5640 0.10928212851285934
INFO: 5650 0.09947479516267776
INFO: 5660 0.05213312804698944
INFO: 5670 0.04131472855806351
INFO: 5680 0.09110765904188156
INFO: 5690 0.047168828547000885
INFO: 5700 0.10337785631418228
INFO: 5710 0.07352212816476822
INFO: 5720 0.07697686553001404
INFO: 5730 0.08467582613229752
INFO: 5740 0.11106838285923004
INFO: 5750 0.08181538432836533
INFO: 5760 0.07165594398975372
INFO: 5770 0.07213479280471802
INFO: 5780 0.05455096438527107
INFO: 5790 0.05374747887253761
INFO: 5800 0.07477975636720657
INFO: 5810 0.08624539524316788
INFO: 5820 0.05296970158815384
INFO: 5830 0.06433191895484924
INFO: 5840 0.08954574912786484
INFO: 5850 0.08766435831785202
INFO: 5860 0.07455655187368393
INFO: 5870 0.07428385317325592
INFO: 5880 0.08387145400047302
INFO: 5890 0.04316893592476845
INFO: 5900 0.07346446812152863
INFO: 5910 0.08808904141187668
INFO: 5920 0.07814547419548035
INFO: 5930 0.07120181620121002
INFO: 5940 0.21045427024364471
INFO: 5950 0.17051208019256592
INFO: 5960 0.08497115224599838
INFO: 5970 0.07798122614622116
INFO: 5980 0.06803031265735626
INFO: 5990 0.06381326913833618
INFO: 6000 0.09459745138883591
INFO: Checkpoint 6000 saved !
INFO: Step:6000, Valid_Dice:0.8205120279749668
INFO: 6010 0.06686242669820786
INFO: 6020 0.10476154834032059
INFO: 6030 0.05608600005507469
INFO: 6040 0.07762458920478821
INFO: 6050 0.07168779522180557
INFO: 6060 0.08223660290241241
INFO: 6070 0.0825982317328453
INFO: 6080 0.0731457844376564
INFO: 6090 0.0789036750793457
INFO: 6100 0.08826641738414764
INFO: 6110 0.06992998719215393
INFO: 6120 0.07217194139957428
INFO: 6130 0.12519574165344238
INFO: 6140 0.06744106113910675
INFO: 6150 0.07576724886894226
INFO: 6160 0.06243601068854332
INFO: 6170 0.08454340696334839
INFO: 6180 0.06251004338264465
INFO: 6190 0.06250518560409546
INFO: 6200 0.08131496608257294
INFO: 6210 0.09470521658658981
INFO: 6220 0.0651918575167656
INFO: 6230 0.09629503637552261
INFO: 6240 0.07933996617794037
INFO: 6250 0.07274089008569717
INFO: 6260 0.11001969873905182
INFO: 6270 0.09888529032468796
INFO: 6280 0.06427131593227386
INFO: 6290 0.0716119334101677
INFO: 6300 0.0737014189362526
INFO: 6310 0.04824726656079292
INFO: 6320 0.07235873490571976
INFO: 6330 0.08789637684822083
INFO: 6340 0.05881524831056595
INFO: 6350 0.06501953303813934
INFO: 6360 0.07183989137411118
INFO: 6370 0.05695030465722084
INFO: 6380 0.06920608878135681
INFO: 6390 0.07831166684627533
INFO: 6400 0.09322890639305115
INFO: 6410 0.08033563196659088
INFO: 6420 0.07537388056516647
INFO: 6430 0.07732520997524261
INFO: 6440 0.0729065090417862
INFO: 6450 0.09448686242103577
INFO: 6460 0.10220763087272644
INFO: 6470 0.07053482532501221
INFO: 6480 0.060759950429201126
INFO: 6490 0.07463760673999786
INFO: 6500 0.05873049795627594
INFO: Checkpoint 6500 saved !
INFO: Step:6500, Valid_Dice:0.8284999815325316
INFO: 6510 0.12542062997817993
INFO: 6520 0.0678209438920021
INFO: 6530 0.06420242786407471
INFO: 6540 0.0714862272143364
INFO: 6550 0.06312526762485504
INFO: 6560 0.07204156368970871
INFO: 6570 0.08920420706272125
INFO: 6580 0.057041626423597336
INFO: 6590 0.062496986240148544
INFO: 6600 0.06504220515489578
INFO: 6610 0.06462948769330978
INFO: 6620 0.0610421746969223
INFO: 6630 0.09555397927761078
INFO: 6640 0.056289222091436386
INFO: 6650 0.08895156532526016
INFO: 6660 0.054094694554805756
INFO: 6670 0.05774727836251259
INFO: 6680 0.04909764230251312
INFO: 6690 0.07185551524162292
INFO: 6700 0.09520618617534637
INFO: 6710 0.08176300674676895
INFO: 6720 0.05642685666680336
INFO: 6730 0.06492723524570465
INFO: 6740 0.09648102521896362
INFO: 6750 0.05778568610548973
INFO: 6760 0.08950445801019669
INFO: 6770 0.067230723798275
INFO: 6780 0.08829615265130997
INFO: 6790 0.184930682182312
INFO: 6800 0.11534367501735687
INFO: 6810 0.06691581010818481
INFO: 6820 0.059982359409332275
INFO: 6830 0.06570924073457718
INFO: 6840 0.06286599487066269
INFO: 6850 0.058700475841760635
INFO: 6860 0.0738895982503891
INFO: 6870 0.059660814702510834
INFO: 6880 0.07648462802171707
INFO: 6890 0.0921226441860199
INFO: 6900 0.11037661135196686
INFO: 6910 0.07069261372089386
INFO: 6920 0.07353751361370087
INFO: 6930 0.05973596125841141
INFO: 6940 0.09431826323270798
INFO: 6950 0.06002926081418991
INFO: 6960 0.047208476811647415
INFO: 6970 0.08585214614868164
INFO: 6980 0.07015126198530197
INFO: 6990 0.04939361661672592
INFO: 7000 0.0886470302939415
INFO: Checkpoint 7000 saved !
INFO: Step:7000, Valid_Dice:0.8268363897538025
INFO: 7010 0.07259489595890045
INFO: 7020 0.08686546981334686
INFO: 7030 0.07374189794063568
INFO: 7040 0.07492459565401077
INFO: 7050 0.12944135069847107
INFO: 7060 0.09381327778100967
INFO: 7070 0.07752179354429245
INFO: 7080 0.09164312481880188
INFO: 7090 0.05709147825837135
INFO: 7100 0.0720268189907074
INFO: 7110 0.07437223941087723
INFO: 7120 0.06421393156051636
INFO: 7130 0.05909866839647293
INFO: 7140 0.11785317212343216
INFO: 7150 0.06643891334533691
INFO: 7160 0.07430379837751389
INFO: 7170 0.06825657188892365
INFO: 7180 0.05896660313010216
INFO: 7190 0.08236750215291977
INFO: 7200 0.09065765142440796
INFO: 7210 0.09486038237810135
INFO: 7220 0.04022134840488434
INFO: 7230 0.05270883068442345
INFO: 7240 0.07353106886148453
INFO: 7250 0.0752696692943573
INFO: 7260 0.07791061699390411
INFO: 7270 0.08707838505506516
INFO: 7280 0.05598634481430054
INFO: 7290 0.09361132234334946
INFO: 7300 0.0730571523308754
INFO: 7310 0.07060299068689346
INFO: 7320 0.09394299238920212
INFO: 7330 0.06651822477579117
INFO: 7340 0.05493154376745224
INFO: 7350 0.051476191729307175
INFO: 7360 0.09777723252773285
INFO: 7370 0.07873780280351639
INFO: 7380 0.0806267112493515
INFO: 7390 0.09642884880304337
INFO: 7400 0.06297580897808075
INFO: 7410 0.05840013921260834
INFO: 7420 0.05504700168967247
INFO: 7430 0.06913519650697708
INFO: 7440 0.06606345623731613
INFO: 7450 0.11651330441236496
INFO: 7460 0.09427693486213684
INFO: 7470 0.0817081555724144
INFO: 7480 0.06991653144359589
INFO: 7490 0.07438327372074127
INFO: 7500 0.0865430012345314
INFO: Checkpoint 7500 saved !
INFO: Step:7500, Valid_Dice:0.826756643099779
INFO: 7510 0.0835118517279625
INFO: 7520 0.09996212273836136
INFO: 7530 0.06338710337877274
INFO: 7540 0.06823371350765228
INFO: 7550 0.07442452758550644
INFO: 7560 0.12952114641666412
INFO: 7570 0.07872149348258972
INFO: 7580 0.05924041196703911
INFO: 7590 0.06447815150022507
INFO: 7600 0.0793326124548912
INFO: 7610 0.06880274415016174
INFO: 7620 0.07924262434244156
INFO: 7630 0.09031203389167786
INFO: 7640 0.07455253601074219
INFO: 7650 0.0836600735783577
INFO: 7660 0.0759449228644371
INFO: 7670 0.07747139036655426
INFO: 7680 0.05788392201066017
INFO: 7690 0.11386015266180038
INFO: 7700 0.06311046332120895
INFO: 7710 0.07174382358789444
INFO: 7720 0.08961315453052521
INFO: 7730 0.041475266218185425
INFO: 7740 0.04889698326587677
INFO: 7750 0.10301794111728668
INFO: 7760 0.07116367667913437
INFO: 7770 0.05301569774746895
INFO: 7780 0.0590333417057991
INFO: 7790 0.0699564665555954
INFO: 7800 0.12717896699905396
INFO: 7810 0.0591081902384758
INFO: 7820 0.09452906250953674
INFO: 7830 0.07851951569318771
INFO: 7840 0.10106255859136581
INFO: 7850 0.04064213111996651
INFO: 7860 0.11876630783081055
INFO: 7870 0.08276817947626114
INFO: 7880 0.06794402003288269
INFO: 7890 0.044475357979536057
INFO: 7900 0.08758372813463211
INFO: 7910 0.06348763406276703
INFO: 7920 0.08735337853431702
INFO: 7930 0.0647917166352272
INFO: 7940 0.07467737793922424
INFO: 7950 0.06052548810839653
INFO: 7960 0.08825098723173141
INFO: 7970 0.08153612911701202
INFO: 7980 0.04648981988430023
INFO: 7990 0.06412975490093231
INFO: 8000 0.10592077672481537
INFO: Checkpoint 8000 saved !
INFO: Step:8000, Valid_Dice:0.8241231856296085
INFO: 8010 0.0734880268573761
INFO: 8020 0.0791655033826828
INFO: 8030 0.0601164810359478
INFO: 8040 0.07217475771903992
INFO: 8050 0.10550177097320557
INFO: 8060 0.07295303046703339
INFO: 8070 0.056790485978126526
INFO: 8080 0.055661316961050034
INFO: 8090 0.06374514847993851
INFO: 8100 0.06259941309690475
INFO: 8110 0.06654807925224304
INFO: 8120 0.07216804474592209
INFO: 8130 0.09033484011888504
INFO: 8140 0.07967709004878998
INFO: 8150 0.07390374690294266
INFO: 8160 0.19720213115215302
INFO: 8170 0.05708438903093338
INFO: 8180 0.0842682346701622
INFO: 8190 0.06640249490737915
INFO: 8200 0.05593062564730644
INFO: 8210 0.1057753637433052
INFO: 8220 0.06392562389373779
INFO: 8230 0.06369265168905258
INFO: 8240 0.06821334362030029
INFO: 8250 0.055953748524188995
INFO: 8260 0.08123070746660233
INFO: 8270 0.0717909038066864
INFO: 8280 0.06334751844406128
INFO: 8290 0.057937804609537125
INFO: 8300 0.08776552975177765
INFO: 8310 0.057923365384340286
INFO: 8320 0.04744580388069153
INFO: 8330 0.06101663038134575
INFO: 8340 0.07305551320314407
INFO: 8350 0.10918166488409042
INFO: 8360 0.04816906899213791
INFO: 8370 0.06155084818601608
INFO: 8380 0.05375099927186966
INFO: 8390 0.08106368780136108
INFO: 8400 0.0596492663025856
INFO: 8410 0.08493299782276154
INFO: 8420 0.07424163818359375
INFO: 8430 0.04904218018054962
INFO: 8440 0.13943800330162048
INFO: 8450 0.0507679246366024
INFO: 8460 0.059074774384498596
INFO: 8470 0.06405948847532272
INFO: 8480 0.13968820869922638
INFO: 8490 0.07266120612621307
INFO: 8500 0.083248570561409
INFO: Checkpoint 8500 saved !
INFO: Step:8500, Valid_Dice:0.8308554949459049
INFO: 8510 0.06678862869739532
INFO: 8520 0.08859383314847946
INFO: 8530 0.07864226400852203
INFO: 8540 0.07582700252532959
INFO: 8550 0.0644044429063797
INFO: 8560 0.08948664367198944
INFO: 8570 0.06646020710468292
INFO: 8580 0.07679328322410583
INFO: 8590 0.05208158120512962
INFO: 8600 0.05482547730207443
INFO: 8610 0.05402443930506706
INFO: 8620 0.06151724234223366
INFO: 8630 0.14801569283008575
INFO: 8640 0.07232005894184113
INFO: 8650 0.06552672386169434
INFO: 8660 0.10410284250974655
INFO: 8670 0.0652734711766243
INFO: 8680 0.07515063136816025
INFO: 8690 0.09000954777002335
INFO: 8700 0.09594802558422089
INFO: 8710 0.08096529543399811
INFO: 8720 0.07744458317756653
INFO: 8730 0.050666388124227524
INFO: 8740 0.04735177382826805
INFO: 8750 0.07538943737745285
INFO: 8760 0.04920913651585579
INFO: 8770 0.06303320825099945
INFO: 8780 0.14677491784095764
INFO: 8790 0.05274053290486336
INFO: 8800 0.05999130755662918
INFO: 8810 0.05660634860396385
INFO: 8820 0.08664492517709732
INFO: 8830 0.0787225216627121
INFO: 8840 0.09678065776824951
INFO: 8850 0.07694291323423386
INFO: 8860 0.07175707072019577
INFO: 8870 0.049609966576099396
INFO: 8880 0.08774303644895554
INFO: 8890 0.08259790390729904
INFO: 8900 0.06044989079236984
INFO: 8910 0.05835651978850365
INFO: 8920 0.08304424583911896
INFO: 8930 0.06639090925455093
INFO: 8940 0.052070360630750656
INFO: 8950 0.08042651414871216
INFO: 8960 0.09374522417783737
INFO: 8970 0.05849062651395798
INFO: 8980 0.0680101215839386
INFO: 8990 0.07384776324033737
INFO: 9000 0.14488981664180756
INFO: Checkpoint 9000 saved !
INFO: Step:9000, Valid_Dice:0.8128595344791071
INFO: 9010 0.10057491064071655
INFO: 9020 0.06325123459100723
INFO: 9030 0.0590486079454422
INFO: 9040 0.0717063695192337
INFO: 9050 0.20147426426410675
INFO: 9060 0.0725715234875679
INFO: 9070 0.0692642331123352
INFO: 9080 0.07948480546474457
INFO: 9090 0.055933281779289246
INFO: 9100 0.054268162697553635
INFO: 9110 0.06248630955815315
INFO: 9120 0.06680207699537277
INFO: 9130 0.07133569568395615
INFO: 9140 0.04527297243475914
INFO: 9150 0.05403335392475128
INFO: 9160 0.08252067863941193
INFO: 9170 0.14949077367782593
INFO: 9180 0.09566391259431839
INFO: 9190 0.08080814778804779
INFO: 9200 0.0627874881029129
INFO: 9210 0.07488451153039932
INFO: 9220 0.05070856213569641
INFO: 9230 0.0760762169957161
INFO: 9240 0.052390605211257935
INFO: 9250 0.08314792811870575
INFO: 9260 0.07357273995876312
INFO: 9270 0.06642314791679382
INFO: 9280 0.04883449524641037
INFO: 9290 0.06845129281282425
INFO: 9300 0.09868059307336807
INFO: 9310 0.057433802634477615
INFO: 9320 0.06519604474306107
INFO: 9330 0.08207099884748459
INFO: 9340 0.06143830716609955
INFO: 9350 0.06148698553442955
INFO: 9360 0.09638350456953049
INFO: 9370 0.066681869328022
INFO: 9380 0.05538216605782509
INFO: 9390 0.09335193037986755
INFO: 9400 0.05064375698566437
INFO: 9410 0.061209581792354584
INFO: 9420 0.05893513187766075
INFO: 9430 0.10128568857908249
INFO: 9440 0.05681886151432991
INFO: 9450 0.07278013974428177
INFO: 9460 0.04790782555937767
INFO: 9470 0.11065041273832321
INFO: 9480 0.07542553544044495
INFO: 9490 0.07498680055141449
INFO: 9500 0.07291413098573685
INFO: Checkpoint 9500 saved !
INFO: Step:9500, Valid_Dice:0.8214668940621177
INFO: 9510 0.08341220766305923
INFO: 9520 0.05955648794770241
INFO: 9530 0.08835256844758987
INFO: 9540 0.07384045422077179
INFO: 9550 0.06442093849182129
INFO: 9560 0.08668901771306992
INFO: 9570 0.10168769955635071
INFO: 9580 0.07720272243022919
INFO: 9590 0.065446637570858
INFO: 9600 0.08700762689113617
INFO: 9610 0.07758218795061111
INFO: 9620 0.07583187520503998
INFO: 9630 0.0653194710612297
INFO: 9640 0.07644311338663101
INFO: 9650 0.09361448884010315
INFO: 9660 0.06074162572622299
INFO: 9670 0.06272724270820618
INFO: 9680 0.08974338322877884
INFO: 9690 0.08870773017406464
INFO: 9700 0.06522733718156815
INFO: 9710 0.06988630443811417
INFO: 9720 0.05478469282388687
INFO: 9730 0.07043866068124771
INFO: 9740 0.09239522367715836
INFO: 9750 0.0646185576915741
INFO: 9760 0.07051185518503189
INFO: 9770 0.10251092165708542
INFO: 9780 0.06441265344619751
INFO: 9790 0.057391125708818436
INFO: 9800 0.07468757033348083
INFO: 9810 0.052693113684654236
INFO: 9820 0.07098612189292908
INFO: 9830 0.06221993267536163
INFO: 9840 0.07047002017498016
INFO: 9850 0.06329081952571869
INFO: 9860 0.10586211085319519
INFO: 9870 0.07685615867376328
INFO: 9880 0.07044791430234909
INFO: 9890 0.05704985931515694
INFO: 9900 0.05159008875489235
INFO: 9910 0.06536310166120529
INFO: 9920 0.07337778806686401
INFO: 9930 0.05805446207523346
INFO: 9940 0.11158903688192368
INFO: 9950 0.16237641870975494
INFO: 9960 0.0818503126502037
INFO: 9970 0.1877208799123764
INFO: 9980 0.08212180435657501
INFO: 9990 0.052311010658741
INFO: 10000 0.10557391494512558
INFO: Checkpoint 10000 saved !
INFO: Step:10000, Valid_Dice:0.8289749828758854
INFO: 10010 0.071660116314888
INFO: 10020 0.06645705550909042
INFO: 10030 0.07423028349876404
INFO: 10040 0.16886059939861298
INFO: 10050 0.047344159334897995
INFO: 10060 0.06917878985404968
INFO: 10070 0.079860158264637
INFO: 10080 0.061309441924095154
INFO: 10090 0.04789154231548309
INFO: 10100 0.07959013432264328
INFO: 10110 0.07880593836307526
INFO: 10120 0.09603896737098694
INFO: 10130 0.06812519580125809
INFO: 10140 0.06732479482889175
INFO: 10150 0.06743809580802917
INFO: 10160 0.06380003690719604
INFO: 10170 0.12798847258090973
INFO: 10180 0.06393172591924667
INFO: 10190 0.08177322894334793
INFO: 10200 0.0401235893368721
INFO: 10210 0.09816253185272217
INFO: 10220 0.0539633184671402
INFO: 10230 0.07660221308469772
INFO: 10240 0.08616994321346283
INFO: 10250 0.07977870106697083
INFO: 10260 0.05603040009737015
INFO: 10270 0.08479052782058716
INFO: 10280 0.07411547005176544
INFO: 10290 0.0639384388923645
INFO: 10300 0.04855534806847572
INFO: 10310 0.09839285165071487
INFO: 10320 0.06118157505989075
INFO: 10330 0.060957275331020355
INFO: 10340 0.04790462553501129
INFO: 10350 0.04395148530602455
INFO: 10360 0.0645122230052948
INFO: 10370 0.17172034084796906
INFO: 10380 0.059640735387802124
INFO: 10390 0.10845834761857986
INFO: 10400 0.07649093866348267
INFO: 10410 0.17849503457546234
INFO: 10420 0.07738877832889557
INFO: 10430 0.06431091576814651
INFO: 10440 0.09096542000770569
INFO: 10450 0.057749152183532715
INFO: 10460 0.111606664955616
INFO: 10470 0.07439407706260681
INFO: 10480 0.06172145903110504
INFO: 10490 0.07216261327266693
INFO: 10500 0.06582675874233246
INFO: Checkpoint 10500 saved !
INFO: Step:10500, Valid_Dice:0.8340319189615233
INFO: 10510 0.06274543702602386
INFO: 10520 0.06829589605331421
INFO: 10530 0.051334913820028305
INFO: 10540 0.09533514082431793
INFO: 10550 0.05362965166568756
INFO: 10560 0.08088810741901398
INFO: 10570 0.0566863939166069
INFO: 10580 0.07259543240070343
INFO: 10590 0.0933304950594902
INFO: 10600 0.04895978420972824
INFO: 10610 0.06822226196527481
INFO: 10620 0.04105888679623604
INFO: 10630 0.08332594484090805
INFO: 10640 0.07567204535007477
INFO: 10650 0.07617045938968658
INFO: 10660 0.08257163316011429
INFO: 10670 0.06680085510015488
INFO: 10680 0.07567552477121353
INFO: 10690 0.06214339658617973
INFO: 10700 0.055254656821489334
INFO: 10710 0.05555010959506035
INFO: 10720 0.09186017513275146
INFO: 10730 0.07553201168775558
INFO: 10740 0.05739473178982735
INFO: 10750 0.05646274983882904
INFO: 10760 0.03586895763874054
INFO: 10770 0.0777764692902565
INFO: 10780 0.06693872064352036
INFO: 10790 0.06166831776499748
INFO: 10800 0.057441405951976776
INFO: 10810 0.06130237504839897
INFO: 10820 0.09433595836162567
INFO: 10830 0.06788698583841324
INFO: 10840 0.06485945731401443
INFO: 10850 0.081505686044693
INFO: 10860 0.0965830460190773
INFO: 10870 0.06311710178852081
INFO: 10880 0.07374662905931473
INFO: 10890 0.08387809991836548
INFO: 10900 0.059369541704654694
INFO: 10910 0.05731988698244095
INFO: 10920 0.24363218247890472
INFO: 10930 0.053822111338377
INFO: 10940 0.046616580337285995
INFO: 10950 0.06518195569515228
INFO: 10960 0.06131370738148689
INFO: 10970 0.0770777091383934
INFO: 10980 0.07796518504619598
INFO: 10990 0.0626281350851059
INFO: 11000 0.042045366019010544
INFO: Checkpoint 11000 saved !
INFO: Step:11000, Valid_Dice:0.8286502946219703
INFO: 11010 0.06686852872371674
INFO: 11020 0.07228579372167587
INFO: 11030 0.06365926563739777
INFO: 11040 0.05133560299873352
INFO: 11050 0.07034613192081451
INFO: 11060 0.05162297934293747
INFO: 11070 0.09043102711439133
INFO: 11080 0.06268015503883362
INFO: 11090 0.05851506441831589
INFO: 11100 0.04576490446925163
INFO: 11110 0.14968308806419373
INFO: 11120 0.06716819107532501
INFO: 11130 0.0942206159234047
INFO: 11140 0.07878413051366806
INFO: 11150 0.07231142371892929
INFO: 11160 0.08861983567476273
INFO: 11170 0.10751128196716309
INFO: 11180 0.07448742538690567
INFO: 11190 0.06853976845741272
INFO: 11200 0.08629262447357178
INFO: 11210 0.09208618104457855
INFO: 11220 0.06604082882404327
INFO: 11230 0.09830513596534729
INFO: 11240 0.06552273035049438
INFO: 11250 0.058718882501125336
INFO: 11260 0.058753468096256256
INFO: 11270 0.07227663695812225
INFO: 11280 0.07720732688903809
INFO: 11290 0.07763636112213135
INFO: 11300 0.07999860495328903
INFO: 11310 0.09034958481788635
INFO: 11320 0.08496392518281937
INFO: 11330 0.05054865777492523
INFO: 11340 0.08031147718429565
INFO: 11350 0.054494138807058334
INFO: 11360 0.06154131516814232
INFO: 11370 0.14801949262619019
INFO: 11380 0.08577726036310196
INFO: 11390 0.07730870693922043
INFO: 11400 0.07063546031713486
INFO: 11410 0.08042190223932266
INFO: 11420 0.08405420184135437
INFO: 11430 0.09568049013614655
INFO: 11440 0.06353579461574554
INFO: 11450 0.06916655600070953
INFO: 11460 0.055270347744226456
INFO: 11470 0.0877852737903595
INFO: 11480 0.06389305740594864
INFO: 11490 0.07128628343343735
INFO: 11500 0.05941189080476761
INFO: Checkpoint 11500 saved !
INFO: Step:11500, Valid_Dice:0.8284957881849987
INFO: 11510 0.06927626579999924
INFO: 11520 0.07082027941942215
INFO: 11530 0.09829261898994446
INFO: 11540 0.059744447469711304
INFO: 11550 0.06452964246273041
INFO: 11560 0.05578106641769409
INFO: 11570 0.06043759733438492
INFO: 11580 0.08506714552640915
INFO: 11590 0.056249938905239105
INFO: 11600 0.10698021203279495
INFO: 11610 0.07640291750431061
INFO: 11620 0.049480654299259186
INFO: 11630 0.05429411679506302
INFO: 11640 0.05640192702412605
INFO: 11650 0.11469168961048126
INFO: 11660 0.06976339966058731
INFO: 11670 0.05463731661438942
INFO: 11680 0.0841110572218895
INFO: 11690 0.0794670581817627
INFO: 11700 0.06583905965089798
INFO: 11710 0.07798481732606888
INFO: 11720 0.07817237824201584
INFO: 11730 0.09537417441606522
INFO: 11740 0.07964418828487396
INFO: 11750 0.17232903838157654
INFO: 11760 0.060881324112415314
INFO: 11770 0.06841333210468292
INFO: 11780 0.08721175044775009
INFO: 11790 0.0732194036245346
INFO: 11800 0.04819672182202339
INFO: 11810 0.055525220930576324
INFO: 11820 0.06128140166401863
INFO: 11830 0.06855688244104385
INFO: 11840 0.051155272871255875
INFO: 11850 0.07911030203104019
INFO: 11860 0.060505446046590805
INFO: 11870 0.06481162458658218
INFO: 11880 0.0570281483232975
INFO: 11890 0.06755794584751129
INFO: 11900 0.06089624762535095
INFO: 11910 0.09351806342601776
INFO: 11920 0.07649213820695877
INFO: 11930 0.08440282195806503
INFO: 11940 0.09541739523410797
INFO: 11950 0.08047960698604584
INFO: 11960 0.04518105089664459
INFO: 11970 0.05666906759142876
INFO: 11980 0.07212886214256287
INFO: 11990 0.11357820779085159
INFO: 12000 0.05545380339026451
INFO: Checkpoint 12000 saved !
INFO: Step:12000, Valid_Dice:0.8278341831907255
INFO: 12010 0.07399285584688187
INFO: 12020 0.07896505296230316
INFO: 12030 0.06962744146585464
INFO: 12040 0.06819319725036621
INFO: 12050 0.07949661463499069
INFO: 12060 0.057641271501779556
INFO: 12070 0.0720089003443718
INFO: 12080 0.06756842136383057
INFO: 12090 0.09181606769561768
INFO: 12100 0.07373420894145966
INFO: 12110 0.07734324038028717
INFO: 12120 0.058084532618522644
INFO: 12130 0.06385363638401031
INFO: 12140 0.052618999034166336
INFO: 12150 0.051024727523326874
INFO: 12160 0.07418282330036163
INFO: 12170 0.11594486981630325
INFO: 12180 0.03906017914414406
INFO: 12190 0.05520391836762428
INFO: 12200 0.07609466463327408
INFO: 12210 0.05696011334657669
INFO: 12220 0.09493404626846313
INFO: 12230 0.09156713634729385
INFO: 12240 0.07577820122241974
INFO: 12250 0.09960964322090149
INFO: 12260 0.10874505341053009
INFO: 12270 0.04790647327899933
INFO: 12280 0.053478509187698364
INFO: 12290 0.06374678015708923
INFO: 12300 0.11112111806869507
INFO: 12310 0.09116583317518234
INFO: 12320 0.06515146046876907
INFO: 12330 0.07049302011728287
INFO: 12340 0.07384995371103287
INFO: 12350 0.060764066874980927
INFO: 12360 0.06082544103264809
INFO: 12370 0.038661472499370575
INFO: 12380 0.07597053050994873
INFO: 12390 0.07506260275840759
INFO: 12400 0.06548530608415604
INFO: 12410 0.09103181213140488
INFO: 12420 0.10553685575723648
INFO: 12430 0.10903792828321457
INFO: 12440 0.06872695684432983
INFO: 12450 0.09213066101074219
INFO: 12460 0.06902696192264557
INFO: 12470 0.060724854469299316
INFO: 12480 0.05552026256918907
INFO: 12490 0.09069285541772842
INFO: 12500 0.056653138250112534
INFO: Checkpoint 12500 saved !
INFO: Step:12500, Valid_Dice:0.8342196484219169
INFO: 12510 0.05756659433245659
INFO: 12520 0.05168084800243378
INFO: 12530 0.06837897002696991
INFO: 12540 0.1332245171070099
INFO: 12550 0.04903290048241615
INFO: 12560 0.06571512669324875
INFO: 12570 0.06391354650259018
INFO: 12580 0.08339192718267441
INFO: 12590 0.04177519679069519
INFO: 12600 0.05999891832470894
INFO: 12610 0.05718512088060379
INFO: 12620 0.053142249584198
INFO: 12630 0.07774928957223892
INFO: 12640 0.08303210139274597
INFO: 12650 0.08427306264638901
INFO: 12660 0.053541358560323715
INFO: 12670 0.08021853119134903
INFO: 12680 0.06093353405594826
INFO: 12690 0.08325838297605515
INFO: 12700 0.11958330124616623
INFO: 12710 0.09456834942102432
INFO: 12720 0.10375525057315826
INFO: 12730 0.0662887915968895
INFO: 12740 0.07591907680034637
INFO: 12750 0.05808670073747635
INFO: 12760 0.06882450729608536
INFO: 12770 0.07419738918542862
INFO: 12780 0.1461866945028305
INFO: 12790 0.058713316917419434
INFO: 12800 0.057256318628787994
INFO: 12810 0.0920746847987175
INFO: 12820 0.06541500240564346
INFO: 12830 0.13398218154907227
INFO: 12840 0.05506055802106857
INFO: 12850 0.05888083577156067
INFO: 12860 0.1191389188170433
INFO: 12870 0.07643597573041916
INFO: 12880 0.07052171975374222
INFO: 12890 0.05642363429069519
INFO: 12900 0.05735168606042862
INFO: 12910 0.09011673927307129
INFO: 12920 0.03677850961685181
INFO: 12930 0.13299794495105743
INFO: 12940 0.05598364397883415
INFO: 12950 0.10073637962341309
INFO: 12960 0.06378617882728577
INFO: 12970 0.0924357995390892
INFO: 12980 0.04770402982831001
INFO: 12990 0.05290947109460831
INFO: 13000 0.058451566845178604
INFO: Checkpoint 13000 saved !
INFO: Step:13000, Valid_Dice:0.8136069614010986
INFO: 13010 0.0782468318939209
INFO: 13020 0.06852271407842636
INFO: 13030 0.062329161912202835
INFO: 13040 0.06330748647451401
INFO: 13050 0.06365948915481567
INFO: 13060 0.06694226711988449
INFO: 13070 0.04001583904027939
INFO: 13080 0.08356416970491409
INFO: 13090 0.06371022015810013
INFO: 13100 0.04953596368432045
INFO: 13110 0.046118758618831635
INFO: 13120 0.0830022469162941
INFO: 13130 0.06351080536842346
INFO: 13140 0.07802414894104004
INFO: 13150 0.05773701146245003
INFO: 13160 0.056732118129730225
INFO: 13170 0.043200887739658356
INFO: 13180 0.058813147246837616
INFO: 13190 0.09638642519712448
INFO: 13200 0.10544763505458832
INFO: 13210 0.10711637139320374
INFO: 13220 0.07269621640443802
INFO: 13230 0.15139639377593994
INFO: 13240 0.08833673596382141
INFO: 13250 0.07167685031890869
INFO: 13260 0.07298469543457031
INFO: 13270 0.06282705068588257
INFO: 13280 0.05863203853368759
INFO: 13290 0.07650387287139893
INFO: 13300 0.07184937596321106
INFO: 13310 0.05532412603497505
INFO: 13320 0.04906865209341049
INFO: 13330 0.05972403660416603
INFO: 13340 0.047765880823135376
INFO: 13350 0.06831763684749603
INFO: 13360 0.0709586888551712
INFO: 13370 0.058446094393730164
INFO: 13380 0.06469564139842987
INFO: 13390 0.06877564638853073
INFO: 13400 0.0903109759092331
INFO: 13410 0.046698953956365585
INFO: 13420 0.13009601831436157
INFO: 13430 0.057278282940387726
INFO: 13440 0.07432941347360611
INFO: 13450 0.0782456174492836
INFO: 13460 0.06403756141662598
INFO: 13470 0.04794769361615181
INFO: 13480 0.07577840238809586
INFO: 13490 0.06494088470935822
INFO: 13500 0.08384024351835251
INFO: Checkpoint 13500 saved !
INFO: Step:13500, Valid_Dice:0.8300615569155433
INFO: 13510 0.05528353899717331
INFO: 13520 0.06964074820280075
INFO: 13530 0.06672687083482742
INFO: 13540 0.06339334696531296
INFO: 13550 0.04377773776650429
INFO: 13560 0.07078563421964645
INFO: 13570 0.06478501111268997
INFO: 13580 0.07101568579673767
INFO: 13590 0.0672672912478447
INFO: 13600 0.0496622696518898
INFO: 13610 0.05321782827377319
INFO: 13620 0.053219396620988846
INFO: 13630 0.07503018528223038
INFO: 13640 0.09154403954744339
INFO: 13650 0.07588247954845428
INFO: 13660 0.06284362822771072
INFO: 13670 0.06855913251638412
INFO: 13680 0.08262602239847183
INFO: 13690 0.07558779418468475
INFO: 13700 0.08375285565853119
INFO: 13710 0.049017585813999176
INFO: 13720 0.06545113772153854
INFO: 13730 0.0773865133523941
INFO: 13740 0.1254407912492752
INFO: 13750 0.06000597029924393
INFO: 13760 0.06318721920251846
INFO: 13770 0.11910594254732132
INFO: 13780 0.071021668612957
INFO: 13790 0.04276760295033455
INFO: 13800 0.05608362331986427
INFO: 13810 0.06378109008073807
INFO: 13820 0.06276849657297134
INFO: 13830 0.07626628130674362
INFO: 13840 0.04495660960674286
INFO: 13850 0.08978694677352905
INFO: 13860 0.13995514810085297
INFO: 13870 0.06974552571773529
INFO: 13880 0.08406466245651245
INFO: 13890 0.04898944869637489
INFO: 13900 0.08293057978153229
INFO: 13910 0.049075108021497726
INFO: 13920 0.047408465296030045
INFO: 13930 0.06548245251178741
INFO: 13940 0.04631051793694496
INFO: 13950 0.07941427081823349
INFO: 13960 0.06687753647565842
INFO: 13970 0.05242861434817314
INFO: 13980 0.08848225325345993
INFO: 13990 0.060415808111429214
INFO: 14000 0.21773755550384521
INFO: Checkpoint 14000 saved !
INFO: Step:14000, Valid_Dice:0.8241331880473727
INFO: 14010 0.06935310363769531
INFO: 14020 0.05893687903881073
INFO: 14030 0.08063767105340958
INFO: 14040 0.04925815761089325
INFO: 14050 0.1380208432674408
INFO: 14060 0.06333542615175247
INFO: 14070 0.08281315118074417
INFO: 14080 0.04734431207180023
INFO: 14090 0.06786102056503296
INFO: 14100 0.08011065423488617
INFO: 14110 0.05557849258184433
INFO: 14120 0.04995345324277878
INFO: 14130 0.09764362126588821
INFO: 14140 0.08499123901128769
INFO: 14150 0.07556475698947906
INFO: 14160 0.06494597345590591
INFO: 14170 0.04326885938644409
INFO: 14180 0.14010190963745117
INFO: 14190 0.06825850903987885
INFO: 14200 0.06517605483531952
INFO: 14210 0.12418478727340698
INFO: 14220 0.05153200775384903
INFO: 14230 0.05325691029429436
INFO: 14240 0.06236058473587036
INFO: 14250 0.07342571020126343
INFO: 14260 0.08111760020256042
INFO: 14270 0.09625181555747986
INFO: 14280 0.06715283542871475
INFO: 14290 0.05209614336490631
INFO: 14300 0.06652410328388214
INFO: 14310 0.07242420315742493
INFO: 14320 0.04770802706480026
INFO: 14330 0.06935285776853561
INFO: 14340 0.0840441882610321
INFO: 14350 0.06711588054895401
INFO: 14360 0.061222270131111145
INFO: 14370 0.054294779896736145
INFO: 14380 0.06924603134393692
INFO: 14390 0.051677729934453964
INFO: 14400 0.06333579123020172
INFO: 14410 0.10960909724235535
INFO: 14420 0.04967928305268288
INFO: 14430 0.04464350640773773
INFO: 14440 0.0458744578063488
INFO: 14450 0.04074281081557274
INFO: 14460 0.06136574223637581
INFO: 14470 0.077377550303936
INFO: 14480 0.06622981280088425
INFO: 14490 0.08870675414800644
INFO: 14500 0.05546741187572479
INFO: Checkpoint 14500 saved !
INFO: Step:14500, Valid_Dice:0.8251923454877232
INFO: 14510 0.08660336583852768
INFO: 14520 0.06264183670282364
INFO: 14530 0.1226092129945755
INFO: 14540 0.05470578745007515
INFO: 14550 0.06177670881152153
INFO: 14560 0.06289812177419662
INFO: 14570 0.060792017728090286
INFO: 14580 0.07228231430053711
INFO: 14590 0.07405036687850952
INFO: 14600 0.08985332399606705
INFO: 14610 0.0708623006939888
INFO: 14620 0.0719703659415245
INFO: 14630 0.06952368468046188
INFO: 14640 0.06775764375925064
INFO: 14650 0.06636299192905426
INFO: 14660 0.04270758852362633
INFO: 14670 0.07892338931560516
INFO: 14680 0.06795956939458847
INFO: 14690 0.06263650208711624
INFO: 14700 0.04369134083390236
INFO: 14710 0.05664755403995514
INFO: 14720 0.06288845092058182
INFO: 14730 0.05769893899559975
INFO: 14740 0.07190811634063721
INFO: 14750 0.03962258622050285
INFO: 14760 0.05124659463763237
INFO: 14770 0.05444623902440071
INFO: 14780 0.05827147141098976
INFO: 14790 0.07681019604206085
INFO: 14800 0.06039617955684662
INFO: 14810 0.05372394993901253
INFO: 14820 0.051866430789232254
INFO: 14830 0.06916837394237518
INFO: 14840 0.059424255043268204
INFO: 14850 0.054015472531318665
INFO: 14860 0.03950268402695656
INFO: 14870 0.060153886675834656
INFO: 14880 0.06484256684780121
INFO: 14890 0.061950523406267166
INFO: 14900 0.057042382657527924
INFO: 14910 0.07817545533180237
INFO: 14920 0.08084148913621902
INFO: 14930 0.08090239018201828
INFO: 14940 0.05767415836453438
INFO: 14950 0.052148737013339996
INFO: 14960 0.07400095462799072
INFO: 14970 0.057498760521411896
INFO: 14980 0.09698206186294556
INFO: 14990 0.052571240812540054
INFO: 15000 0.06942060589790344
INFO: Checkpoint 15000 saved !
INFO: Step:15000, Valid_Dice:0.8371714248034843
INFO: 15010 0.06595028191804886
INFO: 15020 0.0791940838098526
INFO: 15030 0.0481145940721035
INFO: 15040 0.05243125557899475
INFO: 15050 0.06874160468578339
INFO: 15060 0.05592286214232445
INFO: 15070 0.055060308426618576
INFO: 15080 0.07461897283792496
INFO: 15090 0.06132896617054939
INFO: 15100 0.10722297430038452
INFO: 15110 0.0799558237195015
INFO: 15120 0.06618000566959381
INFO: 15130 0.07706412672996521
INFO: 15140 0.046364203095436096
INFO: 15150 0.06806866824626923
INFO: 15160 0.075186587870121
INFO: 15170 0.0712449699640274
INFO: 15180 0.04263100028038025
INFO: 15190 0.06244969367980957
INFO: 15200 0.07059478759765625
INFO: 15210 0.044919371604919434
INFO: 15220 0.09284170717000961
INFO: 15230 0.0954766497015953
INFO: 15240 0.0656353235244751
INFO: 15250 0.0579138807952404
INFO: 15260 0.057372111827135086
INFO: 15270 0.061982154846191406
INFO: 15280 0.07036224752664566
INFO: 15290 0.06203055381774902
INFO: 15300 0.08124679327011108
INFO: 15310 0.05044252797961235
INFO: 15320 0.06087067723274231
INFO: 15330 0.07568401098251343
INFO: 15340 0.0553898923099041
INFO: 15350 0.046467363834381104
INFO: 15360 0.07096448540687561
INFO: 15370 0.050336334854364395
INFO: 15380 0.07011521607637405
INFO: 15390 0.07591758668422699
INFO: 15400 0.11606240272521973
INFO: 15410 0.05696685612201691
INFO: 15420 0.08814825862646103
INFO: 15430 0.0769863873720169
INFO: 15440 0.07529284805059433
INFO: 15450 0.09310772269964218
INFO: 15460 0.07245441526174545
INFO: 15470 0.09491157531738281
INFO: 15480 0.08734281361103058
INFO: 15490 0.07247234880924225
INFO: 15500 0.06067356467247009
INFO: Checkpoint 15500 saved !
INFO: Step:15500, Valid_Dice:0.8314661735489821
INFO: 15510 0.04826803505420685
INFO: 15520 0.05478137359023094
INFO: 15530 0.06777175515890121
INFO: 15540 0.09285833686590195
INFO: 15550 0.061427775770425797
INFO: 15560 0.06529787927865982
INFO: 15570 0.06645089387893677
INFO: 15580 0.05381449684500694
INFO: 15590 0.07448979467153549
INFO: 15600 0.06809129565954208
INFO: 15610 0.05674057453870773
INFO: 15620 0.05365210026502609
INFO: 15630 0.07357330620288849
INFO: 15640 0.07043370604515076
INFO: 15650 0.05922378972172737
INFO: 15660 0.07062585651874542
INFO: 15670 0.11401452869176865
INFO: 15680 0.06642553210258484
INFO: 15690 0.07374247908592224
INFO: 15700 0.11712663620710373
INFO: 15710 0.06017382815480232
INFO: 15720 0.06265521049499512
INFO: 15730 0.05343550443649292
INFO: 15740 0.06753788143396378
INFO: 15750 0.06566304713487625
INFO: 15760 0.07203850150108337
INFO: 15770 0.04136267676949501
INFO: 15780 0.12727737426757812
INFO: 15790 0.07056145370006561
INFO: 15800 0.07977164536714554
INFO: 15810 0.0444595031440258
INFO: 15820 0.07550618797540665
INFO: 15830 0.09420668333768845
INFO: 15840 0.05534512177109718
INFO: 15850 0.04681248962879181
INFO: 15860 0.057684630155563354
INFO: 15870 0.05715714022517204
INFO: 15880 0.08182014524936676
INFO: 15890 0.061324719339609146
INFO: 15900 0.06081632152199745
INFO: 15910 0.0863749161362648
INFO: 15920 0.05822084844112396
INFO: 15930 0.0739501416683197
INFO: 15940 0.11860551685094833
INFO: 15950 0.055824536830186844
INFO: 15960 0.05865608528256416
INFO: 15970 0.06636112928390503
INFO: 15980 0.050104692578315735
INFO: 15990 0.04998817667365074
INFO: 16000 0.05941970273852348
INFO: Checkpoint 16000 saved !
INFO: Step:16000, Valid_Dice:0.8380614147153244
INFO: 16010 0.052241772413253784
INFO: 16020 0.058061663061380386
INFO: 16030 0.050209954380989075
INFO: 16040 0.069434255361557
INFO: 16050 0.07296036928892136
INFO: 16060 0.044073961675167084
INFO: 16070 0.06617948412895203
INFO: 16080 0.0704149380326271
INFO: 16090 0.07610795646905899
INFO: 16100 0.06273985654115677
INFO: 16110 0.058421116322278976
INFO: 16120 0.08114352822303772
INFO: 16130 0.05499779060482979
INFO: 16140 0.0685797780752182
INFO: 16150 0.09820879250764847
INFO: 16160 0.08326598256826401
INFO: 16170 0.08452700823545456
INFO: 16180 0.06702480465173721
INFO: 16190 0.07190563529729843
INFO: 16200 0.06162859499454498
INFO: 16210 0.048783060163259506
INFO: 16220 0.07364434748888016
INFO: 16230 0.07502270489931107
INFO: 16240 0.05538645759224892
INFO: 16250 0.06848632544279099
INFO: 16260 0.06641885638237
INFO: 16270 0.0765579342842102
INFO: 16280 0.06497058272361755
INFO: 16290 0.052586011588573456
INFO: 16300 0.06784499436616898
INFO: 16310 0.1123049408197403
INFO: 16320 0.11570731550455093
INFO: 16330 0.06794251501560211
INFO: 16340 0.07133158296346664
INFO: 16350 0.04303725063800812
INFO: 16360 0.08488403260707855
INFO: 16370 0.06843533366918564
INFO: 16380 0.09345976263284683
INFO: 16390 0.08186087757349014
INFO: 16400 0.0641677975654602
INFO: 16410 0.05909968167543411
INFO: 16420 0.08896774798631668
INFO: 16430 0.05777844414114952
INFO: 16440 0.06357452273368835
INFO: 16450 0.07426412403583527
INFO: 16460 0.059396423399448395
INFO: 16470 0.10814232379198074
INFO: 16480 0.052391089498996735
INFO: 16490 0.07114870846271515
INFO: 16500 0.044856585562229156
INFO: Checkpoint 16500 saved !
INFO: Step:16500, Valid_Dice:0.8345309157155144
INFO: 16510 0.05245574936270714
INFO: 16520 0.056726325303316116
INFO: 16530 0.08281353116035461
INFO: 16540 0.0664164274930954
INFO: 16550 0.05544709414243698
INFO: 16560 0.04817909002304077
INFO: 16570 0.10877663642168045
INFO: 16580 0.06728702038526535
INFO: 16590 0.06010189652442932
INFO: 16600 0.05487189441919327
INFO: 16610 0.07187019288539886
INFO: 16620 0.1122804656624794
INFO: 16630 0.051318444311618805
INFO: 16640 0.051051560789346695
INFO: 16650 0.08677127957344055
INFO: 16660 0.05500023812055588
INFO: 16670 0.07846928387880325
INFO: 16680 0.10021302849054337
INFO: 16690 0.062103282660245895
INFO: 16700 0.0607774518430233
INFO: 16710 0.04637525603175163
INFO: 16720 0.055829521268606186
INFO: 16730 0.06198189780116081
INFO: 16740 0.07734201848506927
INFO: 16750 0.07628342509269714
INFO: 16760 0.05618072673678398
INFO: 16770 0.053862329572439194
INFO: 16780 0.07594418525695801
INFO: 16790 0.06373385339975357
INFO: 16800 0.06959400326013565
INFO: 16810 0.06739005446434021
INFO: 16820 0.06522946059703827
INFO: 16830 0.06174652278423309
INFO: 16840 0.07719864696264267
INFO: 16850 0.07650064677000046
INFO: 16860 0.06403094530105591
INFO: 16870 0.04134484753012657
INFO: 16880 0.06272521615028381
INFO: 16890 0.06985384225845337
INFO: 16900 0.06849798560142517
INFO: 16910 0.09339199960231781
INFO: 16920 0.05965578556060791
INFO: 16930 0.07291474938392639
INFO: 16940 0.07797237485647202
INFO: 16950 0.05205722153186798
INFO: 16960 0.06395885348320007
INFO: 16970 0.08530934154987335
INFO: 16980 0.06943542510271072
INFO: 16990 0.04924294725060463
INFO: 17000 0.0462983064353466
INFO: Checkpoint 17000 saved !
INFO: Step:17000, Valid_Dice:0.8339392775348307
INFO: 17010 0.06159323826432228
INFO: 17020 0.06689838320016861
INFO: 17030 0.08645500242710114
INFO: 17040 0.057551417499780655
INFO: 17050 0.06001943349838257
INFO: 17060 0.06899186968803406
INFO: 17070 0.05114905908703804
INFO: 17080 0.08234262466430664
INFO: 17090 0.08272039890289307
INFO: 17100 0.05154944583773613
INFO: 17110 0.0465828962624073
INFO: 17120 0.07517082244157791
INFO: 17130 0.07083739340305328
INFO: 17140 0.07999902218580246
INFO: 17150 0.05455555394291878
INFO: 17160 0.07418536394834518
INFO: 17170 0.0522242970764637
INFO: 17180 0.06327345222234726
INFO: 17190 0.07315334677696228
INFO: 17200 0.07957911491394043
INFO: 17210 0.053393151611089706
INFO: 17220 0.08579328656196594
INFO: 17230 0.07466630637645721
INFO: 17240 0.06841637939214706
INFO: 17250 0.07017302513122559
INFO: 17260 0.05162429064512253
INFO: 17270 0.057356275618076324
INFO: 17280 0.07293890416622162
INFO: 17290 0.07849673926830292
INFO: 17300 0.04860744625329971
INFO: 17310 0.10299338400363922
INFO: 17320 0.04401619732379913
INFO: 17330 0.068090058863163
INFO: 17340 0.11984589695930481
INFO: 17350 0.07868076115846634
INFO: 17360 0.05203351378440857
INFO: 17370 0.07212227582931519
INFO: 17380 0.07134756445884705
INFO: 17390 0.09367340058088303
INFO: 17400 0.08075013756752014
INFO: 17410 0.04346717149019241
INFO: 17420 0.05645737797021866
INFO: 17430 0.07010385394096375
INFO: 17440 0.06575444340705872
INFO: 17450 0.08616510033607483
INFO: 17460 0.06849964708089828
INFO: 17470 0.08188170194625854
INFO: 17480 0.06203421577811241
INFO: 17490 0.05099371448159218
INFO: 17500 0.05637755244970322
INFO: Checkpoint 17500 saved !
INFO: Step:17500, Valid_Dice:0.8376724609460215
INFO: 17510 0.06397457420825958
INFO: 17520 0.058305688202381134
INFO: 17530 0.03982097655534744
INFO: 17540 0.04610921069979668
INFO: 17550 0.08808320015668869
INFO: 17560 0.0671953335404396
INFO: 17570 0.04549730196595192
INFO: 17580 0.05536267161369324
INFO: 17590 0.05174342170357704
INFO: 17600 0.06509505957365036
INFO: 17610 0.0680454894900322
INFO: 17620 0.05680160969495773
INFO: 17630 0.07974879443645477
INFO: 17640 0.048328325152397156
INFO: 17650 0.08306961506605148
INFO: 17660 0.0588555671274662
INFO: 17670 0.09886062890291214
INFO: 17680 0.12894004583358765
INFO: 17690 0.05870679393410683
INFO: 17700 0.08285746723413467
INFO: 17710 0.1088196188211441
INFO: 17720 0.04037150368094444
INFO: 17730 0.05332789197564125
INFO: 17740 0.04235169664025307
INFO: 17750 0.051846351474523544
INFO: 17760 0.04771989583969116
INFO: 17770 0.0707181766629219
INFO: 17780 0.04595625773072243
INFO: 17790 0.050206635147333145
INFO: 17800 0.06927042454481125
INFO: 17810 0.04433663189411163
INFO: 17820 0.0669604241847992
INFO: 17830 0.05336500331759453
INFO: 17840 0.11397932469844818
INFO: 17850 0.05329609289765358
INFO: 17860 0.05398237332701683
INFO: 17870 0.06572264432907104
INFO: 17880 0.0525549054145813
INFO: 17890 0.07309465110301971
INFO: 17900 0.06228723004460335
INFO: 17910 0.0713614895939827
INFO: 17920 0.03945231810212135
INFO: 17930 0.10610883682966232
INFO: 17940 0.054551269859075546
INFO: 17950 0.10370983928442001
INFO: 17960 0.03644231706857681
INFO: 17970 0.051167190074920654
INFO: 17980 0.04871014133095741
INFO: 17990 0.06549862027168274
INFO: 18000 0.060486022382974625
INFO: Checkpoint 18000 saved !
INFO: Step:18000, Valid_Dice:0.825528925329461
INFO: 18010 0.06071731075644493
INFO: 18020 0.040965523570775986
INFO: 18030 0.07296747714281082
INFO: 18040 0.05213799327611923
INFO: 18050 0.0761474147439003
INFO: 18060 0.063514344394207
INFO: 18070 0.07327648252248764
INFO: 18080 0.050955042243003845
INFO: 18090 0.13153110444545746
INFO: 18100 0.08881579339504242
INFO: 18110 0.07930507510900497
INFO: 18120 0.07510284334421158
INFO: 18130 0.06914737820625305
INFO: 18140 0.0855848640203476
INFO: 18150 0.06485654413700104
INFO: 18160 0.051435936242341995
INFO: 18170 0.08911080658435822
INFO: 18180 0.07376463711261749
INFO: 18190 0.060018811374902725
INFO: 18200 0.06551577150821686
INFO: 18210 0.06875108927488327
INFO: 18220 0.05996871367096901
INFO: 18230 0.07533213496208191
INFO: 18240 0.0643787533044815
INFO: 18250 0.08348803967237473
INFO: 18260 0.05238409340381622
INFO: 18270 0.04238956794142723
INFO: 18280 0.06214584410190582
INFO: 18290 0.05038199946284294
INFO: 18300 0.10220681130886078
INFO: 18310 0.055275965481996536
INFO: 18320 0.0671229436993599
INFO: 18330 0.061175547540187836
INFO: 18340 0.05539671704173088
INFO: 18350 0.05141260474920273
INFO: 18360 0.0522313117980957
INFO: 18370 0.054562535136938095
INFO: 18380 0.09754756093025208
INFO: 18390 0.07836436480283737
INFO: 18400 0.059387437999248505
INFO: 18410 0.06393185257911682
INFO: 18420 0.0618128664791584
INFO: 18430 0.06033172458410263
INFO: 18440 0.08306832611560822
INFO: 18450 0.06842876970767975
INFO: 18460 0.04167008772492409
INFO: 18470 0.07170416414737701
INFO: 18480 0.054588764905929565
INFO: 18490 0.07018492370843887
INFO: 18500 0.07544660568237305
INFO: Checkpoint 18500 saved !
INFO: Step:18500, Valid_Dice:0.8379865831552085
INFO: 18510 0.09900494664907455
INFO: 18520 0.0620248056948185
INFO: 18530 0.06720277667045593
INFO: 18540 0.06486080586910248
INFO: 18550 0.050007838755846024
INFO: 18560 0.07044020295143127
INFO: 18570 0.03693230450153351
INFO: 18580 0.08584866672754288
INFO: 18590 0.07379268109798431
INFO: 18600 0.08114365488290787
INFO: 18610 0.054351624101400375
INFO: 18620 0.06271006911993027
INFO: 18630 0.0815289095044136
INFO: 18640 0.06377211958169937
INFO: 18650 0.06660313159227371
INFO: 18660 0.056111522018909454
INFO: 18670 0.0756579041481018
INFO: 18680 0.054904185235500336
INFO: 18690 0.05367443710565567
INFO: 18700 0.07124518603086472
INFO: 18710 0.07267630100250244
INFO: 18720 0.07125295698642731
INFO: 18730 0.04337489232420921
INFO: 18740 0.07119698822498322
INFO: 18750 0.05808631703257561
INFO: 18760 0.1054278090596199
INFO: 18770 0.052186060696840286
INFO: 18780 0.0599936880171299
INFO: 18790 0.05613071843981743
INFO: 18800 0.054453473538160324
INFO: 18810 0.0764484629034996
INFO: 18820 0.08946230262517929
INFO: 18830 0.05623878166079521
INFO: 18840 0.08671683818101883
INFO: 18850 0.05564871057868004
INFO: 18860 0.06047992408275604
INFO: 18870 0.07641542702913284
INFO: 18880 0.039805106818675995
INFO: 18890 0.06877178698778152
INFO: 18900 0.13358056545257568
INFO: 18910 0.049491070210933685
INFO: 18920 0.07826326787471771
INFO: 18930 0.07407795637845993
INFO: 18940 0.031129656359553337
INFO: 18950 0.06069376319646835
INFO: 18960 0.06754008680582047
INFO: 18970 0.05509744957089424
INFO: 18980 0.043103527277708054
INFO: 18990 0.07387203723192215
INFO: 19000 0.05480000004172325
INFO: Checkpoint 19000 saved !
INFO: Step:19000, Valid_Dice:0.8316626696698112
INFO: 19010 0.06585202366113663
INFO: 19020 0.06575937569141388
INFO: 19030 0.051861438900232315
INFO: 19040 0.07720895111560822
INFO: 19050 0.12914583086967468
INFO: 19060 0.07065130770206451
INFO: 19070 0.07392468303442001
INFO: 19080 0.060034193098545074
INFO: 19090 0.06118562072515488
INFO: 19100 0.0631590336561203
INFO: 19110 0.06222166121006012
INFO: 19120 0.043654441833496094
INFO: 19130 0.06966442614793777
INFO: 19140 0.06606056541204453
INFO: 19150 0.07884538918733597
INFO: 19160 0.09103082120418549
INFO: 19170 0.0886499285697937
INFO: 19180 0.06728652119636536
INFO: 19190 0.07209664583206177
INFO: 19200 0.0820888951420784
INFO: 19210 0.07598043233156204
INFO: 19220 0.06262266635894775
INFO: 19230 0.07984979450702667
INFO: 19240 0.08107338845729828
INFO: 19250 0.05482928454875946
INFO: 19260 0.07105454057455063
INFO: 19270 0.0642278715968132
INFO: 19280 0.09720350056886673
INFO: 19290 0.06902934610843658
INFO: 19300 0.06146611273288727
INFO: 19310 0.06553831696510315
INFO: 19320 0.06965472549200058
INFO: 19330 0.07061972469091415
INFO: 19340 0.06451282650232315
INFO: 19350 0.06564396619796753
INFO: 19360 0.045881956815719604
INFO: 19370 0.04436952993273735
INFO: 19380 0.08046401292085648
INFO: 19390 0.10533494502305984
INFO: 19400 0.04314238205552101
INFO: 19410 0.07376637309789658
INFO: 19420 0.05955572426319122
INFO: 19430 0.05446873605251312
INFO: 19440 0.0737251490354538
INFO: 19450 0.06457985192537308
INFO: 19460 0.058721642941236496
INFO: 19470 0.06627734005451202
INFO: 19480 0.0596025325357914
INFO: 19490 0.04956696927547455
INFO: 19500 0.0739239752292633
INFO: Checkpoint 19500 saved !
INFO: Step:19500, Valid_Dice:0.8299794756465626
INFO: 19510 0.060467157512903214
INFO: 19520 0.07635069638490677
INFO: 19530 0.05209268629550934
INFO: 19540 0.07969017326831818
INFO: 19550 0.057826928794384
INFO: 19560 0.06255202740430832
INFO: 19570 0.056863874197006226
INFO: 19580 0.06133723258972168
INFO: 19590 0.06787294149398804
INFO: 19600 0.042240750044584274
INFO: 19610 0.0631331205368042
INFO: 19620 0.06116217002272606
INFO: 19630 0.12094328552484512
INFO: 19640 0.052772510796785355
INFO: 19650 0.05302189290523529
INFO: 19660 0.061697594821453094
INFO: 19670 0.04751152917742729
INFO: 19680 0.06578934192657471
INFO: 19690 0.047119949012994766
INFO: 19700 0.06961943954229355
INFO: 19710 0.04779188707470894
INFO: 19720 0.03998257592320442
INFO: 19730 0.06899886578321457
INFO: 19740 0.062479596585035324
INFO: 19750 0.06190841645002365
INFO: 19760 0.06849049031734467
INFO: 19770 0.06214061379432678
INFO: 19780 0.06092873960733414
INFO: 19790 0.0581243634223938
INFO: 19800 0.07254189997911453
INFO: 19810 0.06659965962171555
INFO: 19820 0.05540767312049866
INFO: 19830 0.06603632867336273
INFO: 19840 0.06545047461986542
INFO: 19850 0.06767603009939194
INFO: 19860 0.05836896970868111
INFO: 19870 0.0762120857834816
INFO: 19880 0.05783790722489357
INFO: 19890 0.07929670065641403
INFO: 19900 0.12245109677314758
INFO: 19910 0.07681050151586533
INFO: 19920 0.07498298585414886
INFO: 19930 0.05268297716975212
INFO: 19940 0.04701991006731987
INFO: 19950 0.049382880330085754
INFO: 19960 0.06489725410938263
INFO: 19970 0.06872589141130447
INFO: 19980 0.0635121688246727
INFO: 19990 0.057492710649967194
INFO: 20000 0.09059850126504898
INFO: Checkpoint 20000 saved !
INFO: Step:20000, Valid_Dice:0.8362109683920492
INFO: 20010 0.040514472872018814
INFO: 20020 0.07005147635936737
INFO: 20030 0.10666904598474503
INFO: 20040 0.05975472554564476
INFO: 20050 0.056661561131477356
INFO: 20060 0.04621926695108414
INFO: 20070 0.10299858450889587
INFO: 20080 0.04336334019899368
INFO: 20090 0.06520449370145798
INFO: 20100 0.04372089356184006
INFO: 20110 0.06502369046211243
INFO: 20120 0.06283597648143768
INFO: 20130 0.054773230105638504
INFO: 20140 0.06324424594640732
INFO: 20150 0.08065862953662872
INFO: 20160 0.06528337299823761
INFO: 20170 0.11109507083892822
INFO: 20180 0.061950962990522385
INFO: 20190 0.06339918822050095
INFO: 20200 0.04741693288087845
INFO: 20210 0.0713164433836937
INFO: 20220 0.07784391939640045
INFO: 20230 0.12595775723457336
INFO: 20240 0.05169227346777916
INFO: 20250 0.04402732476592064
INFO: 20260 0.07538779079914093
INFO: 20270 0.0553111806511879
INFO: 20280 0.07030731439590454
INFO: 20290 0.06816014647483826
INFO: 20300 0.07794948667287827
INFO: 20310 0.08918381482362747
INFO: 20320 0.04692571982741356
INFO: 20330 0.043774668127298355
INFO: 20340 0.07309332489967346
INFO: 20350 0.07115180045366287
INFO: 20360 0.07987105846405029
INFO: 20370 0.05858270078897476
INFO: 20380 0.0805610716342926
INFO: 20390 0.0649041011929512
INFO: 20400 0.056790612637996674
INFO: 20410 0.08150757849216461
INFO: 20420 0.06955110281705856
INFO: 20430 0.07099656015634537
INFO: 20440 0.05139034241437912
INFO: 20450 0.052181098610162735
INFO: 20460 0.0579041987657547
INFO: 20470 0.06634582579135895
INFO: 20480 0.06375166028738022
INFO: 20490 0.05971229076385498
INFO: 20500 0.07624891400337219
INFO: Checkpoint 20500 saved !
INFO: Step:20500, Valid_Dice:0.8361974089950394
INFO: 20510 0.11687012016773224
INFO: 20520 0.07026564329862595
INFO: 20530 0.046751536428928375
INFO: 20540 0.06672263890504837
INFO: 20550 0.0625353753566742
INFO: 20560 0.05695289373397827
INFO: 20570 0.04442165046930313
INFO: 20580 0.06559634953737259
INFO: 20590 0.10944167524576187
INFO: 20600 0.06227516010403633
INFO: 20610 0.06343349814414978
INFO: 20620 0.09732170403003693
INFO: 20630 0.053486645221710205
INFO: 20640 0.06735319644212723
INFO: 20650 0.058225855231285095
INFO: 20660 0.06327001005411148
INFO: 20670 0.07783210277557373
INFO: 20680 0.090293288230896
INFO: 20690 0.07248114794492722
INFO: 20700 0.05712396278977394
INFO: 20710 0.10953325033187866
INFO: 20720 0.079429030418396
INFO: 20730 0.07904420793056488
INFO: 20740 0.05796445161104202
INFO: 20750 0.05481418967247009
INFO: 20760 0.0831700935959816
INFO: 20770 0.06237800791859627
INFO: 20780 0.07076986879110336
INFO: 20790 0.1455124318599701
INFO: 20800 0.07238781452178955
INFO: 20810 0.057772230356931686
INFO: 20820 0.07056707888841629
INFO: 20830 0.07331100851297379
INFO: 20840 0.06873244792222977
INFO: 20850 0.06528958678245544
INFO: 20860 0.07177223265171051
INFO: 20870 0.0771765261888504
INFO: 20880 0.0628601461648941
INFO: 20890 0.08234494179487228
INFO: 20900 0.06323320418596268
INFO: 20910 0.07527728378772736
INFO: 20920 0.05969322472810745
INFO: 20930 0.05105816200375557
INFO: 20940 0.05352718010544777
INFO: 20950 0.07078402489423752
INFO: 20960 0.048975635319948196
INFO: 20970 0.05538639426231384
INFO: 20980 0.083535335958004
INFO: 20990 0.0401105172932148
INFO: 21000 0.13108126819133759
INFO: Checkpoint 21000 saved !
INFO: Step:21000, Valid_Dice:0.8378308811518711
INFO: 21010 0.06701729446649551
INFO: 21020 0.07855337858200073
INFO: 21030 0.06345095485448837
INFO: 21040 0.04714549332857132
INFO: 21050 0.08210808783769608
INFO: 21060 0.06293115764856339
INFO: 21070 0.07296779751777649
INFO: 21080 0.07246606796979904
INFO: 21090 0.045573048293590546
INFO: 21100 0.054610975086688995
INFO: 21110 0.05797617882490158
INFO: 21120 0.0611536018550396
INFO: 21130 0.059646349400281906
INFO: 21140 0.0596739761531353
INFO: 21150 0.05833480879664421
INFO: 21160 0.04511008784174919
INFO: 21170 0.07844299077987671
INFO: 21180 0.06773482263088226
INFO: 21190 0.07357131689786911
INFO: 21200 0.07209965586662292
INFO: 21210 0.06923697143793106
INFO: 21220 0.0717623308300972
INFO: 21230 0.10223943740129471
INFO: 21240 0.0697326511144638
INFO: 21250 0.0763934925198555
INFO: 21260 0.07990157604217529
INFO: 21270 0.06280548125505447
INFO: 21280 0.07089869678020477
INFO: 21290 0.05791659653186798
INFO: 21300 0.08785823732614517
INFO: 21310 0.08708620816469193
INFO: 21320 0.06949358433485031
INFO: 21330 0.054557714611291885
INFO: 21340 0.06466063112020493
INFO: 21350 0.10351327806711197
INFO: 21360 0.0694836899638176
INFO: 21370 0.09454278647899628
INFO: 21380 0.11433400958776474
INFO: 21390 0.07104215025901794
INFO: 21400 0.06698879599571228
INFO: 21410 0.11920710653066635
INFO: 21420 0.05600881204009056
INFO: 21430 0.057507142424583435
INFO: 21440 0.09286077320575714
INFO: 21450 0.0575968399643898
INFO: 21460 0.08037234842777252
INFO: 21470 0.05555304139852524
INFO: 21480 0.04911808297038078
INFO: 21490 0.07403670251369476
INFO: 21500 0.061769999563694
INFO: Checkpoint 21500 saved !
INFO: Step:21500, Valid_Dice:0.828571297956344
INFO: 21510 0.056284356862306595
INFO: 21520 0.060361407697200775
INFO: 21530 0.05933506041765213
INFO: 21540 0.056778956204652786
INFO: 21550 0.05725863575935364
INFO: 21560 0.051222581416368484
INFO: 21570 0.059739403426647186
INFO: 21580 0.06748883426189423
INFO: 21590 0.07408155500888824
INFO: 21600 0.10553903877735138
INFO: 21610 0.05976627767086029
INFO: 21620 0.08314967900514603
INFO: 21630 0.07084082812070847
INFO: 21640 0.07638353109359741
INFO: 21650 0.056053526699543
INFO: 21660 0.0700625628232956
INFO: 21670 0.059988781809806824
INFO: 21680 0.07204581052064896
INFO: 21690 0.045224208384752274
INFO: 21700 0.061722930520772934
INFO: 21710 0.046686913818120956
INFO: 21720 0.04615134373307228
INFO: 21730 0.042092759162187576
INFO: 21740 0.08570978790521622
INFO: 21750 0.10511110723018646
INFO: 21760 0.07848121225833893
INFO: 21770 0.05407559871673584
INFO: 21780 0.06453461945056915
INFO: 21790 0.0768788680434227
INFO: 21800 0.06472910940647125
INFO: 21810 0.056797705590724945
INFO: 21820 0.07881846278905869
INFO: 21830 0.05892445147037506
INFO: 21840 0.04784483462572098
INFO: 21850 0.0640166774392128
INFO: 21860 0.052033863961696625
INFO: 21870 0.056490179151296616
INFO: 21880 0.057881273329257965
INFO: 21890 0.058127813041210175
INFO: 21900 0.05787075310945511
INFO: 21910 0.04736156389117241
INFO: 21920 0.05166978761553764
INFO: 21930 0.04368722811341286
INFO: 21940 0.10540644824504852
INFO: 21950 0.0549703873693943
INFO: 21960 0.09552446007728577
INFO: 21970 0.08503170311450958
INFO: 21980 0.05430004745721817
INFO: 21990 0.05439062416553497
INFO: 22000 0.05756847560405731
INFO: Checkpoint 22000 saved !
INFO: Step:22000, Valid_Dice:0.8394576035215684
INFO: 22010 0.053853925317525864
INFO: 22020 0.06557770818471909
INFO: 22030 0.058676134794950485
INFO: 22040 0.12299272418022156
INFO: 22050 0.06575857102870941
INFO: 22060 0.06628024578094482
INFO: 22070 0.05528612807393074
INFO: 22080 0.0551004596054554
INFO: 22090 0.06175614148378372
INFO: 22100 0.044621068984270096
INFO: 22110 0.04848151281476021
INFO: 22120 0.07357832044363022
INFO: 22130 0.06043640896677971
INFO: 22140 0.06580296903848648
INFO: 22150 0.05286626145243645
INFO: 22160 0.05192408338189125
INFO: 22170 0.08221808820962906
INFO: 22180 0.05650654435157776
INFO: 22190 0.08541399985551834
INFO: 22200 0.06397448480129242
INFO: 22210 0.07101370394229889
INFO: 22220 0.10180018097162247
INFO: 22230 0.08009430021047592
INFO: 22240 0.09384135901927948
INFO: 22250 0.06837866455316544
INFO: 22260 0.09064964950084686
INFO: 22270 0.053309254348278046
INFO: 22280 0.0593961663544178
INFO: 22290 0.06408266723155975
INFO: 22300 0.10790233314037323
INFO: 22310 0.05527715012431145
INFO: 22320 0.056303270161151886
INFO: 22330 0.10833723098039627
INFO: 22340 0.03766131028532982
INFO: 22350 0.04607139155268669
INFO: 22360 0.07569587975740433
INFO: 22370 0.05899678170681
INFO: 22380 0.04606959596276283
INFO: 22390 0.05562368780374527
INFO: 22400 0.11457601189613342
INFO: 22410 0.05939082056283951
INFO: 22420 0.05382506176829338
INFO: 22430 0.06588689982891083
INFO: 22440 0.049391116946935654
INFO: 22450 0.0625363141298294
INFO: 22460 0.08171243965625763
INFO: 22470 0.07803712040185928
INFO: 22480 0.06266740709543228
INFO: 22490 0.04635120555758476
INFO: 22500 0.05327403545379639
INFO: Checkpoint 22500 saved !
INFO: Step:22500, Valid_Dice:0.8385787853027082
INFO: 22510 0.05451212078332901
INFO: 22520 0.07205700874328613
INFO: 22530 0.054629579186439514
INFO: 22540 0.05433140695095062
INFO: 22550 0.06714999675750732
INFO: 22560 0.05174357816576958
INFO: 22570 0.04735260456800461
INFO: 22580 0.05269284546375275
INFO: 22590 0.0672614723443985
INFO: 22600 0.04467673972249031
INFO: 22610 0.06282558292150497
INFO: 22620 0.06013801693916321
INFO: 22630 0.05264678969979286
INFO: 22640 0.06258250772953033
INFO: 22650 0.08589564263820648
INFO: 22660 0.05792772397398949
INFO: 22670 0.07485761493444443
INFO: 22680 0.07079057395458221
INFO: 22690 0.10643347352743149
INFO: 22700 0.08628087490797043
INFO: 22710 0.04303353279829025
INFO: 22720 0.05827145278453827
INFO: 22730 0.040017180144786835
INFO: 22740 0.0600309893488884
INFO: 22750 0.05189316347241402
INFO: 22760 0.04585070163011551
INFO: 22770 0.04485486447811127
INFO: 22780 0.07686799764633179
INFO: 22790 0.04398864880204201
INFO: 22800 0.04788263514637947
INFO: 22810 0.05101580545306206
INFO: 22820 0.06182796508073807
INFO: 22830 0.07656808197498322
INFO: 22840 0.060959577560424805
INFO: 22850 0.05374789983034134
INFO: 22860 0.04796802997589111
INFO: 22870 0.07298841327428818
INFO: 22880 0.06965433806180954
INFO: 22890 0.07710941135883331
INFO: 22900 0.0661637932062149
INFO: 22910 0.06459006667137146
INFO: 22920 0.05311055853962898
INFO: 22930 0.032327812165021896
INFO: 22940 0.051029231399297714
INFO: 22950 0.08746980875730515
INFO: 22960 0.07595003396272659
INFO: 22970 0.04414019361138344
INFO: 22980 0.06098327040672302
INFO: 22990 0.08324248343706131
INFO: 23000 0.056908294558525085
INFO: Checkpoint 23000 saved !
INFO: Step:23000, Valid_Dice:0.8361523619142345
INFO: 23010 0.037849798798561096
INFO: 23020 0.0729079395532608
INFO: 23030 0.028833553194999695
INFO: 23040 0.08427752554416656
INFO: 23050 0.06399260461330414
INFO: 23060 0.06562415510416031
INFO: 23070 0.055465131998062134
INFO: 23080 0.05007311329245567
INFO: 23090 0.07586046308279037
INFO: 23100 0.05806667357683182
INFO: 23110 0.06273888051509857
INFO: 23120 0.06756219267845154
INFO: 23130 0.09271810948848724
INFO: 23140 0.054069578647613525
INFO: 23150 0.0607718862593174
INFO: 23160 0.05418967455625534
INFO: 23170 0.12417659908533096
INFO: 23180 0.05718986317515373
INFO: 23190 0.041752494871616364
INFO: 23200 0.1651737242937088
INFO: 23210 0.0767524316906929
INFO: 23220 0.06816494464874268
INFO: 23230 0.04419925436377525
INFO: 23240 0.07230307906866074
INFO: 23250 0.03730255737900734
INFO: 23260 0.06318586319684982
INFO: 23270 0.05894580855965614
INFO: 23280 0.06239505484700203
INFO: 23290 0.09601739794015884
INFO: 23300 0.056206878274679184
INFO: 23310 0.06158493831753731
INFO: 23320 0.08662787824869156
INFO: 23330 0.043152373284101486
INFO: 23340 0.05549798533320427
INFO: 23350 0.06771370023488998
INFO: 23360 0.07099715620279312
INFO: 23370 0.09513774514198303
INFO: 23380 0.05011714622378349
INFO: 23390 0.04965826869010925
INFO: 23400 0.07717974483966827
INFO: 23410 0.11396831274032593
INFO: 23420 0.07516206055879593
INFO: 23430 0.06586133688688278
INFO: 23440 0.07561024278402328
INFO: 23450 0.05187368765473366
INFO: 23460 0.05915382131934166
INFO: 23470 0.07154959440231323
INFO: 23480 0.08028090000152588
INFO: 23490 0.07229002565145493
INFO: 23500 0.05676914006471634
INFO: Checkpoint 23500 saved !
INFO: Step:23500, Valid_Dice:0.8388127587584414
INFO: 23510 0.0561683289706707
INFO: 23520 0.11793764680624008
INFO: 23530 0.058022767305374146
INFO: 23540 0.060153283178806305
INFO: 23550 0.052549101412296295
INFO: 23560 0.049287836998701096
INFO: 23570 0.05115016549825668
INFO: 23580 0.08635858446359634
INFO: 23590 0.06388924270868301
INFO: 23600 0.05463635176420212
INFO: 23610 0.04652063548564911
INFO: 23620 0.04819798469543457
INFO: 23630 0.058246638625860214
INFO: 23640 0.06181170791387558
INFO: 23650 0.06841488182544708
INFO: 23660 0.05616515502333641
INFO: 23670 0.04009537771344185
INFO: 23680 0.08258635550737381
INFO: 23690 0.08723193407058716
INFO: 23700 0.059858374297618866
INFO: 23710 0.0676635280251503
INFO: 23720 0.06674402207136154
INFO: 23730 0.08538835495710373
INFO: 23740 0.06512820720672607
INFO: 23750 0.055883076041936874
INFO: 23760 0.06636271625757217
INFO: 23770 0.12696723639965057
INFO: 23780 0.055450499057769775
INFO: 23790 0.0476304367184639
INFO: 23800 0.0408087819814682
INFO: 23810 0.06237833946943283
INFO: 23820 0.04467912018299103
INFO: 23830 0.06545215845108032
INFO: 23840 0.052193645387887955
INFO: 23850 0.07621408998966217
INFO: 23860 0.06654341518878937
INFO: 23870 0.12072952836751938
INFO: 23880 0.039303258061409
INFO: 23890 0.046732451766729355
INFO: 23900 0.0629941001534462
INFO: 23910 0.06318331509828568
INFO: 23920 0.04559238255023956
INFO: 23930 0.06910434365272522
INFO: 23940 0.04158289358019829
INFO: 23950 0.052668485790491104
INFO: 23960 0.06266780197620392
INFO: 23970 0.06463007628917694
INFO: 23980 0.04992220923304558
INFO: 23990 0.05834240838885307
INFO: 24000 0.06442266702651978
INFO: Checkpoint 24000 saved !
INFO: Step:24000, Valid_Dice:0.8400982996760622
INFO: 24010 0.051598113030195236
INFO: 24020 0.05570800602436066
INFO: 24030 0.08028379827737808
INFO: 24040 0.0548676997423172
INFO: 24050 0.07727660238742828
INFO: 24060 0.06584777683019638
INFO: 24070 0.02405669167637825
INFO: 24080 0.04536363109946251
INFO: 24090 0.06636380404233932
INFO: 24100 0.08118980377912521
INFO: 24110 0.07146864384412766
INFO: 24120 0.06374073773622513
INFO: 24130 0.06473566591739655
INFO: 24140 0.060871850699186325
INFO: 24150 0.059015508741140366
INFO: 24160 0.06324835121631622
INFO: 24170 0.05290510132908821
INFO: 24180 0.054155103862285614
INFO: 24190 0.02803458645939827
INFO: 24200 0.08282608538866043
INFO: 24210 0.06451981514692307
INFO: 24220 0.0916609838604927
INFO: 24230 0.05702805146574974
INFO: 24240 0.051322661340236664
INFO: 24250 0.05930633097887039
INFO: 24260 0.053190380334854126
INFO: 24270 0.06763478368520737
INFO: 24280 0.05572911351919174
INFO: 24290 0.05835472419857979
INFO: 24300 0.06719084829092026
INFO: 24310 0.06645363569259644
INFO: 24320 0.053523432463407516
INFO: 24330 0.07299792766571045
INFO: 24340 0.07915551960468292
INFO: 24350 0.06146477162837982
INFO: 24360 0.0686868280172348
INFO: 24370 0.08401233702898026
INFO: 24380 0.07872214168310165
INFO: 24390 0.05943708494305611
INFO: 24400 0.06128253787755966
INFO: 24410 0.05400094762444496
INFO: 24420 0.04208533465862274
INFO: 24430 0.09346512705087662
INFO: 24440 0.06356333941221237
INFO: 24450 0.05016554147005081
INFO: 24460 0.06419266015291214
INFO: 24470 0.0658566877245903
INFO: 24480 0.032775603234767914
INFO: 24490 0.0691051110625267
INFO: 24500 0.05724532529711723
INFO: Checkpoint 24500 saved !
INFO: Step:24500, Valid_Dice:0.834196526951678
INFO: 24510 0.061894018203020096
INFO: 24520 0.04481196403503418
INFO: 24530 0.056017711758613586
INFO: 24540 0.0543612502515316
INFO: 24550 0.06563203036785126
INFO: 24560 0.05488033965229988
INFO: 24570 0.07541432231664658
INFO: 24580 0.05319856107234955
INFO: 24590 0.05029189959168434
INFO: 24600 0.08604587614536285
INFO: 24610 0.07908942550420761
INFO: 24620 0.04078768938779831
INFO: 24630 0.058539070188999176
INFO: 24640 0.07858659327030182
INFO: 24650 0.06541859358549118
INFO: 24660 0.034040313214063644
INFO: 24670 0.05990231782197952
INFO: 24680 0.07419905811548233
INFO: 24690 0.05491285398602486
INFO: 24700 0.049771759659051895
INFO: 24710 0.06435780972242355
INFO: 24720 0.05179380998015404
INFO: 24730 0.08122062683105469
INFO: 24740 0.06197288632392883
INFO: 24750 0.07795727252960205
INFO: 24760 0.10654082149267197
INFO: 24770 0.05339742451906204
INFO: 24780 0.10549764335155487
INFO: 24790 0.07174067199230194
INFO: 24800 0.06042538583278656
INFO: 24810 0.06797411292791367
INFO: 24820 0.06461683660745621
INFO: 24830 0.05035131797194481
INFO: 24840 0.052076347172260284
INFO: 24850 0.05645807459950447
INFO: 24860 0.06418697535991669
INFO: 24870 0.06318053603172302
INFO: 24880 0.09724543243646622
INFO: 24890 0.07116621732711792
INFO: 24900 0.06280249357223511
INFO: 24910 0.08001059293746948
INFO: 24920 0.06251034885644913
INFO: 24930 0.052139587700366974
INFO: 24940 0.08103298395872116
INFO: 24950 0.07793436199426651
INFO: 24960 0.05915810540318489
INFO: 24970 0.06977008283138275
INFO: 24980 0.04790233075618744
INFO: 24990 0.07266075164079666
INFO: 25000 0.1264539361000061
INFO: Checkpoint 25000 saved !
INFO: Step:25000, Valid_Dice:0.8384224388906574
