----------------- Options ---------------
               batch_size: 2                             
               block_size: [160, 100, 100]               
                 channels: 64                            
                data_size: [640, 400, 400]               
                 dataroot: /scratch/yh3529/IPN_OCTA_Segmentation/Data/IEEE_IPN
              feature_dir: ./logs/Features_V2            
                  gpu_ids: 0,1                           
              in_channels: 2                             
                     load: False                         
                       lr: 0.0001                        
            max_iteration: 32001                         
       max_iteration_post: 201                           
                   method: IPN_V2                        
        modality_filename: ['image1', 'image2', 'label'] 
                     mode: train                         
                n_classes: 2                             
                optimizer: Adam                          
         plane_perceptron: UNet_3Plus                    
plane_perceptron_channels: 64                            
            save_interval: 500                           
       save_interval_post: 50                            
                 saveroot: /scratch/yh3529/IPN_OCTA_Segmentation/IPNV2_pytorch/logs
                 test_ids: [200, 300]                    
                train_ids: [0, 180]                      
                  val_ids: [180, 200]                    
----------------- End -------------------

Start Setup dataset reader
Setting up dataset reader
found pickle !!!
0 0.6938678026199341
len of cubelist:  20
Step:0, Valid_Dice:0.015332713512874055
10 0.6412262916564941
20 0.25854188203811646
30 0.29630789160728455
40 0.2890922427177429
50 0.28516051173210144
60 0.22994066774845123
70 0.3911452293395996
80 0.27979210019111633
90 0.2610912024974823
100 0.24543318152427673
110 0.31243956089019775
120 0.3642629384994507
130 0.3314771056175232
140 0.22312216460704803
150 0.34299254417419434
160 0.2501338720321655
170 0.29279232025146484
180 0.3790302276611328
190 0.16599012911319733
200 0.30333784222602844
210 0.39338061213493347
220 0.33646446466445923
230 0.3196844160556793
240 0.3478288948535919
250 0.2841707766056061
260 0.30686572194099426
270 0.33912941813468933
280 0.43054285645484924
290 0.39580634236335754
300 0.4196333885192871
310 0.26548394560813904
320 0.2870834469795227
330 0.4197962284088135
340 0.25492891669273376
350 0.19671137630939484
360 0.2148021012544632
370 0.37480807304382324
380 0.26408082246780396
390 0.2206387221813202
400 0.2457517385482788
410 0.32615169882774353
420 0.3534839153289795
430 0.28078949451446533
440 0.21403472125530243
450 0.3240121304988861
460 0.28394415974617004
470 0.31654056906700134
480 0.37704095244407654
490 0.31583231687545776
500 0.26758623123168945
len of cubelist:  20
Step:500, Valid_Dice:0.0
510 0.30207470059394836
520 0.341831237077713
530 0.3525450825691223
540 0.28692957758903503
550 0.290321946144104
560 0.355210542678833
570 0.3249839246273041
580 0.3999045491218567
590 0.32583343982696533
600 0.3199753761291504
610 0.3722630739212036
620 0.39339154958724976
630 0.3457915782928467
640 0.33538636565208435
650 0.34031590819358826
660 0.15789608657360077
670 0.28185492753982544
680 0.3321162760257721
690 0.3171238303184509
700 0.2580833435058594
710 0.3447059690952301
720 0.2583882510662079
730 0.22456389665603638
740 0.2622872591018677
750 0.3835150897502899
760 0.2524511516094208
770 0.3043603003025055
780 0.2493409365415573
790 0.15577289462089539
800 0.21195656061172485
810 0.2262023389339447
820 0.2309708446264267
830 0.21697194874286652
840 0.315430223941803
850 0.22978205978870392
860 0.15438981354236603
870 0.2647719085216522
880 0.212052583694458
890 0.27487680315971375
900 0.25364089012145996
910 0.19088755548000336
920 0.20464803278446198
930 0.16349446773529053
940 0.1550140231847763
950 0.11852425336837769
960 0.14578716456890106
970 0.196146160364151
980 0.13266347348690033
990 0.12719345092773438
1000 0.14137965440750122
len of cubelist:  20
Step:1000, Valid_Dice:0.11027406045457935
1010 0.13286013901233673
1020 0.16791827976703644
1030 0.19639243185520172
1040 0.1833256483078003
1050 0.12718719244003296
1060 0.18709875643253326
1070 0.13081657886505127
1080 0.11948305368423462
1090 0.11217623203992844
1100 0.158455029129982
1110 0.18692484498023987
1120 0.17405293881893158
1130 0.12678055465221405
1140 0.2060060352087021
1150 0.17648662626743317
1160 0.3431490659713745
1170 0.11454814672470093
1180 0.1489742398262024
1190 0.14762094616889954
1200 0.1477302461862564
1210 0.11358007788658142
1220 0.11235848069190979
1230 0.11873680353164673
1240 0.170663982629776
1250 0.09224950522184372
1260 0.13440905511379242
1270 0.13677789270877838
1280 0.1725684106349945
1290 0.2014564722776413
1300 0.11692729592323303
1310 0.12456461042165756
1320 0.2533203959465027
1330 0.1025804802775383
1340 0.15834929049015045
1350 0.08948057144880295
1360 0.14938098192214966
1370 0.095215804874897
1380 0.1859753131866455
1390 0.14437778294086456
1400 0.1489763706922531
1410 0.09082221984863281
1420 0.08454400300979614
1430 0.11550895869731903
1440 0.15379178524017334
1450 0.08121701329946518
1460 0.14393159747123718
1470 0.12796325981616974
1480 0.09406714141368866
1490 0.10532818734645844
1500 0.11743515729904175
len of cubelist:  20
Step:1500, Valid_Dice:0.0
1510 0.1724487841129303
1520 0.10489050298929214
1530 0.1329183131456375
1540 0.08960158377885818
1550 0.09387673437595367
1560 0.1286288946866989
1570 0.08788712322711945
1580 0.10609931498765945
1590 0.1592763513326645
1600 0.11697976291179657
1610 0.11603668332099915
1620 0.11886858195066452
1630 0.10292965173721313
1640 0.18864506483078003
1650 0.13940709829330444
1660 0.08515395224094391
1670 0.09150710701942444
1680 0.11712553352117538
1690 0.14685474336147308
1700 0.11489588767290115
1710 0.10861372947692871
1720 0.11446044594049454
1730 0.07721520215272903
1740 0.1074671596288681
1750 0.13424862921237946
1760 0.11987923830747604
1770 0.0816032737493515
1780 0.15554279088974
1790 0.14935125410556793
1800 0.10422425717115402
1810 0.17047186195850372
1820 0.08801823854446411
1830 0.0950922742486
1840 0.07836399227380753
1850 0.09118389338254929
1860 0.0715721845626831
1870 0.12063833326101303
1880 0.10831519961357117
1890 0.21326597034931183
1900 0.0767110139131546
1910 0.0737450122833252
1920 0.14745037257671356
1930 0.10806972533464432
1940 0.09398642927408218
1950 0.08725705742835999
1960 0.0977502167224884
1970 0.08504468947649002
1980 0.10896030068397522
1990 0.10377929359674454
2000 0.08226808160543442
len of cubelist:  20
Step:2000, Valid_Dice:0.0
2010 0.10753180831670761
2020 0.0699695572257042
2030 0.07991383224725723
2040 0.08966834843158722
2050 0.06933089345693588
2060 0.07848996669054031
2070 0.08031442016363144
2080 0.08928699046373367
2090 0.11956115812063217
2100 0.1000816747546196
2110 0.09140007942914963
2120 0.09936252981424332
2130 0.07899417728185654
2140 0.0917300283908844
2150 0.09966698288917542
2160 0.0806208997964859
2170 0.05878936126828194
2180 0.12111975252628326
2190 0.16584858298301697
2200 0.08621814846992493
2210 0.11301299184560776
2220 0.165797159075737
2230 0.08529829978942871
2240 0.08855674415826797
2250 0.09683874249458313
2260 0.08863406628370285
2270 0.055047523230314255
2280 0.11384498327970505
2290 0.08713418245315552
2300 0.08584222197532654
2310 0.07854150235652924
2320 0.07240310311317444
2330 0.084300696849823
2340 0.2720966935157776
2350 0.07352980971336365
2360 0.11634289473295212
2370 0.07253412157297134
2380 0.08342321962118149
2390 0.08636102825403214
2400 0.14080503582954407
2410 0.07233778387308121
2420 0.056882183998823166
2430 0.09634047746658325
2440 0.13355103135108948
2450 0.09213148057460785
2460 0.08798573911190033
2470 0.09367416799068451
2480 0.09694644808769226
2490 0.1122220978140831
2500 0.1305798888206482
len of cubelist:  20
Step:2500, Valid_Dice:0.0
2510 0.07888096570968628
2520 0.09560149908065796
2530 0.0888557955622673
2540 0.0897582545876503
2550 0.09570340812206268
2560 0.09555387496948242
2570 0.2503657341003418
2580 0.06895382702350616
2590 0.17789117991924286
2600 0.08504025638103485
2610 0.10584882646799088
2620 0.10057763755321503
2630 0.0779450461268425
2640 0.08602825552225113
2650 0.10076384246349335
2660 0.12708844244480133
2670 0.06533730030059814
2680 0.0786622166633606
2690 0.07670304924249649
2700 0.06755173951387405
2710 0.08298788964748383
2720 0.09843031316995621
2730 0.08895415812730789
2740 0.0909845232963562
2750 0.07979278266429901
2760 0.13880974054336548
2770 0.07885628938674927
2780 0.08251822739839554
2790 0.18426860868930817
2800 0.15000125765800476
2810 0.10490197688341141
2820 0.09291952848434448
2830 0.0956370010972023
2840 0.11770939826965332
2850 0.09168290346860886
2860 0.0963861420750618
2870 0.09744390845298767
2880 0.1184907928109169
2890 0.07020878791809082
2900 0.08751972764730453
2910 0.09006767719984055
2920 0.12660440802574158
2930 0.12088332325220108
2940 0.10368740558624268
2950 0.0807376429438591
2960 0.09589297324419022
2970 0.07029932737350464
2980 0.06558050215244293
2990 0.0908568948507309
3000 0.11039787530899048
len of cubelist:  20
Step:3000, Valid_Dice:0.0
3010 0.07537788152694702
3020 0.0694839134812355
3030 0.0820777490735054
3040 0.07927917689085007
3050 0.06985440105199814
3060 0.10366286337375641
3070 0.10477954149246216
3080 0.08158451318740845
3090 0.07580842077732086
3100 0.13529172539710999
3110 0.06517735123634338
3120 0.08120030164718628
3130 0.12202617526054382
3140 0.0904025211930275
3150 0.08497823774814606
3160 0.13662602007389069
3170 0.08443007618188858
3180 0.04604720324277878
3190 0.09042400866746902
3200 0.06508152186870575
3210 0.10555466264486313
3220 0.10613361746072769
3230 0.07545273751020432
3240 0.19880294799804688
3250 0.07799306511878967
3260 0.05640100687742233
3270 0.0716901496052742
3280 0.06237111985683441
3290 0.1141103059053421
3300 0.06366387009620667
3310 0.10509701818227768
3320 0.08019433915615082
3330 0.10636211186647415
3340 0.08343055099248886
3350 0.12580402195453644
3360 0.1052870973944664
3370 0.10396730899810791
3380 0.133514404296875
3390 0.0683130994439125
3400 0.07682546228170395
3410 0.16691216826438904
3420 0.08372125774621964
3430 0.055722422897815704
3440 0.07324198633432388
3450 0.07743624597787857
3460 0.053875360637903214
3470 0.11905428767204285
3480 0.09794100373983383
3490 0.08725550025701523
3500 0.06638336181640625
len of cubelist:  20
Step:3500, Valid_Dice:0.010001226883354461
3510 0.07951410114765167
3520 0.09018611162900925
3530 0.09158376604318619
3540 0.07404816895723343
3550 0.07247983664274216
3560 0.11713677644729614
3570 0.07646238803863525
3580 0.07289054244756699
3590 0.11472462117671967
3600 0.08067358285188675
3610 0.08157119899988174
3620 0.11347819864749908
3630 0.08414727449417114
3640 0.0957818478345871
3650 0.09542210400104523
3660 0.06982588022947311
3670 0.06954743713140488
3680 0.08453487604856491
3690 0.06544401496648788
3700 0.06689745932817459
3710 0.10467005521059036
3720 0.11879212409257889
3730 0.05885396897792816
3740 0.07385583221912384
3750 0.07794731110334396
3760 0.07394915819168091
3770 0.06431414932012558
3780 0.13692039251327515
3790 0.08077322691679001
3800 0.07998322695493698
3810 0.07387014478445053
3820 0.06927276402711868
3830 0.07778964191675186
3840 0.05946928262710571
3850 0.15135948359966278
3860 0.07165417820215225
3870 0.08039788156747818
3880 0.053647398948669434
3890 0.08083487302064896
3900 0.06657728552818298
3910 0.08078237622976303
3920 0.06446696817874908
3930 0.072993203997612
3940 0.06451848149299622
3950 0.12299838662147522
3960 0.0755758211016655
3970 0.08379406481981277
3980 0.054478779435157776
3990 0.11736194789409637
4000 0.06586741656064987
len of cubelist:  20
Step:4000, Valid_Dice:0.0001527035033579261
4010 0.08097581565380096
4020 0.08373492956161499
4030 0.08808859437704086
4040 0.11767285317182541
4050 0.08490186929702759
4060 0.07408908754587173
4070 0.09514180570840836
4080 0.1006447970867157
4090 0.06747100502252579
4100 0.08300281316041946
4110 0.06935455650091171
4120 0.05616023391485214
4130 0.10118447989225388
4140 0.05890744552016258
4150 0.1010807529091835
4160 0.11508151888847351
4170 0.08657611161470413
4180 0.08787119388580322
4190 0.06106569990515709
4200 0.07630874216556549
4210 0.08191027492284775
4220 0.1544020026922226
4230 0.19901317358016968
4240 0.08089326322078705
4250 0.08457619696855545
4260 0.061475902795791626
4270 0.08473668992519379
4280 0.07474061101675034
4290 0.07360579818487167
4300 0.09243790060281754
4310 0.2110161930322647
4320 0.0574522465467453
4330 0.07528678327798843
4340 0.06464333832263947
4350 0.07804595679044724
4360 0.05698845162987709
4370 0.08191873133182526
4380 0.11624342203140259
4390 0.07263168692588806
4400 0.05813394859433174
4410 0.07546035200357437
4420 0.095603346824646
4430 0.08096946030855179
4440 0.0916229635477066
4450 0.06595229357481003
4460 0.06073890998959541
4470 0.06410345435142517
4480 0.05516044795513153
4490 0.09444037824869156
4500 0.07754544913768768
len of cubelist:  20
Step:4500, Valid_Dice:0.05716906192913669
4510 0.07015274465084076
4520 0.09329670667648315
4530 0.10294439643621445
4540 0.08676305413246155
4550 0.06378564238548279
4560 0.08577562868595123
4570 0.10854601114988327
4580 0.06885480135679245
4590 0.17174053192138672
4600 0.07103344798088074
4610 0.11060178279876709
4620 0.10068746656179428
4630 0.0643749013543129
4640 0.07783016562461853
4650 0.07836025208234787
4660 0.06445302814245224
4670 0.07679517567157745
4680 0.06374843418598175
4690 0.08717216551303864
4700 0.07120843231678009
4710 0.09427318722009659
4720 0.0748937800526619
4730 0.040011316537857056
4740 0.09257129579782486
4750 0.18268601596355438
4760 0.09431258589029312
4770 0.0653316006064415
4780 0.08051600307226181
4790 0.08452462404966354
4800 0.15206873416900635
4810 0.0844106450676918
4820 0.08666478097438812
4830 0.06013818830251694
4840 0.08379794657230377
4850 0.06989064067602158
4860 0.07395738363265991
4870 0.0831822007894516
4880 0.08672396093606949
4890 0.07510343939065933
4900 0.04193022474646568
4910 0.08336678147315979
4920 0.08810821175575256
4930 0.0658920407295227
4940 0.089816614985466
4950 0.08919552713632584
4960 0.07153205573558807
4970 0.06435272097587585
4980 0.061655692756175995
4990 0.06814408302307129
5000 0.0446045882999897
len of cubelist:  20
Step:5000, Valid_Dice:0.02164414235748178
5010 0.07938321679830551
5020 0.14217720925807953
5030 0.07811182737350464
5040 0.06839936971664429
5050 0.060310766100883484
5060 0.15087737143039703
5070 0.08613547682762146
5080 0.09312555938959122
5090 0.06609546393156052
5100 0.10645198822021484
5110 0.07936634868383408
5120 0.09173096716403961
5130 0.06685179471969604
5140 0.09712610393762589
5150 0.05659865587949753
5160 0.0991806611418724
5170 0.10801757872104645
5180 0.06403683125972748
5190 0.09861498326063156
5200 0.08798829466104507
5210 0.07683224231004715
5220 0.05907899886369705
5230 0.07011976093053818
5240 0.08316514641046524
5250 0.13653436303138733
5260 0.06105935201048851
5270 0.0966658666729927
5280 0.0804656371474266
5290 0.08868289738893509
5300 0.07921116054058075
5310 0.05267885699868202
5320 0.07417085766792297
5330 0.07619482278823853
5340 0.06764009594917297
5350 0.0925484150648117
5360 0.08132047951221466
5370 0.07040546834468842
5380 0.06867311894893646
5390 0.1141815185546875
5400 0.05696842819452286
5410 0.06856326758861542
5420 0.06880700588226318
5430 0.11357640475034714
5440 0.08776842057704926
5450 0.051237769424915314
5460 0.09861109405755997
5470 0.07108236104249954
5480 0.07019459456205368
5490 0.09680462628602982
5500 0.05841458588838577
len of cubelist:  20
Step:5500, Valid_Dice:0.011907967910179191
5510 0.06494135409593582
5520 0.07433449476957321
5530 0.07427611947059631
5540 0.058413200080394745
5550 0.08603005856275558
5560 0.08020558208227158
5570 0.09338784217834473
5580 0.0714748278260231
5590 0.04463512450456619
5600 0.06741855293512344
5610 0.08220227807760239
5620 0.05820529907941818
5630 0.05793101713061333
5640 0.06639501452445984
5650 0.07748059928417206
5660 0.10353720933198929
5670 0.1051281988620758
5680 0.05108791962265968
5690 0.11590561270713806
5700 0.10080751031637192
5710 0.1067546159029007
5720 0.0797024816274643
5730 0.07366185635328293
5740 0.11840617656707764
5750 0.08275409042835236
5760 0.09735442698001862
5770 0.06691358983516693
5780 0.06709568202495575
5790 0.057149890810251236
5800 0.09669091552495956
5810 0.075637087225914
5820 0.1027720496058464
5830 0.07217032462358475
5840 0.052633702754974365
5850 0.07247772067785263
5860 0.0714377835392952
5870 0.097122423350811
5880 0.07102223485708237
5890 0.09040834754705429
5900 0.1348138153553009
5910 0.08309775590896606
5920 0.06827399134635925
5930 0.07384634763002396
5940 0.07217138260602951
5950 0.09855666756629944
5960 0.09683747589588165
5970 0.1407473385334015
5980 0.07655800879001617
5990 0.03838741406798363
6000 0.05860322341322899
len of cubelist:  20
Step:6000, Valid_Dice:0.0
6010 0.11094319075345993
6020 0.1307746320962906
6030 0.07101378589868546
6040 0.09399428963661194
6050 0.06290663778781891
6060 0.11100195348262787
6070 0.11660660058259964
6080 0.08560251444578171
6090 0.07371194660663605
6100 0.0677233561873436
6110 0.05257681384682655
6120 0.0782179906964302
6130 0.10070382058620453
6140 0.07658763229846954
6150 0.05889878049492836
6160 0.05962388962507248
6170 0.0597354918718338
6180 0.07582789659500122
6190 0.12389956414699554
6200 0.06029938906431198
6210 0.06119531765580177
6220 0.08556640893220901
6230 0.06471741944551468
6240 0.07874219119548798
6250 0.07184863090515137
6260 0.076632559299469
6270 0.07934314012527466
6280 0.08013913035392761
6290 0.07676111906766891
6300 0.08884590119123459
6310 0.06027491018176079
6320 0.08172428607940674
6330 0.06996257603168488
6340 0.0491846464574337
6350 0.0735979750752449
6360 0.14066970348358154
6370 0.056009888648986816
6380 0.06778198480606079
6390 0.06610450148582458
6400 0.06213640049099922
6410 0.06204533576965332
6420 0.06587044894695282
6430 0.05438264086842537
6440 0.0687849149107933
6450 0.07342976331710815
6460 0.06378109008073807
6470 0.05104108899831772
6480 0.08108434081077576
6490 0.07101815193891525
6500 0.09709262102842331
len of cubelist:  20
Step:6500, Valid_Dice:0.00035155193561257366
6510 0.07029563188552856
6520 0.05391247570514679
6530 0.06474649161100388
6540 0.07078078389167786
6550 0.11321398615837097
6560 0.07163777947425842
6570 0.1411893516778946
6580 0.08210400491952896
6590 0.06418290734291077
6600 0.060439229011535645
6610 0.0690176859498024
6620 0.14204321801662445
6630 0.09301509708166122
6640 0.07287503778934479
6650 0.07419469952583313
6660 0.09879004955291748
6670 0.09862881898880005
6680 0.07376974821090698
6690 0.07046598196029663
6700 0.09570790827274323
6710 0.05059390142560005
6720 0.08370169997215271
6730 0.05597750097513199
6740 0.09862682968378067
6750 0.09612792730331421
6760 0.06120603531599045
6770 0.05950629711151123
6780 0.07400710135698318
6790 0.08002696931362152
6800 0.05439683794975281
6810 0.11884277313947678
6820 0.062209468334913254
6830 0.12030366063117981
6840 0.07036115974187851
6850 0.10531573742628098
6860 0.05909037962555885
6870 0.07912427186965942
6880 0.05116605386137962
6890 0.0511331707239151
6900 0.08578614145517349
6910 0.1034555435180664
6920 0.08890316635370255
6930 0.06560218334197998
6940 0.0640992820262909
6950 0.1597035825252533
6960 0.07560692727565765
6970 0.06525684893131256
6980 0.07201055437326431
6990 0.09715836495161057
7000 0.05875375494360924
len of cubelist:  20
Step:7000, Valid_Dice:0.0017931577636331783
7010 0.05984572693705559
7020 0.059675563126802444
7030 0.0789748802781105
7040 0.07883933186531067
7050 0.05383768305182457
7060 0.05085338279604912
7070 0.09293000400066376
7080 0.11852153390645981
7090 0.12166335433721542
7100 0.05268607288599014
7110 0.10181728005409241
7120 0.05405787378549576
7130 0.11728248000144958
7140 0.05434746667742729
7150 0.11785737425088882
7160 0.15920224785804749
7170 0.07113796472549438
7180 0.2391413152217865
7190 0.10102328658103943
7200 0.07561399787664413
7210 0.11649240553379059
7220 0.06371264904737473
7230 0.059344738721847534
7240 0.06579375267028809
7250 0.05395001173019409
7260 0.06944143027067184
7270 0.07844140380620956
7280 0.07835454493761063
7290 0.1370384693145752
7300 0.06693810969591141
7310 0.06291376054286957
7320 0.08066829293966293
7330 0.07806508988142014
7340 0.08797261863946915
7350 0.07758205384016037
7360 0.15714627504348755
7370 0.06108269467949867
7380 0.059162892401218414
7390 0.03832941874861717
7400 0.09224409610033035
7410 0.08215297013521194
7420 0.0635514184832573
7430 0.06935301423072815
7440 0.12138454616069794
7450 0.0901593416929245
7460 0.07182211428880692
7470 0.07412253320217133
7480 0.19000354409217834
7490 0.05808107927441597
7500 0.0684649795293808
len of cubelist:  20
Step:7500, Valid_Dice:0.004380315121159103
7510 0.061576832085847855
7520 0.05704261362552643
7530 0.07964452356100082
7540 0.048474330455064774
7550 0.05729019641876221
7560 0.07050809264183044
7570 0.1450669765472412
7580 0.08487240225076675
7590 0.0831325501203537
7600 0.08434607833623886
7610 0.06377507001161575
7620 0.10266696661710739
7630 0.0947829931974411
7640 0.05871856212615967
7650 0.0639520063996315
7660 0.10192012786865234
7670 0.09013345092535019
7680 0.054617028683423996
7690 0.06476631760597229
7700 0.059275537729263306
7710 0.09202151745557785
7720 0.07714898139238358
7730 0.06252411752939224
7740 0.06006184592843056
7750 0.09004446864128113
7760 0.09569554775953293
7770 0.08264703303575516
7780 0.08054126799106598
7790 0.06031949445605278
7800 0.07298967242240906
7810 0.06167270615696907
7820 0.06001449003815651
7830 0.07392723858356476
7840 0.09304505586624146
7850 0.06430850923061371
7860 0.06305954605340958
7870 0.051962029188871384
7880 0.11718405783176422
7890 0.055964503437280655
7900 0.100369393825531
7910 0.05725870281457901
7920 0.054642219096422195
7930 0.09138210862874985
7940 0.07751303911209106
7950 0.05836887285113335
7960 0.0771438255906105
7970 0.053773265331983566
7980 0.07293830066919327
7990 0.06752040982246399
8000 0.07087746262550354
len of cubelist:  20
Step:8000, Valid_Dice:0.04775679605918471
8010 0.07109826058149338
8020 0.05617669224739075
8030 0.09043429046869278
8040 0.08033828437328339
8050 0.08515167236328125
8060 0.05771919712424278
8070 0.055446844547986984
8080 0.0997714102268219
8090 0.08192720264196396
8100 0.06957040727138519
8110 0.06397777050733566
8120 0.05658208578824997
8130 0.05134613811969757
8140 0.05380083620548248
8150 0.051171399652957916
8160 0.04824894666671753
8170 0.060493871569633484
8180 0.1097550019621849
8190 0.08921077847480774
8200 0.0780855193734169
8210 0.0525892935693264
8220 0.0634540468454361
8230 0.12435561418533325
8240 0.07978127151727676
8250 0.08146588504314423
8260 0.07266944646835327
8270 0.04960423335433006
8280 0.05768246948719025
8290 0.07363447546958923
8300 0.06793371587991714
8310 0.12085245549678802
8320 0.08241827040910721
8330 0.049980003386735916
8340 0.0876912996172905
8350 0.05983172729611397
8360 0.07069721817970276
8370 0.09080398827791214
8380 0.06660041213035583
8390 0.08513346314430237
8400 0.06232837960124016
8410 0.05748126283288002
8420 0.08010424673557281
8430 0.05650373548269272
8440 0.07015367597341537
8450 0.11767080426216125
8460 0.14529310166835785
8470 0.0599723644554615
8480 0.07471756637096405
8490 0.0657675638794899
8500 0.08167768269777298
len of cubelist:  20
Step:8500, Valid_Dice:0.0034507052118454584
8510 0.0737905502319336
8520 0.06406821310520172
8530 0.10128389298915863
8540 0.07447198778390884
8550 0.07376828044652939
8560 0.07270359992980957
8570 0.0690036192536354
8580 0.04962095245718956
8590 0.08863337337970734
8600 0.133829265832901
8610 0.06738979369401932
8620 0.052821021527051926
8630 0.11112203449010849
8640 0.04742421582341194
8650 0.10461121797561646
8660 0.11381755024194717
8670 0.08365488797426224
8680 0.06743195652961731
8690 0.07667066901922226
8700 0.10766410082578659
8710 0.07753390073776245
8720 0.0971577912569046
8730 0.07961097359657288
8740 0.059225428849458694
8750 0.06202070787549019
8760 0.060635484755039215
8770 0.05800718814134598
8780 0.06555430591106415
8790 0.06369823217391968
8800 0.09968098998069763
8810 0.07536105811595917
8820 0.07205965369939804
8830 0.046099644154310226
8840 0.0898909866809845
8850 0.0686468631029129
8860 0.04804757982492447
8870 0.06983038038015366
8880 0.04877326264977455
8890 0.06140153855085373
8900 0.06555517017841339
8910 0.05780676379799843
8920 0.06870073825120926
8930 0.14256195724010468
8940 0.08560947328805923
8950 0.09716427326202393
8960 0.05715211108326912
8970 0.08588907867670059
8980 0.07559008151292801
8990 0.05203402787446976
9000 0.04958314076066017
len of cubelist:  20
Step:9000, Valid_Dice:0.03817936829373572
9010 0.09194578975439072
9020 0.06237746402621269
9030 0.10348249226808548
9040 0.06465858221054077
9050 0.0780968964099884
9060 0.07642804831266403
9070 0.06410542130470276
9080 0.08126918971538544
9090 0.07595653086900711
9100 0.07829707115888596
9110 0.07544314116239548
9120 0.07371445000171661
9130 0.07131040841341019
9140 0.06775466352701187
9150 0.07225704193115234
9160 0.0755150243639946
9170 0.07024861872196198
9180 0.08307027816772461
9190 0.07105472683906555
9200 0.07920169830322266
9210 0.06160445511341095
9220 0.11735609173774719
9230 0.06687057018280029
9240 0.07644326984882355
9250 0.09137041866779327
9260 0.05558716878294945
9270 0.08619121462106705
9280 0.05561729148030281
9290 0.07518281042575836
9300 0.08135285973548889
9310 0.06344814598560333
9320 0.07332389056682587
9330 0.055889423936605453
9340 0.12319951504468918
9350 0.05339633300900459
9360 0.06444072723388672
9370 0.05516566336154938
9380 0.07189445942640305
9390 0.10072097927331924
9400 0.06096506863832474
9410 0.051155488938093185
9420 0.0622624009847641
9430 0.08959732949733734
9440 0.16303394734859467
9450 0.08105440437793732
9460 0.07766517251729965
9470 0.10766395181417465
9480 0.07940328121185303
9490 0.0886576697230339
9500 0.07508406043052673
len of cubelist:  20
Step:9500, Valid_Dice:0.0008606241486403398
9510 0.06750091910362244
9520 0.07628557085990906
9530 0.07993520051240921
9540 0.08387232571840286
9550 0.15117581188678741
9560 0.05723012611269951
9570 0.062342189252376556
9580 0.05233136564493179
9590 0.07480619847774506
9600 0.061251550912857056
9610 0.057095494121313095
9620 0.06841854006052017
9630 0.11334870755672455
9640 0.065445676445961
9650 0.1005878895521164
9660 0.0646938756108284
9670 0.07506068050861359
9680 0.05311911553144455
9690 0.08587563037872314
9700 0.05738728493452072
9710 0.0670585110783577
9720 0.04997662827372551
9730 0.058949146419763565
9740 0.15104550123214722
9750 0.0759756863117218
9760 0.08470574021339417
9770 0.10442817211151123
9780 0.07626067847013474
9790 0.07309263944625854
9800 0.0625438466668129
9810 0.06640690565109253
9820 0.05611259862780571
9830 0.06597532331943512
9840 0.06137070432305336
9850 0.06165941804647446
9860 0.06288307160139084
9870 0.0680905431509018
9880 0.0720481127500534
9890 0.10992661118507385
9900 0.05238894000649452
9910 0.08192138373851776
9920 0.0639725923538208
9930 0.07803075015544891
9940 0.07826759666204453
9950 0.044066961854696274
9960 0.14083725214004517
9970 0.0755896121263504
9980 0.06194782257080078
9990 0.06872562319040298
10000 0.09250994771718979
len of cubelist:  20
Step:10000, Valid_Dice:0.008525052727605096
10010 0.07297807931900024
10020 0.08869908004999161
10030 0.0756252110004425
10040 0.0808832123875618
10050 0.09692426770925522
10060 0.04635332152247429
10070 0.1013021394610405
10080 0.06196073070168495
10090 0.07196605205535889
10100 0.07095760852098465
10110 0.06589210033416748
10120 0.055267833173274994
10130 0.07447721809148788
10140 0.07657676935195923
10150 0.06588787585496902
10160 0.05891337990760803
10170 0.07670982927083969
10180 0.06736568361520767
10190 0.07627234607934952
10200 0.07537762820720673
10210 0.07149220257997513
10220 0.06436122953891754
10230 0.049599334597587585
10240 0.0639885887503624
10250 0.08634831756353378
10260 0.06797922402620316
10270 0.11019229888916016
10280 0.061185963451862335
10290 0.0711226612329483
10300 0.058820031583309174
10310 0.06608518213033676
10320 0.07471462339162827
10330 0.06442293524742126
10340 0.052168071269989014
10350 0.08584573119878769
10360 0.09244992583990097
10370 0.06617431342601776
10380 0.05514248088002205
10390 0.08175139129161835
10400 0.04981738328933716
10410 0.05744023993611336
10420 0.09356333315372467
10430 0.10981191694736481
10440 0.06464182585477829
10450 0.10711482167243958
10460 0.058479201048612595
10470 0.07436636090278625
10480 0.06311590224504471
10490 0.07156562805175781
10500 0.07990853488445282
len of cubelist:  20
Step:10500, Valid_Dice:0.035318226276218515
10510 0.06080705672502518
10520 0.06826391816139221
10530 0.07620340585708618
10540 0.060563825070858
10550 0.07081741094589233
10560 0.06478296965360641
10570 0.05727516487240791
10580 0.06278055161237717
10590 0.057583216577768326
10600 0.075877845287323
10610 0.05765467509627342
10620 0.06197972595691681
10630 0.07544257491827011
10640 0.06711278110742569
10650 0.0683586448431015
10660 0.07887419313192368
10670 0.042306773364543915
10680 0.0705762580037117
10690 0.08347142487764359
10700 0.08918138593435287
10710 0.07258877903223038
10720 0.04853517562150955
10730 0.0682477355003357
10740 0.04521181434392929
10750 0.060072045773267746
10760 0.08667290955781937
10770 0.1016487330198288
10780 0.04785449057817459
10790 0.07876244932413101
10800 0.07232308387756348
10810 0.06189204007387161
10820 0.06881524622440338
10830 0.0838036835193634
10840 0.08118333667516708
10850 0.05679377540946007
10860 0.06575224548578262
10870 0.07274149358272552
10880 0.058282218873500824
10890 0.06812714040279388
10900 0.051653698086738586
10910 0.07296980172395706
10920 0.07721162587404251
10930 0.06671623885631561
10940 0.10948361456394196
10950 0.06598352640867233
10960 0.0425192266702652
10970 0.07431861758232117
10980 0.07801570743322372
10990 0.052941642701625824
11000 0.06339696049690247
len of cubelist:  20
Step:11000, Valid_Dice:0.002018276273912216
11010 0.06807035952806473
11020 0.09640759974718094
11030 0.08509092032909393
11040 0.06271333247423172
11050 0.04795713350176811
11060 0.06467269361019135
11070 0.05557197332382202
11080 0.09342696517705917
11090 0.0620596669614315
11100 0.05484623461961746
11110 0.06438714265823364
11120 0.05575614050030708
11130 0.08145268261432648
11140 0.05041511356830597
11150 0.06355004757642746
11160 0.1309911012649536
11170 0.052298326045274734
11180 0.05906367301940918
11190 0.09443263709545135
11200 0.07069792598485947
11210 0.06072280928492546
11220 0.053358495235443115
11230 0.061419617384672165
11240 0.06857826560735703
11250 0.05164247006177902
11260 0.058138396590948105
11270 0.06562694907188416
11280 0.040061306208372116
11290 0.09040770679712296
11300 0.07069256901741028
11310 0.08107665926218033
11320 0.08447502553462982
11330 0.10477714985609055
11340 0.058316584676504135
11350 0.0716511607170105
11360 0.05345660448074341
11370 0.05979577451944351
11380 0.07002384960651398
11390 0.08546986430883408
11400 0.07972259819507599
11410 0.06785517930984497
11420 0.07123374938964844
11430 0.05955805629491806
11440 0.08313106000423431
11450 0.08513479679822922
11460 0.10639128088951111
11470 0.07191196084022522
11480 0.080577053129673
11490 0.07552611082792282
11500 0.05183437466621399
len of cubelist:  20
Step:11500, Valid_Dice:0.06205346694029423
11510 0.05112829431891441
11520 0.07312797755002975
11530 0.06578812748193741
11540 0.0669957622885704
11550 0.041041746735572815
11560 0.08813712000846863
11570 0.0881003811955452
11580 0.062427081167697906
11590 0.08717212826013565
11600 0.12618359923362732
11610 0.05480086803436279
11620 0.0978027805685997
11630 0.06961485743522644
11640 0.07323066145181656
11650 0.0837341770529747
11660 0.06001594290137291
11670 0.11959469318389893
11680 0.05093170329928398
11690 0.06733730435371399
11700 0.08848654478788376
11710 0.056845299899578094
11720 0.07771672308444977
11730 0.08542705327272415
11740 0.08832220733165741
11750 0.09909655898809433
11760 0.05293133109807968
11770 0.056080412119627
11780 0.06939574331045151
11790 0.07281143218278885
11800 0.06252063065767288
11810 0.0740157812833786
11820 0.0576147697865963
11830 0.06656813621520996
11840 0.058354321867227554
11850 0.06019667908549309
11860 0.08043869584798813
11870 0.05743725597858429
11880 0.08551879972219467
11890 0.06053737923502922
11900 0.0657917931675911
11910 0.06964605301618576
11920 0.029095135629177094
11930 0.047901663929224014
11940 0.06299479305744171
11950 0.07734153419733047
11960 0.10775120556354523
11970 0.0908556878566742
11980 0.051969774067401886
11990 0.05578043311834335
12000 0.0692446380853653
len of cubelist:  20
Step:12000, Valid_Dice:0.002457504277199756
12010 0.06267570704221725
12020 0.06884272396564484
12030 0.0675818994641304
12040 0.10210763663053513
12050 0.08149930834770203
12060 0.05136891454458237
12070 0.20914778113365173
12080 0.05228640139102936
12090 0.06456152349710464
12100 0.04037494212388992
12110 0.07091227173805237
12120 0.09818725287914276
12130 0.05489790812134743
12140 0.04456121474504471
12150 0.057438310235738754
12160 0.0628991574048996
12170 0.10258260369300842
12180 0.07385728508234024
12190 0.06810572743415833
12200 0.0477738119661808
12210 0.044724684208631516
12220 0.05558984354138374
12230 0.06236628443002701
12240 0.05873098224401474
12250 0.08615221083164215
12260 0.06538446992635727
12270 0.07215417176485062
12280 0.07380717992782593
12290 0.09207277745008469
12300 0.12573929131031036
12310 0.06981035321950912
12320 0.10548967123031616
12330 0.0862233117222786
12340 0.07012996077537537
12350 0.0964212715625763
12360 0.052217237651348114
12370 0.1001967266201973
12380 0.05502242594957352
12390 0.048064086586236954
12400 0.06541439145803452
12410 0.11181528121232986
12420 0.05596970394253731
12430 0.07981475442647934
12440 0.054818034172058105
12450 0.07133685797452927
12460 0.1122150644659996
12470 0.08693570643663406
12480 0.06642217934131622
12490 0.066707082092762
12500 0.07340657711029053
len of cubelist:  20
Step:12500, Valid_Dice:0.004637338404773475
12510 0.04853428527712822
12520 0.05700328201055527
12530 0.0785524919629097
12540 0.057884544134140015
12550 0.0710824653506279
12560 0.0559416264295578
12570 0.09724527597427368
12580 0.05988330766558647
12590 0.0424969308078289
12600 0.0758693516254425
12610 0.05383239686489105
12620 0.0746389701962471
12630 0.04548732191324234
12640 0.07211265712976456
12650 0.06396084278821945
12660 0.08392952382564545
12670 0.08534849435091019
12680 0.08802729845046997
12690 0.06808515638113022
12700 0.04231727123260498
12710 0.0672077089548111
12720 0.08449725806713104
12730 0.06594321131706238
12740 0.09936325997114182
12750 0.07730326801538467
12760 0.051733192056417465
12770 0.07323218882083893
12780 0.04194615036249161
12790 0.045731835067272186
12800 0.09397980570793152
12810 0.07188773900270462
12820 0.19005493819713593
12830 0.08046247810125351
12840 0.050242967903614044
12850 0.05577566474676132
12860 0.07780519127845764
12870 0.05214366316795349
12880 0.0762196034193039
12890 0.07548288255929947
12900 0.06961823999881744
12910 0.06098482757806778
12920 0.1584211140871048
12930 0.0672631561756134
12940 0.060679394751787186
12950 0.08364187180995941
12960 0.08471544086933136
12970 0.05049077048897743
12980 0.060712482780218124
12990 0.05651349574327469
13000 0.0819360613822937
len of cubelist:  20
Step:13000, Valid_Dice:0.05026417454598357
13010 0.07298385351896286
13020 0.07741153240203857
13030 0.07841046154499054
13040 0.07959312945604324
13050 0.059125300496816635
13060 0.07647767663002014
13070 0.06436794996261597
13080 0.07822037488222122
13090 0.06260904669761658
13100 0.05206209793686867
13110 0.06295572966337204
13120 0.12253834307193756
13130 0.12534236907958984
13140 0.06580718606710434
13150 0.08709489554166794
13160 0.05979377403855324
13170 0.05791628360748291
13180 0.054680321365594864
13190 0.06566479802131653
13200 0.05708172544836998
13210 0.18797363340854645
13220 0.051278967410326004
13230 0.11603609472513199
13240 0.06387677043676376
13250 0.06464575231075287
13260 0.08361439406871796
13270 0.06470832228660583
13280 0.07975228130817413
13290 0.06421329081058502
13300 0.06598507612943649
13310 0.07914391160011292
13320 0.11426357179880142
13330 0.06547261029481888
13340 0.04900282621383667
13350 0.05889340862631798
13360 0.08201353251934052
13370 0.07308422029018402
13380 0.12652741372585297
13390 0.07438063621520996
13400 0.07452882826328278
13410 0.09532265365123749
13420 0.06537581235170364
13430 0.05979175865650177
13440 0.0864778608083725
13450 0.052044209092855453
13460 0.08971557021141052
13470 0.060624632984399796
13480 0.06131593510508537
13490 0.06952213495969772
13500 0.08191203325986862
len of cubelist:  20
Step:13500, Valid_Dice:0.012189575911371386
13510 0.05867154523730278
13520 0.053673792630434036
13530 0.07120928168296814
13540 0.0904708281159401
13550 0.06594236195087433
13560 0.04580739885568619
13570 0.050955671817064285
13580 0.06904631108045578
13590 0.07378913462162018
13600 0.045613646507263184
13610 0.050922881811857224
13620 0.08042781800031662
13630 0.08625420182943344
13640 0.06634792685508728
13650 0.05037620663642883
13660 0.06191965192556381
13670 0.08272798359394073
13680 0.055271223187446594
13690 0.07315074652433395
13700 0.05336124449968338
13710 0.05462866649031639
13720 0.09713693708181381
13730 0.05527380853891373
13740 0.050422389060258865
13750 0.04856346547603607
13760 0.0655631497502327
13770 0.15639732778072357
13780 0.06900127232074738
13790 0.05817534029483795
13800 0.08109785616397858
13810 0.06052030622959137
13820 0.07597293704748154
13830 0.05984445661306381
13840 0.0953839123249054
13850 0.07893386483192444
13860 0.05958176404237747
13870 0.05440739914774895
13880 0.06347701698541641
13890 0.08713144809007645
13900 0.07990102469921112
13910 0.05705612897872925
13920 0.04948961362242699
13930 0.08158700913190842
13940 0.12105191498994827
13950 0.05855462700128555
13960 0.053128503262996674
13970 0.12205959111452103
13980 0.06504422426223755
13990 0.08980846405029297
14000 0.07315997034311295
len of cubelist:  20
Step:14000, Valid_Dice:0.003210957068349765
14010 0.1080026626586914
14020 0.07879868149757385
14030 0.07479476183652878
14040 0.06789237260818481
14050 0.07618910074234009
14060 0.11508926749229431
14070 0.048733003437519073
14080 0.05679341405630112
14090 0.07321673631668091
14100 0.0754840299487114
14110 0.0726090595126152
14120 0.07169938087463379
14130 0.08149063587188721
14140 0.0629102811217308
14150 0.060866717249155045
14160 0.05497493967413902
14170 0.1091511994600296
14180 0.09642627835273743
14190 0.05925820767879486
14200 0.0493609718978405
14210 0.06924164295196533
14220 0.07116356492042542
14230 0.06476800888776779
14240 0.06309231370687485
14250 0.0762796401977539
14260 0.05767032504081726
14270 0.06898678094148636
14280 0.07176636904478073
14290 0.07742646336555481
14300 0.0761173740029335
14310 0.06050954759120941
14320 0.08436083048582077
14330 0.0708591565489769
14340 0.07658929377794266
14350 0.05778626725077629
14360 0.06220169737935066
14370 0.04347064718604088
14380 0.080795057117939
14390 0.08022686839103699
14400 0.0657493993639946
14410 0.06030530855059624
14420 0.0442376472055912
14430 0.11381421238183975
14440 0.058179039508104324
14450 0.06799688935279846
14460 0.10865191370248795
14470 0.06168486177921295
14480 0.06955019384622574
14490 0.08895052224397659
14500 0.06425433605909348
len of cubelist:  20
Step:14500, Valid_Dice:0.008860569075849048
14510 0.0482756607234478
14520 0.08250853419303894
14530 0.06193237751722336
14540 0.08456763625144958
14550 0.09448004513978958
14560 0.10718484222888947
14570 0.09020079672336578
14580 0.055285364389419556
14590 0.07196760922670364
14600 0.11070986092090607
14610 0.10486755520105362
14620 0.050379399210214615
14630 0.08311711996793747
14640 0.07456175237894058
14650 0.09553883969783783
14660 0.05615224689245224
14670 0.08357801288366318
14680 0.054046422243118286
14690 0.07215927541255951
14700 0.06730255484580994
14710 0.09343002736568451
14720 0.10258930921554565
14730 0.09051811695098877
14740 0.08046980202198029
14750 0.06398776173591614
14760 0.058926671743392944
14770 0.06314790993928909
14780 0.07843969762325287
14790 0.045841678977012634
14800 0.0554836168885231
14810 0.22714297473430634
14820 0.05588286742568016
14830 0.06196439266204834
14840 0.05019357055425644
14850 0.08217441290616989
14860 0.06459522992372513
14870 0.07451629638671875
14880 0.06797260046005249
14890 0.07565727829933167
14900 0.05760253965854645
14910 0.07276079803705215
14920 0.08249997347593307
14930 0.09352270513772964
14940 0.07332760095596313
14950 0.11545734852552414
14960 0.06583653390407562
14970 0.0793548971414566
14980 0.05422618240118027
14990 0.06105087324976921
15000 0.06480475515127182
len of cubelist:  20
Step:15000, Valid_Dice:0.00029255241436963633
15010 0.06296645849943161
15020 0.16748061776161194
15030 0.058949872851371765
15040 0.0616358146071434
15050 0.06941866129636765
15060 0.09774690121412277
15070 0.054947007447481155
15080 0.07049929350614548
15090 0.07559438794851303
15100 0.06267382949590683
15110 0.12611594796180725
15120 0.11452177911996841
15130 0.14639754593372345
15140 0.0551198348402977
15150 0.08277454972267151
15160 0.0761633887887001
15170 0.06539362668991089
15180 0.038997117429971695
15190 0.08053891360759735
15200 0.07634298503398895
15210 0.1014050841331482
15220 0.07757781445980072
15230 0.060096368193626404
15240 0.060569677501916885
15250 0.05714177340269089
15260 0.1190931648015976
15270 0.07178665697574615
15280 0.06541735678911209
15290 0.053606580942869186
15300 0.079255111515522
15310 0.07793408632278442
15320 0.0727791115641594
15330 0.0685235857963562
15340 0.04531153663992882
15350 0.051156576722860336
15360 0.05677960067987442
15370 0.07227922976016998
15380 0.0437973216176033
15390 0.07366594672203064
15400 0.0584542416036129
15410 0.05350174009799957
15420 0.03594887629151344
15430 0.05398602411150932
15440 0.07805831730365753
15450 0.07020603120326996
15460 0.07119303941726685
15470 0.056123167276382446
15480 0.06530662626028061
15490 0.0644315704703331
15500 0.06338341534137726
len of cubelist:  20
Step:15500, Valid_Dice:0.0016174025148632761
15510 0.06811176240444183
15520 0.1099194586277008
15530 0.07698850333690643
15540 0.054721418768167496
15550 0.05446232482790947
15560 0.06756897270679474
15570 0.09631679952144623
15580 0.06819653511047363
15590 0.055972594767808914
15600 0.059060998260974884
15610 0.0623827688395977
15620 0.09026207029819489
15630 0.07004353404045105
15640 0.058810826390981674
15650 0.05949009582400322
15660 0.05751471593976021
15670 0.0987844467163086
15680 0.12503288686275482
15690 0.060414012521505356
15700 0.07810568809509277
15710 0.043596189469099045
15720 0.07855261117219925
15730 0.07578881829977036
15740 0.0676252469420433
15750 0.0602855458855629
15760 0.06216378137469292
15770 0.08463757485151291
15780 0.05589849874377251
15790 0.06038764491677284
15800 0.056847911328077316
15810 0.060040540993213654
15820 0.0705791562795639
15830 0.09669805318117142
15840 0.0689898431301117
15850 0.059971924871206284
15860 0.0681101530790329
15870 0.08744526654481888
15880 0.06438255310058594
15890 0.059723712503910065
15900 0.07298814505338669
15910 0.09776564687490463
15920 0.10346386581659317
15930 0.07039115577936172
15940 0.07215611636638641
15950 0.050987329334020615
15960 0.07859183847904205
15970 0.08016152679920197
15980 0.04030118137598038
15990 0.07336294651031494
16000 0.07078064978122711
len of cubelist:  20
Step:16000, Valid_Dice:0.0
16010 0.06661063432693481
16020 0.08319441974163055
16030 0.06150088459253311
16040 0.10403714329004288
16050 0.06091003492474556
16060 0.048417359590530396
16070 0.10046423226594925
16080 0.050640638917684555
16090 0.06359291076660156
16100 0.05606481432914734
16110 0.06595058739185333
16120 0.06436239182949066
16130 0.048669200390577316
16140 0.06328277289867401
16150 0.09699294716119766
16160 0.06946805864572525
16170 0.08038255572319031
16180 0.08589183539152145
16190 0.08238206803798676
16200 0.062036506831645966
16210 0.05375448614358902
16220 0.06993917375802994
16230 0.0642450600862503
16240 0.11524494737386703
16250 0.04667963087558746
16260 0.05675698071718216
16270 0.05360764265060425
16280 0.06299417465925217
16290 0.10567057132720947
16300 0.07633538544178009
16310 0.0773632600903511
16320 0.04557615891098976
16330 0.07126818597316742
16340 0.05964835360646248
16350 0.04457790032029152
16360 0.0632271096110344
16370 0.05629174783825874
16380 0.08402501046657562
16390 0.0764055997133255
16400 0.08527176827192307
16410 0.08068419992923737
16420 0.05580688640475273
16430 0.08150434494018555
16440 0.05429038032889366
16450 0.08083344995975494
16460 0.07754699885845184
16470 0.06391648203134537
16480 0.0586763434112072
16490 0.09476421773433685
16500 0.11270388215780258
len of cubelist:  20
Step:16500, Valid_Dice:0.002626591989801935
16510 0.060088157653808594
16520 0.05617725849151611
16530 0.07140988856554031
16540 0.08037926256656647
16550 0.06717889755964279
16560 0.06546502560377121
16570 0.08197620511054993
16580 0.06851223111152649
16590 0.07116354256868362
16600 0.09001176059246063
16610 0.06171245127916336
16620 0.08556485176086426
16630 0.053837474435567856
16640 0.060943566262722015
16650 0.10684804618358612
16660 0.056378282606601715
16670 0.047849491238594055
16680 0.09275451302528381
16690 0.16688454151153564
16700 0.07054916024208069
16710 0.044367678463459015
16720 0.05139372497797012
16730 0.06634918600320816
16740 0.05764438584446907
16750 0.05103529617190361
16760 0.07447712123394012
16770 0.07133875787258148
16780 0.08168777823448181
16790 0.0693904384970665
16800 0.062488995492458344
16810 0.06202489137649536
16820 0.05806892737746239
16830 0.05929796025156975
16840 0.051398277282714844
16850 0.06236958131194115
16860 0.08358648419380188
16870 0.12140908092260361
16880 0.05232923477888107
16890 0.06646139174699783
16900 0.07913362979888916
16910 0.09492867439985275
16920 0.0570860430598259
16930 0.07185380160808563
16940 0.05700311437249184
16950 0.10885889828205109
16960 0.07657807320356369
16970 0.06172236427664757
16980 0.07883328944444656
16990 0.06403493881225586
17000 0.08631038665771484
len of cubelist:  20
Step:17000, Valid_Dice:0.0019673336016598647
17010 0.06361417472362518
17020 0.1055355817079544
17030 0.06625360250473022
17040 0.055480968207120895
17050 0.07198051363229752
17060 0.16717177629470825
17070 0.06324528902769089
17080 0.07741525024175644
17090 0.057978883385658264
17100 0.06884538382291794
17110 0.06460749357938766
17120 0.16551584005355835
17130 0.07668396830558777
17140 0.07150803506374359
17150 0.05466118082404137
17160 0.07537714391946793
17170 0.07819165289402008
17180 0.061075609177351
17190 0.0677836462855339
17200 0.05542512238025665
17210 0.06366637349128723
17220 0.06241806596517563
17230 0.05925334617495537
17240 0.06457123160362244
17250 0.04741188511252403
17260 0.053558241575956345
17270 0.05876362323760986
17280 0.07990165054798126
17290 0.039724528789520264
17300 0.059230223298072815
17310 0.08805382996797562
17320 0.07854528725147247
17330 0.05942321941256523
17340 0.06975705921649933
17350 0.0816510021686554
17360 0.0674554780125618
17370 0.0800415500998497
17380 0.0651944950222969
17390 0.07934555411338806
17400 0.05562564730644226
17410 0.06193678453564644
17420 0.07001784443855286
17430 0.05008159950375557
17440 0.06024814397096634
17450 0.09394843876361847
17460 0.09519123286008835
17470 0.10412567108869553
17480 0.0748225674033165
17490 0.0914134681224823
17500 0.07186675816774368
len of cubelist:  20
Step:17500, Valid_Dice:0.019282037358576653
17510 0.08417485654354095
17520 0.062367118895053864
17530 0.043693624436855316
17540 0.0451362244784832
17550 0.07101529091596603
17560 0.05477961525321007
17570 0.05103334039449692
17580 0.08199237287044525
17590 0.058266643434762955
17600 0.08059224486351013
17610 0.0626240223646164
17620 0.06572220474481583
17630 0.08302276581525803
17640 0.06501710414886475
17650 0.06691564619541168
17660 0.0630858764052391
17670 0.06845913082361221
17680 0.0676584541797638
17690 0.07232891768217087
17700 0.06208403781056404
17710 0.06377805024385452
17720 0.04965965449810028
17730 0.06173792853951454
17740 0.08289986848831177
17750 0.06696382164955139
17760 0.05973132327198982
17770 0.07217875868082047
17780 0.07812443375587463
17790 0.04756550490856171
17800 0.08279621601104736
17810 0.04207475110888481
17820 0.03599274158477783
17830 0.05872441455721855
17840 0.044770851731300354
17850 0.05702511593699455
17860 0.05829480662941933
17870 0.045050688087940216
17880 0.06458280235528946
17890 0.07570748031139374
17900 0.05559014901518822
17910 0.0857323706150055
17920 0.11279788613319397
17930 0.23461435735225677
17940 0.07487845420837402
17950 0.05715389549732208
17960 0.05773640051484108
17970 0.0701611191034317
17980 0.06735148280858994
17990 0.05889328569173813
18000 0.0644230991601944
len of cubelist:  20
Step:18000, Valid_Dice:0.0016762621552179758
18010 0.07614107429981232
18020 0.06412486732006073
18030 0.07694055885076523
18040 0.06795373558998108
18050 0.06472885608673096
18060 0.07576810568571091
18070 0.06411926448345184
18080 0.06239601969718933
18090 0.06575064361095428
18100 0.07007909566164017
18110 0.05753149464726448
18120 0.04289200156927109
18130 0.052530694752931595
18140 0.08466146141290665
18150 0.06025577336549759
18160 0.055504344403743744
18170 0.10433799028396606
18180 0.07648412138223648
18190 0.05510067567229271
18200 0.07147518545389175
18210 0.1098504364490509
18220 0.06860232353210449
18230 0.05576900765299797
18240 0.07327952980995178
18250 0.09229221194982529
18260 0.07011000066995621
18270 0.0501527339220047
18280 0.06270734965801239
18290 0.0733150839805603
18300 0.07233281433582306
18310 0.06688188761472702
18320 0.06500262767076492
18330 0.07288484275341034
18340 0.06191879138350487
18350 0.057029761373996735
18360 0.06767547875642776
18370 0.05408409237861633
18380 0.06211032718420029
18390 0.068581722676754
18400 0.05179985240101814
18410 0.058513812720775604
18420 0.04960490018129349
18430 0.0637226477265358
18440 0.10552580654621124
18450 0.05908329039812088
18460 0.06373744457960129
18470 0.06291896104812622
18480 0.09663326293230057
18490 0.07091668248176575
18500 0.06053668260574341
len of cubelist:  20
Step:18500, Valid_Dice:0.015032685984077468
18510 0.051109518855810165
18520 0.05267442762851715
18530 0.06504727900028229
18540 0.08704082667827606
18550 0.06236286461353302
18560 0.04550027474761009
18570 0.0635409951210022
18580 0.05653758719563484
18590 0.0649840235710144
18600 0.047816984355449677
18610 0.0774800255894661
18620 0.10648518055677414
18630 0.06288837641477585
18640 0.0609842948615551
18650 0.07660174369812012
18660 0.0687786266207695
18670 0.08597954362630844
18680 0.0649041160941124
18690 0.12653009593486786
18700 0.06183290854096413
18710 0.06424778699874878
18720 0.0971648097038269
18730 0.05774468928575516
18740 0.05749921873211861
18750 0.05752555653452873
18760 0.07434549927711487
18770 0.06036841869354248
18780 0.051189497113227844
18790 0.05299520120024681
18800 0.09429344534873962
18810 0.0778832733631134
18820 0.06424462795257568
18830 0.05105290934443474
18840 0.044293470680713654
18850 0.06543639302253723
18860 0.04798225313425064
18870 0.059319328516721725
18880 0.0687580332159996
18890 0.0692143514752388
18900 0.056900061666965485
18910 0.05310286208987236
18920 0.05475886911153793
18930 0.05235937610268593
18940 0.04705235734581947
18950 0.05401552841067314
18960 0.09536980092525482
18970 0.053009044378995895
18980 0.06462881714105606
18990 0.03646080195903778
19000 0.06283330172300339
len of cubelist:  20
Step:19000, Valid_Dice:0.059776812169366825
19010 0.09457172453403473
19020 0.06746577471494675
19030 0.06345158815383911
19040 0.06834318488836288
19050 0.054351434111595154
19060 0.05076896771788597
19070 0.047322340309619904
19080 0.05895838141441345
19090 0.06452900171279907
19100 0.06780163943767548
19110 0.05572792887687683
19120 0.059580493718385696
19130 0.06210443004965782
19140 0.1023540124297142
19150 0.05815141648054123
19160 0.07436615228652954
19170 0.05888112261891365
19180 0.16580010950565338
19190 0.08533686399459839
19200 0.06885115057229996
19210 0.047268569469451904
19220 0.0606721006333828
19230 0.09715104848146439
19240 0.04742150008678436
19250 0.07741303741931915
19260 0.04965369775891304
19270 0.059063464403152466
19280 0.05489594116806984
19290 0.06349127739667892
19300 0.052970778197050095
19310 0.11843971908092499
19320 0.06470269709825516
19330 0.06304004788398743
19340 0.07582350820302963
19350 0.04870833083987236
19360 0.05384766310453415
19370 0.08024537563323975
19380 0.16060899198055267
19390 0.04929709434509277
19400 0.04400911182165146
19410 0.059958044439554214
19420 0.10919326543807983
19430 0.048547908663749695
19440 0.06969247758388519
19450 0.06542514264583588
19460 0.055268794298172
19470 0.06270880252122879
19480 0.040606383234262466
19490 0.06569600850343704
19500 0.06417540460824966
len of cubelist:  20
Step:19500, Valid_Dice:0.0747982691890398
19510 0.07394393533468246
19520 0.06460321694612503
19530 0.04499664157629013
19540 0.15340092778205872
19550 0.05977411940693855
19560 0.06423845142126083
19570 0.08107014745473862
19580 0.09409500658512115
19590 0.0567711666226387
19600 0.06626023352146149
19610 0.057206250727176666
19620 0.05597098544239998
19630 0.0755699947476387
19640 0.050833381712436676
19650 0.08960715681314468
19660 0.04853212833404541
19670 0.06092230975627899
19680 0.07296734303236008
19690 0.05972836911678314
19700 0.09716279059648514
19710 0.0754658579826355
19720 0.08121222257614136
19730 0.07877324521541595
19740 0.05813778191804886
19750 0.09532302618026733
19760 0.07356996089220047
19770 0.0706227645277977
19780 0.031389541923999786
19790 0.05858951434493065
19800 0.06222205236554146
19810 0.055358897894620895
19820 0.060934752225875854
19830 0.07034671306610107
19840 0.04043582081794739
19850 0.041432321071624756
19860 0.05867810174822807
19870 0.07001326978206635
19880 0.08271212130784988
19890 0.07270227372646332
19900 0.06044429913163185
19910 0.09935406595468521
19920 0.06549768149852753
19930 0.060337986797094345
19940 0.07547502219676971
19950 0.09159230440855026
19960 0.05860235169529915
19970 0.05298805609345436
19980 0.07929923385381699
19990 0.048170048743486404
20000 0.06715764105319977
len of cubelist:  20
Step:20000, Valid_Dice:0.001385415592956736
20010 0.04208029806613922
20020 0.06983304023742676
20030 0.07355489581823349
20040 0.05167616531252861
20050 0.08062101155519485
20060 0.05971969664096832
20070 0.04922884702682495
20080 0.05621732771396637
20090 0.07345698773860931
20100 0.062277618795633316
20110 0.05802546441555023
20120 0.07178185880184174
20130 0.07025385648012161
20140 0.06001432612538338
20150 0.08983346074819565
20160 0.048745762556791306
20170 0.060590241104364395
20180 0.08431176841259003
20190 0.0349871963262558
20200 0.07777556031942368
20210 0.04673842713236809
20220 0.08715537190437317
20230 0.09415288269519806
20240 0.05590422824025154
20250 0.09255296736955643
20260 0.059697505086660385
20270 0.07046214491128922
20280 0.08297407627105713
20290 0.055361486971378326
20300 0.11704599857330322
20310 0.07355546951293945
20320 0.0612010732293129
20330 0.07643609493970871
20340 0.0735340341925621
20350 0.056022193282842636
20360 0.06580517441034317
20370 0.08434168994426727
20380 0.05967137590050697
20390 0.08059889823198318
20400 0.06856893002986908
20410 0.0838194265961647
20420 0.06382504850625992
20430 0.05722181499004364
20440 0.07472474128007889
20450 0.07229410856962204
20460 0.08138731867074966
20470 0.13834695518016815
20480 0.07070110738277435
20490 0.0627288669347763
20500 0.062130507081747055
len of cubelist:  20
Step:20500, Valid_Dice:0.00032110405115726994
20510 0.06185591593384743
20520 0.08297194540500641
20530 0.060452260076999664
20540 0.08795225620269775
20550 0.057951267808675766
20560 0.09740124642848969
20570 0.08547955006361008
20580 0.0671168714761734
20590 0.03663951903581619
20600 0.11618421971797943
20610 0.08282589167356491
20620 0.04719574749469757
20630 0.04759753867983818
20640 0.05584804713726044
20650 0.104194775223732
20660 0.06668217480182648
20670 0.07183972746133804
20680 0.07198956608772278
20690 0.040141455829143524
20700 0.05080734193325043
20710 0.0674147978425026
20720 0.11151961982250214
20730 0.06124071031808853
20740 0.090020090341568
20750 0.07840713858604431
20760 0.1019558310508728
20770 0.05129937827587128
20780 0.06478755176067352
20790 0.06267855316400528
20800 0.08409988880157471
20810 0.08440660685300827
20820 0.06141373887658119
20830 0.08401701599359512
20840 0.05795823410153389
20850 0.07947248220443726
20860 0.06094268709421158
20870 0.05578453466296196
20880 0.05355114862322807
20890 0.061902258545160294
20900 0.07512326538562775
20910 0.06276009976863861
20920 0.07443544268608093
20930 0.061083752661943436
20940 0.06728558242321014
20950 0.08529020100831985
20960 0.08690764009952545
20970 0.05250798910856247
20980 0.06610020995140076
20990 0.06667425483465195
21000 0.05567879602313042
len of cubelist:  20
Step:21000, Valid_Dice:0.0003894331936779528
21010 0.047039326280355453
21020 0.08468503504991531
21030 0.046061668545007706
21040 0.08343775570392609
21050 0.0694015622138977
21060 0.0716349259018898
21070 0.05611250177025795
21080 0.07551728934049606
21090 0.07140561193227768
21100 0.10062721371650696
21110 0.06517530232667923
21120 0.04987874627113342
21130 0.05642300844192505
21140 0.0672619491815567
21150 0.05885104835033417
21160 0.0800306424498558
21170 0.048651933670043945
21180 0.09254207462072372
21190 0.05061691254377365
21200 0.04484796151518822
21210 0.03540770709514618
21220 0.05722333490848541
21230 0.06987234205007553
21240 0.05633039399981499
21250 0.06259241700172424
21260 0.06929904967546463
21270 0.05583716928958893
21280 0.052071087062358856
21290 0.06198924407362938
21300 0.06175926327705383
21310 0.06771600246429443
21320 0.04331152141094208
21330 0.04784497246146202
21340 0.0864013209939003
21350 0.06280142813920975
21360 0.06918913871049881
21370 0.08530634641647339
21380 0.07355915009975433
21390 0.05783773213624954
21400 0.08396391570568085
21410 0.0555412583053112
21420 0.10228906571865082
21430 0.08147019892930984
21440 0.05180861055850983
21450 0.058219410479068756
21460 0.05797659978270531
21470 0.03991129621863365
21480 0.175653874874115
21490 0.09463236480951309
21500 0.05576835945248604
len of cubelist:  20
Step:21500, Valid_Dice:0.0
21510 0.04789744317531586
21520 0.08802156895399094
21530 0.06590048223733902
21540 0.06163283810019493
21550 0.06487765163183212
21560 0.08566568791866302
21570 0.05273296684026718
21580 0.05786607041954994
21590 0.05549963563680649
21600 0.0548313707113266
21610 0.06837198138237
21620 0.07698051631450653
21630 0.09245800226926804
21640 0.06396631896495819
21650 0.05925707891583443
21660 0.1305461972951889
21670 0.07356378436088562
21680 0.05503879860043526
21690 0.05385826528072357
21700 0.07949957251548767
21710 0.059775806963443756
21720 0.06095869094133377
21730 0.06543400883674622
21740 0.07380553334951401
21750 0.06832536309957504
21760 0.06567159295082092
21770 0.10484814643859863
21780 0.06540296971797943
21790 0.04828973859548569
21800 0.08317476511001587
21810 0.06337948888540268
21820 0.06823182106018066
21830 0.07454803586006165
21840 0.06782692670822144
21850 0.048757947981357574
21860 0.0696873813867569
21870 0.05515073984861374
21880 0.054487548768520355
21890 0.09234312176704407
21900 0.05944599583745003
21910 0.05979371443390846
21920 0.0784016028046608
21930 0.0429522842168808
21940 0.05076130852103233
21950 0.050062187016010284
21960 0.059365008026361465
21970 0.07588117569684982
21980 0.06320718675851822
21990 0.08323724567890167
22000 0.052812885493040085
len of cubelist:  20
Step:22000, Valid_Dice:2.0562028772747067e-05
22010 0.06688480079174042
22020 0.05453259125351906
22030 0.06588898599147797
22040 0.047796376049518585
22050 0.06193450838327408
22060 0.061548829078674316
22070 0.06626590341329575
22080 0.05674803629517555
22090 0.05929813161492348
22100 0.06950295716524124
22110 0.061538245528936386
22120 0.06799943745136261
22130 0.07037699222564697
22140 0.04339764267206192
22150 0.06058455631136894
22160 0.08260931074619293
22170 0.0889553502202034
22180 0.041702575981616974
22190 0.05605936422944069
22200 0.050933998078107834
22210 0.0594286248087883
22220 0.062088146805763245
22230 0.04869784414768219
22240 0.048797279596328735
22250 0.07206998020410538
22260 0.05787535384297371
22270 0.08666850626468658
22280 0.09186099469661713
22290 0.051418837159872055
22300 0.05756883695721626
22310 0.06098845228552818
22320 0.07757961750030518
22330 0.06613832712173462
22340 0.07630515843629837
22350 0.07024506479501724
22360 0.06027282774448395
22370 0.08192730695009232
22380 0.06658004224300385
22390 0.05689424276351929
22400 0.056207966059446335
22410 0.0707903653383255
22420 0.10375693440437317
22430 0.045891039073467255
22440 0.06404042989015579
22450 0.044702112674713135
22460 0.06541994959115982
22470 0.07680930197238922
22480 0.05472336336970329
22490 0.07034026086330414
22500 0.04569770395755768
len of cubelist:  20
Step:22500, Valid_Dice:0.0001232454637978463
22510 0.061125122010707855
22520 0.06992535293102264
22530 0.07646644115447998
22540 0.059291254729032516
22550 0.05884677916765213
22560 0.043451182544231415
22570 0.06664072722196579
22580 0.0672997310757637
22590 0.07473573088645935
22600 0.1465653032064438
22610 0.049734942615032196
22620 0.05489238351583481
22630 0.06136345863342285
22640 0.05410855636000633
22650 0.03828081488609314
22660 0.042742542922496796
22670 0.1071690171957016
22680 0.06643453240394592
22690 0.041901569813489914
22700 0.042564455419778824
22710 0.09302522242069244
22720 0.06468424946069717
22730 0.06417234241962433
22740 0.07363254576921463
22750 0.05675831809639931
22760 0.06607813388109207
22770 0.0565742664039135
22780 0.0462467260658741
22790 0.07323697209358215
22800 0.03996669128537178
22810 0.05695391818881035
22820 0.06320411711931229
22830 0.045532744377851486
22840 0.056282367557287216
22850 0.0366373136639595
22860 0.07774858176708221
22870 0.09830258786678314
22880 0.05933399125933647
22890 0.07634460180997849
22900 0.09198778122663498
22910 0.0704469233751297
22920 0.05451731011271477
22930 0.054754529148340225
22940 0.06343208998441696
22950 0.044115301221609116
22960 0.06599334627389908
22970 0.07670149207115173
22980 0.05468839034438133
22990 0.07433486729860306
23000 0.09534796327352524
len of cubelist:  20
Step:23000, Valid_Dice:0.0001241911235216739
23010 0.053717516362667084
23020 0.05532410740852356
23030 0.04106030985713005
23040 0.050339072942733765
23050 0.08189882338047028
23060 0.06625141948461533
23070 0.050951723009347916
23080 0.06666330993175507
23090 0.10604638606309891
23100 0.06819416582584381
23110 0.06937574595212936
23120 0.059774842113256454
23130 0.06868766993284225
23140 0.08131882548332214
23150 0.05514976754784584
23160 0.06752216815948486
23170 0.07016711682081223
23180 0.06833790242671967
23190 0.08592606335878372
23200 0.0556938610970974
23210 0.1680155098438263
23220 0.06902087479829788
23230 0.06589450687170029
23240 0.042981505393981934
23250 0.07284856587648392
23260 0.06823775917291641
23270 0.0638560876250267
23280 0.07678001374006271
23290 0.06468082219362259
23300 0.09775606542825699
23310 0.09393639117479324
23320 0.07914210110902786
23330 0.11913220584392548
23340 0.05726487562060356
23350 0.049968890845775604
23360 0.060183942317962646
23370 0.045951783657073975
23380 0.06305650621652603
23390 0.07383667677640915
23400 0.06786812096834183
23410 0.057895228266716
23420 0.06131352484226227
23430 0.056616827845573425
23440 0.06816135346889496
23450 0.05206741765141487
23460 0.04006238281726837
23470 0.07316267490386963
23480 0.07214684039354324
23490 0.04576731100678444
23500 0.05671347677707672
len of cubelist:  20
Step:23500, Valid_Dice:0.016979734367976236
23510 0.05043609067797661
23520 0.0788666233420372
23530 0.0983823612332344
23540 0.0626293420791626
23550 0.09598349779844284
23560 0.04847530648112297
23570 0.06198599189519882
23580 0.06477560102939606
23590 0.04597175121307373
23600 0.049859777092933655
23610 0.049961600452661514
23620 0.09133125096559525
23630 0.08321429789066315
23640 0.047250065952539444
23650 0.06733430922031403
23660 0.14205801486968994
23670 0.045495714992284775
23680 0.06144065409898758
23690 0.052846044301986694
23700 0.07816991955041885
23710 0.0656757727265358
23720 0.04400775581598282
23730 0.0699777826666832
23740 0.07008520513772964
23750 0.11700692027807236
23760 0.07913020998239517
23770 0.058573950082063675
23780 0.06903685629367828
23790 0.084815114736557
23800 0.06453783810138702
23810 0.07537922263145447
23820 0.05003806948661804
23830 0.04887603968381882
23840 0.07504366338253021
23850 0.0697171539068222
23860 0.04809116944670677
23870 0.06885921955108643
23880 0.0858960896730423
23890 0.1208815649151802
23900 0.0614936389029026
23910 0.10326772183179855
23920 0.062276214361190796
23930 0.04994986206293106
23940 0.07570486515760422
23950 0.053431443870067596
23960 0.08447141200304031
23970 0.06760704517364502
23980 0.07466048747301102
23990 0.06841932982206345
24000 0.0969901829957962
len of cubelist:  20
Step:24000, Valid_Dice:0.0011856023373884848
24010 0.05621657893061638
24020 0.06033781170845032
24030 0.08344543725252151
24040 0.05994377285242081
24050 0.04932546615600586
24060 0.06020451709628105
24070 0.0687340572476387
24080 0.07889130711555481
24090 0.07852271944284439
24100 0.0699693113565445
24110 0.058967236429452896
24120 0.057849474251270294
24130 0.07652460783720016
24140 0.1284523904323578
24150 0.05205288529396057
24160 0.03919179365038872
24170 0.04718504101037979
24180 0.07445183396339417
24190 0.05048906430602074
24200 0.08333490788936615
24210 0.059715814888477325
24220 0.057676445692777634
24230 0.05220551788806915
24240 0.07101166993379593
24250 0.06375262886285782
24260 0.04383257403969765
24270 0.05907316878437996
24280 0.07005143165588379
24290 0.06058172509074211
24300 0.06385268270969391
24310 0.06214141845703125
24320 0.0619516596198082
24330 0.04801467806100845
24340 0.05144607648253441
24350 0.08557289093732834
24360 0.04517831280827522
24370 0.051256757229566574
24380 0.048789672553539276
24390 0.05421990901231766
24400 0.08113032579421997
24410 0.06325893849134445
24420 0.12324152886867523
24430 0.051446057856082916
24440 0.05508787930011749
24450 0.07310429215431213
24460 0.05035791173577309
24470 0.05123601108789444
24480 0.07743994146585464
24490 0.055233921855688095
24500 0.08605445921421051
len of cubelist:  20
Step:24500, Valid_Dice:0.005233608043606045
24510 0.06491080671548843
24520 0.07905736565589905
24530 0.059661462903022766
24540 0.08927934616804123
24550 0.05571087822318077
24560 0.05554255470633507
24570 0.0577089786529541
24580 0.04707276448607445
24590 0.05603400245308876
24600 0.061910632997751236
24610 0.06294529885053635
24620 0.06813611835241318
24630 0.06290460377931595
24640 0.09767162054777145
24650 0.04788414388895035
24660 0.03938886150717735
24670 0.03670108690857887
24680 0.0827760398387909
24690 0.08111539483070374
24700 0.0596456415951252
24710 0.08514576405286789
24720 0.054403550922870636
24730 0.0749552845954895
24740 0.06185079365968704
24750 0.07045581191778183
24760 0.05396202206611633
24770 0.061155322939157486
24780 0.05439075827598572
24790 0.04497736692428589
24800 0.05288638919591904
24810 0.06808221340179443
24820 0.0579749196767807
24830 0.06933203339576721
24840 0.054275233298540115
24850 0.04485223814845085
24860 0.0662740096449852
24870 0.05481785908341408
24880 0.06778884679079056
24890 0.052967216819524765
24900 0.14815554022789001
24910 0.05441664531826973
24920 0.07157619297504425
24930 0.052245739847421646
24940 0.06576124578714371
24950 0.09390569478273392
24960 0.05404091253876686
24970 0.0623994916677475
24980 0.05098668113350868
24990 0.06671559810638428
25000 0.05674241855740547
len of cubelist:  20
Step:25000, Valid_Dice:1.3450803676474005e-05
25010 0.06596823781728745
25020 0.043011005967855453
25030 0.08728757500648499
25040 0.05793119966983795
25050 0.052393797785043716
25060 0.08007940649986267
25070 0.06498195230960846
25080 0.06772291660308838
25090 0.0970722958445549
25100 0.05619454383850098
25110 0.04934081435203552
25120 0.05245829001069069
25130 0.06207308918237686
25140 0.04805849492549896
25150 0.05899593606591225
25160 0.07738416641950607
25170 0.07131461799144745
25180 0.053545232862234116
25190 0.06718111038208008
25200 0.05972310155630112
25210 0.0467318519949913
25220 0.0597858652472496
25230 0.05328498035669327
25240 0.10076835751533508
25250 0.05717997997999191
25260 0.053361352533102036
25270 0.06709600985050201
25280 0.07020411640405655
25290 0.05880051106214523
25300 0.04397222772240639
25310 0.053954917937517166
25320 0.07520994544029236
25330 0.03788366541266441
25340 0.05338193476200104
25350 0.055231597274541855
25360 0.060983650386333466
25370 0.057493049651384354
25380 0.05565352737903595
25390 0.06908808648586273
25400 0.05476214736700058
25410 0.05203482136130333
25420 0.07541503012180328
25430 0.04723551124334335
25440 0.05376477167010307
25450 0.0626353845000267
25460 0.05716114491224289
25470 0.06533592194318771
25480 0.07570091634988785
25490 0.04596906155347824
25500 0.05819552019238472
len of cubelist:  20
Step:25500, Valid_Dice:0.0
25510 0.11360152810811996
25520 0.0850197896361351
25530 0.05733794718980789
25540 0.05045511573553085
25550 0.06482738256454468
25560 0.06622447818517685
25570 0.06250876188278198
25580 0.05464620515704155
25590 0.10388188809156418
25600 0.04886019974946976
25610 0.03893229365348816
25620 0.06170745939016342
25630 0.06101188808679581
25640 0.07892104983329773
25650 0.0557343028485775
25660 0.041120290756225586
25670 0.042297836393117905
25680 0.06812743842601776
25690 0.04826509580016136
25700 0.06494530290365219
25710 0.08482779562473297
25720 0.06365439295768738
25730 0.03799343854188919
25740 0.04559507966041565
25750 0.0794554203748703
25760 0.0670660212635994
25770 0.05644456297159195
25780 0.05357746034860611
25790 0.06547103077173233
25800 0.04521781951189041
25810 0.04741060361266136
25820 0.04895348846912384
25830 0.08384201675653458
25840 0.09116797149181366
25850 0.0479385107755661
25860 0.06334124505519867
25870 0.04202406108379364
25880 0.06218772009015083
25890 0.06881386041641235
25900 0.050902292132377625
25910 0.06514952331781387
25920 0.06433998048305511
25930 0.05141812562942505
25940 0.0777919813990593
25950 0.07136024534702301
25960 0.07184862345457077
25970 0.07584735751152039
25980 0.08664393424987793
25990 0.06472007930278778
26000 0.046143755316734314
len of cubelist:  20
Step:26000, Valid_Dice:0.015359401400861079
26010 0.047173306345939636
26020 0.07709527015686035
26030 0.06086329370737076
26040 0.05343363806605339
26050 0.05713364854454994
26060 0.044565554708242416
26070 0.05527845397591591
26080 0.08330032229423523
26090 0.04470603168010712
26100 0.07140325754880905
26110 0.06150239706039429
26120 0.09864244610071182
26130 0.07394175976514816
26140 0.06020857021212578
26150 0.09955814480781555
26160 0.05999187007546425
26170 0.06353507190942764
26180 0.06863529235124588
26190 0.051170188933610916
26200 0.07928377389907837
26210 0.08753427118062973
26220 0.06088406220078468
26230 0.0738571509718895
26240 0.05730089545249939
26250 0.06668105721473694
26260 0.05518260598182678
26270 0.06692098081111908
26280 0.061797961592674255
26290 0.058289527893066406
26300 0.06775446981191635
26310 0.06114700809121132
26320 0.06761474907398224
26330 0.06663017719984055
26340 0.11295666545629501
26350 0.07043476402759552
26360 0.059620533138513565
26370 0.06104305386543274
26380 0.07532315701246262
26390 0.053856950253248215
26400 0.06784071028232574
26410 0.07199068367481232
26420 0.05575025454163551
26430 0.07271625846624374
26440 0.06190939247608185
26450 0.04570069909095764
26460 0.08485333621501923
26470 0.053926415741443634
26480 0.06011972576379776
26490 0.07301785051822662
26500 0.05458841472864151
len of cubelist:  20
Step:26500, Valid_Dice:0.0010026651996892576
26510 0.07320250570774078
26520 0.06217160075902939
26530 0.07262331247329712
26540 0.07901886850595474
26550 0.04692942276597023
26560 0.03895410895347595
26570 0.05835523083806038
26580 0.05094102770090103
26590 0.0517733171582222
26600 0.09263478219509125
26610 0.059692639857530594
26620 0.04558396339416504
26630 0.07630253583192825
26640 0.07803612947463989
26650 0.06918667256832123
26660 0.08416503667831421
26670 0.07145237177610397
26680 0.06437765806913376
26690 0.06803998351097107
26700 0.06475090235471725
26710 0.07653453201055527
26720 0.04698595777153969
26730 0.05021326243877411
26740 0.07443917542695999
26750 0.04952609911561012
26760 0.03999942168593407
26770 0.061512816697359085
26780 0.05807552486658096
26790 0.06050071492791176
26800 0.0774766132235527
26810 0.058989543467760086
26820 0.0692819207906723
26830 0.06041502580046654
26840 0.058567967265844345
26850 0.041301947087049484
26860 0.06906618922948837
26870 0.07068270444869995
26880 0.056738000363111496
26890 0.06730355322360992
26900 0.05922432988882065
26910 0.07587040960788727
26920 0.07583782076835632
26930 0.07399417459964752
26940 0.060050856322050095
26950 0.05548225715756416
26960 0.05177517235279083
26970 0.07345052808523178
26980 0.05854155868291855
26990 0.07455645501613617
27000 0.12116776406764984
len of cubelist:  20
Step:27000, Valid_Dice:0.0
27010 0.07803758233785629
27020 0.050464749336242676
27030 0.051351264119148254
27040 0.07567800581455231
27050 0.10216866433620453
27060 0.07921363413333893
27070 0.06948357820510864
27080 0.08765721321105957
27090 0.06003287434577942
27100 0.050757162272930145
27110 0.07189159095287323
27120 0.06244499608874321
27130 0.04704150930047035
27140 0.05662158876657486
27150 0.03803550824522972
27160 0.05316656455397606
27170 0.046921949833631516
27180 0.07921425998210907
27190 0.05241788178682327
27200 0.06538120657205582
27210 0.06603191792964935
27220 0.053722888231277466
27230 0.05437026917934418
27240 0.08020099997520447
27250 0.06833353638648987
27260 0.06603741645812988
27270 0.07017979770898819
27280 0.10830804705619812
27290 0.06286123394966125
27300 0.04844203591346741
27310 0.07329148799180984
27320 0.07652317732572556
27330 0.06083422154188156
27340 0.064045250415802
27350 0.06779436022043228
27360 0.061469946056604385
27370 0.05148058384656906
27380 0.06676539033651352
27390 0.07214657962322235
27400 0.08282175660133362
27410 0.06307801604270935
27420 0.07118427753448486
27430 0.06786246597766876
27440 0.06768638640642166
27450 0.0424334853887558
27460 0.06450645625591278
27470 0.06871805340051651
27480 0.06529935449361801
27490 0.06113500893115997
27500 0.06009960174560547
len of cubelist:  20
Step:27500, Valid_Dice:0.00023696527647893356
27510 0.08092237263917923
27520 0.044811494648456573
27530 0.1380590945482254
27540 0.1030137687921524
27550 0.07388556003570557
27560 0.054345037788152695
27570 0.05201093107461929
27580 0.10222559422254562
27590 0.06125593185424805
27600 0.0690208151936531
27610 0.04276283457875252
27620 0.044575948268175125
27630 0.07486367970705032
27640 0.12577413022518158
27650 0.05348993092775345
27660 0.1024729385972023
27670 0.04841703921556473
27680 0.12874647974967957
27690 0.06999726593494415
27700 0.05476415902376175
27710 0.05418666824698448
27720 0.1093786358833313
27730 0.05801195651292801
27740 0.04874655231833458
27750 0.07247666269540787
27760 0.06137695163488388
27770 0.07725615054368973
27780 0.04652620106935501
27790 0.04032652825117111
27800 0.07030097395181656
27810 0.05088789016008377
27820 0.04718999192118645
27830 0.04177553206682205
27840 0.06682337820529938
27850 0.08281359821557999
27860 0.05972817912697792
27870 0.04969367757439613
27880 0.06239033117890358
27890 0.04157326743006706
27900 0.08225248754024506
27910 0.06728868931531906
27920 0.05237885192036629
27930 0.04277325049042702
27940 0.04848845303058624
27950 0.07928713411092758
27960 0.06479837745428085
27970 0.07324133068323135
27980 0.04751244932413101
27990 0.0610668808221817
28000 0.05475978925824165
len of cubelist:  20
Step:28000, Valid_Dice:0.09030944549906443
28010 0.0594993531703949
28020 0.0689743161201477
28030 0.07403140515089035
28040 0.05631781741976738
28050 0.049818314611911774
28060 0.07416393607854843
28070 0.07504628598690033
28080 0.049005139619112015
28090 0.06365195661783218
28100 0.05084238573908806
28110 0.05682730674743652
28120 0.0779796838760376
28130 0.03129654750227928
28140 0.042415596544742584
28150 0.1078653335571289
28160 0.07201824337244034
28170 0.07309585809707642
28180 0.07634469866752625
28190 0.05612824857234955
28200 0.07599339634180069
28210 0.060670580714941025
28220 0.07146130502223969
28230 0.045249298214912415
28240 0.058514196425676346
28250 0.06003798916935921
28260 0.05756475776433945
28270 0.058286335319280624
28280 0.05955247953534126
28290 0.053188953548669815
28300 0.07301009446382523
28310 0.07803952693939209
28320 0.07279843837022781
28330 0.04069123417139053
28340 0.12136268615722656
28350 0.07250407338142395
28360 0.06320509314537048
28370 0.25178417563438416
28380 0.06783377379179001
28390 0.07388778775930405
28400 0.0632229894399643
28410 0.051895417273044586
28420 0.061010558158159256
28430 0.051081281155347824
28440 0.08321299403905869
28450 0.04228855296969414
28460 0.08602739870548248
28470 0.07547616213560104
28480 0.05554390698671341
28490 0.053151685744524
28500 0.045656464993953705
len of cubelist:  20
Step:28500, Valid_Dice:0.0053394983932633375
28510 0.0676041767001152
28520 0.07710137218236923
28530 0.042947154492139816
28540 0.06614666432142258
28550 0.05108936131000519
28560 0.06828941404819489
28570 0.06399665772914886
28580 0.059088826179504395
28590 0.041510216891765594
28600 0.0707588642835617
28610 0.16239722073078156
28620 0.09471219778060913
28630 0.07398387789726257
28640 0.053991418331861496
28650 0.05680598318576813
28660 0.06007105112075806
28670 0.06240192428231239
28680 0.061287712305784225
28690 0.07106781005859375
28700 0.06035347282886505
28710 0.053066834807395935
28720 0.0650203600525856
28730 0.06188536435365677
28740 0.053359612822532654
28750 0.0757044106721878
28760 0.038243383169174194
28770 0.044202253222465515
28780 0.11663984507322311
28790 0.04725400358438492
28800 0.08224030584096909
28810 0.06504368036985397
28820 0.06621040403842926
28830 0.07516639679670334
28840 0.0850147232413292
28850 0.06318065524101257
28860 0.0674002468585968
28870 0.057822179049253464
28880 0.05760524794459343
28890 0.04514079540967941
28900 0.05412698909640312
28910 0.07740461081266403
28920 0.0574788823723793
28930 0.03288649767637253
28940 0.06353028863668442
28950 0.037142492830753326
28960 0.07549533993005753
28970 0.07457675039768219
28980 0.07895658165216446
28990 0.04005109518766403
29000 0.11415839940309525
len of cubelist:  20
Step:29000, Valid_Dice:0.004425447589876547
29010 0.04409661889076233
29020 0.08048786967992783
29030 0.06735699623823166
29040 0.10730168223381042
29050 0.07459331303834915
29060 0.07089947909116745
29070 0.04714649170637131
29080 0.0631256252527237
29090 0.06654540449380875
29100 0.0688759908080101
29110 0.06820926815271378
29120 0.057949699461460114
29130 0.05986970663070679
29140 0.054790984839200974
29150 0.08856681734323502
29160 0.07893349975347519
29170 0.08009250462055206
29180 0.06035171449184418
29190 0.06529230624437332
29200 0.07069508731365204
29210 0.06820157170295715
29220 0.051579076796770096
29230 0.09949462860822678
29240 0.05207590386271477
29250 0.043287742882966995
29260 0.06836337596178055
29270 0.05657510831952095
29280 0.058897584676742554
29290 0.05517902970314026
29300 0.061642639338970184
29310 0.0973702147603035
29320 0.0896531343460083
29330 0.07528772950172424
29340 0.056501295417547226
29350 0.09334947168827057
29360 0.07126806676387787
29370 0.05887845531105995
29380 0.06982502341270447
29390 0.06587978452444077
29400 0.06582576036453247
29410 0.05344289541244507
29420 0.05719411000609398
29430 0.06071823835372925
29440 0.06723733246326447
29450 0.11120842397212982
29460 0.08818382769823074
29470 0.051883306354284286
29480 0.049025505781173706
29490 0.07406047731637955
29500 0.06513839960098267
len of cubelist:  20
Step:29500, Valid_Dice:0.0
29510 0.05981669947504997
29520 0.08682876825332642
29530 0.08107352256774902
29540 0.10007123649120331
29550 0.04807804524898529
29560 0.06629043072462082
29570 0.05580909550189972
29580 0.0752817913889885
29590 0.08399122208356857
29600 0.05968432500958443
29610 0.03882516920566559
29620 0.05083611235022545
29630 0.05792340263724327
29640 0.06738390028476715
29650 0.06426750123500824
29660 0.06384258717298508
29670 0.04499867185950279
29680 0.07215474545955658
29690 0.054184045642614365
29700 0.06536338478326797
29710 0.061985887587070465
29720 0.06628817319869995
29730 0.0517454594373703
29740 0.0683039203286171
29750 0.06157418340444565
29760 0.06635413318872452
29770 0.0654817596077919
29780 0.09279181808233261
29790 0.059561822563409805
29800 0.0472552664577961
29810 0.09972652792930603
29820 0.07112296670675278
29830 0.055060118436813354
29840 0.06593520194292068
29850 0.050296809524297714
29860 0.06914012134075165
29870 0.05349723994731903
29880 0.06564853340387344
29890 0.08352158218622208
29900 0.08737390488386154
29910 0.0487484484910965
29920 0.0643974170088768
29930 0.06685274839401245
29940 0.0477006696164608
29950 0.07059396058320999
29960 0.07445771247148514
29970 0.08732575923204422
29980 0.07066851109266281
29990 0.06348545849323273
30000 0.05018620565533638
len of cubelist:  20
Step:30000, Valid_Dice:0.0002930699416521849
30010 0.07722394168376923
30020 0.056844212114810944
30030 0.06500206142663956
30040 0.0636390969157219
30050 0.05182608589529991
30060 0.04130510985851288
30070 0.0486663281917572
30080 0.057588763535022736
30090 0.04058883711695671
30100 0.0720691829919815
30110 0.0987156480550766
30120 0.05793390050530434
30130 0.05516834557056427
30140 0.03582625836133957
30150 0.05048749968409538
30160 0.06472580879926682
30170 0.05186046287417412
30180 0.058001648634672165
30190 0.05744866281747818
30200 0.04706457629799843
30210 0.08055457472801208
30220 0.0765545442700386
30230 0.11023104190826416
30240 0.07519803196191788
30250 0.05968658998608589
30260 0.06390615552663803
30270 0.0613291934132576
30280 0.044655829668045044
30290 0.07384049147367477
30300 0.04939797520637512
30310 0.06822435557842255
30320 0.05258134752511978
30330 0.0820176750421524
30340 0.05598006770014763
30350 0.056263599544763565
30360 0.09231796860694885
30370 0.05872863903641701
30380 0.06373657286167145
30390 0.050400953739881516
30400 0.058505479246377945
30410 0.058361828327178955
30420 0.05514979362487793
30430 0.05795269086956978
30440 0.05575814098119736
30450 0.04617353528738022
30460 0.10598064213991165
30470 0.05917712301015854
30480 0.04273040592670441
30490 0.053826574236154556
30500 0.059102244675159454
len of cubelist:  20
Step:30500, Valid_Dice:9.633621108261696e-05
30510 0.07193376123905182
30520 0.055997200310230255
30530 0.07378608733415604
30540 0.062025267630815506
30550 0.0770319476723671
30560 0.053162578493356705
30570 0.06666199117898941
30580 0.07581967115402222
30590 0.05543260648846626
30600 0.08892776817083359
30610 0.061282481998205185
30620 0.04863209277391434
30630 0.10569606721401215
30640 0.054081548005342484
30650 0.06870856136083603
30660 0.053953807801008224
30670 0.06939622759819031
30680 0.05545385926961899
30690 0.06781747192144394
30700 0.08460242301225662
30710 0.05073946341872215
30720 0.05967296287417412
30730 0.05477844178676605
30740 0.04959426820278168
30750 0.04601287096738815
30760 0.07118838280439377
30770 0.06907306611537933
30780 0.06481821089982986
30790 0.06488315761089325
30800 0.058353956788778305
30810 0.054980188608169556
30820 0.044581055641174316
30830 0.10340126603841782
30840 0.05038619413971901
30850 0.07101553678512573
30860 0.06796446442604065
30870 0.0491754449903965
30880 0.09153802692890167
30890 0.056500401347875595
30900 0.04854811355471611
30910 0.08214470744132996
30920 0.054913781583309174
30930 0.056370433419942856
30940 0.0696123018860817
30950 0.06030477210879326
30960 0.04770621657371521
30970 0.05457630753517151
30980 0.05620301514863968
30990 0.06589385122060776
31000 0.06763729453086853
len of cubelist:  20
Step:31000, Valid_Dice:0.0
31010 0.05984703451395035
31020 0.09244729578495026
31030 0.0561654306948185
31040 0.05075351893901825
31050 0.06577508896589279
31060 0.06953074038028717
31070 0.06454958766698837
31080 0.07366867363452911
31090 0.04664222523570061
31100 0.06163598597049713
31110 0.05880822241306305
31120 0.05379023402929306
31130 0.07793362438678741
31140 0.08581434190273285
31150 0.06451641023159027
31160 0.05216478928923607
31170 0.12371814996004105
31180 0.05235366150736809
31190 0.06279227882623672
31200 0.06483522057533264
31210 0.04861854389309883
31220 0.05304597318172455
31230 0.07322589308023453
31240 0.04624941572546959
31250 0.06740082055330276
31260 0.06295064836740494
31270 0.06412974745035172
31280 0.07491370290517807
31290 0.05547419562935829
31300 0.05481341481208801
31310 0.04728879779577255
31320 0.058546751737594604
31330 0.05598083510994911
31340 0.07932505011558533
31350 0.06588789820671082
31360 0.05927478149533272
31370 0.06927309930324554
31380 0.09219305217266083
31390 0.044428251683712006
31400 0.06427207589149475
31410 0.07060161978006363
31420 0.05044858157634735
31430 0.04566618800163269
31440 0.053751152008771896
31450 0.07224984467029572
31460 0.048214204609394073
31470 0.06304644048213959
31480 0.051397278904914856
31490 0.05382439121603966
31500 0.06347286701202393
len of cubelist:  20
Step:31500, Valid_Dice:0.0
31510 0.0745122954249382
31520 0.09282297641038895
31530 0.06409681588411331
31540 0.09232933074235916
31550 0.06827478110790253
31560 0.042426105588674545
31570 0.070530965924263
31580 0.06647281348705292
31590 0.079408198595047
31600 0.061051469296216965
31610 0.0642198845744133
31620 0.0515999011695385
31630 0.09017156064510345
31640 0.03539084643125534
31650 0.07816231995820999
31660 0.06037108227610588
31670 0.07029766589403152
31680 0.05399344488978386
31690 0.05422358214855194
31700 0.04998329281806946
31710 0.08041413873434067
31720 0.07449111342430115
31730 0.06321053951978683
31740 0.0806715339422226
31750 0.06972585618495941
31760 0.05680517107248306
31770 0.062037255614995956
31780 0.06609378755092621
31790 0.15526379644870758
31800 0.06129564717411995
31810 0.060956407338380814
31820 0.055459409952163696
31830 0.05442158877849579
31840 0.060173388570547104
31850 0.07080204039812088
31860 0.04629817605018616
31870 0.06372619420289993
31880 0.03955337405204773
31890 0.05125363916158676
31900 0.07121889293193817
31910 0.0680835023522377
31920 0.06307322531938553
31930 0.04175197705626488
31940 0.06699011474847794
31950 0.06788430362939835
31960 0.054160792380571365
31970 0.048324570059776306
31980 0.039165228605270386
31990 0.06945127993822098
32000 0.06641240417957306
len of cubelist:  20
Step:32000, Valid_Dice:0.0
