----------------- Options ---------------
               batch_size: 2                             
               block_size: [160, 100, 100]               
                 channels: 64                            
                data_size: [640, 400, 400]               
                 dataroot: /scratch/yh3529/IPN_OCTA_Segmentation/Data/IEEE_IPN
              feature_dir: ./logs/Features_V2            
                  gpu_ids: 0,1                           
              in_channels: 2                             
                     load: False                         
                       lr: 0.0001                        
            max_iteration: 30001                         
       max_iteration_post: 201                           
                   method: IPN_V2                        
        modality_filename: ['image1', 'image2', 'label'] 
                     mode: train                         
                n_classes: 2                             
                optimizer: Adam                          
         plane_perceptron: UNet_3Plus                    
plane_perceptron_channels: 64                            
            save_interval: 500                           
       save_interval_post: 50                            
                 saveroot: /scratch/yh3529/IPN_OCTA_Segmentation/IPNV2_pytorch/logs
                 test_ids: [200, 300]                    
                train_ids: [0, 180]                      
                  val_ids: [180, 200]                    
----------------- End -------------------

Start Setup dataset reader
Setting up dataset reader
found pickle !!!
0 0.6979973912239075
len of cubelist:  20
Step:0, Valid_Dice:0.16434956418618155
10 0.6418129205703735
20 0.5076481699943542
30 0.3418227434158325
40 0.31471607089042664
50 0.32412973046302795
60 0.3402651250362396
70 0.27333226799964905
80 0.3926194906234741
90 0.38980454206466675
100 0.3187435269355774
110 0.1891385316848755
120 0.27255526185035706
130 0.21945229172706604
140 0.33135056495666504
150 0.3712715804576874
160 0.2650519609451294
170 0.3588854968547821
180 0.21680541336536407
190 0.3227018415927887
200 0.307820200920105
210 0.20736709237098694
220 0.35703542828559875
230 0.3298885226249695
240 0.29013046622276306
250 0.31485506892204285
260 0.29998070001602173
270 0.19572333991527557
280 0.30816230177879333
290 0.2999803125858307
300 0.24043720960617065
310 0.2632419466972351
320 0.3007121682167053
330 0.21817883849143982
340 0.2541307508945465
350 0.2646857500076294
360 0.17458847165107727
370 0.20712082087993622
380 0.15296156704425812
390 0.15267610549926758
400 0.10293468087911606
410 0.14912192523479462
420 0.15768207609653473
430 0.11827192455530167
440 0.11541590839624405
450 0.1268058866262436
460 0.09066933393478394
470 0.10716679692268372
480 0.09514755755662918
490 0.06643621623516083
500 0.12405581027269363
len of cubelist:  20
Step:500, Valid_Dice:0.7331308512133268
510 0.10594041645526886
520 0.08990773558616638
530 0.08976692706346512
540 0.08407992124557495
550 0.06144716963171959
560 0.08541537821292877
570 0.12406735867261887
580 0.07177486270666122
590 0.11908586323261261
600 0.10352598875761032
610 0.0908268615603447
620 0.09078222513198853
630 0.1007499247789383
640 0.09044861048460007
650 0.09562837332487106
660 0.12707872688770294
670 0.08708155900239944
680 0.0800929069519043
690 0.07813221961259842
700 0.0845782682299614
710 0.08847582340240479
720 0.06648144125938416
730 0.06232200935482979
740 0.1100568100810051
750 0.08848445117473602
760 0.08603938668966293
770 0.07010139524936676
780 0.1119936853647232
790 0.07743233442306519
800 0.07892843335866928
810 0.05738767236471176
820 0.08454453945159912
830 0.070949487388134
840 0.07854949682950974
850 0.09911924600601196
860 0.05123263597488403
870 0.05876537039875984
880 0.09283461421728134
890 0.09654426574707031
900 0.08881687372922897
910 0.08296630531549454
920 0.09128785878419876
930 0.05505410209298134
940 0.0691768154501915
950 0.08807012438774109
960 0.07639863342046738
970 0.08434990048408508
980 0.06606826186180115
990 0.08933311700820923
1000 0.1168772429227829
len of cubelist:  20
Step:1000, Valid_Dice:0.8358062708860414
1010 0.0563388429582119
1020 0.0578334666788578
1030 0.05866668000817299
1040 0.08057445287704468
1050 0.06915157288312912
1060 0.060181163251399994
1070 0.08673480153083801
1080 0.06273405998945236
1090 0.07232015579938889
1100 0.038650646805763245
1110 0.08878160268068314
1120 0.049126818776130676
1130 0.04678604379296303
1140 0.1150127425789833
1150 0.07401294261217117
1160 0.05698109790682793
1170 0.06474795937538147
1180 0.0633917972445488
1190 0.05013078451156616
1200 0.06299713253974915
1210 0.0636158362030983
1220 0.050839316099882126
1230 0.07139906287193298
1240 0.05680372193455696
1250 0.06794463843107224
1260 0.08132382482290268
1270 0.04665061831474304
1280 0.06312587857246399
1290 0.0781862661242485
1300 0.08045855909585953
1310 0.09339780360460281
1320 0.12192147225141525
1330 0.05438230559229851
1340 0.0669858455657959
1350 0.10301259905099869
1360 0.09402163326740265
1370 0.10012244433164597
1380 0.0664689689874649
1390 0.07856250554323196
1400 0.07935182005167007
1410 0.10842553526163101
1420 0.04592404142022133
1430 0.05503927543759346
1440 0.06854832917451859
1450 0.0786895677447319
1460 0.10116548836231232
1470 0.053313981741666794
1480 0.060346540063619614
1490 0.05749819427728653
1500 0.0600629523396492
len of cubelist:  20
Step:1500, Valid_Dice:0.8516557431414494
1510 0.04082655534148216
1520 0.09254294633865356
1530 0.05967160686850548
1540 0.0632844939827919
1550 0.07699631154537201
1560 0.06250931322574615
1570 0.0634840726852417
1580 0.072350412607193
1590 0.0630413219332695
1600 0.05705616623163223
1610 0.08307495713233948
1620 0.07116100192070007
1630 0.052699487656354904
1640 0.06764177232980728
1650 0.06353404372930527
1660 0.06590458750724792
1670 0.051579009741544724
1680 0.11073213070631027
1690 0.056484565138816833
1700 0.048510197550058365
1710 0.05811458081007004
1720 0.06024590879678726
1730 0.06803195178508759
1740 0.0725662037730217
1750 0.0649276003241539
1760 0.07945055514574051
1770 0.08278300613164902
1780 0.06001752242445946
1790 0.07135842740535736
1800 0.04626945033669472
1810 0.053087640553712845
1820 0.05603605881333351
1830 0.047462888062000275
1840 0.0586610846221447
1850 0.06804726272821426
1860 0.06273078918457031
1870 0.0641017034649849
1880 0.06253807246685028
1890 0.07033436000347137
1900 0.1158222183585167
1910 0.05675584822893143
1920 0.05907994508743286
1930 0.040996916592121124
1940 0.08165138959884644
1950 0.08867143839597702
1960 0.04920033738017082
1970 0.08739429712295532
1980 0.05363481491804123
1990 0.09484269469976425
2000 0.05472561717033386
len of cubelist:  20
Step:2000, Valid_Dice:0.8549623852102574
2010 0.05757100135087967
2020 0.047314807772636414
2030 0.06117108836770058
2040 0.08504606038331985
2050 0.0344928540289402
2060 0.05806174501776695
2070 0.06404618918895721
2080 0.06505750864744186
2090 0.07186026871204376
2100 0.07727115601301193
2110 0.07220038026571274
2120 0.06659134477376938
2130 0.05723719298839569
2140 0.06769225746393204
2150 0.05213955044746399
2160 0.0577404648065567
2170 0.06737031042575836
2180 0.07555603981018066
2190 0.09171637147665024
2200 0.062162574380636215
2210 0.05369838327169418
2220 0.06231759116053581
2230 0.06831185519695282
2240 0.05514289438724518
2250 0.09104444831609726
2260 0.0454237125813961
2270 0.05917918682098389
2280 0.051411066204309464
2290 0.05954238772392273
2300 0.08429472893476486
2310 0.07876651734113693
2320 0.08236543834209442
2330 0.05349523946642876
2340 0.060176603496074677
2350 0.06537100672721863
2360 0.07072923332452774
2370 0.0664275586605072
2380 0.05603129789233208
2390 0.06599517166614532
2400 0.0640820786356926
2410 0.06549470126628876
2420 0.04606778174638748
2430 0.06456242501735687
2440 0.06213195621967316
2450 0.06917408108711243
2460 0.06514902412891388
2470 0.05104110762476921
2480 0.06100874021649361
2490 0.05689205974340439
2500 0.05704284831881523
len of cubelist:  20
Step:2500, Valid_Dice:0.862652755811322
2510 0.0423678457736969
2520 0.07177430391311646
2530 0.08057397603988647
2540 0.08093567937612534
2550 0.043210193514823914
2560 0.06947808712720871
2570 0.0638861209154129
2580 0.04893168807029724
2590 0.060080427676439285
2600 0.05757475644350052
2610 0.06847631186246872
2620 0.06086524575948715
2630 0.0499269925057888
2640 0.05040401592850685
2650 0.04910974204540253
2660 0.07575129717588425
2670 0.033078666776418686
2680 0.045224402099847794
2690 0.07830191403627396
2700 0.04598446562886238
2710 0.0684964656829834
2720 0.05180574953556061
2730 0.053933411836624146
2740 0.08501606434583664
2750 0.042425330728292465
2760 0.044826094061136246
2770 0.10790004581212997
2780 0.05344608053565025
2790 0.03164241835474968
2800 0.0612156055867672
2810 0.045670874416828156
2820 0.050513677299022675
2830 0.06174743175506592
2840 0.06588821113109589
2850 0.06642058491706848
2860 0.058578331023454666
2870 0.05063793808221817
2880 0.04660652577877045
2890 0.057022564113140106
2900 0.04651593789458275
2910 0.058171484619379044
2920 0.057777661830186844
2930 0.0579192154109478
2940 0.05250653252005577
2950 0.04709779843688011
2960 0.05181480199098587
2970 0.04365727677941322
2980 0.058840882033109665
2990 0.06256867945194244
3000 0.04151414707303047
len of cubelist:  20
Step:3000, Valid_Dice:0.8712440334590715
3010 0.048152901232242584
3020 0.07533552497625351
3030 0.047184064984321594
3040 0.04282478988170624
3050 0.03573530167341232
3060 0.059822406619787216
3070 0.06376206874847412
3080 0.06673748046159744
3090 0.06752312928438187
3100 0.055120158940553665
3110 0.0569070428609848
3120 0.062498584389686584
3130 0.09661103785037994
3140 0.04655717313289642
3150 0.05469028279185295
3160 0.05577026307582855
3170 0.05462680011987686
3180 0.06146668270230293
3190 0.0478338748216629
3200 0.04644569754600525
3210 0.048915691673755646
3220 0.051841188222169876
3230 0.05599839985370636
3240 0.06432037055492401
3250 0.0686718299984932
3260 0.05109434202313423
3270 0.057352375239133835
3280 0.08772195130586624
3290 0.061271775513887405
3300 0.05190057307481766
3310 0.06603192538022995
3320 0.03759835287928581
3330 0.052718665450811386
3340 0.05967634171247482
3350 0.04798942804336548
3360 0.029422949999570847
3370 0.05297103151679039
3380 0.05410197004675865
3390 0.04790419712662697
3400 0.05592196807265282
3410 0.03644763305783272
3420 0.04464732110500336
3430 0.05579496920108795
3440 0.06786598265171051
3450 0.047365348786115646
3460 0.05722394585609436
3470 0.044036950916051865
3480 0.04497666284441948
3490 0.05759518966078758
3500 0.0528021976351738
len of cubelist:  20
Step:3500, Valid_Dice:0.869353991764795
3510 0.090257927775383
3520 0.041974425315856934
3530 0.035921260714530945
3540 0.04274329915642738
3550 0.05561436712741852
3560 0.04520082846283913
3570 0.04379431903362274
3580 0.055625103414058685
3590 0.06148745119571686
3600 0.07377524673938751
3610 0.03845865651965141
3620 0.05550174415111542
3630 0.03874095901846886
3640 0.08402976393699646
3650 0.054773878306150436
3660 0.03772375360131264
3670 0.03568814694881439
3680 0.0789656862616539
3690 0.07044485956430435
3700 0.0771038681268692
3710 0.09375717490911484
3720 0.051920536905527115
3730 0.05904927849769592
3740 0.048117730766534805
3750 0.07650022208690643
3760 0.042373549193143845
3770 0.04408394917845726
3780 0.053411975502967834
3790 0.05101313814520836
3800 0.07748228311538696
3810 0.04807954281568527
3820 0.04886540398001671
3830 0.04279724135994911
3840 0.045815158635377884
3850 0.06815066188573837
3860 0.05425385758280754
3870 0.05955985561013222
3880 0.05483056604862213
3890 0.04265490546822548
3900 0.04799867421388626
3910 0.03775589168071747
3920 0.09410535544157028
3930 0.045341912657022476
3940 0.06970656663179398
3950 0.04505740478634834
3960 0.05593278631567955
3970 0.07664772868156433
3980 0.06292515248060226
3990 0.04303402453660965
4000 0.09358176589012146
len of cubelist:  20
Step:4000, Valid_Dice:0.8758279715938018
4010 0.052557285875082016
4020 0.06441517919301987
4030 0.08695074170827866
4040 0.0411079116165638
4050 0.0675620436668396
4060 0.030442627146840096
4070 0.07693235576152802
4080 0.05754296854138374
4090 0.04871707782149315
4100 0.05652519688010216
4110 0.05778314173221588
4120 0.05522911250591278
4130 0.05623563379049301
4140 0.07038192451000214
4150 0.06780345737934113
4160 0.04527983069419861
4170 0.06205512210726738
4180 0.05124698579311371
4190 0.07141612470149994
4200 0.04739288613200188
4210 0.07274604588747025
4220 0.04698748514056206
4230 0.0688411071896553
4240 0.08375763893127441
4250 0.05089779570698738
4260 0.03912346065044403
4270 0.04615240916609764
4280 0.05679011344909668
4290 0.0659651979804039
4300 0.07690710574388504
4310 0.09384963661432266
4320 0.03964149206876755
4330 0.04391169548034668
4340 0.057557422667741776
4350 0.06148605793714523
4360 0.0502435564994812
4370 0.04373406991362572
4380 0.05159200355410576
4390 0.06851498037576675
4400 0.04595485329627991
4410 0.04841112717986107
4420 0.0953245609998703
4430 0.046480778604745865
4440 0.04832444339990616
4450 0.08431291580200195
4460 0.0794120579957962
4470 0.06588716059923172
4480 0.0424245223402977
4490 0.06622843444347382
4500 0.04025297239422798
len of cubelist:  20
Step:4500, Valid_Dice:0.8771650721956824
4510 0.04974418506026268
4520 0.06027865782380104
4530 0.08356131613254547
4540 0.05362795293331146
4550 0.04855329170823097
4560 0.04181583970785141
4570 0.08878837525844574
4580 0.035190925002098083
4590 0.06176726520061493
4600 0.04342630133032799
4610 0.052093248814344406
4620 0.06159861385822296
4630 0.03326805308461189
4640 0.04419311508536339
4650 0.07801438122987747
4660 0.0453706830739975
4670 0.04659101366996765
4680 0.041768383234739304
4690 0.07317683100700378
4700 0.05378604680299759
4710 0.046405237168073654
4720 0.052299804985523224
4730 0.07246944308280945
4740 0.05751422792673111
4750 0.044044092297554016
4760 0.07286232709884644
4770 0.05679827183485031
4780 0.038824547082185745
4790 0.03118176944553852
4800 0.06836503744125366
4810 0.05502189323306084
4820 0.06377950310707092
4830 0.044611651450395584
4840 0.0452386811375618
4850 0.03951247036457062
4860 0.04237789660692215
4870 0.06695766001939774
4880 0.0670902207493782
4890 0.049858372658491135
4900 0.04630191624164581
4910 0.07643318176269531
4920 0.05219510942697525
4930 0.05126958712935448
4940 0.03647449240088463
4950 0.07239217311143875
4960 0.07493321597576141
4970 0.05167930945754051
4980 0.04274744540452957
4990 0.06321591138839722
5000 0.07802420854568481
len of cubelist:  20
Step:5000, Valid_Dice:0.8774470858732414
5010 0.05806945636868477
5020 0.03780573233962059
5030 0.051871489733457565
5040 0.06808192282915115
5050 0.04231315478682518
5060 0.0495220385491848
5070 0.04079775884747505
5080 0.08731351047754288
5090 0.043666865676641464
5100 0.05884576588869095
5110 0.043093569576740265
5120 0.057841960340738297
5130 0.06315478682518005
5140 0.03588259220123291
5150 0.05515681579709053
5160 0.06581642478704453
5170 0.05304894968867302
5180 0.04251076281070709
5190 0.027241308242082596
5200 0.0761658176779747
5210 0.06411822140216827
5220 0.043469324707984924
5230 0.0743427649140358
5240 0.04761688411235809
5250 0.0576058030128479
5260 0.1020546704530716
5270 0.06595982611179352
5280 0.06526707857847214
5290 0.058091215789318085
5300 0.05077926814556122
5310 0.08294044435024261
5320 0.06906946748495102
5330 0.046590711921453476
5340 0.044343654066324234
5350 0.04191659018397331
5360 0.05542664974927902
5370 0.04888623207807541
5380 0.05636618658900261
5390 0.03743819519877434
5400 0.05914658308029175
5410 0.071234792470932
5420 0.05027396231889725
5430 0.0605338029563427
5440 0.06767407059669495
5450 0.04624709114432335
5460 0.04281814023852348
5470 0.06864184141159058
5480 0.06627419590950012
5490 0.0669768676161766
5500 0.0510910302400589
len of cubelist:  20
Step:5500, Valid_Dice:0.8780940309186516
5510 0.038736965507268906
5520 0.049851756542921066
5530 0.04359417408704758
5540 0.04644966498017311
5550 0.06870652735233307
5560 0.04928062856197357
5570 0.05368669331073761
5580 0.08076193928718567
5590 0.04153600335121155
5600 0.06245101988315582
5610 0.046540647745132446
5620 0.03217576444149017
5630 0.054576221853494644
5640 0.04177899286150932
5650 0.052003681659698486
5660 0.06032584235072136
5670 0.03998349606990814
5680 0.08050258457660675
5690 0.050749778747558594
5700 0.04688798263669014
5710 0.053251270204782486
5720 0.06297826021909714
5730 0.06042249873280525
5740 0.04054798558354378
5750 0.0472709946334362
5760 0.046328477561473846
5770 0.03305785357952118
5780 0.04396537318825722
5790 0.0526813343167305
5800 0.04176764935255051
5810 0.05285895988345146
5820 0.052549250423908234
5830 0.050378333777189255
5840 0.0559726320207119
5850 0.056428294628858566
5860 0.09347943961620331
5870 0.04105152189731598
5880 0.08073204010725021
5890 0.051131825894117355
5900 0.04904141277074814
5910 0.0523524172604084
5920 0.04188016429543495
5930 0.04242410510778427
5940 0.05224905535578728
5950 0.06127440184354782
5960 0.043777935206890106
5970 0.03504576534032822
5980 0.05409202724695206
5990 0.05056384950876236
6000 0.038248155266046524
len of cubelist:  20
Step:6000, Valid_Dice:0.8765262544783345
6010 0.056162621825933456
6020 0.04410622641444206
6030 0.07233735173940659
6040 0.04899705946445465
6050 0.0567687563598156
6060 0.049705225974321365
6070 0.0677066370844841
6080 0.04562993347644806
6090 0.044367168098688126
6100 0.05731559544801712
6110 0.10502788424491882
6120 0.0488746277987957
6130 0.05299034342169762
6140 0.04796309769153595
6150 0.04791773110628128
6160 0.056212395429611206
6170 0.04512232914566994
6180 0.0587882325053215
6190 0.05885211005806923
6200 0.03852079436182976
6210 0.07077287137508392
6220 0.0524393729865551
6230 0.04478190466761589
6240 0.056666236370801926
6250 0.05539596080780029
6260 0.06826905161142349
6270 0.0713658332824707
6280 0.04944184795022011
6290 0.04313689470291138
6300 0.04199206456542015
6310 0.0440559946000576
6320 0.03534352406859398
6330 0.07609083503484726
6340 0.06106439232826233
6350 0.039810363203287125
6360 0.03805696591734886
6370 0.04071826487779617
6380 0.05003894120454788
6390 0.056213971227407455
6400 0.04812565818428993
6410 0.05110785365104675
6420 0.04314819350838661
6430 0.04236924275755882
6440 0.04554495960474014
6450 0.06722602248191833
6460 0.0709322839975357
6470 0.054189831018447876
6480 0.050312589854002
6490 0.06531805545091629
6500 0.06435751914978027
len of cubelist:  20
Step:6500, Valid_Dice:0.879948418234278
6510 0.061680443584918976
6520 0.058402251452207565
6530 0.043182361871004105
6540 0.06959071010351181
6550 0.04743502661585808
6560 0.04368846118450165
6570 0.03523823991417885
6580 0.056309912353754044
6590 0.06761986017227173
6600 0.07316478341817856
6610 0.05003916472196579
6620 0.05168723687529564
6630 0.0460166335105896
6640 0.0722075030207634
6650 0.04156024754047394
6660 0.04954296350479126
6670 0.08196105808019638
6680 0.04364919289946556
6690 0.04116002470254898
6700 0.057660069316625595
6710 0.05173245072364807
6720 0.04093027487397194
6730 0.05325347185134888
6740 0.06459668278694153
6750 0.044276002794504166
6760 0.07058361172676086
6770 0.06424451619386673
6780 0.048948533833026886
6790 0.05752519518136978
6800 0.04857684299349785
6810 0.037742409855127335
6820 0.04840054735541344
6830 0.05720432847738266
6840 0.0510767325758934
6850 0.05390096455812454
6860 0.05058874934911728
6870 0.05845030024647713
6880 0.04454415291547775
6890 0.0547245591878891
6900 0.05269575119018555
6910 0.05003036931157112
6920 0.04607566446065903
6930 0.05079022794961929
6940 0.04957988113164902
6950 0.08346707373857498
6960 0.07675644755363464
6970 0.05620204284787178
6980 0.07486078143119812
6990 0.055484119802713394
7000 0.047980234026908875
len of cubelist:  20
Step:7000, Valid_Dice:0.8780250232205737
7010 0.043515533208847046
7020 0.044652678072452545
7030 0.04993812367320061
7040 0.032117877155542374
7050 0.05892843008041382
7060 0.048073071986436844
7070 0.04896211996674538
7080 0.04968293756246567
7090 0.0587967149913311
7100 0.06552166491746902
7110 0.04972389340400696
7120 0.05837210640311241
7130 0.03559460863471031
7140 0.04904468357563019
7150 0.07971850782632828
7160 0.05876481905579567
7170 0.05134033039212227
7180 0.052883416414260864
7190 0.043772194534540176
7200 0.05531862750649452
7210 0.0428294874727726
7220 0.06338215619325638
7230 0.05512714758515358
7240 0.059281229972839355
7250 0.06274651736021042
7260 0.045483484864234924
7270 0.042797669768333435
7280 0.05144697427749634
7290 0.045466937124729156
7300 0.05814608186483383
7310 0.0524325929582119
7320 0.052080847322940826
7330 0.049122001975774765
7340 0.04560214653611183
7350 0.05377846583724022
7360 0.06523924320936203
7370 0.06843533366918564
7380 0.04986231029033661
7390 0.046268854290246964
7400 0.040140923112630844
7410 0.04267273098230362
7420 0.047429539263248444
7430 0.05152041092514992
7440 0.05096320062875748
7450 0.0393238328397274
7460 0.03123268485069275
7470 0.0376870334148407
7480 0.03636399656534195
7490 0.07283677905797958
7500 0.05722060054540634
len of cubelist:  20
Step:7500, Valid_Dice:0.8777273743784775
7510 0.06353239715099335
7520 0.04971762001514435
7530 0.043414559215307236
7540 0.03723547235131264
7550 0.09286332130432129
7560 0.02731420285999775
7570 0.06264716386795044
7580 0.05921529605984688
7590 0.07220876216888428
7600 0.04592213034629822
7610 0.04350047558546066
7620 0.05345035344362259
7630 0.05356578528881073
7640 0.051550451666116714
7650 0.07454002648591995
7660 0.04298899695277214
7670 0.04040738567709923
7680 0.0409366711974144
7690 0.0522720143198967
7700 0.039510078728199005
7710 0.04598839208483696
7720 0.033301737159490585
7730 0.04028676077723503
7740 0.03346431255340576
7750 0.049629632383584976
7760 0.03458134084939957
7770 0.047763749957084656
7780 0.056788843125104904
7790 0.06854763627052307
7800 0.04317197576165199
7810 0.05031244084239006
7820 0.0727100744843483
7830 0.04502944275736809
7840 0.06705716252326965
7850 0.04162204638123512
7860 0.05497913807630539
7870 0.04719667509198189
7880 0.033474914729595184
7890 0.04988301172852516
7900 0.03951212018728256
7910 0.03812137991189957
7920 0.03547042980790138
7930 0.07973317801952362
7940 0.042242277413606644
7950 0.0895826444029808
7960 0.06450873613357544
7970 0.04661983624100685
7980 0.06160952150821686
7990 0.03890164941549301
8000 0.07147274166345596
len of cubelist:  20
Step:8000, Valid_Dice:0.8823076017075497
8010 0.04480360820889473
8020 0.0663428008556366
8030 0.04083864390850067
8040 0.05741242691874504
8050 0.04820765554904938
8060 0.03700193017721176
8070 0.04641411826014519
8080 0.04489285871386528
8090 0.03681894391775131
8100 0.05711821839213371
8110 0.04955214262008667
8120 0.04467315599322319
8130 0.05537059158086777
8140 0.050475865602493286
8150 0.04637017846107483
8160 0.06730660051107407
8170 0.06164159998297691
8180 0.03402112424373627
8190 0.050138793885707855
8200 0.062091633677482605
8210 0.04001983627676964
8220 0.07596691697835922
8230 0.04954792931675911
8240 0.039869725704193115
8250 0.056971460580825806
8260 0.04940495267510414
8270 0.061081744730472565
8280 0.04763207957148552
8290 0.05539700388908386
8300 0.048653434962034225
8310 0.04881224408745766
8320 0.03547957167029381
8330 0.05300391837954521
8340 0.04486071318387985
8350 0.024307359009981155
8360 0.050549279898405075
8370 0.04443252086639404
8380 0.0464303232729435
8390 0.04400869458913803
8400 0.04728350788354874
8410 0.04283703491091728
8420 0.06562253087759018
8430 0.05314216390252113
8440 0.047094400972127914
8450 0.03393366187810898
8460 0.0743328183889389
8470 0.07112109661102295
8480 0.06549221277236938
8490 0.029578613117337227
8500 0.050873614847660065
len of cubelist:  20
Step:8500, Valid_Dice:0.8798561698311514
8510 0.03936488926410675
8520 0.057724952697753906
8530 0.05573486164212227
8540 0.045068107545375824
8550 0.05105827748775482
8560 0.036637548357248306
8570 0.0536273792386055
8580 0.06064685061573982
8590 0.039428699761629105
8600 0.04851880669593811
8610 0.04074091091752052
8620 0.036617353558540344
8630 0.04053491726517677
8640 0.056612614542245865
8650 0.047154493629932404
8660 0.05737870931625366
8670 0.0345366932451725
8680 0.05235352739691734
8690 0.05539603903889656
8700 0.05618440732359886
8710 0.09499621391296387
8720 0.0451878122985363
8730 0.047525305300951004
8740 0.057051386684179306
8750 0.044962309300899506
8760 0.054350171238183975
8770 0.04378878325223923
8780 0.025499194860458374
8790 0.044116344302892685
8800 0.04852776974439621
8810 0.0532783567905426
8820 0.05436237156391144
8830 0.05004674941301346
8840 0.03864263743162155
8850 0.04663434624671936
8860 0.03355091065168381
8870 0.05199002847075462
8880 0.04903121292591095
8890 0.047508347779512405
8900 0.05635225772857666
8910 0.05580966919660568
8920 0.0457889698445797
8930 0.05009743571281433
8940 0.048743728548288345
8950 0.04764414578676224
8960 0.04684031382203102
8970 0.04607497155666351
8980 0.038958288729190826
8990 0.04359201714396477
9000 0.04247694090008736
len of cubelist:  20
Step:9000, Valid_Dice:0.8761833001026356
9010 0.040850281715393066
9020 0.041060853749513626
9030 0.07681773602962494
9040 0.04344600811600685
9050 0.04263791814446449
9060 0.058316197246313095
9070 0.04336255416274071
9080 0.03251107037067413
9090 0.04778004437685013
9100 0.062166858464479446
9110 0.04671688377857208
9120 0.05182044580578804
9130 0.03790407255291939
9140 0.041118089109659195
9150 0.04492688179016113
9160 0.03338274359703064
9170 0.06046542525291443
9180 0.04705851897597313
9190 0.04095998406410217
9200 0.046480558812618256
9210 0.05091160163283348
9220 0.05382852256298065
9230 0.052146270871162415
9240 0.08154259622097015
9250 0.038808271288871765
9260 0.06979164481163025
9270 0.057341065257787704
9280 0.04749661684036255
9290 0.06388917565345764
9300 0.08648356795310974
9310 0.048671822994947433
9320 0.03725041449069977
9330 0.0645224004983902
9340 0.05121675878763199
9350 0.06694791465997696
9360 0.040893182158470154
9370 0.05132383853197098
9380 0.038587067276239395
9390 0.04388425871729851
9400 0.04527236521244049
9410 0.03429475799202919
9420 0.04667598754167557
9430 0.05640576034784317
9440 0.04737266153097153
9450 0.07356617599725723
9460 0.06344150751829147
9470 0.048503976315259933
9480 0.048758093267679214
9490 0.04579327255487442
9500 0.051357630640268326
len of cubelist:  20
Step:9500, Valid_Dice:0.8815072359750455
9510 0.05805560201406479
9520 0.048757705837488174
9530 0.05312686786055565
9540 0.031084461137652397
9550 0.048725467175245285
9560 0.06559272110462189
9570 0.06759019941091537
9580 0.04962361603975296
9590 0.05889957398176193
9600 0.04963076487183571
9610 0.0572492815554142
9620 0.04519238322973251
9630 0.04180137813091278
9640 0.039412517100572586
9650 0.03997443988919258
9660 0.052524205297231674
9670 0.11878766119480133
9680 0.07648608088493347
9690 0.05224566534161568
9700 0.04088187962770462
9710 0.039642445743083954
9720 0.060923926532268524
9730 0.03555150702595711
9740 0.051193591207265854
9750 0.03043931908905506
9760 0.04994352534413338
9770 0.03820614144206047
9780 0.0446726456284523
9790 0.04220525547862053
9800 0.050741322338581085
9810 0.06048039719462395
9820 0.0399935357272625
9830 0.05085834488272667
9840 0.03900529444217682
9850 0.05121859163045883
9860 0.034496940672397614
9870 0.0404275581240654
9880 0.05781187117099762
9890 0.05311528220772743
9900 0.04142313078045845
9910 0.05036585405468941
9920 0.043510228395462036
9930 0.03963417932391167
9940 0.04592812433838844
9950 0.05069691315293312
9960 0.03782268613576889
9970 0.03955621272325516
9980 0.06120907515287399
9990 0.055232275277376175
10000 0.04635091498494148
len of cubelist:  20
Step:10000, Valid_Dice:0.8791854606808205
10010 0.06155829504132271
10020 0.042837925255298615
10030 0.043628059327602386
10040 0.06655196845531464
10050 0.07900763303041458
10060 0.056035492569208145
10070 0.04751944541931152
10080 0.0391823947429657
10090 0.03938007727265358
10100 0.04764407500624657
10110 0.03839806467294693
10120 0.05884930491447449
10130 0.056550830602645874
10140 0.060013771057128906
10150 0.053630281239748
10160 0.044829998165369034
10170 0.05210847035050392
10180 0.04405149444937706
10190 0.04528024420142174
10200 0.04512137547135353
10210 0.055683184415102005
10220 0.044138647615909576
10230 0.03005298413336277
10240 0.057489171624183655
10250 0.05177893117070198
10260 0.03556910902261734
10270 0.057102955877780914
10280 0.031841158866882324
10290 0.06867820769548416
10300 0.03949016332626343
10310 0.05989864468574524
10320 0.02956286631524563
10330 0.04646524786949158
10340 0.03293324634432793
10350 0.05415661633014679
10360 0.057750605046749115
10370 0.045897338539361954
10380 0.042081233114004135
10390 0.04175614193081856
10400 0.05040803179144859
10410 0.033738963305950165
10420 0.048166852444410324
10430 0.06257690489292145
10440 0.03540873900055885
10450 0.04516717046499252
10460 0.048833366483449936
10470 0.04280394688248634
10480 0.04980170726776123
10490 0.0453253872692585
10500 0.043344154953956604
len of cubelist:  20
Step:10500, Valid_Dice:0.8848292426352146
10510 0.04625152051448822
10520 0.04185916855931282
10530 0.07157835364341736
10540 0.05322664976119995
10550 0.0491342768073082
10560 0.05051486939191818
10570 0.050752751529216766
10580 0.054645929485559464
10590 0.039055366069078445
10600 0.04354075342416763
10610 0.05504618585109711
10620 0.034864336252212524
10630 0.04288310557603836
10640 0.05497923120856285
10650 0.05285661667585373
10660 0.054981764405965805
10670 0.03443613275885582
10680 0.06070413812994957
10690 0.04986118897795677
10700 0.04927705600857735
10710 0.034424301236867905
10720 0.07136407494544983
10730 0.03669188916683197
10740 0.05514158308506012
10750 0.04452910274267197
10760 0.04751942306756973
10770 0.03363834694027901
10780 0.058142274618148804
10790 0.03427601605653763
10800 0.04161137714982033
10810 0.06541241705417633
10820 0.05077165737748146
10830 0.0501788891851902
10840 0.03531218320131302
10850 0.04207726567983627
10860 0.04471582919359207
10870 0.0728006586432457
10880 0.03619495779275894
10890 0.073465496301651
10900 0.0586521290242672
10910 0.05439536273479462
10920 0.05662677064538002
10930 0.03939212113618851
10940 0.04951180890202522
10950 0.03406963869929314
10960 0.03205462545156479
10970 0.05023815482854843
10980 0.059303492307662964
10990 0.05106551945209503
11000 0.03746179863810539
len of cubelist:  20
Step:11000, Valid_Dice:0.8823723485447141
11010 0.06253059208393097
11020 0.04158118739724159
11030 0.050344109535217285
11040 0.03114648163318634
11050 0.04134558141231537
11060 0.05255189910531044
11070 0.04336436837911606
11080 0.041309282183647156
11090 0.06018830090761185
11100 0.04367751628160477
11110 0.052338793873786926
11120 0.042000699788331985
11130 0.03547379747033119
11140 0.05050062760710716
11150 0.05701648071408272
11160 0.04567195475101471
11170 0.03608174994587898
11180 0.0551040880382061
11190 0.04583148658275604
11200 0.04988580197095871
11210 0.07857393473386765
11220 0.05936182290315628
11230 0.040938880294561386
11240 0.04559336602687836
11250 0.04959699884057045
11260 0.03451307862997055
11270 0.04905276373028755
11280 0.05800296738743782
11290 0.046678002923727036
11300 0.042125292122364044
11310 0.056048277765512466
11320 0.03967585414648056
11330 0.045088090002536774
11340 0.06811156868934631
11350 0.05175139009952545
11360 0.051160719245672226
11370 0.04488145932555199
11380 0.0978190079331398
11390 0.04866199195384979
11400 0.03882941976189613
11410 0.06963827461004257
11420 0.05225950852036476
11430 0.09106126427650452
11440 0.04723045602440834
11450 0.05013510212302208
11460 0.04493151232600212
11470 0.06211821362376213
11480 0.04374208673834801
11490 0.04148633033037186
11500 0.06123241037130356
len of cubelist:  20
Step:11500, Valid_Dice:0.882342944492304
11510 0.05376322567462921
11520 0.04801313951611519
11530 0.038380641490221024
11540 0.0457480251789093
11550 0.10827470570802689
11560 0.04594018682837486
11570 0.05139375478029251
11580 0.04487694427371025
11590 0.03645734116435051
11600 0.039444275200366974
11610 0.051634710282087326
11620 0.05148012563586235
11630 0.04954337701201439
11640 0.04926526919007301
11650 0.0852634385228157
11660 0.033485956490039825
11670 0.04003525525331497
11680 0.03981996327638626
11690 0.03872888162732124
11700 0.06376279145479202
11710 0.050087861716747284
11720 0.04304731264710426
11730 0.05647307634353638
11740 0.07255620509386063
11750 0.05452440306544304
11760 0.048687756061553955
11770 0.03415866568684578
11780 0.04233044385910034
11790 0.06516942381858826
11800 0.053665269166231155
11810 0.04409007355570793
11820 0.04069696366786957
11830 0.0594550184905529
11840 0.09134547412395477
11850 0.032156236469745636
11860 0.03494606912136078
11870 0.06415551900863647
11880 0.04062996059656143
11890 0.03814857453107834
11900 0.028546258807182312
11910 0.0468805693089962
11920 0.035120442509651184
11930 0.0391990952193737
11940 0.042621880769729614
11950 0.03647878021001816
11960 0.04369634389877319
11970 0.04285479709506035
11980 0.04765302687883377
11990 0.03164815157651901
12000 0.03940340504050255
len of cubelist:  20
Step:12000, Valid_Dice:0.8833028036291486
12010 0.07778050005435944
12020 0.06196114420890808
12030 0.04090988636016846
12040 0.04261288046836853
12050 0.05054459348320961
12060 0.05631478130817413
12070 0.05158132314682007
12080 0.05675894767045975
12090 0.07329840213060379
12100 0.03957708179950714
12110 0.0423155352473259
12120 0.0619681291282177
12130 0.0484798327088356
12140 0.034589704126119614
12150 0.06650635600090027
12160 0.050186268985271454
12170 0.05766979977488518
12180 0.03956896439194679
12190 0.05090288817882538
12200 0.049799464643001556
12210 0.0432618111371994
12220 0.04328680410981178
12230 0.051588598638772964
12240 0.08797131478786469
12250 0.04450118914246559
12260 0.05816919729113579
12270 0.046485040336847305
12280 0.031921207904815674
12290 0.04092247784137726
12300 0.041473597288131714
12310 0.05348535627126694
12320 0.045196887105703354
12330 0.05400161072611809
12340 0.06022235006093979
12350 0.034917201846838
12360 0.05016325041651726
12370 0.05449715629220009
12380 0.0571892075240612
12390 0.044735386967659
12400 0.03428388759493828
12410 0.04797406122088432
12420 0.039008572697639465
12430 0.04869629815220833
12440 0.047221697866916656
12450 0.08153941482305527
12460 0.04286760091781616
12470 0.0464058592915535
12480 0.04924957826733589
12490 0.04373915120959282
12500 0.037097733467817307
len of cubelist:  20
Step:12500, Valid_Dice:0.8818067418525712
12510 0.05562252178788185
12520 0.04547898843884468
12530 0.05647089704871178
12540 0.077895887196064
12550 0.044572703540325165
12560 0.03123602643609047
12570 0.05578123778104782
12580 0.046485234051942825
12590 0.05517967417836189
12600 0.0715908408164978
12610 0.04971339926123619
12620 0.047334376722574234
12630 0.05156567320227623
12640 0.03464203700423241
12650 0.05279187113046646
12660 0.04222981631755829
12670 0.044710371643304825
12680 0.043547291308641434
12690 0.0458318255841732
12700 0.04376043751835823
12710 0.05049251765012741
12720 0.04873843863606453
12730 0.04330200329422951
12740 0.05721157044172287
12750 0.028586672618985176
12760 0.03803792595863342
12770 0.04240397363901138
12780 0.057666003704071045
12790 0.04111594706773758
12800 0.06648994237184525
12810 0.0558866448700428
12820 0.03963276743888855
12830 0.0770806223154068
12840 0.04264894127845764
12850 0.0423794649541378
12860 0.05417163670063019
12870 0.05009991303086281
12880 0.05910539999604225
12890 0.047104593366384506
12900 0.04607623815536499
12910 0.05717770382761955
12920 0.05285998061299324
12930 0.045641474425792694
12940 0.061000432819128036
12950 0.0342695377767086
12960 0.06364871561527252
12970 0.05764146149158478
12980 0.04796335846185684
12990 0.046201933175325394
13000 0.0736335963010788
len of cubelist:  20
Step:13000, Valid_Dice:0.8831175667022009
13010 0.02760305255651474
13020 0.03983303904533386
13030 0.0371609665453434
13040 0.05494263768196106
13050 0.049768317490816116
13060 0.037343453615903854
13070 0.04437786340713501
13080 0.04368839040398598
13090 0.04806355759501457
13100 0.042906712740659714
13110 0.05254454165697098
13120 0.04340551048517227
13130 0.050059396773576736
13140 0.05264487490057945
13150 0.0490134172141552
13160 0.041373152285814285
13170 0.051909349858760834
13180 0.022200902923941612
13190 0.04623641446232796
13200 0.06186578422784805
13210 0.03486969694495201
13220 0.04063095152378082
13230 0.04946046322584152
13240 0.030240831896662712
13250 0.05351298302412033
13260 0.05337121710181236
13270 0.043258000165224075
13280 0.05330593138933182
13290 0.02420513890683651
13300 0.04518899694085121
13310 0.041430287063121796
13320 0.05202232673764229
13330 0.04491284117102623
13340 0.05595782399177551
13350 0.07732201367616653
13360 0.05136401951313019
13370 0.04258272796869278
13380 0.03238268196582794
13390 0.05792120471596718
13400 0.03836412727832794
13410 0.044116828590631485
13420 0.06553836911916733
13430 0.05575856193900108
13440 0.0608791746199131
13450 0.0415504164993763
13460 0.04305267333984375
13470 0.047605931758880615
13480 0.05569266900420189
13490 0.044277094304561615
13500 0.05686330050230026
len of cubelist:  20
Step:13500, Valid_Dice:0.8840621843891114
13510 0.043035998940467834
13520 0.058033742010593414
13530 0.0432414747774601
13540 0.029701964929699898
13550 0.03905260190367699
13560 0.054489415138959885
13570 0.0395691804587841
13580 0.053239721804857254
13590 0.0750855952501297
13600 0.04453611373901367
13610 0.05018550530076027
13620 0.06143825501203537
13630 0.06622398644685745
13640 0.05643410608172417
13650 0.03742574155330658
13660 0.08666384220123291
13670 0.03571663051843643
13680 0.051997020840644836
13690 0.05019330978393555
13700 0.06516412645578384
13710 0.03813562169671059
13720 0.06338546425104141
13730 0.03685570880770683
13740 0.04451540485024452
13750 0.0479666143655777
13760 0.04469761252403259
13770 0.05456480756402016
13780 0.05769436061382294
13790 0.03646940365433693
13800 0.052445851266384125
13810 0.040828730911016464
13820 0.03179861605167389
13830 0.0731566920876503
13840 0.030437812209129333
13850 0.043602243065834045
13860 0.06179540976881981
13870 0.043686509132385254
13880 0.03471330553293228
13890 0.04648001864552498
13900 0.050224971026182175
13910 0.0341547429561615
13920 0.039995770901441574
13930 0.041548144072294235
13940 0.03537016734480858
13950 0.034178733825683594
13960 0.06446639448404312
13970 0.03670065477490425
13980 0.06278412789106369
13990 0.044371098279953
14000 0.05697699636220932
len of cubelist:  20
Step:14000, Valid_Dice:0.8872074957803928
14010 0.06375394016504288
14020 0.05327031388878822
14030 0.04011426866054535
14040 0.04027663171291351
14050 0.04931528866291046
14060 0.07092614471912384
14070 0.03547990694642067
14080 0.047396205365657806
14090 0.06837675720453262
14100 0.08367224782705307
14110 0.05876275151968002
14120 0.09230034053325653
14130 0.05343126133084297
14140 0.05151619762182236
14150 0.06540104001760483
14160 0.0500459261238575
14170 0.0439394973218441
14180 0.03885827586054802
14190 0.05687791854143143
14200 0.06578686088323593
14210 0.05844921991229057
14220 0.05238087847828865
14230 0.06726429611444473
14240 0.046563342213630676
14250 0.06422413140535355
14260 0.05385170131921768
14270 0.04598269611597061
14280 0.03498759865760803
14290 0.04357294365763664
14300 0.03792234882712364
14310 0.03646094352006912
14320 0.04628710448741913
14330 0.04017123579978943
14340 0.0679536685347557
14350 0.039985790848731995
14360 0.054416198283433914
14370 0.04917812719941139
14380 0.05564746633172035
14390 0.04463928937911987
14400 0.07401696592569351
14410 0.03611980378627777
14420 0.04663851112127304
14430 0.0383136048913002
14440 0.03773351013660431
14450 0.041125863790512085
14460 0.049769558012485504
14470 0.03524254262447357
14480 0.03793538361787796
14490 0.05798115208745003
14500 0.040034446865320206
len of cubelist:  20
Step:14500, Valid_Dice:0.883630083390023
14510 0.044450417160987854
14520 0.03994549438357353
14530 0.036549199372529984
14540 0.03600713983178139
14550 0.04042671248316765
14560 0.038125623017549515
14570 0.046238239854574203
14580 0.04324626177549362
14590 0.06079971790313721
14600 0.033472564071416855
14610 0.07885235548019409
14620 0.04643012210726738
14630 0.03923756256699562
14640 0.07099702954292297
14650 0.04694037511944771
14660 0.03492194041609764
14670 0.04207936301827431
14680 0.04962867870926857
14690 0.050290051847696304
14700 0.03727639466524124
14710 0.0354086197912693
14720 0.024712171405553818
14730 0.05805607885122299
14740 0.04866369813680649
14750 0.03285091370344162
14760 0.04879782348871231
14770 0.05031759291887283
14780 0.05021807923913002
14790 0.04998767748475075
14800 0.03729144483804703
14810 0.04724648594856262
14820 0.049280937761068344
14830 0.04907100647687912
14840 0.03841479495167732
14850 0.04176807403564453
14860 0.04590828716754913
14870 0.04729004576802254
14880 0.036443036049604416
14890 0.03983081504702568
14900 0.05645832419395447
14910 0.0306905098259449
14920 0.026440775021910667
14930 0.04542439430952072
14940 0.05884218588471413
14950 0.05502849072217941
14960 0.05346008390188217
14970 0.04988022521138191
14980 0.050447527319192886
14990 0.05047057569026947
15000 0.03881311044096947
len of cubelist:  20
Step:15000, Valid_Dice:0.8859687243448086
15010 0.04437413439154625
15020 0.05769835785031319
15030 0.06442088633775711
15040 0.04666256532073021
15050 0.03444391489028931
15060 0.04411659389734268
15070 0.054130833595991135
15080 0.06095411255955696
15090 0.04609048739075661
15100 0.03879367187619209
15110 0.04410158097743988
15120 0.04018118232488632
15130 0.05156904458999634
15140 0.04724773392081261
15150 0.06829855591058731
15160 0.04968508332967758
15170 0.05090504512190819
15180 0.05430192872881889
15190 0.04404439404606819
15200 0.04755176976323128
15210 0.03389282152056694
15220 0.045130208134651184
15230 0.03800094872713089
15240 0.0368058942258358
15250 0.04519849643111229
15260 0.051288530230522156
15270 0.031356360763311386
15280 0.036979228258132935
15290 0.0551181398332119
15300 0.04324543476104736
15310 0.05109095945954323
15320 0.055785126984119415
15330 0.06041023135185242
15340 0.026756636798381805
15350 0.028451206162571907
15360 0.03690946474671364
15370 0.04701576009392738
15380 0.03995940461754799
15390 0.054581135511398315
15400 0.045369382947683334
15410 0.05412720888853073
15420 0.06567145884037018
15430 0.044061578810214996
15440 0.031623098999261856
15450 0.0464240238070488
15460 0.03998037055134773
15470 0.030584344640374184
15480 0.04783717542886734
15490 0.042851027101278305
15500 0.03734800964593887
len of cubelist:  20
Step:15500, Valid_Dice:0.8841905029566057
15510 0.04825064167380333
15520 0.05596620962023735
15530 0.036101408302783966
15540 0.053511109203100204
15550 0.06486574560403824
15560 0.04672062024474144
15570 0.052400097250938416
15580 0.03134506568312645
15590 0.03949875384569168
15600 0.028158267959952354
15610 0.0462733618915081
15620 0.03861687704920769
15630 0.04307856410741806
15640 0.03806663304567337
15650 0.05509449541568756
15660 0.04126858338713646
15670 0.05209195613861084
15680 0.043267957866191864
15690 0.03246571868658066
15700 0.03446744382381439
15710 0.035908292979002
15720 0.05179676413536072
15730 0.033475734293460846
15740 0.06277447938919067
15750 0.04871810972690582
15760 0.05859150364995003
15770 0.044168870896101
15780 0.048947885632514954
15790 0.055720508098602295
15800 0.035409681499004364
15810 0.02536187134683132
15820 0.08158860355615616
15830 0.03667520731687546
15840 0.03589176759123802
15850 0.03433631733059883
15860 0.0480811707675457
15870 0.048147425055503845
15880 0.04655008018016815
15890 0.03857938200235367
15900 0.053464941680431366
15910 0.03317436948418617
15920 0.049599114805459976
15930 0.10176175832748413
15940 0.03528597578406334
15950 0.03510485216975212
15960 0.05571528151631355
15970 0.04615513235330582
15980 0.04959430173039436
15990 0.05942271649837494
16000 0.0357530303299427
len of cubelist:  20
Step:16000, Valid_Dice:0.8837799352631055
16010 0.04725506156682968
16020 0.07569541782140732
16030 0.04725894331932068
16040 0.06683124601840973
16050 0.037333112210035324
16060 0.04385625943541527
16070 0.029854098334908485
16080 0.05409878492355347
16090 0.07295238971710205
16100 0.0487634614109993
16110 0.038472775369882584
16120 0.0369761660695076
16130 0.052034709602594376
16140 0.03924325853586197
16150 0.04561639577150345
16160 0.03674118593335152
16170 0.06303393095731735
16180 0.05426729843020439
16190 0.056115757673978806
16200 0.057492583990097046
16210 0.05967576801776886
16220 0.07338449358940125
16230 0.04659914970397949
16240 0.03760117292404175
16250 0.04455678537487984
16260 0.04267403855919838
16270 0.04055153951048851
16280 0.0370643250644207
16290 0.036472465842962265
16300 0.059542834758758545
16310 0.06235858052968979
16320 0.06528160721063614
16330 0.055526118725538254
16340 0.047423429787158966
16350 0.04528571665287018
16360 0.039900042116642
16370 0.05181129276752472
16380 0.03437875211238861
16390 0.044866181910037994
16400 0.033562153577804565
16410 0.042028386145830154
16420 0.04238013178110123
16430 0.052295636385679245
16440 0.034885771572589874
16450 0.04647530987858772
16460 0.034524980932474136
16470 0.039698243141174316
16480 0.06684735417366028
16490 0.05810314789414406
16500 0.04705127701163292
len of cubelist:  20
Step:16500, Valid_Dice:0.882741354001689
16510 0.04000825062394142
16520 0.04388481006026268
16530 0.0515814870595932
16540 0.02359272539615631
16550 0.05168074369430542
16560 0.05031708627939224
16570 0.04048791155219078
16580 0.05249634385108948
16590 0.03918669372797012
16600 0.031448088586330414
16610 0.04451970383524895
16620 0.02987169846892357
16630 0.05140253156423569
16640 0.03383127599954605
16650 0.0588829405605793
16660 0.05941537022590637
16670 0.04993388429284096
16680 0.048086978495121
16690 0.03830380737781525
16700 0.038849394768476486
16710 0.06206803023815155
16720 0.04268472269177437
16730 0.029543884098529816
16740 0.06152661144733429
16750 0.039040982723236084
16760 0.04516366496682167
16770 0.05280294641852379
16780 0.03897950425744057
16790 0.048971306532621384
16800 0.04308638349175453
16810 0.06782229244709015
16820 0.039100468158721924
16830 0.029674936085939407
16840 0.06206003949046135
16850 0.06016141176223755
16860 0.039724987000226974
16870 0.042936597019433975
16880 0.08215738832950592
16890 0.038564283400774
16900 0.04200102016329765
16910 0.04368588700890541
16920 0.040829140692949295
16930 0.039282411336898804
16940 0.0443926602602005
16950 0.030437402427196503
16960 0.05380009859800339
16970 0.04926063120365143
16980 0.046263229101896286
16990 0.040653523057699203
17000 0.05698925629258156
len of cubelist:  20
Step:17000, Valid_Dice:0.884501228009192
17010 0.033170945942401886
17020 0.04216638207435608
17030 0.054023224860429764
17040 0.05670682340860367
17050 0.06722085177898407
17060 0.06707876175642014
17070 0.04421078413724899
17080 0.0452403649687767
17090 0.03993741795420647
17100 0.08396470546722412
17110 0.04160928353667259
17120 0.043116163462400436
17130 0.05445004999637604
17140 0.06450186669826508
17150 0.056321531534194946
17160 0.062315575778484344
17170 0.040515828877687454
17180 0.04773861542344093
17190 0.055988989770412445
17200 0.06126395985484123
17210 0.06486191600561142
17220 0.042797550559043884
17230 0.03709802404046059
17240 0.051111381500959396
17250 0.03860766440629959
17260 0.04887821525335312
17270 0.02613835409283638
17280 0.052075982093811035
17290 0.04927077889442444
17300 0.04100779443979263
17310 0.04342620447278023
17320 0.03382427245378494
17330 0.037693388760089874
17340 0.0653870701789856
17350 0.05051179602742195
17360 0.04568949341773987
17370 0.04695334658026695
17380 0.05265677347779274
17390 0.04812568426132202
17400 0.06485500186681747
17410 0.0513458177447319
17420 0.032807607203722
17430 0.03539159893989563
17440 0.0672023668885231
17450 0.053220752626657486
17460 0.0373508520424366
17470 0.02711373381316662
17480 0.040715351700782776
17490 0.046586450189352036
17500 0.07196271419525146
len of cubelist:  20
Step:17500, Valid_Dice:0.8845943264284297
17510 0.048392292112112045
17520 0.04643940553069115
17530 0.039198268204927444
17540 0.05072823911905289
17550 0.05504760891199112
17560 0.052762750536203384
17570 0.0587371289730072
17580 0.03957740217447281
17590 0.07189671695232391
17600 0.047065336257219315
17610 0.0592881515622139
17620 0.04561648145318031
17630 0.04304298758506775
17640 0.03517356142401695
17650 0.030974730849266052
17660 0.045573197305202484
17670 0.04918353259563446
17680 0.03191155940294266
17690 0.049200959503650665
17700 0.06366397440433502
17710 0.033538900315761566
17720 0.044909220188856125
17730 0.04374084994196892
17740 0.04862213879823685
17750 0.040121231228113174
17760 0.040062081068754196
17770 0.049710504710674286
17780 0.0435137040913105
17790 0.04121032729744911
17800 0.051617078483104706
17810 0.04603535309433937
17820 0.05370936915278435
17830 0.046759966760873795
17840 0.03391457349061966
17850 0.04029833525419235
17860 0.03937612846493721
17870 0.03721656650304794
17880 0.04824933782219887
17890 0.04063844308257103
17900 0.04129341244697571
17910 0.04732399433851242
17920 0.035821087658405304
17930 0.04849474877119064
17940 0.037780433893203735
17950 0.055302441120147705
17960 0.048423200845718384
17970 0.0697770044207573
17980 0.03721842169761658
17990 0.038920626044273376
18000 0.03156023472547531
len of cubelist:  20
Step:18000, Valid_Dice:0.8837560060689544
18010 0.041403114795684814
18020 0.050342608243227005
18030 0.031687427312135696
18040 0.04123801365494728
18050 0.08346801996231079
18060 0.04897050932049751
18070 0.044788606464862823
18080 0.045132339000701904
18090 0.03725017234683037
18100 0.03980051353573799
18110 0.04091407731175423
18120 0.042109228670597076
18130 0.04413184896111488
18140 0.043478865176439285
18150 0.04335111007094383
18160 0.03837423771619797
18170 0.06695357710123062
18180 0.05548664554953575
18190 0.027853311970829964
18200 0.04765234515070915
18210 0.057660289108753204
18220 0.04831979051232338
18230 0.0450357124209404
18240 0.04739867523312569
18250 0.049394454807043076
18260 0.04601960629224777
18270 0.03123074397444725
18280 0.053676147013902664
18290 0.035077083855867386
18300 0.04056087136268616
18310 0.04155629128217697
18320 0.04344874620437622
18330 0.06418859958648682
18340 0.04134100303053856
18350 0.03602465242147446
18360 0.04902222380042076
18370 0.04875626042485237
18380 0.05425836890935898
18390 0.04609493911266327
18400 0.04304223507642746
18410 0.0364503413438797
18420 0.04419568553566933
18430 0.04876624047756195
18440 0.04603084921836853
18450 0.05128774419426918
18460 0.04979334771633148
18470 0.06586194783449173
18480 0.04343871772289276
18490 0.06207000091671944
18500 0.06471426039934158
len of cubelist:  20
Step:18500, Valid_Dice:0.8816424101367435
18510 0.03685426339507103
18520 0.08849290758371353
18530 0.03929799050092697
18540 0.042470887303352356
18550 0.0409705676138401
18560 0.04782292991876602
18570 0.031112734228372574
18580 0.04242213815450668
18590 0.06609990447759628
18600 0.06426524370908737
18610 0.03205332159996033
18620 0.045150723308324814
18630 0.0489184744656086
18640 0.04764995723962784
18650 0.040284112095832825
18660 0.04625110328197479
18670 0.03397025167942047
18680 0.04748691990971565
18690 0.0376288965344429
18700 0.052912354469299316
18710 0.03879725560545921
18720 0.0458250530064106
18730 0.05210501700639725
18740 0.039072196930646896
18750 0.04002714902162552
18760 0.04138579219579697
18770 0.03954067453742027
18780 0.05308600515127182
18790 0.03706299513578415
18800 0.0560624860227108
18810 0.04332117736339569
18820 0.03011360391974449
18830 0.05192793533205986
18840 0.06023814529180527
18850 0.07125309854745865
18860 0.0416438952088356
18870 0.04475601762533188
18880 0.043896034359931946
18890 0.04418790712952614
18900 0.05350682511925697
18910 0.05936213955283165
18920 0.035970646888017654
18930 0.03826245665550232
18940 0.037542641162872314
18950 0.050116848200559616
18960 0.04951027035713196
18970 0.038911622017621994
18980 0.03318857401609421
18990 0.049677301198244095
19000 0.06100258603692055
len of cubelist:  20
Step:19000, Valid_Dice:0.8843439808860559
19010 0.044078413397073746
19020 0.04099266231060028
19030 0.04643654078245163
19040 0.04041073098778725
19050 0.04895414039492607
19060 0.045733265578746796
19070 0.048271339386701584
19080 0.04264840856194496
19090 0.037127573043107986
19100 0.05656915903091431
19110 0.04627164453268051
19120 0.05327146127820015
19130 0.03939472511410713
19140 0.05370289459824562
19150 0.04402799531817436
19160 0.05720687285065651
19170 0.02863292209804058
19180 0.04531578719615936
19190 0.04560241848230362
19200 0.07072129845619202
19210 0.051283009350299835
19220 0.03654245287179947
19230 0.039785053580999374
19240 0.04585698992013931
19250 0.039627015590667725
19260 0.04450814798474312
19270 0.053615931421518326
19280 0.07753012329339981
19290 0.03921381011605263
19300 0.046228453516960144
19310 0.05266363546252251
19320 0.04302665591239929
19330 0.030575916171073914
19340 0.045116156339645386
19350 0.042434971779584885
19360 0.040789518505334854
19370 0.04342644661664963
19380 0.052016954869031906
19390 0.04810652509331703
19400 0.04620835930109024
19410 0.06454040855169296
19420 0.04344125837087631
19430 0.04172475263476372
19440 0.04053507000207901
19450 0.04304946959018707
19460 0.04347383603453636
19470 0.03915615379810333
19480 0.0437614731490612
19490 0.03723936155438423
19500 0.044348251074552536
len of cubelist:  20
Step:19500, Valid_Dice:0.8868595151485629
19510 0.06582020223140717
19520 0.042043380439281464
19530 0.03192514553666115
19540 0.05360749363899231
19550 0.03642702475190163
19560 0.04090360924601555
19570 0.05107314884662628
19580 0.050401721149683
19590 0.03434155881404877
19600 0.03100641816854477
19610 0.03656584769487381
19620 0.03940224274992943
19630 0.04704008251428604
19640 0.055818017572164536
19650 0.03888409212231636
19660 0.041552409529685974
19670 0.050009459257125854
19680 0.045663271099328995
19690 0.05738483741879463
19700 0.027204137295484543
19710 0.035121627151966095
19720 0.04206959903240204
19730 0.04418286681175232
19740 0.027394000440835953
19750 0.04106342792510986
19760 0.04674333706498146
19770 0.044176872819662094
19780 0.027782095596194267
19790 0.05393501743674278
19800 0.0619499497115612
19810 0.05208645015954971
19820 0.04944116249680519
19830 0.04135214164853096
19840 0.04749976471066475
19850 0.0313599593937397
19860 0.044827356934547424
19870 0.05044795945286751
19880 0.032800883054733276
19890 0.045222677290439606
19900 0.07225578278303146
19910 0.04227965697646141
19920 0.038302142173051834
19930 0.05358152464032173
19940 0.051239509135484695
19950 0.035717327147722244
19960 0.04132471978664398
19970 0.03280201926827431
19980 0.026511965319514275
19990 0.05144966393709183
20000 0.03472943231463432
len of cubelist:  20
Step:20000, Valid_Dice:0.8863584582053994
20010 0.0452786423265934
20020 0.04602551832795143
20030 0.05181248113512993
20040 0.03804069757461548
20050 0.04545638710260391
20060 0.04350586235523224
20070 0.041571423411369324
20080 0.04693134129047394
20090 0.031184859573841095
20100 0.05126200616359711
20110 0.042139794677495956
20120 0.0525248646736145
20130 0.048694588243961334
20140 0.049556322395801544
20150 0.03495892882347107
20160 0.04193919897079468
20170 0.050489723682403564
20180 0.043694041669368744
20190 0.048678092658519745
20200 0.05439593642950058
20210 0.040044352412223816
20220 0.041822489351034164
20230 0.0355374813079834
20240 0.036406226456165314
20250 0.05583666265010834
20260 0.04112644121050835
20270 0.03769975155591965
20280 0.0412231981754303
20290 0.03872385993599892
20300 0.04671254754066467
20310 0.05678754299879074
20320 0.042812492698431015
20330 0.046386729925870895
20340 0.029442541301250458
20350 0.06095629185438156
20360 0.056693583726882935
20370 0.03942841291427612
20380 0.06092143431305885
20390 0.03715831786394119
20400 0.035202089697122574
20410 0.033151548355817795
20420 0.05405455827713013
20430 0.05952874571084976
20440 0.03918273001909256
20450 0.04309074953198433
20460 0.04788648337125778
20470 0.04529130831360817
20480 0.05441923812031746
20490 0.04533405974507332
20500 0.05076787248253822
len of cubelist:  20
Step:20500, Valid_Dice:0.8863555746118271
20510 0.03660964220762253
20520 0.053950633853673935
20530 0.043106257915496826
20540 0.05291365459561348
20550 0.06280340254306793
20560 0.037230122834444046
20570 0.041120778769254684
20580 0.03963763266801834
20590 0.03811536356806755
20600 0.0652380883693695
20610 0.033828191459178925
20620 0.05002501979470253
20630 0.038444533944129944
20640 0.03736434876918793
20650 0.03070775419473648
20660 0.04263995215296745
20670 0.034402720630168915
20680 0.03795695677399635
20690 0.07376821339130402
20700 0.03905898705124855
20710 0.05742175132036209
20720 0.045620791614055634
20730 0.04988403245806694
20740 0.03631243109703064
20750 0.033844221383333206
20760 0.04796198755502701
20770 0.052862681448459625
20780 0.03040212020277977
20790 0.050773266702890396
20800 0.040305085480213165
20810 0.03382351994514465
20820 0.04155813902616501
20830 0.06349193304777145
20840 0.042851850390434265
20850 0.059290532022714615
20860 0.04493896663188934
20870 0.03569759428501129
20880 0.050150759518146515
20890 0.052220702171325684
20900 0.04637305065989494
20910 0.04342961311340332
20920 0.03640135005116463
20930 0.08994453400373459
20940 0.04232213273644447
20950 0.03492070361971855
20960 0.04216170683503151
20970 0.052913445979356766
20980 0.07616308331489563
20990 0.03821085765957832
21000 0.037810277193784714
len of cubelist:  20
Step:21000, Valid_Dice:0.8885373828722664
21010 0.042542796581983566
21020 0.032378606498241425
21030 0.04007216542959213
21040 0.03967684134840965
21050 0.02903568744659424
21060 0.06430518627166748
21070 0.04654453694820404
21080 0.049584969878196716
21090 0.05057905986905098
21100 0.03435084596276283
21110 0.049511346966028214
21120 0.04252667725086212
21130 0.053850963711738586
21140 0.043626826256513596
21150 0.03161633387207985
21160 0.030899764969944954
21170 0.044084370136260986
21180 0.05025392398238182
21190 0.03341591730713844
21200 0.05195777118206024
21210 0.04867476969957352
21220 0.0514979250729084
21230 0.042282428592443466
21240 0.04898102581501007
21250 0.03167625516653061
21260 0.02998543158173561
21270 0.06790906935930252
21280 0.03668205812573433
21290 0.06156973913311958
21300 0.03814954683184624
21310 0.052675049751996994
21320 0.04083847627043724
21330 0.04489842802286148
21340 0.06031568720936775
21350 0.05886013060808182
21360 0.03112603724002838
21370 0.05749690532684326
21380 0.03726435452699661
21390 0.04154007136821747
21400 0.050713930279016495
21410 0.04461369663476944
21420 0.036653101444244385
21430 0.043588824570178986
21440 0.03526752442121506
21450 0.04101598635315895
21460 0.0494769923388958
21470 0.038294993340969086
21480 0.03925167769193649
21490 0.059909794479608536
21500 0.03301677480340004
len of cubelist:  20
Step:21500, Valid_Dice:0.8878413287164179
21510 0.030532311648130417
21520 0.06823723018169403
21530 0.03846781328320503
21540 0.0428897999227047
21550 0.05229693651199341
21560 0.03211724013090134
21570 0.03637179732322693
21580 0.03897623345255852
21590 0.057331059128046036
21600 0.03914378210902214
21610 0.05393407121300697
21620 0.05434127151966095
21630 0.04624544829130173
21640 0.038807742297649384
21650 0.057988300919532776
21660 0.03778926655650139
21670 0.04838672652840614
21680 0.03709559515118599
21690 0.03875016048550606
21700 0.0422629714012146
21710 0.03193856403231621
21720 0.03870036080479622
21730 0.031660549342632294
21740 0.03864145651459694
21750 0.03857702761888504
21760 0.05145467072725296
21770 0.04812179133296013
21780 0.06375747919082642
21790 0.06884435564279556
21800 0.08273550122976303
21810 0.09207240492105484
21820 0.048159293830394745
21830 0.03334285691380501
21840 0.06645513325929642
21850 0.04622979834675789
21860 0.0474933385848999
21870 0.03728462755680084
21880 0.046147920191287994
21890 0.04991074278950691
21900 0.04730725660920143
21910 0.04967178776860237
21920 0.03737003356218338
21930 0.0588122196495533
21940 0.04518963769078255
21950 0.039299193769693375
21960 0.04511254280805588
21970 0.0450410433113575
21980 0.056338097900152206
21990 0.04497997835278511
22000 0.09939781576395035
len of cubelist:  20
Step:22000, Valid_Dice:0.8873892936595549
22010 0.023031577467918396
22020 0.03152989596128464
22030 0.05009467154741287
22040 0.04135870933532715
22050 0.049734458327293396
22060 0.04718781262636185
22070 0.036808691918849945
22080 0.04895830526947975
22090 0.036278534680604935
22100 0.04165657237172127
22110 0.03648092597723007
22120 0.030250832438468933
22130 0.07206175476312637
22140 0.0837327092885971
22150 0.051127221435308456
22160 0.09786324203014374
22170 0.053273167461156845
22180 0.06663309782743454
22190 0.030495962128043175
22200 0.033440906554460526
22210 0.0705886259675026
22220 0.029567675665020943
22230 0.06930189579725266
22240 0.04347258433699608
22250 0.0409463495016098
22260 0.039729803800582886
22270 0.057752031832933426
22280 0.029720019549131393
22290 0.03838246315717697
22300 0.019584856927394867
22310 0.05206659063696861
22320 0.04208879545331001
22330 0.06949125975370407
22340 0.05413910001516342
22350 0.046022504568099976
22360 0.04897746816277504
22370 0.03760645166039467
22380 0.0481288768351078
22390 0.04806482419371605
22400 0.047510866075754166
22410 0.052067942917346954
22420 0.02952917106449604
22430 0.06269977986812592
22440 0.04334279149770737
22450 0.03353051841259003
22460 0.041789960116147995
22470 0.046225957572460175
22480 0.037850599735975266
22490 0.055023979395627975
22500 0.06495015323162079
len of cubelist:  20
Step:22500, Valid_Dice:0.8873058408785115
22510 0.04519437998533249
22520 0.03779740631580353
22530 0.038281217217445374
22540 0.039835523813962936
22550 0.04280509054660797
22560 0.038399212062358856
22570 0.04914779216051102
22580 0.07230369746685028
22590 0.036762796342372894
22600 0.05905989930033684
22610 0.03338755667209625
22620 0.04744986444711685
22630 0.03301629796624184
22640 0.07523711025714874
22650 0.038788482546806335
22660 0.04081863909959793
22670 0.03879475221037865
22680 0.046656474471092224
22690 0.08186304569244385
22700 0.03152288496494293
22710 0.03871028870344162
22720 0.03868015110492706
22730 0.05759843811392784
22740 0.03877941146492958
22750 0.048182059079408646
22760 0.06110985577106476
22770 0.03908083960413933
22780 0.03748467564582825
22790 0.029187476262450218
22800 0.038248997181653976
22810 0.050288114696741104
22820 0.049403488636016846
22830 0.050935737788677216
22840 0.026701120659708977
22850 0.046391941606998444
22860 0.04762343317270279
22870 0.05497327819466591
22880 0.06000850722193718
22890 0.03464675322175026
22900 0.03963637724518776
22910 0.0508730486035347
22920 0.035529475659132004
22930 0.03190407529473305
22940 0.053050294518470764
22950 0.04116392508149147
22960 0.039474859833717346
22970 0.05908084660768509
22980 0.04419030249118805
22990 0.036611296236515045
23000 0.03664817661046982
len of cubelist:  20
Step:23000, Valid_Dice:0.8855568238781533
23010 0.03401442989706993
23020 0.04214935377240181
23030 0.04058318957686424
23040 0.06079497188329697
23050 0.04418850690126419
23060 0.05331980064511299
23070 0.0496583990752697
23080 0.04049547761678696
23090 0.04617921635508537
23100 0.04302382096648216
23110 0.042677078396081924
23120 0.04664296656847
23130 0.03941760212182999
23140 0.04347584396600723
23150 0.04316270723938942
23160 0.03783250227570534
23170 0.03141416609287262
23180 0.029300112277269363
23190 0.03538414463400841
23200 0.03495773300528526
23210 0.02782159484922886
23220 0.0217072032392025
23230 0.04143597185611725
23240 0.04964616522192955
23250 0.05287567153573036
23260 0.0401296392083168
23270 0.055119775235652924
23280 0.050778232514858246
23290 0.08791235834360123
23300 0.04783465340733528
23310 0.028020620346069336
23320 0.03013126738369465
23330 0.043948352336883545
23340 0.047239769250154495
23350 0.04588816687464714
23360 0.04501163586974144
23370 0.03992608189582825
23380 0.050941646099090576
23390 0.03295118734240532
23400 0.03746437281370163
23410 0.041913729161024094
23420 0.041078027337789536
23430 0.0690242126584053
23440 0.03165556117892265
23450 0.061737269163131714
23460 0.06908359378576279
23470 0.049666762351989746
23480 0.05588780343532562
23490 0.06182336434721947
23500 0.04253583773970604
len of cubelist:  20
Step:23500, Valid_Dice:0.8867381731635817
23510 0.027931872755289078
23520 0.03664756938815117
23530 0.04985719919204712
23540 0.04596753418445587
23550 0.03424976021051407
23560 0.04550696164369583
23570 0.04123047739267349
23580 0.03437548875808716
23590 0.039415422827005386
23600 0.05002855882048607
23610 0.03193741664290428
23620 0.0277747493237257
23630 0.04706736281514168
23640 0.04923470690846443
23650 0.040436018258333206
23660 0.03802679479122162
23670 0.04491804540157318
23680 0.028216732665896416
23690 0.04166989028453827
23700 0.0388055220246315
23710 0.03828191012144089
23720 0.05960488319396973
23730 0.05544086918234825
23740 0.046413909643888474
23750 0.04199175536632538
23760 0.03560500591993332
23770 0.04053909331560135
23780 0.04511798173189163
23790 0.03865502029657364
23800 0.042383164167404175
23810 0.031239066272974014
23820 0.040046751499176025
23830 0.045383092015981674
23840 0.050793420523405075
23850 0.06780476123094559
23860 0.0604514479637146
23870 0.05469828471541405
23880 0.040261607617139816
23890 0.041755273938179016
23900 0.03938518837094307
23910 0.041174229234457016
23920 0.043535266071558
23930 0.044641926884651184
23940 0.03809332847595215
23950 0.04808918014168739
23960 0.0975094735622406
23970 0.041874684393405914
23980 0.04830231890082359
23990 0.05833963677287102
24000 0.04554203897714615
len of cubelist:  20
Step:24000, Valid_Dice:0.884373709813846
24010 0.03261973336338997
24020 0.041419047862291336
24030 0.04965594410896301
24040 0.02974107675254345
24050 0.035517558455467224
24060 0.034866925328969955
24070 0.043556757271289825
24080 0.03216990828514099
24090 0.04325228929519653
24100 0.04242759570479393
24110 0.04645776003599167
24120 0.06784159690141678
24130 0.05626954883337021
24140 0.05023808032274246
24150 0.057498738169670105
24160 0.03524420037865639
24170 0.031090613454580307
24180 0.027568114921450615
24190 0.044354792684316635
24200 0.05002257227897644
24210 0.054386962205171585
24220 0.022711576893925667
24230 0.040727563202381134
24240 0.03897208347916603
24250 0.028689855709671974
24260 0.051684990525245667
24270 0.042037952691316605
24280 0.03436128422617912
24290 0.048659548163414
24300 0.05945192277431488
24310 0.04739470034837723
24320 0.026730380952358246
24330 0.02865900844335556
24340 0.04603012651205063
24350 0.03762298449873924
24360 0.03318000212311745
24370 0.030946649610996246
24380 0.029649754986166954
24390 0.03745878115296364
24400 0.0491790734231472
24410 0.03434458747506142
24420 0.02664145827293396
24430 0.043441809713840485
24440 0.030677977949380875
24450 0.053515516221523285
24460 0.047035474330186844
24470 0.0673241838812828
24480 0.04882512241601944
24490 0.049790043383836746
24500 0.0432562492787838
len of cubelist:  20
Step:24500, Valid_Dice:0.88198998830186
24510 0.04591405764222145
24520 0.038973595947027206
24530 0.04465865716338158
24540 0.04537062346935272
24550 0.03577783703804016
24560 0.06217917054891586
24570 0.03875929117202759
24580 0.034467313438653946
24590 0.05332976207137108
24600 0.037883926182985306
24610 0.03767548128962517
24620 0.042605046182870865
24630 0.022271573543548584
24640 0.03610806167125702
24650 0.043803371489048004
24660 0.023752547800540924
24670 0.03864939883351326
24680 0.027653872966766357
24690 0.03770362585783005
24700 0.04424065724015236
24710 0.04594217613339424
24720 0.0694778561592102
24730 0.08606689423322678
24740 0.03757584095001221
24750 0.038606129586696625
24760 0.04133313521742821
24770 0.04219170659780502
24780 0.036047063767910004
24790 0.06132063642144203
24800 0.04251570254564285
24810 0.08049201965332031
24820 0.0413963757455349
24830 0.05628662183880806
24840 0.04513491317629814
24850 0.038703802973032
24860 0.045488737523555756
24870 0.043360691517591476
24880 0.03359499201178551
24890 0.04580316320061684
24900 0.04118600860238075
24910 0.03674328699707985
24920 0.05645463988184929
24930 0.030978046357631683
24940 0.04559072479605675
24950 0.05315766483545303
24960 0.07465477287769318
24970 0.04373159259557724
24980 0.03184819221496582
24990 0.02971300669014454
25000 0.03788084164261818
len of cubelist:  20
Step:25000, Valid_Dice:0.8865803266690687
25010 0.047858890146017075
25020 0.040960121899843216
25030 0.03958994150161743
25040 0.04400882124900818
25050 0.0518919862806797
25060 0.037309013307094574
25070 0.043385133147239685
25080 0.06242785602807999
25090 0.0469568632543087
25100 0.04332367703318596
25110 0.03546490520238876
25120 0.03565076366066933
25130 0.042689915746450424
25140 0.040259674191474915
25150 0.044212646782398224
25160 0.06840261071920395
25170 0.03751865774393082
25180 0.0390201173722744
25190 0.038819294422864914
25200 0.03345947340130806
25210 0.04625237360596657
25220 0.040411029011011124
25230 0.04301341995596886
25240 0.04254443570971489
25250 0.02376427687704563
25260 0.04904995858669281
25270 0.041661448776721954
25280 0.04835357889533043
25290 0.04366055130958557
25300 0.04930834844708443
25310 0.042051464319229126
25320 0.0317237563431263
25330 0.03551097959280014
25340 0.06584848463535309
25350 0.03724699094891548
25360 0.047557979822158813
25370 0.033299949020147324
25380 0.04547710716724396
25390 0.042610958218574524
25400 0.05664923042058945
25410 0.04475612938404083
25420 0.033841099590063095
25430 0.037369292229413986
25440 0.04402649402618408
25450 0.041047703474760056
25460 0.0426417738199234
25470 0.03312790021300316
25480 0.031023839488625526
25490 0.04000344127416611
25500 0.04455675184726715
len of cubelist:  20
Step:25500, Valid_Dice:0.8855924120046227
25510 0.04167962074279785
25520 0.06426562368869781
25530 0.05521233379840851
25540 0.039302900433540344
25550 0.03777464106678963
25560 0.053067371249198914
25570 0.054409705102443695
25580 0.06465277075767517
25590 0.04818429797887802
25600 0.058751948177814484
25610 0.055247627198696136
25620 0.030430929735302925
25630 0.036916960030794144
25640 0.04948853328824043
25650 0.04074997082352638
25660 0.02724630758166313
25670 0.03648465871810913
25680 0.034778621047735214
25690 0.047018859535455704
25700 0.04357454553246498
25710 0.0294372346252203
25720 0.04268928989768028
25730 0.046024076640605927
25740 0.041258759796619415
25750 0.027682384476065636
25760 0.06678131222724915
25770 0.044365789741277695
25780 0.030932433903217316
25790 0.04166188836097717
25800 0.05139853432774544
25810 0.05221905559301376
25820 0.050418030470609665
25830 0.03770575672388077
25840 0.05611012130975723
25850 0.038233403116464615
25860 0.04713297262787819
25870 0.05003201588988304
25880 0.03653969243168831
25890 0.03623466566205025
25900 0.04173959791660309
25910 0.048415347933769226
25920 0.0425473116338253
25930 0.04618702456355095
25940 0.045470476150512695
25950 0.04726095125079155
25960 0.043204303830862045
25970 0.035777512937784195
25980 0.05254071205854416
25990 0.04291544854640961
26000 0.03664463013410568
len of cubelist:  20
Step:26000, Valid_Dice:0.8843225283527749
26010 0.03584153950214386
26020 0.06154278665781021
26030 0.06673461943864822
26040 0.05619905889034271
26050 0.04485515132546425
26060 0.0465138778090477
26070 0.056577086448669434
26080 0.0494922511279583
26090 0.03916158899664879
26100 0.04910990595817566
26110 0.05317963287234306
26120 0.058233946561813354
26130 0.04750888794660568
26140 0.04405226930975914
26150 0.024074535816907883
26160 0.052694544196128845
26170 0.047551680356264114
26180 0.04778625816106796
26190 0.03836823254823685
26200 0.037326667457818985
26210 0.03548673540353775
26220 0.05712343752384186
26230 0.04544486850500107
26240 0.032315272837877274
26250 0.044684037566185
26260 0.05002442002296448
26270 0.03756338357925415
26280 0.06342103332281113
26290 0.03987986221909523
26300 0.03962378948926926
26310 0.04028742387890816
26320 0.057038500905036926
26330 0.025422776117920876
26340 0.032615888863801956
26350 0.048464421182870865
26360 0.049333978444337845
26370 0.041346702724695206
26380 0.0452093742787838
26390 0.07076950371265411
26400 0.02594439685344696
26410 0.04752217233181
26420 0.03545886650681496
26430 0.02275027520954609
26440 0.050206370651721954
26450 0.03570851311087608
26460 0.03208503872156143
26470 0.05013186112046242
26480 0.04103979095816612
26490 0.01910729520022869
26500 0.05798700079321861
len of cubelist:  20
Step:26500, Valid_Dice:0.8858932898398176
26510 0.0459882915019989
26520 0.05790075659751892
26530 0.04608294367790222
26540 0.0350203812122345
26550 0.044964712113142014
26560 0.03635921701788902
26570 0.05381834879517555
26580 0.04357331618666649
26590 0.04540499672293663
26600 0.051657017320394516
26610 0.035592690110206604
26620 0.047299016267061234
26630 0.037175629287958145
26640 0.04001835361123085
26650 0.04397877678275108
26660 0.03873030096292496
26670 0.03990098088979721
26680 0.027833178639411926
26690 0.04276006296277046
26700 0.04037443920969963
26710 0.047591082751750946
26720 0.025879858061671257
26730 0.06857772916555405
26740 0.055302027612924576
26750 0.039206843823194504
26760 0.035950932651758194
26770 0.04168417304754257
26780 0.04659789800643921
26790 0.028099140152335167
26800 0.049537159502506256
26810 0.036954060196876526
26820 0.03686606511473656
26830 0.034876175224781036
26840 0.03659200295805931
26850 0.043257616460323334
26860 0.043653372675180435
26870 0.03070642054080963
26880 0.03728805482387543
26890 0.03686503693461418
26900 0.04483000934123993
26910 0.029468823224306107
26920 0.050379786640405655
26930 0.03755977004766464
26940 0.04571150615811348
26950 0.04194268211722374
26960 0.026540307328104973
26970 0.036332692950963974
26980 0.04042288288474083
26990 0.04133276268839836
27000 0.02555864490568638
len of cubelist:  20
Step:27000, Valid_Dice:0.8878464015505025
27010 0.03895577788352966
27020 0.03558405488729477
27030 0.05878828093409538
27040 0.03801098093390465
27050 0.03912797197699547
27060 0.040327806025743484
27070 0.05686038359999657
27080 0.04309878498315811
27090 0.0318424254655838
27100 0.038498908281326294
27110 0.03594931215047836
27120 0.04343985393643379
27130 0.046294525265693665
27140 0.0323655940592289
27150 0.05345511436462402
27160 0.04050411656498909
27170 0.06498946249485016
27180 0.07199010998010635
27190 0.040801893919706345
27200 0.04350118711590767
27210 0.04991964250802994
27220 0.039588563144207
27230 0.039649348706007004
27240 0.040681663900613785
27250 0.06513705849647522
27260 0.037423234432935715
27270 0.03050469420850277
27280 0.04031727835536003
27290 0.03166672959923744
27300 0.04740680009126663
27310 0.07024756819009781
27320 0.049386534839868546
27330 0.041756097227334976
27340 0.034771986305713654
27350 0.05579055845737457
27360 0.045812949538230896
27370 0.03557213023304939
27380 0.04449671879410744
27390 0.05491728335618973
27400 0.043232716619968414
27410 0.044089436531066895
27420 0.04314672574400902
27430 0.03125927597284317
27440 0.04369252920150757
27450 0.04733382910490036
27460 0.032636310905218124
27470 0.048259906470775604
27480 0.04440634325146675
27490 0.042848628014326096
27500 0.047311123460531235
len of cubelist:  20
Step:27500, Valid_Dice:0.8858742379323093
27510 0.046970684081315994
27520 0.03325890377163887
27530 0.040888212621212006
27540 0.056450776755809784
27550 0.04726799577474594
27560 0.039998844265937805
27570 0.05074819177389145
27580 0.03685186430811882
27590 0.046045124530792236
27600 0.02095108851790428
27610 0.05315762758255005
27620 0.03384437784552574
27630 0.035994190722703934
27640 0.05762669816613197
27650 0.03035980463027954
27660 0.046441592276096344
27670 0.04117092862725258
27680 0.08136022090911865
27690 0.029836779460310936
27700 0.04487057775259018
27710 0.02870761975646019
27720 0.060486000031232834
27730 0.07933422923088074
27740 0.04917187988758087
27750 0.04710618779063225
27760 0.053280968219041824
27770 0.050791576504707336
27780 0.04254072904586792
27790 0.029705582186579704
27800 0.04456706345081329
27810 0.059869877994060516
27820 0.03341204673051834
27830 0.04239889979362488
27840 0.04149997606873512
27850 0.040166497230529785
27860 0.03070566989481449
27870 0.0464087538421154
27880 0.041934430599212646
27890 0.05654013529419899
27900 0.046951305121183395
27910 0.05799315124750137
27920 0.0534585565328598
27930 0.030814697965979576
27940 0.0415172316133976
27950 0.04595545679330826
27960 0.04599079117178917
27970 0.043087780475616455
27980 0.08556316792964935
27990 0.03923243284225464
28000 0.024531520903110504
len of cubelist:  20
Step:28000, Valid_Dice:0.8880169268895971
28010 0.03747177869081497
28020 0.06525135785341263
28030 0.03830631822347641
28040 0.03869036212563515
28050 0.035985808819532394
28060 0.04511979967355728
28070 0.052116815000772476
28080 0.05083820968866348
28090 0.03545010834932327
28100 0.046289291232824326
28110 0.04297422617673874
28120 0.03624124452471733
28130 0.05137108266353607
28140 0.04413383826613426
28150 0.025196170434355736
28160 0.05713269114494324
28170 0.041073862463235855
28180 0.037136420607566833
28190 0.03391838073730469
28200 0.036744214594364166
28210 0.03919081762433052
28220 0.0408233143389225
28230 0.039128370583057404
28240 0.04682968929409981
28250 0.044763464480638504
28260 0.025791281834244728
28270 0.032378435134887695
28280 0.042852286249399185
28290 0.030281104147434235
28300 0.031200092285871506
28310 0.0268887747079134
28320 0.035916417837142944
28330 0.037672966718673706
28340 0.04251255467534065
28350 0.06013692542910576
28360 0.048578809946775436
28370 0.04021237790584564
28380 0.05510438233613968
28390 0.03515506163239479
28400 0.07931838184595108
28410 0.04475982114672661
28420 0.03585899621248245
28430 0.04194233566522598
28440 0.03499388322234154
28450 0.03481268137693405
28460 0.037575580179691315
28470 0.03471752256155014
28480 0.027180328965187073
28490 0.03188791498541832
28500 0.041319865733385086
len of cubelist:  20
Step:28500, Valid_Dice:0.8880184106722959
28510 0.035121943801641464
28520 0.029087230563163757
28530 0.04231542348861694
28540 0.031473997980356216
28550 0.029667459428310394
28560 0.04742064327001572
28570 0.047727491706609726
28580 0.0682811290025711
28590 0.040668390691280365
28600 0.03603557497262955
28610 0.046581242233514786
28620 0.030370837077498436
28630 0.04362671077251434
28640 0.035260096192359924
28650 0.0364731028676033
28660 0.0374467633664608
28670 0.04961737245321274
28680 0.04067043587565422
28690 0.057522863149642944
28700 0.060791485011577606
28710 0.027461232617497444
28720 0.03417535871267319
28730 0.05005110055208206
28740 0.04936891421675682
28750 0.04202651232481003
28760 0.035380467772483826
28770 0.024539006873965263
28780 0.039806053042411804
28790 0.04429791867733002
28800 0.02904490940272808
28810 0.06734057515859604
28820 0.06774381548166275
28830 0.048176977783441544
28840 0.042882826179265976
28850 0.04154490679502487
28860 0.05345378443598747
28870 0.02711430750787258
28880 0.0366528145968914
28890 0.059697266668081284
28900 0.026171719655394554
28910 0.03899528086185455
28920 0.053949907422065735
28930 0.03665231540799141
28940 0.04353124648332596
28950 0.052697569131851196
28960 0.05811009556055069
28970 0.04411572217941284
28980 0.053114451467990875
28990 0.048439234495162964
29000 0.02989349327981472
len of cubelist:  20
Step:29000, Valid_Dice:0.884535098277557
29010 0.04732493683695793
29020 0.04771559312939644
29030 0.04546850174665451
29040 0.047802895307540894
29050 0.040599457919597626
29060 0.050962913781404495
29070 0.048548534512519836
29080 0.030646441504359245
29090 0.045940905809402466
29100 0.024353785440325737
29110 0.037891730666160583
29120 0.03216530382633209
29130 0.03501931205391884
29140 0.040671996772289276
29150 0.041720252484083176
29160 0.042344361543655396
29170 0.03903336822986603
29180 0.032964400947093964
29190 0.04142879694700241
29200 0.030818939208984375
29210 0.038200609385967255
29220 0.03407081216573715
29230 0.04930996149778366
29240 0.03947335109114647
29250 0.06676827371120453
29260 0.05177650600671768
29270 0.049318280071020126
29280 0.0200948603451252
29290 0.059247758239507675
29300 0.03323179855942726
29310 0.042816877365112305
29320 0.0411018468439579
29330 0.055305540561676025
29340 0.04575059935450554
29350 0.030329247936606407
29360 0.04017878323793411
29370 0.046333860605955124
29380 0.04376094415783882
29390 0.05180111527442932
29400 0.037878699600696564
29410 0.04223841428756714
29420 0.03192827105522156
29430 0.039784062653779984
29440 0.0379878468811512
29450 0.04268840700387955
29460 0.0442282035946846
29470 0.04548245668411255
29480 0.04635844752192497
29490 0.046036332845687866
29500 0.026959862560033798
len of cubelist:  20
Step:29500, Valid_Dice:0.8862763337988527
29510 0.042682286351919174
29520 0.051061131060123444
29530 0.049300748854875565
29540 0.03874167799949646
29550 0.04609920457005501
29560 0.04140783101320267
29570 0.03752971068024635
29580 0.029032275080680847
29590 0.04377410188317299
29600 0.04023922607302666
29610 0.040651869028806686
29620 0.03740645945072174
29630 0.04374534264206886
29640 0.03670637309551239
29650 0.032540563493967056
29660 0.039183955639600754
29670 0.04222545027732849
29680 0.03525581583380699
29690 0.03635691478848457
29700 0.04820186272263527
29710 0.05727142468094826
29720 0.052177898585796356
29730 0.05184179171919823
29740 0.03744563087821007
29750 0.0529402531683445
29760 0.05098497495055199
29770 0.03653354570269585
29780 0.04303472116589546
29790 0.040275171399116516
29800 0.08044758439064026
29810 0.04693526402115822
29820 0.04622415080666542
29830 0.0529780350625515
29840 0.023975256830453873
29850 0.04796385020017624
29860 0.04219840094447136
29870 0.05104992911219597
29880 0.04413512349128723
29890 0.03658614680171013
29900 0.0783626139163971
29910 0.0336696095764637
29920 0.035856712609529495
29930 0.04693010449409485
29940 0.04000208526849747
29950 0.02893684059381485
29960 0.0378585048019886
29970 0.05283636599779129
29980 0.02887233905494213
29990 0.02868611365556717
30000 0.03347405418753624
len of cubelist:  20
Step:30000, Valid_Dice:0.8874461759289758
